<testsuites id="" name="" tests="307" failures="302" skipped="0" errors="0" time="301.667667">
<testsuite name="tests/comprehensive-demo.spec.ts" timestamp="2025-10-04T13:01:09.445Z" hostname="chromium" tests="7" failures="6" skipped="0" time="154.049" errors="0">
<testcase name="Comprehensive Demo Tests › should load the demo page" classname="tests/comprehensive-demo.spec.ts" time="24.844">
<failure message="comprehensive-demo.spec.ts:23:7 should load the demo page" type="FAILURE">
<![CDATA[  [chromium] › tests/comprehensive-demo.spec.ts:23:7 › Comprehensive Demo Tests › should load the demo page 

    Error: expect(locator).toBeVisible() failed

    Locator:  locator('button').first()
    Expected: visible
    Received: <element(s) not found>
    Timeout:  10000ms

    Call log:
      - Expect "toBeVisible" with timeout 10000ms
      - waiting for locator('button').first()


      26 |
      27 |     // Check that the main demo elements are present
    > 28 |     await expect(page.locator('button').first()).toBeVisible();
         |                                                  ^
      29 |     await expect(page.locator('div[style*="padding: 40px"]')).toBeVisible();
      30 |   });
      31 |
        at /Users/peterhanssens/consulting/Leptos/leptos-motion/tests/comprehensive-demo.spec.ts:28:50

    attachment #1: screenshot (image/png) ──────────────────────────────────────────────────────────
    test-results/tests-comprehensive-demo-C-2c28a-s-should-load-the-demo-page-chromium/test-failed-1.png
    ────────────────────────────────────────────────────────────────────────────────────────────────

    attachment #2: video (video/webm) ──────────────────────────────────────────────────────────────
    test-results/tests-comprehensive-demo-C-2c28a-s-should-load-the-demo-page-chromium/video.webm
    ────────────────────────────────────────────────────────────────────────────────────────────────

    Error Context: test-results/tests-comprehensive-demo-C-2c28a-s-should-load-the-demo-page-chromium/error-context.md
]]>
</failure>
<system-out>
<![CDATA[Still on fallback HTML, WASM may not have loaded

[[ATTACHMENT|test-results/tests-comprehensive-demo-C-2c28a-s-should-load-the-demo-page-chromium/test-failed-1.png]]

[[ATTACHMENT|test-results/tests-comprehensive-demo-C-2c28a-s-should-load-the-demo-page-chromium/video.webm]]

[[ATTACHMENT|test-results/tests-comprehensive-demo-C-2c28a-s-should-load-the-demo-page-chromium/error-context.md]]
]]>
</system-out>
</testcase>
<testcase name="Comprehensive Demo Tests › should display interactive elements" classname="tests/comprehensive-demo.spec.ts" time="14.333">
<failure message="comprehensive-demo.spec.ts:32:7 should display interactive elements" type="FAILURE">
<![CDATA[  [chromium] › tests/comprehensive-demo.spec.ts:32:7 › Comprehensive Demo Tests › should display interactive elements 

    Error: expect(received).toBeGreaterThan(expected)

    Expected: > 0
    Received:   0

      34 |     const buttons = page.locator('button');
      35 |     const buttonCount = await buttons.count();
    > 36 |     expect(buttonCount).toBeGreaterThan(0);
         |                         ^
      37 |
      38 |     // Check that at least one button is visible
      39 |     await expect(buttons.first()).toBeVisible();
        at /Users/peterhanssens/consulting/Leptos/leptos-motion/tests/comprehensive-demo.spec.ts:36:25

    attachment #1: screenshot (image/png) ──────────────────────────────────────────────────────────
    test-results/tests-comprehensive-demo-C-d9a7c-isplay-interactive-elements-chromium/test-failed-1.png
    ────────────────────────────────────────────────────────────────────────────────────────────────

    attachment #2: video (video/webm) ──────────────────────────────────────────────────────────────
    test-results/tests-comprehensive-demo-C-d9a7c-isplay-interactive-elements-chromium/video.webm
    ────────────────────────────────────────────────────────────────────────────────────────────────

    Error Context: test-results/tests-comprehensive-demo-C-d9a7c-isplay-interactive-elements-chromium/error-context.md
]]>
</failure>
<system-out>
<![CDATA[Still on fallback HTML, WASM may not have loaded

[[ATTACHMENT|test-results/tests-comprehensive-demo-C-d9a7c-isplay-interactive-elements-chromium/test-failed-1.png]]

[[ATTACHMENT|test-results/tests-comprehensive-demo-C-d9a7c-isplay-interactive-elements-chromium/video.webm]]

[[ATTACHMENT|test-results/tests-comprehensive-demo-C-d9a7c-isplay-interactive-elements-chromium/error-context.md]]
]]>
</system-out>
</testcase>
<testcase name="Comprehensive Demo Tests › should handle hover effects" classname="tests/comprehensive-demo.spec.ts" time="24.758">
<failure message="comprehensive-demo.spec.ts:42:7 should handle hover effects" type="FAILURE">
<![CDATA[  [chromium] › tests/comprehensive-demo.spec.ts:42:7 › Comprehensive Demo Tests › should handle hover effects 

    TimeoutError: locator.evaluate: Timeout 10000ms exceeded.
    Call log:
      - waiting for locator('button').first()


      45 |
      46 |     // Get initial transform
    > 47 |     const initialTransform = await hoverElement.evaluate(
         |                                                 ^
      48 |       el => window.getComputedStyle(el).transform
      49 |     );
      50 |
        at /Users/peterhanssens/consulting/Leptos/leptos-motion/tests/comprehensive-demo.spec.ts:47:49

    attachment #1: screenshot (image/png) ──────────────────────────────────────────────────────────
    test-results/tests-comprehensive-demo-C-1c16c-should-handle-hover-effects-chromium/test-failed-1.png
    ────────────────────────────────────────────────────────────────────────────────────────────────

    attachment #2: video (video/webm) ──────────────────────────────────────────────────────────────
    test-results/tests-comprehensive-demo-C-1c16c-should-handle-hover-effects-chromium/video.webm
    ────────────────────────────────────────────────────────────────────────────────────────────────

    Error Context: test-results/tests-comprehensive-demo-C-1c16c-should-handle-hover-effects-chromium/error-context.md
]]>
</failure>
<system-out>
<![CDATA[Still on fallback HTML, WASM may not have loaded

[[ATTACHMENT|test-results/tests-comprehensive-demo-C-1c16c-should-handle-hover-effects-chromium/test-failed-1.png]]

[[ATTACHMENT|test-results/tests-comprehensive-demo-C-1c16c-should-handle-hover-effects-chromium/video.webm]]

[[ATTACHMENT|test-results/tests-comprehensive-demo-C-1c16c-should-handle-hover-effects-chromium/error-context.md]]
]]>
</system-out>
</testcase>
<testcase name="Comprehensive Demo Tests › should handle click interactions" classname="tests/comprehensive-demo.spec.ts" time="24.858">
<failure message="comprehensive-demo.spec.ts:64:7 should handle click interactions" type="FAILURE">
<![CDATA[  [chromium] › tests/comprehensive-demo.spec.ts:64:7 › Comprehensive Demo Tests › should handle click interactions 

    TimeoutError: locator.click: Timeout 10000ms exceeded.
    Call log:
      - waiting for locator('button').first()


      67 |
      68 |     // Click the element
    > 69 |     await clickElement.click();
         |                        ^
      70 |
      71 |     // Wait for any potential animation
      72 |     await page.waitForTimeout(300);
        at /Users/peterhanssens/consulting/Leptos/leptos-motion/tests/comprehensive-demo.spec.ts:69:24

    attachment #1: screenshot (image/png) ──────────────────────────────────────────────────────────
    test-results/tests-comprehensive-demo-C-e7a91-d-handle-click-interactions-chromium/test-failed-1.png
    ────────────────────────────────────────────────────────────────────────────────────────────────

    attachment #2: video (video/webm) ──────────────────────────────────────────────────────────────
    test-results/tests-comprehensive-demo-C-e7a91-d-handle-click-interactions-chromium/video.webm
    ────────────────────────────────────────────────────────────────────────────────────────────────

    Error Context: test-results/tests-comprehensive-demo-C-e7a91-d-handle-click-interactions-chromium/error-context.md
]]>
</failure>
<system-out>
<![CDATA[Still on fallback HTML, WASM may not have loaded

[[ATTACHMENT|test-results/tests-comprehensive-demo-C-e7a91-d-handle-click-interactions-chromium/test-failed-1.png]]

[[ATTACHMENT|test-results/tests-comprehensive-demo-C-e7a91-d-handle-click-interactions-chromium/video.webm]]

[[ATTACHMENT|test-results/tests-comprehensive-demo-C-e7a91-d-handle-click-interactions-chromium/error-context.md]]
]]>
</system-out>
</testcase>
<testcase name="Comprehensive Demo Tests › should test animation functionality with visual verification" classname="tests/comprehensive-demo.spec.ts" time="24.786">
<failure message="comprehensive-demo.spec.ts:78:7 should test animation functionality with visual verification" type="FAILURE">
<![CDATA[  [chromium] › tests/comprehensive-demo.spec.ts:78:7 › Comprehensive Demo Tests › should test animation functionality with visual verification 

    TimeoutError: locator.waitFor: Timeout 10000ms exceeded.
    Call log:
      - waiting for locator('button').filter({ hasText: 'Button Animation' }) to be visible


      81 |
      82 |     // Wait for the button to be visible
    > 83 |     await animationButton.waitFor({ state: 'visible' });
         |                           ^
      84 |
      85 |     // Get initial state of the button
      86 |     const initialTransform = await animationButton.evaluate(
        at /Users/peterhanssens/consulting/Leptos/leptos-motion/tests/comprehensive-demo.spec.ts:83:27

    attachment #1: screenshot (image/png) ──────────────────────────────────────────────────────────
    test-results/tests-comprehensive-demo-C-822ad-ty-with-visual-verification-chromium/test-failed-1.png
    ────────────────────────────────────────────────────────────────────────────────────────────────

    attachment #2: video (video/webm) ──────────────────────────────────────────────────────────────
    test-results/tests-comprehensive-demo-C-822ad-ty-with-visual-verification-chromium/video.webm
    ────────────────────────────────────────────────────────────────────────────────────────────────

    Error Context: test-results/tests-comprehensive-demo-C-822ad-ty-with-visual-verification-chromium/error-context.md
]]>
</failure>
<system-out>
<![CDATA[Still on fallback HTML, WASM may not have loaded

[[ATTACHMENT|test-results/tests-comprehensive-demo-C-822ad-ty-with-visual-verification-chromium/test-failed-1.png]]

[[ATTACHMENT|test-results/tests-comprehensive-demo-C-822ad-ty-with-visual-verification-chromium/video.webm]]

[[ATTACHMENT|test-results/tests-comprehensive-demo-C-822ad-ty-with-visual-verification-chromium/error-context.md]]
]]>
</system-out>
</testcase>
<testcase name="Comprehensive Demo Tests › should load WASM module without errors" classname="tests/comprehensive-demo.spec.ts" time="16.049">
<system-out>
<![CDATA[Still on fallback HTML, WASM may not have loaded
Console errors: []
]]>
</system-out>
</testcase>
<testcase name="Comprehensive Demo Tests › should have proper HTML structure" classname="tests/comprehensive-demo.spec.ts" time="24.421">
<failure message="comprehensive-demo.spec.ts:144:7 should have proper HTML structure" type="FAILURE">
<![CDATA[  [chromium] › tests/comprehensive-demo.spec.ts:144:7 › Comprehensive Demo Tests › should have proper HTML structure 

    Error: expect(locator).toBeVisible() failed

    Locator:  locator('button').first()
    Expected: visible
    Received: <element(s) not found>
    Timeout:  10000ms

    Call log:
      - Expect "toBeVisible" with timeout 10000ms
      - waiting for locator('button').first()


      146 |     await expect(page.locator('body')).toBeVisible();
      147 |     await expect(page.locator('h1')).toContainText('Leptos Motion');
    > 148 |     await expect(page.locator('button').first()).toBeVisible();
          |                                                  ^
      149 |     await expect(page.locator('div[style*="padding: 40px"]')).toBeVisible();
      150 |   });
      151 | });
        at /Users/peterhanssens/consulting/Leptos/leptos-motion/tests/comprehensive-demo.spec.ts:148:50

    attachment #1: screenshot (image/png) ──────────────────────────────────────────────────────────
    test-results/tests-comprehensive-demo-C-6699b--have-proper-HTML-structure-chromium/test-failed-1.png
    ────────────────────────────────────────────────────────────────────────────────────────────────

    attachment #2: video (video/webm) ──────────────────────────────────────────────────────────────
    test-results/tests-comprehensive-demo-C-6699b--have-proper-HTML-structure-chromium/video.webm
    ────────────────────────────────────────────────────────────────────────────────────────────────

    Error Context: test-results/tests-comprehensive-demo-C-6699b--have-proper-HTML-structure-chromium/error-context.md
]]>
</failure>
<system-out>
<![CDATA[Still on fallback HTML, WASM may not have loaded

[[ATTACHMENT|test-results/tests-comprehensive-demo-C-6699b--have-proper-HTML-structure-chromium/test-failed-1.png]]

[[ATTACHMENT|test-results/tests-comprehensive-demo-C-6699b--have-proper-HTML-structure-chromium/video.webm]]

[[ATTACHMENT|test-results/tests-comprehensive-demo-C-6699b--have-proper-HTML-structure-chromium/error-context.md]]
]]>
</system-out>
</testcase>
</testsuite>
<testsuite name="tests/e2e/batched_updates_test.spec.ts" timestamp="2025-10-04T13:01:09.445Z" hostname="chromium" tests="1" failures="1" skipped="0" time="0.235" errors="0">
<testcase name="Batched Updates Test › should load and display the batched updates test correctly" classname="tests/e2e/batched_updates_test.spec.ts" time="0.235">
<failure message="batched_updates_test.spec.ts:4:7 should load and display the batched updates test correctly" type="FAILURE">
<![CDATA[  [chromium] › tests/e2e/batched_updates_test.spec.ts:4:7 › Batched Updates Test › should load and display the batched updates test correctly 

    Error: page.goto: net::ERR_CONNECTION_REFUSED at http://localhost:8080/simple.html
    Call log:
      - navigating to "http://localhost:8080/simple.html", waiting until "load"


      4 |   test('should load and display the batched updates test correctly', async ({ page }) => {
      5 |     // Navigate to the demo page
    > 6 |     await page.goto('http://localhost:8080/simple.html');
        |                ^
      7 |
      8 |     // Wait for the WASM module to load and initialize
      9 |     await page.waitForTimeout(3000);
        at /Users/peterhanssens/consulting/Leptos/leptos-motion/tests/e2e/batched_updates_test.spec.ts:6:16

    attachment #1: screenshot (image/png) ──────────────────────────────────────────────────────────
    test-results/tests-e2e-batched_updates_-5805e-ched-updates-test-correctly-chromium/test-failed-1.png
    ────────────────────────────────────────────────────────────────────────────────────────────────

    attachment #2: video (video/webm) ──────────────────────────────────────────────────────────────
    test-results/tests-e2e-batched_updates_-5805e-ched-updates-test-correctly-chromium/video.webm
    ────────────────────────────────────────────────────────────────────────────────────────────────
]]>
</failure>
<system-out>
<![CDATA[
[[ATTACHMENT|test-results/tests-e2e-batched_updates_-5805e-ched-updates-test-correctly-chromium/test-failed-1.png]]

[[ATTACHMENT|test-results/tests-e2e-batched_updates_-5805e-ched-updates-test-correctly-chromium/video.webm]]
]]>
</system-out>
</testcase>
</testsuite>
<testsuite name="tests/e2e/comprehensive_e2e_test.spec.ts" timestamp="2025-10-04T13:01:09.445Z" hostname="chromium" tests="27" failures="27" skipped="0" time="4.949" errors="0">
<testcase name="Leptos Motion Library - Comprehensive E2E Tests › 1. Simple API Tests › Basic Animation Test - Opacity Fade" classname="tests/e2e/comprehensive_e2e_test.spec.ts" time="0.197">
<failure message="comprehensive_e2e_test.spec.ts:44:9 Basic Animation Test - Opacity Fade" type="FAILURE">
<![CDATA[  [chromium] › tests/e2e/comprehensive_e2e_test.spec.ts:44:9 › Leptos Motion Library - Comprehensive E2E Tests › 1. Simple API Tests › Basic Animation Test - Opacity Fade 

    Error: page.goto: net::ERR_CONNECTION_REFUSED at http://localhost:8086/
    Call log:
      - navigating to "http://localhost:8086/", waiting until "load"


      43 |   test.describe('1. Simple API Tests', () => {
      44 |     test('Basic Animation Test - Opacity Fade', async ({ page }) => {
    > 45 |       await page.goto(DEMO_URLS.newSimple);
         |                  ^
      46 |       await waitForWasmInit(page);
      47 |
      48 |       // Check if basic animations are working
        at /Users/peterhanssens/consulting/Leptos/leptos-motion/tests/e2e/comprehensive_e2e_test.spec.ts:45:18

    attachment #1: screenshot (image/png) ──────────────────────────────────────────────────────────
    test-results/tests-e2e-comprehensive_e2-4de89-imation-Test---Opacity-Fade-chromium/test-failed-1.png
    ────────────────────────────────────────────────────────────────────────────────────────────────

    attachment #2: video (video/webm) ──────────────────────────────────────────────────────────────
    test-results/tests-e2e-comprehensive_e2-4de89-imation-Test---Opacity-Fade-chromium/video.webm
    ────────────────────────────────────────────────────────────────────────────────────────────────
]]>
</failure>
<system-out>
<![CDATA[
[[ATTACHMENT|test-results/tests-e2e-comprehensive_e2-4de89-imation-Test---Opacity-Fade-chromium/test-failed-1.png]]

[[ATTACHMENT|test-results/tests-e2e-comprehensive_e2-4de89-imation-Test---Opacity-Fade-chromium/video.webm]]
]]>
</system-out>
</testcase>
<testcase name="Leptos Motion Library - Comprehensive E2E Tests › 1. Simple API Tests › Variant Switching Test" classname="tests/e2e/comprehensive_e2e_test.spec.ts" time="0.19">
<failure message="comprehensive_e2e_test.spec.ts:57:9 Variant Switching Test" type="FAILURE">
<![CDATA[  [chromium] › tests/e2e/comprehensive_e2e_test.spec.ts:57:9 › Leptos Motion Library - Comprehensive E2E Tests › 1. Simple API Tests › Variant Switching Test 

    Error: page.goto: net::ERR_CONNECTION_REFUSED at http://localhost:8086/
    Call log:
      - navigating to "http://localhost:8086/", waiting until "load"


      56 |
      57 |     test('Variant Switching Test', async ({ page }) => {
    > 58 |       await page.goto(DEMO_URLS.newSimple);
         |                  ^
      59 |       await waitForWasmInit(page);
      60 |
      61 |       // Look for elements that can be toggled
        at /Users/peterhanssens/consulting/Leptos/leptos-motion/tests/e2e/comprehensive_e2e_test.spec.ts:58:18

    attachment #1: screenshot (image/png) ──────────────────────────────────────────────────────────
    test-results/tests-e2e-comprehensive_e2-38ec8-ests-Variant-Switching-Test-chromium/test-failed-1.png
    ────────────────────────────────────────────────────────────────────────────────────────────────

    attachment #2: video (video/webm) ──────────────────────────────────────────────────────────────
    test-results/tests-e2e-comprehensive_e2-38ec8-ests-Variant-Switching-Test-chromium/video.webm
    ────────────────────────────────────────────────────────────────────────────────────────────────
]]>
</failure>
<system-out>
<![CDATA[
[[ATTACHMENT|test-results/tests-e2e-comprehensive_e2-38ec8-ests-Variant-Switching-Test-chromium/test-failed-1.png]]

[[ATTACHMENT|test-results/tests-e2e-comprehensive_e2-38ec8-ests-Variant-Switching-Test-chromium/video.webm]]
]]>
</system-out>
</testcase>
<testcase name="Leptos Motion Library - Comprehensive E2E Tests › 1. Simple API Tests › Custom Easing Test" classname="tests/e2e/comprehensive_e2e_test.spec.ts" time="0.202">
<failure message="comprehensive_e2e_test.spec.ts:71:9 Custom Easing Test" type="FAILURE">
<![CDATA[  [chromium] › tests/e2e/comprehensive_e2e_test.spec.ts:71:9 › Leptos Motion Library - Comprehensive E2E Tests › 1. Simple API Tests › Custom Easing Test 

    Error: page.goto: net::ERR_CONNECTION_REFUSED at http://localhost:8086/
    Call log:
      - navigating to "http://localhost:8086/", waiting until "load"


      70 |
      71 |     test('Custom Easing Test', async ({ page }) => {
    > 72 |       await page.goto(DEMO_URLS.newSimple);
         |                  ^
      73 |       await waitForWasmInit(page);
      74 |
      75 |       // Check for transition timing functions on first div
        at /Users/peterhanssens/consulting/Leptos/leptos-motion/tests/e2e/comprehensive_e2e_test.spec.ts:72:18

    attachment #1: screenshot (image/png) ──────────────────────────────────────────────────────────
    test-results/tests-e2e-comprehensive_e2-5f543-PI-Tests-Custom-Easing-Test-chromium/test-failed-1.png
    ────────────────────────────────────────────────────────────────────────────────────────────────

    attachment #2: video (video/webm) ──────────────────────────────────────────────────────────────
    test-results/tests-e2e-comprehensive_e2-5f543-PI-Tests-Custom-Easing-Test-chromium/video.webm
    ────────────────────────────────────────────────────────────────────────────────────────────────
]]>
</failure>
<system-out>
<![CDATA[
[[ATTACHMENT|test-results/tests-e2e-comprehensive_e2-5f543-PI-Tests-Custom-Easing-Test-chromium/test-failed-1.png]]

[[ATTACHMENT|test-results/tests-e2e-comprehensive_e2-5f543-PI-Tests-Custom-Easing-Test-chromium/video.webm]]
]]>
</system-out>
</testcase>
<testcase name="Leptos Motion Library - Comprehensive E2E Tests › 1. Simple API Tests › Accessibility - Reduced Motion Check" classname="tests/e2e/comprehensive_e2e_test.spec.ts" time="0.211">
<failure message="comprehensive_e2e_test.spec.ts:85:9 Accessibility - Reduced Motion Check" type="FAILURE">
<![CDATA[  [chromium] › tests/e2e/comprehensive_e2e_test.spec.ts:85:9 › Leptos Motion Library - Comprehensive E2E Tests › 1. Simple API Tests › Accessibility - Reduced Motion Check 

    Error: page.goto: net::ERR_CONNECTION_REFUSED at http://localhost:8086/
    Call log:
      - navigating to "http://localhost:8086/", waiting until "load"


      84 |
      85 |     test('Accessibility - Reduced Motion Check', async ({ page }) => {
    > 86 |       await page.goto(DEMO_URLS.newSimple);
         |                  ^
      87 |       await waitForWasmInit(page);
      88 |
      89 |       // Simulate reduced motion preference
        at /Users/peterhanssens/consulting/Leptos/leptos-motion/tests/e2e/comprehensive_e2e_test.spec.ts:86:18

    attachment #1: screenshot (image/png) ──────────────────────────────────────────────────────────
    test-results/tests-e2e-comprehensive_e2-5ac8b-lity---Reduced-Motion-Check-chromium/test-failed-1.png
    ────────────────────────────────────────────────────────────────────────────────────────────────

    attachment #2: video (video/webm) ──────────────────────────────────────────────────────────────
    test-results/tests-e2e-comprehensive_e2-5ac8b-lity---Reduced-Motion-Check-chromium/video.webm
    ────────────────────────────────────────────────────────────────────────────────────────────────
]]>
</failure>
<system-out>
<![CDATA[
[[ATTACHMENT|test-results/tests-e2e-comprehensive_e2-5ac8b-lity---Reduced-Motion-Check-chromium/test-failed-1.png]]

[[ATTACHMENT|test-results/tests-e2e-comprehensive_e2-5ac8b-lity---Reduced-Motion-Check-chromium/video.webm]]
]]>
</system-out>
</testcase>
<testcase name="Leptos Motion Library - Comprehensive E2E Tests › 2. Independent Transforms Tests › Single Property Animation" classname="tests/e2e/comprehensive_e2e_test.spec.ts" time="0.194">
<failure message="comprehensive_e2e_test.spec.ts:102:9 Single Property Animation" type="FAILURE">
<![CDATA[  [chromium] › tests/e2e/comprehensive_e2e_test.spec.ts:102:9 › Leptos Motion Library - Comprehensive E2E Tests › 2. Independent Transforms Tests › Single Property Animation 

    Error: page.goto: net::ERR_CONNECTION_REFUSED at http://localhost:8086/
    Call log:
      - navigating to "http://localhost:8086/", waiting until "load"


      101 |   test.describe('2. Independent Transforms Tests', () => {
      102 |     test('Single Property Animation', async ({ page }) => {
    > 103 |       await page.goto(DEMO_URLS.newSimple);
          |                  ^
      104 |       await waitForWasmInit(page);
      105 |
      106 |       // Check for transform properties or transition properties
        at /Users/peterhanssens/consulting/Leptos/leptos-motion/tests/e2e/comprehensive_e2e_test.spec.ts:103:18

    attachment #1: screenshot (image/png) ──────────────────────────────────────────────────────────
    test-results/tests-e2e-comprehensive_e2-ed6cd-s-Single-Property-Animation-chromium/test-failed-1.png
    ────────────────────────────────────────────────────────────────────────────────────────────────

    attachment #2: video (video/webm) ──────────────────────────────────────────────────────────────
    test-results/tests-e2e-comprehensive_e2-ed6cd-s-Single-Property-Animation-chromium/video.webm
    ────────────────────────────────────────────────────────────────────────────────────────────────
]]>
</failure>
<system-out>
<![CDATA[
[[ATTACHMENT|test-results/tests-e2e-comprehensive_e2-ed6cd-s-Single-Property-Animation-chromium/test-failed-1.png]]

[[ATTACHMENT|test-results/tests-e2e-comprehensive_e2-ed6cd-s-Single-Property-Animation-chromium/video.webm]]
]]>
</system-out>
</testcase>
<testcase name="Leptos Motion Library - Comprehensive E2E Tests › 2. Independent Transforms Tests › Concurrent Transforms" classname="tests/e2e/comprehensive_e2e_test.spec.ts" time="0.264">
<failure message="comprehensive_e2e_test.spec.ts:121:9 Concurrent Transforms" type="FAILURE">
<![CDATA[  [chromium] › tests/e2e/comprehensive_e2e_test.spec.ts:121:9 › Leptos Motion Library - Comprehensive E2E Tests › 2. Independent Transforms Tests › Concurrent Transforms 

    Error: page.goto: net::ERR_CONNECTION_REFUSED at http://localhost:8086/
    Call log:
      - navigating to "http://localhost:8086/", waiting until "load"


      120 |
      121 |     test('Concurrent Transforms', async ({ page }) => {
    > 122 |       await page.goto(DEMO_URLS.newSimple);
          |                  ^
      123 |       await waitForWasmInit(page);
      124 |
      125 |       // Check multiple elements with any form of animation
        at /Users/peterhanssens/consulting/Leptos/leptos-motion/tests/e2e/comprehensive_e2e_test.spec.ts:122:18

    attachment #1: screenshot (image/png) ──────────────────────────────────────────────────────────
    test-results/tests-e2e-comprehensive_e2-467dd-Tests-Concurrent-Transforms-chromium/test-failed-1.png
    ────────────────────────────────────────────────────────────────────────────────────────────────

    attachment #2: video (video/webm) ──────────────────────────────────────────────────────────────
    test-results/tests-e2e-comprehensive_e2-467dd-Tests-Concurrent-Transforms-chromium/video.webm
    ────────────────────────────────────────────────────────────────────────────────────────────────
]]>
</failure>
<system-out>
<![CDATA[
[[ATTACHMENT|test-results/tests-e2e-comprehensive_e2-467dd-Tests-Concurrent-Transforms-chromium/test-failed-1.png]]

[[ATTACHMENT|test-results/tests-e2e-comprehensive_e2-467dd-Tests-Concurrent-Transforms-chromium/video.webm]]
]]>
</system-out>
</testcase>
<testcase name="Leptos Motion Library - Comprehensive E2E Tests › 2. Independent Transforms Tests › Hardware Acceleration Check" classname="tests/e2e/comprehensive_e2e_test.spec.ts" time="0.248">
<failure message="comprehensive_e2e_test.spec.ts:147:9 Hardware Acceleration Check" type="FAILURE">
<![CDATA[  [chromium] › tests/e2e/comprehensive_e2e_test.spec.ts:147:9 › Leptos Motion Library - Comprehensive E2E Tests › 2. Independent Transforms Tests › Hardware Acceleration Check 

    Error: page.goto: net::ERR_CONNECTION_REFUSED at http://localhost:8086/
    Call log:
      - navigating to "http://localhost:8086/", waiting until "load"


      146 |
      147 |     test('Hardware Acceleration Check', async ({ page }) => {
    > 148 |       await page.goto(DEMO_URLS.newSimple);
          |                  ^
      149 |       await waitForWasmInit(page);
      150 |
      151 |       // Check for will-change property
        at /Users/peterhanssens/consulting/Leptos/leptos-motion/tests/e2e/comprehensive_e2e_test.spec.ts:148:18

    attachment #1: screenshot (image/png) ──────────────────────────────────────────────────────────
    test-results/tests-e2e-comprehensive_e2-f41b2-Hardware-Acceleration-Check-chromium/test-failed-1.png
    ────────────────────────────────────────────────────────────────────────────────────────────────

    attachment #2: video (video/webm) ──────────────────────────────────────────────────────────────
    test-results/tests-e2e-comprehensive_e2-f41b2-Hardware-Acceleration-Check-chromium/video.webm
    ────────────────────────────────────────────────────────────────────────────────────────────────
]]>
</failure>
<system-out>
<![CDATA[
[[ATTACHMENT|test-results/tests-e2e-comprehensive_e2-f41b2-Hardware-Acceleration-Check-chromium/test-failed-1.png]]

[[ATTACHMENT|test-results/tests-e2e-comprehensive_e2-f41b2-Hardware-Acceleration-Check-chromium/video.webm]]
]]>
</system-out>
</testcase>
<testcase name="Leptos Motion Library - Comprehensive E2E Tests › 3. Scroll Animation Tests › Scroll-based Animation" classname="tests/e2e/comprehensive_e2e_test.spec.ts" time="0.171">
<failure message="comprehensive_e2e_test.spec.ts:168:9 Scroll-based Animation" type="FAILURE">
<![CDATA[  [chromium] › tests/e2e/comprehensive_e2e_test.spec.ts:168:9 › Leptos Motion Library - Comprehensive E2E Tests › 3. Scroll Animation Tests › Scroll-based Animation 

    Error: page.goto: net::ERR_CONNECTION_REFUSED at http://localhost:8086/
    Call log:
      - navigating to "http://localhost:8086/", waiting until "load"


      167 |   test.describe('3. Scroll Animation Tests', () => {
      168 |     test('Scroll-based Animation', async ({ page }) => {
    > 169 |       await page.goto(DEMO_URLS.newSimple);
          |                  ^
      170 |       await waitForWasmInit(page);
      171 |
      172 |       // Simulate scroll
        at /Users/peterhanssens/consulting/Leptos/leptos-motion/tests/e2e/comprehensive_e2e_test.spec.ts:169:18

    attachment #1: screenshot (image/png) ──────────────────────────────────────────────────────────
    test-results/tests-e2e-comprehensive_e2-e6592-ests-Scroll-based-Animation-chromium/test-failed-1.png
    ────────────────────────────────────────────────────────────────────────────────────────────────

    attachment #2: video (video/webm) ──────────────────────────────────────────────────────────────
    test-results/tests-e2e-comprehensive_e2-e6592-ests-Scroll-based-Animation-chromium/video.webm
    ────────────────────────────────────────────────────────────────────────────────────────────────
]]>
</failure>
<system-out>
<![CDATA[
[[ATTACHMENT|test-results/tests-e2e-comprehensive_e2-e6592-ests-Scroll-based-Animation-chromium/test-failed-1.png]]

[[ATTACHMENT|test-results/tests-e2e-comprehensive_e2-e6592-ests-Scroll-based-Animation-chromium/video.webm]]
]]>
</system-out>
</testcase>
<testcase name="Leptos Motion Library - Comprehensive E2E Tests › 3. Scroll Animation Tests › Viewport Trigger Animation" classname="tests/e2e/comprehensive_e2e_test.spec.ts" time="0.161">
<failure message="comprehensive_e2e_test.spec.ts:185:9 Viewport Trigger Animation" type="FAILURE">
<![CDATA[  [chromium] › tests/e2e/comprehensive_e2e_test.spec.ts:185:9 › Leptos Motion Library - Comprehensive E2E Tests › 3. Scroll Animation Tests › Viewport Trigger Animation 

    Error: page.goto: net::ERR_CONNECTION_REFUSED at http://localhost:8086/
    Call log:
      - navigating to "http://localhost:8086/", waiting until "load"


      184 |
      185 |     test('Viewport Trigger Animation', async ({ page }) => {
    > 186 |       await page.goto(DEMO_URLS.newSimple);
          |                  ^
      187 |       await waitForWasmInit(page);
      188 |
      189 |       // Scroll to trigger viewport animations
        at /Users/peterhanssens/consulting/Leptos/leptos-motion/tests/e2e/comprehensive_e2e_test.spec.ts:186:18

    attachment #1: screenshot (image/png) ──────────────────────────────────────────────────────────
    test-results/tests-e2e-comprehensive_e2-eada2--Viewport-Trigger-Animation-chromium/test-failed-1.png
    ────────────────────────────────────────────────────────────────────────────────────────────────

    attachment #2: video (video/webm) ──────────────────────────────────────────────────────────────
    test-results/tests-e2e-comprehensive_e2-eada2--Viewport-Trigger-Animation-chromium/video.webm
    ────────────────────────────────────────────────────────────────────────────────────────────────
]]>
</failure>
<system-out>
<![CDATA[
[[ATTACHMENT|test-results/tests-e2e-comprehensive_e2-eada2--Viewport-Trigger-Animation-chromium/test-failed-1.png]]

[[ATTACHMENT|test-results/tests-e2e-comprehensive_e2-eada2--Viewport-Trigger-Animation-chromium/video.webm]]
]]>
</system-out>
</testcase>
<testcase name="Leptos Motion Library - Comprehensive E2E Tests › 4. Exit Animation Tests › Component Unmount Animation" classname="tests/e2e/comprehensive_e2e_test.spec.ts" time="0.173">
<failure message="comprehensive_e2e_test.spec.ts:205:9 Component Unmount Animation" type="FAILURE">
<![CDATA[  [chromium] › tests/e2e/comprehensive_e2e_test.spec.ts:205:9 › Leptos Motion Library - Comprehensive E2E Tests › 4. Exit Animation Tests › Component Unmount Animation 

    Error: page.goto: net::ERR_CONNECTION_REFUSED at http://localhost:8086/
    Call log:
      - navigating to "http://localhost:8086/", waiting until "load"


      204 |   test.describe('4. Exit Animation Tests', () => {
      205 |     test('Component Unmount Animation', async ({ page }) => {
    > 206 |       await page.goto(DEMO_URLS.newSimple);
          |                  ^
      207 |       await waitForWasmInit(page);
      208 |
      209 |       // Look for buttons that might trigger unmount
        at /Users/peterhanssens/consulting/Leptos/leptos-motion/tests/e2e/comprehensive_e2e_test.spec.ts:206:18

    attachment #1: screenshot (image/png) ──────────────────────────────────────────────────────────
    test-results/tests-e2e-comprehensive_e2-e80c4-Component-Unmount-Animation-chromium/test-failed-1.png
    ────────────────────────────────────────────────────────────────────────────────────────────────

    attachment #2: video (video/webm) ──────────────────────────────────────────────────────────────
    test-results/tests-e2e-comprehensive_e2-e80c4-Component-Unmount-Animation-chromium/video.webm
    ────────────────────────────────────────────────────────────────────────────────────────────────
]]>
</failure>
<system-out>
<![CDATA[
[[ATTACHMENT|test-results/tests-e2e-comprehensive_e2-e80c4-Component-Unmount-Animation-chromium/test-failed-1.png]]

[[ATTACHMENT|test-results/tests-e2e-comprehensive_e2-e80c4-Component-Unmount-Animation-chromium/video.webm]]
]]>
</system-out>
</testcase>
<testcase name="Leptos Motion Library - Comprehensive E2E Tests › 5. Gesture Tests › Hover Gesture" classname="tests/e2e/comprehensive_e2e_test.spec.ts" time="0.175">
<failure message="comprehensive_e2e_test.spec.ts:226:9 Hover Gesture" type="FAILURE">
<![CDATA[  [chromium] › tests/e2e/comprehensive_e2e_test.spec.ts:226:9 › Leptos Motion Library - Comprehensive E2E Tests › 5. Gesture Tests › Hover Gesture 

    Error: page.goto: net::ERR_CONNECTION_REFUSED at http://localhost:8086/
    Call log:
      - navigating to "http://localhost:8086/", waiting until "load"


      225 |   test.describe('5. Gesture Tests', () => {
      226 |     test('Hover Gesture', async ({ page }) => {
    > 227 |       await page.goto(DEMO_URLS.newSimple);
          |                  ^
      228 |       await waitForWasmInit(page);
      229 |
      230 |       // Test hover on interactive elements
        at /Users/peterhanssens/consulting/Leptos/leptos-motion/tests/e2e/comprehensive_e2e_test.spec.ts:227:18

    attachment #1: screenshot (image/png) ──────────────────────────────────────────────────────────
    test-results/tests-e2e-comprehensive_e2-c333a-Gesture-Tests-Hover-Gesture-chromium/test-failed-1.png
    ────────────────────────────────────────────────────────────────────────────────────────────────

    attachment #2: video (video/webm) ──────────────────────────────────────────────────────────────
    test-results/tests-e2e-comprehensive_e2-c333a-Gesture-Tests-Hover-Gesture-chromium/video.webm
    ────────────────────────────────────────────────────────────────────────────────────────────────
]]>
</failure>
<system-out>
<![CDATA[
[[ATTACHMENT|test-results/tests-e2e-comprehensive_e2-c333a-Gesture-Tests-Hover-Gesture-chromium/test-failed-1.png]]

[[ATTACHMENT|test-results/tests-e2e-comprehensive_e2-c333a-Gesture-Tests-Hover-Gesture-chromium/video.webm]]
]]>
</system-out>
</testcase>
<testcase name="Leptos Motion Library - Comprehensive E2E Tests › 5. Gesture Tests › Press Gesture" classname="tests/e2e/comprehensive_e2e_test.spec.ts" time="0.158">
<failure message="comprehensive_e2e_test.spec.ts:246:9 Press Gesture" type="FAILURE">
<![CDATA[  [chromium] › tests/e2e/comprehensive_e2e_test.spec.ts:246:9 › Leptos Motion Library - Comprehensive E2E Tests › 5. Gesture Tests › Press Gesture 

    Error: page.goto: net::ERR_CONNECTION_REFUSED at http://localhost:8086/
    Call log:
      - navigating to "http://localhost:8086/", waiting until "load"


      245 |
      246 |     test('Press Gesture', async ({ page }) => {
    > 247 |       await page.goto(DEMO_URLS.newSimple);
          |                  ^
      248 |       await waitForWasmInit(page);
      249 |
      250 |       // Test press on buttons
        at /Users/peterhanssens/consulting/Leptos/leptos-motion/tests/e2e/comprehensive_e2e_test.spec.ts:247:18

    attachment #1: screenshot (image/png) ──────────────────────────────────────────────────────────
    test-results/tests-e2e-comprehensive_e2-2067b-Gesture-Tests-Press-Gesture-chromium/test-failed-1.png
    ────────────────────────────────────────────────────────────────────────────────────────────────

    attachment #2: video (video/webm) ──────────────────────────────────────────────────────────────
    test-results/tests-e2e-comprehensive_e2-2067b-Gesture-Tests-Press-Gesture-chromium/video.webm
    ────────────────────────────────────────────────────────────────────────────────────────────────
]]>
</failure>
<system-out>
<![CDATA[
[[ATTACHMENT|test-results/tests-e2e-comprehensive_e2-2067b-Gesture-Tests-Press-Gesture-chromium/test-failed-1.png]]

[[ATTACHMENT|test-results/tests-e2e-comprehensive_e2-2067b-Gesture-Tests-Press-Gesture-chromium/video.webm]]
]]>
</system-out>
</testcase>
<testcase name="Leptos Motion Library - Comprehensive E2E Tests › 5. Gesture Tests › Touch Gesture Support" classname="tests/e2e/comprehensive_e2e_test.spec.ts" time="0.176">
<failure message="comprehensive_e2e_test.spec.ts:263:9 Touch Gesture Support" type="FAILURE">
<![CDATA[  [chromium] › tests/e2e/comprehensive_e2e_test.spec.ts:263:9 › Leptos Motion Library - Comprehensive E2E Tests › 5. Gesture Tests › Touch Gesture Support 

    Error: page.goto: net::ERR_CONNECTION_REFUSED at http://localhost:8086/
    Call log:
      - navigating to "http://localhost:8086/", waiting until "load"


      262 |
      263 |     test('Touch Gesture Support', async ({ page }) => {
    > 264 |       await page.goto(DEMO_URLS.newSimple);
          |                  ^
      265 |       await waitForWasmInit(page);
      266 |
      267 |       // Set mobile viewport
        at /Users/peterhanssens/consulting/Leptos/leptos-motion/tests/e2e/comprehensive_e2e_test.spec.ts:264:18

    attachment #1: screenshot (image/png) ──────────────────────────────────────────────────────────
    test-results/tests-e2e-comprehensive_e2-26d23-Tests-Touch-Gesture-Support-chromium/test-failed-1.png
    ────────────────────────────────────────────────────────────────────────────────────────────────

    attachment #2: video (video/webm) ──────────────────────────────────────────────────────────────
    test-results/tests-e2e-comprehensive_e2-26d23-Tests-Touch-Gesture-Support-chromium/video.webm
    ────────────────────────────────────────────────────────────────────────────────────────────────
]]>
</failure>
<system-out>
<![CDATA[
[[ATTACHMENT|test-results/tests-e2e-comprehensive_e2-26d23-Tests-Touch-Gesture-Support-chromium/test-failed-1.png]]

[[ATTACHMENT|test-results/tests-e2e-comprehensive_e2-26d23-Tests-Touch-Gesture-Support-chromium/video.webm]]
]]>
</system-out>
</testcase>
<testcase name="Leptos Motion Library - Comprehensive E2E Tests › 6. Layout Animation Tests › Resize Animation" classname="tests/e2e/comprehensive_e2e_test.spec.ts" time="0.208">
<failure message="comprehensive_e2e_test.spec.ts:282:9 Resize Animation" type="FAILURE">
<![CDATA[  [chromium] › tests/e2e/comprehensive_e2e_test.spec.ts:282:9 › Leptos Motion Library - Comprehensive E2E Tests › 6. Layout Animation Tests › Resize Animation 

    Error: page.goto: net::ERR_CONNECTION_REFUSED at http://localhost:8086/
    Call log:
      - navigating to "http://localhost:8086/", waiting until "load"


      281 |   test.describe('6. Layout Animation Tests', () => {
      282 |     test('Resize Animation', async ({ page }) => {
    > 283 |       await page.goto(DEMO_URLS.newSimple);
          |                  ^
      284 |       await waitForWasmInit(page);
      285 |
      286 |       // Test viewport resize
        at /Users/peterhanssens/consulting/Leptos/leptos-motion/tests/e2e/comprehensive_e2e_test.spec.ts:283:18

    attachment #1: screenshot (image/png) ──────────────────────────────────────────────────────────
    test-results/tests-e2e-comprehensive_e2-14fad-tion-Tests-Resize-Animation-chromium/test-failed-1.png
    ────────────────────────────────────────────────────────────────────────────────────────────────

    attachment #2: video (video/webm) ──────────────────────────────────────────────────────────────
    test-results/tests-e2e-comprehensive_e2-14fad-tion-Tests-Resize-Animation-chromium/video.webm
    ────────────────────────────────────────────────────────────────────────────────────────────────
]]>
</failure>
<system-out>
<![CDATA[
[[ATTACHMENT|test-results/tests-e2e-comprehensive_e2-14fad-tion-Tests-Resize-Animation-chromium/test-failed-1.png]]

[[ATTACHMENT|test-results/tests-e2e-comprehensive_e2-14fad-tion-Tests-Resize-Animation-chromium/video.webm]]
]]>
</system-out>
</testcase>
<testcase name="Leptos Motion Library - Comprehensive E2E Tests › 6. Layout Animation Tests › Layout Shift Animation" classname="tests/e2e/comprehensive_e2e_test.spec.ts" time="0.157">
<failure message="comprehensive_e2e_test.spec.ts:300:9 Layout Shift Animation" type="FAILURE">
<![CDATA[  [chromium] › tests/e2e/comprehensive_e2e_test.spec.ts:300:9 › Leptos Motion Library - Comprehensive E2E Tests › 6. Layout Animation Tests › Layout Shift Animation 

    Error: page.goto: net::ERR_CONNECTION_REFUSED at http://localhost:8086/
    Call log:
      - navigating to "http://localhost:8086/", waiting until "load"


      299 |
      300 |     test('Layout Shift Animation', async ({ page }) => {
    > 301 |       await page.goto(DEMO_URLS.newSimple);
          |                  ^
      302 |       await waitForWasmInit(page);
      303 |
      304 |       // Trigger layout changes
        at /Users/peterhanssens/consulting/Leptos/leptos-motion/tests/e2e/comprehensive_e2e_test.spec.ts:301:18

    attachment #1: screenshot (image/png) ──────────────────────────────────────────────────────────
    test-results/tests-e2e-comprehensive_e2-0b4f0-ests-Layout-Shift-Animation-chromium/test-failed-1.png
    ────────────────────────────────────────────────────────────────────────────────────────────────

    attachment #2: video (video/webm) ──────────────────────────────────────────────────────────────
    test-results/tests-e2e-comprehensive_e2-0b4f0-ests-Layout-Shift-Animation-chromium/video.webm
    ────────────────────────────────────────────────────────────────────────────────────────────────
]]>
</failure>
<system-out>
<![CDATA[
[[ATTACHMENT|test-results/tests-e2e-comprehensive_e2-0b4f0-ests-Layout-Shift-Animation-chromium/test-failed-1.png]]

[[ATTACHMENT|test-results/tests-e2e-comprehensive_e2-0b4f0-ests-Layout-Shift-Animation-chromium/video.webm]]
]]>
</system-out>
</testcase>
<testcase name="Leptos Motion Library - Comprehensive E2E Tests › 7. Timeline Sequences Tests › Stagger Animation" classname="tests/e2e/comprehensive_e2e_test.spec.ts" time="0.168">
<failure message="comprehensive_e2e_test.spec.ts:316:9 Stagger Animation" type="FAILURE">
<![CDATA[  [chromium] › tests/e2e/comprehensive_e2e_test.spec.ts:316:9 › Leptos Motion Library - Comprehensive E2E Tests › 7. Timeline Sequences Tests › Stagger Animation 

    Error: page.goto: net::ERR_CONNECTION_REFUSED at http://localhost:8086/
    Call log:
      - navigating to "http://localhost:8086/", waiting until "load"


      315 |   test.describe('7. Timeline Sequences Tests', () => {
      316 |     test('Stagger Animation', async ({ page }) => {
    > 317 |       await page.goto(DEMO_URLS.newSimple);
          |                  ^
      318 |       await waitForWasmInit(page);
      319 |
      320 |       // Look for multiple animated elements
        at /Users/peterhanssens/consulting/Leptos/leptos-motion/tests/e2e/comprehensive_e2e_test.spec.ts:317:18

    attachment #1: screenshot (image/png) ──────────────────────────────────────────────────────────
    test-results/tests-e2e-comprehensive_e2-e9bf9-ces-Tests-Stagger-Animation-chromium/test-failed-1.png
    ────────────────────────────────────────────────────────────────────────────────────────────────

    attachment #2: video (video/webm) ──────────────────────────────────────────────────────────────
    test-results/tests-e2e-comprehensive_e2-e9bf9-ces-Tests-Stagger-Animation-chromium/video.webm
    ────────────────────────────────────────────────────────────────────────────────────────────────
]]>
</failure>
<system-out>
<![CDATA[
[[ATTACHMENT|test-results/tests-e2e-comprehensive_e2-e9bf9-ces-Tests-Stagger-Animation-chromium/test-failed-1.png]]

[[ATTACHMENT|test-results/tests-e2e-comprehensive_e2-e9bf9-ces-Tests-Stagger-Animation-chromium/video.webm]]
]]>
</system-out>
</testcase>
<testcase name="Leptos Motion Library - Comprehensive E2E Tests › 7. Timeline Sequences Tests › Sequence Animation" classname="tests/e2e/comprehensive_e2e_test.spec.ts" time="0.161">
<failure message="comprehensive_e2e_test.spec.ts:331:9 Sequence Animation" type="FAILURE">
<![CDATA[  [chromium] › tests/e2e/comprehensive_e2e_test.spec.ts:331:9 › Leptos Motion Library - Comprehensive E2E Tests › 7. Timeline Sequences Tests › Sequence Animation 

    Error: page.goto: net::ERR_CONNECTION_REFUSED at http://localhost:8086/
    Call log:
      - navigating to "http://localhost:8086/", waiting until "load"


      330 |
      331 |     test('Sequence Animation', async ({ page }) => {
    > 332 |       await page.goto(DEMO_URLS.newSimple);
          |                  ^
      333 |       await waitForWasmInit(page);
      334 |
      335 |       // Trigger sequence animations
        at /Users/peterhanssens/consulting/Leptos/leptos-motion/tests/e2e/comprehensive_e2e_test.spec.ts:332:18

    attachment #1: screenshot (image/png) ──────────────────────────────────────────────────────────
    test-results/tests-e2e-comprehensive_e2-709e8-es-Tests-Sequence-Animation-chromium/test-failed-1.png
    ────────────────────────────────────────────────────────────────────────────────────────────────

    attachment #2: video (video/webm) ──────────────────────────────────────────────────────────────
    test-results/tests-e2e-comprehensive_e2-709e8-es-Tests-Sequence-Animation-chromium/video.webm
    ────────────────────────────────────────────────────────────────────────────────────────────────
]]>
</failure>
<system-out>
<![CDATA[
[[ATTACHMENT|test-results/tests-e2e-comprehensive_e2-709e8-es-Tests-Sequence-Animation-chromium/test-failed-1.png]]

[[ATTACHMENT|test-results/tests-e2e-comprehensive_e2-709e8-es-Tests-Sequence-Animation-chromium/video.webm]]
]]>
</system-out>
</testcase>
<testcase name="Leptos Motion Library - Comprehensive E2E Tests › 8. Spring Physics Tests › Spring Animation" classname="tests/e2e/comprehensive_e2e_test.spec.ts" time="0.161">
<failure message="comprehensive_e2e_test.spec.ts:349:9 Spring Animation" type="FAILURE">
<![CDATA[  [chromium] › tests/e2e/comprehensive_e2e_test.spec.ts:349:9 › Leptos Motion Library - Comprehensive E2E Tests › 8. Spring Physics Tests › Spring Animation 

    Error: page.goto: net::ERR_CONNECTION_REFUSED at http://localhost:8086/
    Call log:
      - navigating to "http://localhost:8086/", waiting until "load"


      348 |   test.describe('8. Spring Physics Tests', () => {
      349 |     test('Spring Animation', async ({ page }) => {
    > 350 |       await page.goto(DEMO_URLS.newSimple);
          |                  ^
      351 |       await waitForWasmInit(page);
      352 |
      353 |       // Check for spring-like animations
        at /Users/peterhanssens/consulting/Leptos/leptos-motion/tests/e2e/comprehensive_e2e_test.spec.ts:350:18

    attachment #1: screenshot (image/png) ──────────────────────────────────────────────────────────
    test-results/tests-e2e-comprehensive_e2-cc3c7-sics-Tests-Spring-Animation-chromium/test-failed-1.png
    ────────────────────────────────────────────────────────────────────────────────────────────────

    attachment #2: video (video/webm) ──────────────────────────────────────────────────────────────
    test-results/tests-e2e-comprehensive_e2-cc3c7-sics-Tests-Spring-Animation-chromium/video.webm
    ────────────────────────────────────────────────────────────────────────────────────────────────
]]>
</failure>
<system-out>
<![CDATA[
[[ATTACHMENT|test-results/tests-e2e-comprehensive_e2-cc3c7-sics-Tests-Spring-Animation-chromium/test-failed-1.png]]

[[ATTACHMENT|test-results/tests-e2e-comprehensive_e2-cc3c7-sics-Tests-Spring-Animation-chromium/video.webm]]
]]>
</system-out>
</testcase>
<testcase name="Leptos Motion Library - Comprehensive E2E Tests › 8. Spring Physics Tests › Velocity-based Animation" classname="tests/e2e/comprehensive_e2e_test.spec.ts" time="0.175">
<failure message="comprehensive_e2e_test.spec.ts:364:9 Velocity-based Animation" type="FAILURE">
<![CDATA[  [chromium] › tests/e2e/comprehensive_e2e_test.spec.ts:364:9 › Leptos Motion Library - Comprehensive E2E Tests › 8. Spring Physics Tests › Velocity-based Animation 

    Error: page.goto: net::ERR_CONNECTION_REFUSED at http://localhost:8086/
    Call log:
      - navigating to "http://localhost:8086/", waiting until "load"


      363 |
      364 |     test('Velocity-based Animation', async ({ page }) => {
    > 365 |       await page.goto(DEMO_URLS.newSimple);
          |                  ^
      366 |       await waitForWasmInit(page);
      367 |
      368 |       // Test rapid interactions
        at /Users/peterhanssens/consulting/Leptos/leptos-motion/tests/e2e/comprehensive_e2e_test.spec.ts:365:18

    attachment #1: screenshot (image/png) ──────────────────────────────────────────────────────────
    test-results/tests-e2e-comprehensive_e2-c67f9-ts-Velocity-based-Animation-chromium/test-failed-1.png
    ────────────────────────────────────────────────────────────────────────────────────────────────

    attachment #2: video (video/webm) ──────────────────────────────────────────────────────────────
    test-results/tests-e2e-comprehensive_e2-c67f9-ts-Velocity-based-Animation-chromium/video.webm
    ────────────────────────────────────────────────────────────────────────────────────────────────
]]>
</failure>
<system-out>
<![CDATA[
[[ATTACHMENT|test-results/tests-e2e-comprehensive_e2-c67f9-ts-Velocity-based-Animation-chromium/test-failed-1.png]]

[[ATTACHMENT|test-results/tests-e2e-comprehensive_e2-c67f9-ts-Velocity-based-Animation-chromium/video.webm]]
]]>
</system-out>
</testcase>
<testcase name="Leptos Motion Library - Comprehensive E2E Tests › 9. Performance Tests › 60 FPS Performance Check" classname="tests/e2e/comprehensive_e2e_test.spec.ts" time="0.181">
<failure message="comprehensive_e2e_test.spec.ts:384:9 60 FPS Performance Check" type="FAILURE">
<![CDATA[  [chromium] › tests/e2e/comprehensive_e2e_test.spec.ts:384:9 › Leptos Motion Library - Comprehensive E2E Tests › 9. Performance Tests › 60 FPS Performance Check 

    Error: page.goto: net::ERR_CONNECTION_REFUSED at http://localhost:8086/
    Call log:
      - navigating to "http://localhost:8086/", waiting until "load"


      383 |   test.describe('9. Performance Tests', () => {
      384 |     test('60 FPS Performance Check', async ({ page }) => {
    > 385 |       await page.goto(DEMO_URLS.newSimple);
          |                  ^
      386 |       await waitForWasmInit(page);
      387 |
      388 |       // Monitor performance during animations
        at /Users/peterhanssens/consulting/Leptos/leptos-motion/tests/e2e/comprehensive_e2e_test.spec.ts:385:18

    attachment #1: screenshot (image/png) ──────────────────────────────────────────────────────────
    test-results/tests-e2e-comprehensive_e2-3a598-ts-60-FPS-Performance-Check-chromium/test-failed-1.png
    ────────────────────────────────────────────────────────────────────────────────────────────────

    attachment #2: video (video/webm) ──────────────────────────────────────────────────────────────
    test-results/tests-e2e-comprehensive_e2-3a598-ts-60-FPS-Performance-Check-chromium/video.webm
    ────────────────────────────────────────────────────────────────────────────────────────────────
]]>
</failure>
<system-out>
<![CDATA[
[[ATTACHMENT|test-results/tests-e2e-comprehensive_e2-3a598-ts-60-FPS-Performance-Check-chromium/test-failed-1.png]]

[[ATTACHMENT|test-results/tests-e2e-comprehensive_e2-3a598-ts-60-FPS-Performance-Check-chromium/video.webm]]
]]>
</system-out>
</testcase>
<testcase name="Leptos Motion Library - Comprehensive E2E Tests › 9. Performance Tests › Memory Usage Check" classname="tests/e2e/comprehensive_e2e_test.spec.ts" time="0.19">
<failure message="comprehensive_e2e_test.spec.ts:411:9 Memory Usage Check" type="FAILURE">
<![CDATA[  [chromium] › tests/e2e/comprehensive_e2e_test.spec.ts:411:9 › Leptos Motion Library - Comprehensive E2E Tests › 9. Performance Tests › Memory Usage Check 

    Error: page.goto: net::ERR_CONNECTION_REFUSED at http://localhost:8086/
    Call log:
      - navigating to "http://localhost:8086/", waiting until "load"


      410 |
      411 |     test('Memory Usage Check', async ({ page }) => {
    > 412 |       await page.goto(DEMO_URLS.newSimple);
          |                  ^
      413 |       await waitForWasmInit(page);
      414 |
      415 |       // Check memory usage
        at /Users/peterhanssens/consulting/Leptos/leptos-motion/tests/e2e/comprehensive_e2e_test.spec.ts:412:18

    attachment #1: screenshot (image/png) ──────────────────────────────────────────────────────────
    test-results/tests-e2e-comprehensive_e2-2f51d-ce-Tests-Memory-Usage-Check-chromium/test-failed-1.png
    ────────────────────────────────────────────────────────────────────────────────────────────────

    attachment #2: video (video/webm) ──────────────────────────────────────────────────────────────
    test-results/tests-e2e-comprehensive_e2-2f51d-ce-Tests-Memory-Usage-Check-chromium/video.webm
    ────────────────────────────────────────────────────────────────────────────────────────────────
]]>
</failure>
<system-out>
<![CDATA[
[[ATTACHMENT|test-results/tests-e2e-comprehensive_e2-2f51d-ce-Tests-Memory-Usage-Check-chromium/test-failed-1.png]]

[[ATTACHMENT|test-results/tests-e2e-comprehensive_e2-2f51d-ce-Tests-Memory-Usage-Check-chromium/video.webm]]
]]>
</system-out>
</testcase>
<testcase name="Leptos Motion Library - Comprehensive E2E Tests › 9. Performance Tests › Load Time Performance" classname="tests/e2e/comprehensive_e2e_test.spec.ts" time="0.182">
<failure message="comprehensive_e2e_test.spec.ts:430:9 Load Time Performance" type="FAILURE">
<![CDATA[  [chromium] › tests/e2e/comprehensive_e2e_test.spec.ts:430:9 › Leptos Motion Library - Comprehensive E2E Tests › 9. Performance Tests › Load Time Performance 

    Error: page.goto: net::ERR_CONNECTION_REFUSED at http://localhost:8086/
    Call log:
      - navigating to "http://localhost:8086/", waiting until "load"


      430 |     test('Load Time Performance', async ({ page }) => {
      431 |       const startTime = Date.now();
    > 432 |       await page.goto(DEMO_URLS.newSimple);
          |                  ^
      433 |       await waitForWasmInit(page);
      434 |       const loadTime = Date.now() - startTime;
      435 |
        at /Users/peterhanssens/consulting/Leptos/leptos-motion/tests/e2e/comprehensive_e2e_test.spec.ts:432:18

    attachment #1: screenshot (image/png) ──────────────────────────────────────────────────────────
    test-results/tests-e2e-comprehensive_e2-b9f2a-Tests-Load-Time-Performance-chromium/test-failed-1.png
    ────────────────────────────────────────────────────────────────────────────────────────────────

    attachment #2: video (video/webm) ──────────────────────────────────────────────────────────────
    test-results/tests-e2e-comprehensive_e2-b9f2a-Tests-Load-Time-Performance-chromium/video.webm
    ────────────────────────────────────────────────────────────────────────────────────────────────
]]>
</failure>
<system-out>
<![CDATA[
[[ATTACHMENT|test-results/tests-e2e-comprehensive_e2-b9f2a-Tests-Load-Time-Performance-chromium/test-failed-1.png]]

[[ATTACHMENT|test-results/tests-e2e-comprehensive_e2-b9f2a-Tests-Load-Time-Performance-chromium/video.webm]]
]]>
</system-out>
</testcase>
<testcase name="Leptos Motion Library - Comprehensive E2E Tests › 10. Cross-Browser Compatibility › Chrome Compatibility" classname="tests/e2e/comprehensive_e2e_test.spec.ts" time="0.161">
<failure message="comprehensive_e2e_test.spec.ts:443:9 Chrome Compatibility" type="FAILURE">
<![CDATA[  [chromium] › tests/e2e/comprehensive_e2e_test.spec.ts:443:9 › Leptos Motion Library - Comprehensive E2E Tests › 10. Cross-Browser Compatibility › Chrome Compatibility 

    Error: page.goto: net::ERR_CONNECTION_REFUSED at http://localhost:8086/
    Call log:
      - navigating to "http://localhost:8086/", waiting until "load"


      442 |   test.describe('10. Cross-Browser Compatibility', () => {
      443 |     test('Chrome Compatibility', async ({ page }) => {
    > 444 |       await page.goto(DEMO_URLS.newSimple);
          |                  ^
      445 |       await waitForWasmInit(page);
      446 |
      447 |       const elements = page.locator('div');
        at /Users/peterhanssens/consulting/Leptos/leptos-motion/tests/e2e/comprehensive_e2e_test.spec.ts:444:18

    attachment #1: screenshot (image/png) ──────────────────────────────────────────────────────────
    test-results/tests-e2e-comprehensive_e2-8e094-bility-Chrome-Compatibility-chromium/test-failed-1.png
    ────────────────────────────────────────────────────────────────────────────────────────────────

    attachment #2: video (video/webm) ──────────────────────────────────────────────────────────────
    test-results/tests-e2e-comprehensive_e2-8e094-bility-Chrome-Compatibility-chromium/video.webm
    ────────────────────────────────────────────────────────────────────────────────────────────────
]]>
</failure>
<system-out>
<![CDATA[
[[ATTACHMENT|test-results/tests-e2e-comprehensive_e2-8e094-bility-Chrome-Compatibility-chromium/test-failed-1.png]]

[[ATTACHMENT|test-results/tests-e2e-comprehensive_e2-8e094-bility-Chrome-Compatibility-chromium/video.webm]]
]]>
</system-out>
</testcase>
<testcase name="Leptos Motion Library - Comprehensive E2E Tests › 11. Integration Tests › Leptos Signals Integration" classname="tests/e2e/comprehensive_e2e_test.spec.ts" time="0.164">
<failure message="comprehensive_e2e_test.spec.ts:455:9 Leptos Signals Integration" type="FAILURE">
<![CDATA[  [chromium] › tests/e2e/comprehensive_e2e_test.spec.ts:455:9 › Leptos Motion Library - Comprehensive E2E Tests › 11. Integration Tests › Leptos Signals Integration 

    Error: page.goto: net::ERR_CONNECTION_REFUSED at http://localhost:8086/
    Call log:
      - navigating to "http://localhost:8086/", waiting until "load"


      454 |   test.describe('11. Integration Tests', () => {
      455 |     test('Leptos Signals Integration', async ({ page }) => {
    > 456 |       await page.goto(DEMO_URLS.newSimple);
          |                  ^
      457 |       await waitForWasmInit(page);
      458 |
      459 |       // Test signal-based reactivity
        at /Users/peterhanssens/consulting/Leptos/leptos-motion/tests/e2e/comprehensive_e2e_test.spec.ts:456:18

    attachment #1: screenshot (image/png) ──────────────────────────────────────────────────────────
    test-results/tests-e2e-comprehensive_e2-ff647--Leptos-Signals-Integration-chromium/test-failed-1.png
    ────────────────────────────────────────────────────────────────────────────────────────────────

    attachment #2: video (video/webm) ──────────────────────────────────────────────────────────────
    test-results/tests-e2e-comprehensive_e2-ff647--Leptos-Signals-Integration-chromium/video.webm
    ────────────────────────────────────────────────────────────────────────────────────────────────
]]>
</failure>
<system-out>
<![CDATA[
[[ATTACHMENT|test-results/tests-e2e-comprehensive_e2-ff647--Leptos-Signals-Integration-chromium/test-failed-1.png]]

[[ATTACHMENT|test-results/tests-e2e-comprehensive_e2-ff647--Leptos-Signals-Integration-chromium/video.webm]]
]]>
</system-out>
</testcase>
<testcase name="Leptos Motion Library - Comprehensive E2E Tests › 11. Integration Tests › SSR Compatibility" classname="tests/e2e/comprehensive_e2e_test.spec.ts" time="0.168">
<failure message="comprehensive_e2e_test.spec.ts:473:9 SSR Compatibility" type="FAILURE">
<![CDATA[  [chromium] › tests/e2e/comprehensive_e2e_test.spec.ts:473:9 › Leptos Motion Library - Comprehensive E2E Tests › 11. Integration Tests › SSR Compatibility 

    Error: page.goto: net::ERR_CONNECTION_REFUSED at http://localhost:8086/
    Call log:
      - navigating to "http://localhost:8086/", waiting until "load"


      472 |
      473 |     test('SSR Compatibility', async ({ page }) => {
    > 474 |       await page.goto(DEMO_URLS.newSimple);
          |                  ^
      475 |       await waitForWasmInit(page);
      476 |
      477 |       // Check for hydration
        at /Users/peterhanssens/consulting/Leptos/leptos-motion/tests/e2e/comprehensive_e2e_test.spec.ts:474:18

    attachment #1: screenshot (image/png) ──────────────────────────────────────────────────────────
    test-results/tests-e2e-comprehensive_e2-13adb-ion-Tests-SSR-Compatibility-chromium/test-failed-1.png
    ────────────────────────────────────────────────────────────────────────────────────────────────

    attachment #2: video (video/webm) ──────────────────────────────────────────────────────────────
    test-results/tests-e2e-comprehensive_e2-13adb-ion-Tests-SSR-Compatibility-chromium/video.webm
    ────────────────────────────────────────────────────────────────────────────────────────────────
]]>
</failure>
<system-out>
<![CDATA[
[[ATTACHMENT|test-results/tests-e2e-comprehensive_e2-13adb-ion-Tests-SSR-Compatibility-chromium/test-failed-1.png]]

[[ATTACHMENT|test-results/tests-e2e-comprehensive_e2-13adb-ion-Tests-SSR-Compatibility-chromium/video.webm]]
]]>
</system-out>
</testcase>
<testcase name="Leptos Motion Library - Comprehensive E2E Tests › 11. Integration Tests › Error Handling" classname="tests/e2e/comprehensive_e2e_test.spec.ts" time="0.173">
<failure message="comprehensive_e2e_test.spec.ts:484:9 Error Handling" type="FAILURE">
<![CDATA[  [chromium] › tests/e2e/comprehensive_e2e_test.spec.ts:484:9 › Leptos Motion Library - Comprehensive E2E Tests › 11. Integration Tests › Error Handling 

    Error: page.goto: net::ERR_CONNECTION_REFUSED at http://localhost:8086/
    Call log:
      - navigating to "http://localhost:8086/", waiting until "load"


      483 |
      484 |     test('Error Handling', async ({ page }) => {
    > 485 |       await page.goto(DEMO_URLS.newSimple);
          |                  ^
      486 |       await waitForWasmInit(page);
      487 |
      488 |       // Check for console errors
        at /Users/peterhanssens/consulting/Leptos/leptos-motion/tests/e2e/comprehensive_e2e_test.spec.ts:485:18

    attachment #1: screenshot (image/png) ──────────────────────────────────────────────────────────
    test-results/tests-e2e-comprehensive_e2-86124-ration-Tests-Error-Handling-chromium/test-failed-1.png
    ────────────────────────────────────────────────────────────────────────────────────────────────

    attachment #2: video (video/webm) ──────────────────────────────────────────────────────────────
    test-results/tests-e2e-comprehensive_e2-86124-ration-Tests-Error-Handling-chromium/video.webm
    ────────────────────────────────────────────────────────────────────────────────────────────────
]]>
</failure>
<system-out>
<![CDATA[
[[ATTACHMENT|test-results/tests-e2e-comprehensive_e2-86124-ration-Tests-Error-Handling-chromium/test-failed-1.png]]

[[ATTACHMENT|test-results/tests-e2e-comprehensive_e2-86124-ration-Tests-Error-Handling-chromium/video.webm]]
]]>
</system-out>
</testcase>
<testcase name="Leptos Motion Library - Comprehensive E2E Tests › 12. Feature Parity Tests › Motion.dev Feature Comparison" classname="tests/e2e/comprehensive_e2e_test.spec.ts" time="0.18">
<failure message="comprehensive_e2e_test.spec.ts:509:9 Motion.dev Feature Comparison" type="FAILURE">
<![CDATA[  [chromium] › tests/e2e/comprehensive_e2e_test.spec.ts:509:9 › Leptos Motion Library - Comprehensive E2E Tests › 12. Feature Parity Tests › Motion.dev Feature Comparison 

    Error: page.goto: net::ERR_CONNECTION_REFUSED at http://localhost:8086/
    Call log:
      - navigating to "http://localhost:8086/", waiting until "load"


      508 |   test.describe('12. Feature Parity Tests', () => {
      509 |     test('Motion.dev Feature Comparison', async ({ page }) => {
    > 510 |       await page.goto(DEMO_URLS.newSimple);
          |                  ^
      511 |       await waitForWasmInit(page);
      512 |
      513 |       // Test key features that should match motion.dev capabilities
        at /Users/peterhanssens/consulting/Leptos/leptos-motion/tests/e2e/comprehensive_e2e_test.spec.ts:510:18

    attachment #1: screenshot (image/png) ──────────────────────────────────────────────────────────
    test-results/tests-e2e-comprehensive_e2-1107d-tion-dev-Feature-Comparison-chromium/test-failed-1.png
    ────────────────────────────────────────────────────────────────────────────────────────────────

    attachment #2: video (video/webm) ──────────────────────────────────────────────────────────────
    test-results/tests-e2e-comprehensive_e2-1107d-tion-dev-Feature-Comparison-chromium/video.webm
    ────────────────────────────────────────────────────────────────────────────────────────────────
]]>
</failure>
<system-out>
<![CDATA[
[[ATTACHMENT|test-results/tests-e2e-comprehensive_e2-1107d-tion-dev-Feature-Comparison-chromium/test-failed-1.png]]

[[ATTACHMENT|test-results/tests-e2e-comprehensive_e2-1107d-tion-dev-Feature-Comparison-chromium/video.webm]]
]]>
</system-out>
</testcase>
</testsuite>
<testsuite name="tests/e2e/fixed_demo_test.spec.ts" timestamp="2025-10-04T13:01:09.445Z" hostname="chromium" tests="2" failures="2" skipped="0" time="0.374" errors="0">
<testcase name="Fixed ReactiveMotionDiv Demo Test › should load and display the fixed demo correctly" classname="tests/e2e/fixed_demo_test.spec.ts" time="0.174">
<failure message="fixed_demo_test.spec.ts:4:7 should load and display the fixed demo correctly" type="FAILURE">
<![CDATA[  [chromium] › tests/e2e/fixed_demo_test.spec.ts:4:7 › Fixed ReactiveMotionDiv Demo Test › should load and display the fixed demo correctly 

    Error: page.goto: net::ERR_CONNECTION_REFUSED at http://localhost:8080/simple.html
    Call log:
      - navigating to "http://localhost:8080/simple.html", waiting until "load"


       9 |
      10 |     // Go to the simple demo
    > 11 |     await page.goto('http://localhost:8080/simple.html');
         |                ^
      12 |
      13 |     // Wait for the page to load
      14 |     await page.waitForLoadState('networkidle');
        at /Users/peterhanssens/consulting/Leptos/leptos-motion/tests/e2e/fixed_demo_test.spec.ts:11:16

    attachment #1: screenshot (image/png) ──────────────────────────────────────────────────────────
    test-results/tests-e2e-fixed_demo_test--62538-ay-the-fixed-demo-correctly-chromium/test-failed-1.png
    ────────────────────────────────────────────────────────────────────────────────────────────────

    attachment #2: video (video/webm) ──────────────────────────────────────────────────────────────
    test-results/tests-e2e-fixed_demo_test--62538-ay-the-fixed-demo-correctly-chromium/video.webm
    ────────────────────────────────────────────────────────────────────────────────────────────────
]]>
</failure>
<system-out>
<![CDATA[
[[ATTACHMENT|test-results/tests-e2e-fixed_demo_test--62538-ay-the-fixed-demo-correctly-chromium/test-failed-1.png]]

[[ATTACHMENT|test-results/tests-e2e-fixed_demo_test--62538-ay-the-fixed-demo-correctly-chromium/video.webm]]
]]>
</system-out>
</testcase>
<testcase name="Fixed ReactiveMotionDiv Demo Test › should handle button clicks with fixed component" classname="tests/e2e/fixed_demo_test.spec.ts" time="0.2">
<failure message="fixed_demo_test.spec.ts:42:7 should handle button clicks with fixed component" type="FAILURE">
<![CDATA[  [chromium] › tests/e2e/fixed_demo_test.spec.ts:42:7 › Fixed ReactiveMotionDiv Demo Test › should handle button clicks with fixed component 

    Error: page.goto: net::ERR_CONNECTION_REFUSED at http://localhost:8080/simple.html
    Call log:
      - navigating to "http://localhost:8080/simple.html", waiting until "load"


      45 |     });
      46 |
    > 47 |     await page.goto('http://localhost:8080/simple.html');
         |                ^
      48 |     await page.waitForLoadState('networkidle');
      49 |     await page.waitForTimeout(2000);
      50 |
        at /Users/peterhanssens/consulting/Leptos/leptos-motion/tests/e2e/fixed_demo_test.spec.ts:47:16

    attachment #1: screenshot (image/png) ──────────────────────────────────────────────────────────
    test-results/tests-e2e-fixed_demo_test--d4f09-clicks-with-fixed-component-chromium/test-failed-1.png
    ────────────────────────────────────────────────────────────────────────────────────────────────

    attachment #2: video (video/webm) ──────────────────────────────────────────────────────────────
    test-results/tests-e2e-fixed_demo_test--d4f09-clicks-with-fixed-component-chromium/video.webm
    ────────────────────────────────────────────────────────────────────────────────────────────────
]]>
</failure>
<system-out>
<![CDATA[
[[ATTACHMENT|test-results/tests-e2e-fixed_demo_test--d4f09-clicks-with-fixed-component-chromium/test-failed-1.png]]

[[ATTACHMENT|test-results/tests-e2e-fixed_demo_test--d4f09-clicks-with-fixed-component-chromium/video.webm]]
]]>
</system-out>
</testcase>
</testsuite>
<testsuite name="tests/e2e/memoization_test.spec.ts" timestamp="2025-10-04T13:01:09.445Z" hostname="chromium" tests="1" failures="1" skipped="0" time="0.198" errors="0">
<testcase name="Memoization Test › should load and display the memoization test correctly" classname="tests/e2e/memoization_test.spec.ts" time="0.198">
<failure message="memoization_test.spec.ts:4:7 should load and display the memoization test correctly" type="FAILURE">
<![CDATA[  [chromium] › tests/e2e/memoization_test.spec.ts:4:7 › Memoization Test › should load and display the memoization test correctly 

    Error: page.goto: net::ERR_CONNECTION_REFUSED at http://localhost:8080/simple.html
    Call log:
      - navigating to "http://localhost:8080/simple.html", waiting until "load"


      4 |   test('should load and display the memoization test correctly', async ({ page }) => {
      5 |     // Navigate to the demo page
    > 6 |     await page.goto('http://localhost:8080/simple.html');
        |                ^
      7 |
      8 |     // Wait for the WASM module to load and initialize
      9 |     await page.waitForTimeout(3000);
        at /Users/peterhanssens/consulting/Leptos/leptos-motion/tests/e2e/memoization_test.spec.ts:6:16

    attachment #1: screenshot (image/png) ──────────────────────────────────────────────────────────
    test-results/tests-e2e-memoization_test-a3e28--memoization-test-correctly-chromium/test-failed-1.png
    ────────────────────────────────────────────────────────────────────────────────────────────────

    attachment #2: video (video/webm) ──────────────────────────────────────────────────────────────
    test-results/tests-e2e-memoization_test-a3e28--memoization-test-correctly-chromium/video.webm
    ────────────────────────────────────────────────────────────────────────────────────────────────
]]>
</failure>
<system-out>
<![CDATA[
[[ATTACHMENT|test-results/tests-e2e-memoization_test-a3e28--memoization-test-correctly-chromium/test-failed-1.png]]

[[ATTACHMENT|test-results/tests-e2e-memoization_test-a3e28--memoization-test-correctly-chromium/video.webm]]
]]>
</system-out>
</testcase>
</testsuite>
<testsuite name="tests/e2e/minimal_test.spec.ts" timestamp="2025-10-04T13:01:09.445Z" hostname="chromium" tests="1" failures="1" skipped="0" time="0.194" errors="0">
<testcase name="Minimal Test Demo › should load and display the minimal demo correctly" classname="tests/e2e/minimal_test.spec.ts" time="0.194">
<failure message="minimal_test.spec.ts:4:7 should load and display the minimal demo correctly" type="FAILURE">
<![CDATA[  [chromium] › tests/e2e/minimal_test.spec.ts:4:7 › Minimal Test Demo › should load and display the minimal demo correctly 

    Error: page.goto: net::ERR_CONNECTION_REFUSED at http://localhost:8080/simple.html
    Call log:
      - navigating to "http://localhost:8080/simple.html", waiting until "load"


       9 |
      10 |     // Go to the simple demo
    > 11 |     await page.goto('http://localhost:8080/simple.html');
         |                ^
      12 |
      13 |     // Wait for the page to load
      14 |     await page.waitForLoadState('networkidle');
        at /Users/peterhanssens/consulting/Leptos/leptos-motion/tests/e2e/minimal_test.spec.ts:11:16

    attachment #1: screenshot (image/png) ──────────────────────────────────────────────────────────
    test-results/tests-e2e-minimal_test-Min-1882e--the-minimal-demo-correctly-chromium/test-failed-1.png
    ────────────────────────────────────────────────────────────────────────────────────────────────

    attachment #2: video (video/webm) ──────────────────────────────────────────────────────────────
    test-results/tests-e2e-minimal_test-Min-1882e--the-minimal-demo-correctly-chromium/video.webm
    ────────────────────────────────────────────────────────────────────────────────────────────────
]]>
</failure>
<system-out>
<![CDATA[
[[ATTACHMENT|test-results/tests-e2e-minimal_test-Min-1882e--the-minimal-demo-correctly-chromium/test-failed-1.png]]

[[ATTACHMENT|test-results/tests-e2e-minimal_test-Min-1882e--the-minimal-demo-correctly-chromium/video.webm]]
]]>
</system-out>
</testcase>
</testsuite>
<testsuite name="tests/e2e/phase4a_demo_test.spec.ts" timestamp="2025-10-04T13:01:09.445Z" hostname="chromium" tests="4" failures="4" skipped="0" time="0.733" errors="0">
<testcase name="Phase 4A Function-based Props Demo › should load and display the Phase 4A demo correctly" classname="tests/e2e/phase4a_demo_test.spec.ts" time="0.168">
<failure message="phase4a_demo_test.spec.ts:4:7 should load and display the Phase 4A demo correctly" type="FAILURE">
<![CDATA[  [chromium] › tests/e2e/phase4a_demo_test.spec.ts:4:7 › Phase 4A Function-based Props Demo › should load and display the Phase 4A demo correctly 

    Error: page.goto: net::ERR_CONNECTION_REFUSED at http://localhost:8080/simple.html
    Call log:
      - navigating to "http://localhost:8080/simple.html", waiting until "load"


       9 |
      10 |     // Go to the simple demo
    > 11 |     await page.goto('http://localhost:8080/simple.html');
         |                ^
      12 |
      13 |     // Wait for the page to load
      14 |     await page.waitForLoadState('networkidle');
        at /Users/peterhanssens/consulting/Leptos/leptos-motion/tests/e2e/phase4a_demo_test.spec.ts:11:16

    attachment #1: screenshot (image/png) ──────────────────────────────────────────────────────────
    test-results/tests-e2e-phase4a_demo_tes-1fb2c-the-Phase-4A-demo-correctly-chromium/test-failed-1.png
    ────────────────────────────────────────────────────────────────────────────────────────────────

    attachment #2: video (video/webm) ──────────────────────────────────────────────────────────────
    test-results/tests-e2e-phase4a_demo_tes-1fb2c-the-Phase-4A-demo-correctly-chromium/video.webm
    ────────────────────────────────────────────────────────────────────────────────────────────────
]]>
</failure>
<system-out>
<![CDATA[
[[ATTACHMENT|test-results/tests-e2e-phase4a_demo_tes-1fb2c-the-Phase-4A-demo-correctly-chromium/test-failed-1.png]]

[[ATTACHMENT|test-results/tests-e2e-phase4a_demo_tes-1fb2c-the-Phase-4A-demo-correctly-chromium/video.webm]]
]]>
</system-out>
</testcase>
<testcase name="Phase 4A Function-based Props Demo › should handle counter button clicks" classname="tests/e2e/phase4a_demo_test.spec.ts" time="0.164">
<failure message="phase4a_demo_test.spec.ts:33:7 should handle counter button clicks" type="FAILURE">
<![CDATA[  [chromium] › tests/e2e/phase4a_demo_test.spec.ts:33:7 › Phase 4A Function-based Props Demo › should handle counter button clicks 

    Error: page.goto: net::ERR_CONNECTION_REFUSED at http://localhost:8080/simple.html
    Call log:
      - navigating to "http://localhost:8080/simple.html", waiting until "load"


      38 |
      39 |     // Go to the simple demo
    > 40 |     await page.goto('http://localhost:8080/simple.html');
         |                ^
      41 |
      42 |     // Wait for the page to load
      43 |     await page.waitForLoadState('networkidle');
        at /Users/peterhanssens/consulting/Leptos/leptos-motion/tests/e2e/phase4a_demo_test.spec.ts:40:16

    attachment #1: screenshot (image/png) ──────────────────────────────────────────────────────────
    test-results/tests-e2e-phase4a_demo_tes-5f292-andle-counter-button-clicks-chromium/test-failed-1.png
    ────────────────────────────────────────────────────────────────────────────────────────────────

    attachment #2: video (video/webm) ──────────────────────────────────────────────────────────────
    test-results/tests-e2e-phase4a_demo_tes-5f292-andle-counter-button-clicks-chromium/video.webm
    ────────────────────────────────────────────────────────────────────────────────────────────────
]]>
</failure>
<system-out>
<![CDATA[
[[ATTACHMENT|test-results/tests-e2e-phase4a_demo_tes-5f292-andle-counter-button-clicks-chromium/test-failed-1.png]]

[[ATTACHMENT|test-results/tests-e2e-phase4a_demo_tes-5f292-andle-counter-button-clicks-chromium/video.webm]]
]]>
</system-out>
</testcase>
<testcase name="Phase 4A Function-based Props Demo › should handle hover interactions" classname="tests/e2e/phase4a_demo_test.spec.ts" time="0.198">
<failure message="phase4a_demo_test.spec.ts:60:7 should handle hover interactions" type="FAILURE">
<![CDATA[  [chromium] › tests/e2e/phase4a_demo_test.spec.ts:60:7 › Phase 4A Function-based Props Demo › should handle hover interactions 

    Error: page.goto: net::ERR_CONNECTION_REFUSED at http://localhost:8080/simple.html
    Call log:
      - navigating to "http://localhost:8080/simple.html", waiting until "load"


      65 |
      66 |     // Go to the simple demo
    > 67 |     await page.goto('http://localhost:8080/simple.html');
         |                ^
      68 |
      69 |     // Wait for the page to load
      70 |     await page.waitForLoadState('networkidle');
        at /Users/peterhanssens/consulting/Leptos/leptos-motion/tests/e2e/phase4a_demo_test.spec.ts:67:16

    attachment #1: screenshot (image/png) ──────────────────────────────────────────────────────────
    test-results/tests-e2e-phase4a_demo_tes-5c6a6-d-handle-hover-interactions-chromium/test-failed-1.png
    ────────────────────────────────────────────────────────────────────────────────────────────────

    attachment #2: video (video/webm) ──────────────────────────────────────────────────────────────
    test-results/tests-e2e-phase4a_demo_tes-5c6a6-d-handle-hover-interactions-chromium/video.webm
    ────────────────────────────────────────────────────────────────────────────────────────────────
]]>
</failure>
<system-out>
<![CDATA[
[[ATTACHMENT|test-results/tests-e2e-phase4a_demo_tes-5c6a6-d-handle-hover-interactions-chromium/test-failed-1.png]]

[[ATTACHMENT|test-results/tests-e2e-phase4a_demo_tes-5c6a6-d-handle-hover-interactions-chromium/video.webm]]
]]>
</system-out>
</testcase>
<testcase name="Phase 4A Function-based Props Demo › should handle tap interactions" classname="tests/e2e/phase4a_demo_test.spec.ts" time="0.203">
<failure message="phase4a_demo_test.spec.ts:90:7 should handle tap interactions" type="FAILURE">
<![CDATA[  [chromium] › tests/e2e/phase4a_demo_test.spec.ts:90:7 › Phase 4A Function-based Props Demo › should handle tap interactions 

    Error: page.goto: net::ERR_CONNECTION_REFUSED at http://localhost:8080/simple.html
    Call log:
      - navigating to "http://localhost:8080/simple.html", waiting until "load"


       95 |
       96 |     // Go to the simple demo
    >  97 |     await page.goto('http://localhost:8080/simple.html');
          |                ^
       98 |
       99 |     // Wait for the page to load
      100 |     await page.waitForLoadState('networkidle');
        at /Users/peterhanssens/consulting/Leptos/leptos-motion/tests/e2e/phase4a_demo_test.spec.ts:97:16

    attachment #1: screenshot (image/png) ──────────────────────────────────────────────────────────
    test-results/tests-e2e-phase4a_demo_tes-327bb-uld-handle-tap-interactions-chromium/test-failed-1.png
    ────────────────────────────────────────────────────────────────────────────────────────────────

    attachment #2: video (video/webm) ──────────────────────────────────────────────────────────────
    test-results/tests-e2e-phase4a_demo_tes-327bb-uld-handle-tap-interactions-chromium/video.webm
    ────────────────────────────────────────────────────────────────────────────────────────────────
]]>
</failure>
<system-out>
<![CDATA[
[[ATTACHMENT|test-results/tests-e2e-phase4a_demo_tes-327bb-uld-handle-tap-interactions-chromium/test-failed-1.png]]

[[ATTACHMENT|test-results/tests-e2e-phase4a_demo_tes-327bb-uld-handle-tap-interactions-chromium/video.webm]]
]]>
</system-out>
</testcase>
</testsuite>
<testsuite name="tests/e2e/simple_demo_test.spec.ts" timestamp="2025-10-04T13:01:09.445Z" hostname="chromium" tests="2" failures="2" skipped="0" time="0.416" errors="0">
<testcase name="Simple TDD Demo Test › should load and display the demo correctly" classname="tests/e2e/simple_demo_test.spec.ts" time="0.198">
<failure message="simple_demo_test.spec.ts:4:7 should load and display the demo correctly" type="FAILURE">
<![CDATA[  [chromium] › tests/e2e/simple_demo_test.spec.ts:4:7 › Simple TDD Demo Test › should load and display the demo correctly 

    Error: page.goto: net::ERR_CONNECTION_REFUSED at http://localhost:8080/simple.html
    Call log:
      - navigating to "http://localhost:8080/simple.html", waiting until "load"


       9 |
      10 |     // Go to the simple demo
    > 11 |     await page.goto('http://localhost:8080/simple.html');
         |                ^
      12 |
      13 |     // Wait for the page to load
      14 |     await page.waitForLoadState('networkidle');
        at /Users/peterhanssens/consulting/Leptos/leptos-motion/tests/e2e/simple_demo_test.spec.ts:11:16

    attachment #1: screenshot (image/png) ──────────────────────────────────────────────────────────
    test-results/tests-e2e-simple_demo_test-ed27a--display-the-demo-correctly-chromium/test-failed-1.png
    ────────────────────────────────────────────────────────────────────────────────────────────────

    attachment #2: video (video/webm) ──────────────────────────────────────────────────────────────
    test-results/tests-e2e-simple_demo_test-ed27a--display-the-demo-correctly-chromium/video.webm
    ────────────────────────────────────────────────────────────────────────────────────────────────
]]>
</failure>
<system-out>
<![CDATA[
[[ATTACHMENT|test-results/tests-e2e-simple_demo_test-ed27a--display-the-demo-correctly-chromium/test-failed-1.png]]

[[ATTACHMENT|test-results/tests-e2e-simple_demo_test-ed27a--display-the-demo-correctly-chromium/video.webm]]
]]>
</system-out>
</testcase>
<testcase name="Simple TDD Demo Test › should handle button clicks" classname="tests/e2e/simple_demo_test.spec.ts" time="0.218">
<failure message="simple_demo_test.spec.ts:42:7 should handle button clicks" type="FAILURE">
<![CDATA[  [chromium] › tests/e2e/simple_demo_test.spec.ts:42:7 › Simple TDD Demo Test › should handle button clicks 

    Error: page.goto: net::ERR_CONNECTION_REFUSED at http://localhost:8080/simple.html
    Call log:
      - navigating to "http://localhost:8080/simple.html", waiting until "load"


      45 |     });
      46 |
    > 47 |     await page.goto('http://localhost:8080/simple.html');
         |                ^
      48 |     await page.waitForLoadState('networkidle');
      49 |     await page.waitForTimeout(2000);
      50 |
        at /Users/peterhanssens/consulting/Leptos/leptos-motion/tests/e2e/simple_demo_test.spec.ts:47:16

    attachment #1: screenshot (image/png) ──────────────────────────────────────────────────────────
    test-results/tests-e2e-simple_demo_test-d2325-should-handle-button-clicks-chromium/test-failed-1.png
    ────────────────────────────────────────────────────────────────────────────────────────────────

    attachment #2: video (video/webm) ──────────────────────────────────────────────────────────────
    test-results/tests-e2e-simple_demo_test-d2325-should-handle-button-clicks-chromium/video.webm
    ────────────────────────────────────────────────────────────────────────────────────────────────
]]>
</failure>
<system-out>
<![CDATA[
[[ATTACHMENT|test-results/tests-e2e-simple_demo_test-d2325-should-handle-button-clicks-chromium/test-failed-1.png]]

[[ATTACHMENT|test-results/tests-e2e-simple_demo_test-d2325-should-handle-button-clicks-chromium/video.webm]]
]]>
</system-out>
</testcase>
</testsuite>
<testsuite name="tests/e2e/simple_phase4a_test.spec.ts" timestamp="2025-10-04T13:01:09.445Z" hostname="chromium" tests="1" failures="1" skipped="0" time="0.221" errors="0">
<testcase name="Simple Phase 4A Test › should load and display the simple test correctly" classname="tests/e2e/simple_phase4a_test.spec.ts" time="0.221">
<failure message="simple_phase4a_test.spec.ts:4:7 should load and display the simple test correctly" type="FAILURE">
<![CDATA[  [chromium] › tests/e2e/simple_phase4a_test.spec.ts:4:7 › Simple Phase 4A Test › should load and display the simple test correctly 

    Error: page.goto: net::ERR_CONNECTION_REFUSED at http://localhost:8080/simple.html
    Call log:
      - navigating to "http://localhost:8080/simple.html", waiting until "load"


       9 |
      10 |     // Go to the simple demo
    > 11 |     await page.goto('http://localhost:8080/simple.html');
         |                ^
      12 |
      13 |     // Wait for the page to load
      14 |     await page.waitForLoadState('networkidle');
        at /Users/peterhanssens/consulting/Leptos/leptos-motion/tests/e2e/simple_phase4a_test.spec.ts:11:16

    attachment #1: screenshot (image/png) ──────────────────────────────────────────────────────────
    test-results/tests-e2e-simple_phase4a_t-a9e24-y-the-simple-test-correctly-chromium/test-failed-1.png
    ────────────────────────────────────────────────────────────────────────────────────────────────

    attachment #2: video (video/webm) ──────────────────────────────────────────────────────────────
    test-results/tests-e2e-simple_phase4a_t-a9e24-y-the-simple-test-correctly-chromium/video.webm
    ────────────────────────────────────────────────────────────────────────────────────────────────
]]>
</failure>
<system-out>
<![CDATA[
[[ATTACHMENT|test-results/tests-e2e-simple_phase4a_t-a9e24-y-the-simple-test-correctly-chromium/test-failed-1.png]]

[[ATTACHMENT|test-results/tests-e2e-simple_phase4a_t-a9e24-y-the-simple-test-correctly-chromium/video.webm]]
]]>
</system-out>
</testcase>
</testsuite>
<testsuite name="tests/e2e/tdd_demo_test.spec.ts" timestamp="2025-10-04T13:01:09.445Z" hostname="chromium" tests="13" failures="13" skipped="0" time="2.59" errors="0">
<testcase name="TDD Reactive Animation Demo › should load the demo page successfully" classname="tests/e2e/tdd_demo_test.spec.ts" time="0.172">
<failure message="tdd_demo_test.spec.ts:24:7 should load the demo page successfully" type="FAILURE">
<![CDATA[  [chromium] › tests/e2e/tdd_demo_test.spec.ts:24:7 › TDD Reactive Animation Demo › should load the demo page successfully 

    Error: page.goto: net::ERR_CONNECTION_REFUSED at http://localhost:8080/index.html
    Call log:
      - navigating to "http://localhost:8080/index.html", waiting until "load"


      23 |
      24 |   test('should load the demo page successfully', async () => {
    > 25 |     await page.goto('http://localhost:8080/index.html');
         |                ^
      26 |
      27 |     // Wait for the page to load
      28 |     await page.waitForLoadState('networkidle');
        at /Users/peterhanssens/consulting/Leptos/leptos-motion/tests/e2e/tdd_demo_test.spec.ts:25:16

    attachment #1: screenshot (image/png) ──────────────────────────────────────────────────────────
    test-results/tests-e2e-tdd_demo_test-TD-fcef4--the-demo-page-successfully-chromium/test-failed-1.png
    ────────────────────────────────────────────────────────────────────────────────────────────────
]]>
</failure>
<system-out>
<![CDATA[
[[ATTACHMENT|test-results/tests-e2e-tdd_demo_test-TD-fcef4--the-demo-page-successfully-chromium/test-failed-1.png]]
]]>
</system-out>
</testcase>
<testcase name="TDD Reactive Animation Demo › should load WASM module and initialize demo" classname="tests/e2e/tdd_demo_test.spec.ts" time="0.176">
<failure message="tdd_demo_test.spec.ts:37:7 should load WASM module and initialize demo" type="FAILURE">
<![CDATA[  [chromium] › tests/e2e/tdd_demo_test.spec.ts:37:7 › TDD Reactive Animation Demo › should load WASM module and initialize demo 

    Error: page.goto: net::ERR_CONNECTION_REFUSED at http://localhost:8080/index.html
    Call log:
      - navigating to "http://localhost:8080/index.html", waiting until "load"


      36 |
      37 |   test('should load WASM module and initialize demo', async () => {
    > 38 |     await page.goto('http://localhost:8080/index.html');
         |                ^
      39 |
      40 |     // Wait for the demo to initialize
      41 |     await page.waitForTimeout(3000);
        at /Users/peterhanssens/consulting/Leptos/leptos-motion/tests/e2e/tdd_demo_test.spec.ts:38:16

    attachment #1: screenshot (image/png) ──────────────────────────────────────────────────────────
    test-results/tests-e2e-tdd_demo_test-TD-5ce36--module-and-initialize-demo-chromium/test-failed-1.png
    ────────────────────────────────────────────────────────────────────────────────────────────────
]]>
</failure>
<system-out>
<![CDATA[
[[ATTACHMENT|test-results/tests-e2e-tdd_demo_test-TD-5ce36--module-and-initialize-demo-chromium/test-failed-1.png]]
]]>
</system-out>
</testcase>
<testcase name="TDD Reactive Animation Demo › should display console output" classname="tests/e2e/tdd_demo_test.spec.ts" time="0.163">
<failure message="tdd_demo_test.spec.ts:53:7 should display console output" type="FAILURE">
<![CDATA[  [chromium] › tests/e2e/tdd_demo_test.spec.ts:53:7 › TDD Reactive Animation Demo › should display console output 

    Error: page.goto: net::ERR_CONNECTION_REFUSED at http://localhost:8080/index.html
    Call log:
      - navigating to "http://localhost:8080/index.html", waiting until "load"


      52 |
      53 |   test('should display console output', async () => {
    > 54 |     await page.goto('http://localhost:8080/index.html');
         |                ^
      55 |
      56 |     // Wait for initialization
      57 |     await page.waitForTimeout(3000);
        at /Users/peterhanssens/consulting/Leptos/leptos-motion/tests/e2e/tdd_demo_test.spec.ts:54:16

    attachment #1: screenshot (image/png) ──────────────────────────────────────────────────────────
    test-results/tests-e2e-tdd_demo_test-TD-2967d-ould-display-console-output-chromium/test-failed-1.png
    ────────────────────────────────────────────────────────────────────────────────────────────────
]]>
</failure>
<system-out>
<![CDATA[
[[ATTACHMENT|test-results/tests-e2e-tdd_demo_test-TD-2967d-ould-display-console-output-chromium/test-failed-1.png]]
]]>
</system-out>
</testcase>
<testcase name="TDD Reactive Animation Demo › should display TDD implementation features" classname="tests/e2e/tdd_demo_test.spec.ts" time="0.167">
<failure message="tdd_demo_test.spec.ts:72:7 should display TDD implementation features" type="FAILURE">
<![CDATA[  [chromium] › tests/e2e/tdd_demo_test.spec.ts:72:7 › TDD Reactive Animation Demo › should display TDD implementation features 

    Error: page.goto: net::ERR_CONNECTION_REFUSED at http://localhost:8080/index.html
    Call log:
      - navigating to "http://localhost:8080/index.html", waiting until "load"


      71 |
      72 |   test('should display TDD implementation features', async () => {
    > 73 |     await page.goto('http://localhost:8080/index.html');
         |                ^
      74 |
      75 |     // Wait for demo to load
      76 |     await page.waitForTimeout(3000);
        at /Users/peterhanssens/consulting/Leptos/leptos-motion/tests/e2e/tdd_demo_test.spec.ts:73:16

    attachment #1: screenshot (image/png) ──────────────────────────────────────────────────────────
    test-results/tests-e2e-tdd_demo_test-TD-bd478-TDD-implementation-features-chromium/test-failed-1.png
    ────────────────────────────────────────────────────────────────────────────────────────────────
]]>
</failure>
<system-out>
<![CDATA[
[[ATTACHMENT|test-results/tests-e2e-tdd_demo_test-TD-bd478-TDD-implementation-features-chromium/test-failed-1.png]]
]]>
</system-out>
</testcase>
<testcase name="TDD Reactive Animation Demo › should handle demo loading errors gracefully" classname="tests/e2e/tdd_demo_test.spec.ts" time="0.18">
<failure message="tdd_demo_test.spec.ts:91:7 should handle demo loading errors gracefully" type="FAILURE">
<![CDATA[  [chromium] › tests/e2e/tdd_demo_test.spec.ts:91:7 › TDD Reactive Animation Demo › should handle demo loading errors gracefully 

    Error: page.goto: net::ERR_CONNECTION_REFUSED at http://localhost:8080/nonexistent.html
    Call log:
      - navigating to "http://localhost:8080/nonexistent.html", waiting until "load"


      91 |   test('should handle demo loading errors gracefully', async () => {
      92 |     // Test with a non-existent page
    > 93 |     await page.goto('http://localhost:8080/nonexistent.html');
         |                ^
      94 |
      95 |     // Should not crash
      96 |     await page.waitForTimeout(1000);
        at /Users/peterhanssens/consulting/Leptos/leptos-motion/tests/e2e/tdd_demo_test.spec.ts:93:16

    attachment #1: screenshot (image/png) ──────────────────────────────────────────────────────────
    test-results/tests-e2e-tdd_demo_test-TD-f9637-o-loading-errors-gracefully-chromium/test-failed-1.png
    ────────────────────────────────────────────────────────────────────────────────────────────────
]]>
</failure>
<system-out>
<![CDATA[
[[ATTACHMENT|test-results/tests-e2e-tdd_demo_test-TD-f9637-o-loading-errors-gracefully-chromium/test-failed-1.png]]
]]>
</system-out>
</testcase>
<testcase name="TDD Reactive Animation Demo › should validate WASM files are accessible" classname="tests/e2e/tdd_demo_test.spec.ts" time="0.421">
<failure message="tdd_demo_test.spec.ts:106:7 should validate WASM files are accessible" type="FAILURE">
<![CDATA[  [chromium] › tests/e2e/tdd_demo_test.spec.ts:106:7 › TDD Reactive Animation Demo › should validate WASM files are accessible 

    Error: apiRequestContext.get: connect ECONNREFUSED ::1:8080
    Call log:
      - → GET http://localhost:8080/pkg/comprehensive_demo_bg.wasm
        - user-agent: Mozilla/5.0 (Windows NT 10.0; Win64; x64) AppleWebKit/537.36 (KHTML, like Gecko) Chrome/140.0.7339.186 Safari/537.36
        - accept: */*
        - accept-encoding: gzip,deflate,br

        at apiRequestContext.get: connect ECONNREFUSED ::1:8080
        at /Users/peterhanssens/consulting/Leptos/leptos-motion/tests/e2e/tdd_demo_test.spec.ts:108:45

    attachment #1: screenshot (image/png) ──────────────────────────────────────────────────────────
    test-results/tests-e2e-tdd_demo_test-TD-de7e4-e-WASM-files-are-accessible-chromium/test-failed-1.png
    ────────────────────────────────────────────────────────────────────────────────────────────────
]]>
</failure>
<system-out>
<![CDATA[
[[ATTACHMENT|test-results/tests-e2e-tdd_demo_test-TD-de7e4-e-WASM-files-are-accessible-chromium/test-failed-1.png]]
]]>
</system-out>
</testcase>
<testcase name="TDD Reactive Animation Demo › should test the test suite page" classname="tests/e2e/tdd_demo_test.spec.ts" time="0.234">
<failure message="tdd_demo_test.spec.ts:120:7 should test the test suite page" type="FAILURE">
<![CDATA[  [chromium] › tests/e2e/tdd_demo_test.spec.ts:120:7 › TDD Reactive Animation Demo › should test the test suite page 

    Error: page.goto: net::ERR_CONNECTION_REFUSED at http://localhost:8080/test_demo.html
    Call log:
      - navigating to "http://localhost:8080/test_demo.html", waiting until "load"


      119 |
      120 |   test('should test the test suite page', async () => {
    > 121 |     await page.goto('http://localhost:8080/test_demo.html');
          |                ^
      122 |
      123 |     // Wait for page to load
      124 |     await page.waitForLoadState('networkidle');
        at /Users/peterhanssens/consulting/Leptos/leptos-motion/tests/e2e/tdd_demo_test.spec.ts:121:16

    attachment #1: screenshot (image/png) ──────────────────────────────────────────────────────────
    test-results/tests-e2e-tdd_demo_test-TD-58a16-ld-test-the-test-suite-page-chromium/test-failed-1.png
    ────────────────────────────────────────────────────────────────────────────────────────────────
]]>
</failure>
<system-out>
<![CDATA[
[[ATTACHMENT|test-results/tests-e2e-tdd_demo_test-TD-58a16-ld-test-the-test-suite-page-chromium/test-failed-1.png]]
]]>
</system-out>
</testcase>
<testcase name="TDD Reactive Animation Demo › should run manual tests via test suite" classname="tests/e2e/tdd_demo_test.spec.ts" time="0.178">
<failure message="tdd_demo_test.spec.ts:143:7 should run manual tests via test suite" type="FAILURE">
<![CDATA[  [chromium] › tests/e2e/tdd_demo_test.spec.ts:143:7 › TDD Reactive Animation Demo › should run manual tests via test suite 

    Error: page.goto: net::ERR_CONNECTION_REFUSED at http://localhost:8080/test_demo.html
    Call log:
      - navigating to "http://localhost:8080/test_demo.html", waiting until "load"


      142 |
      143 |   test('should run manual tests via test suite', async () => {
    > 144 |     await page.goto('http://localhost:8080/test_demo.html');
          |                ^
      145 |
      146 |     // Wait for page to load
      147 |     await page.waitForLoadState('networkidle');
        at /Users/peterhanssens/consulting/Leptos/leptos-motion/tests/e2e/tdd_demo_test.spec.ts:144:16

    attachment #1: screenshot (image/png) ──────────────────────────────────────────────────────────
    test-results/tests-e2e-tdd_demo_test-TD-91f8b-manual-tests-via-test-suite-chromium/test-failed-1.png
    ────────────────────────────────────────────────────────────────────────────────────────────────
]]>
</failure>
<system-out>
<![CDATA[
[[ATTACHMENT|test-results/tests-e2e-tdd_demo_test-TD-91f8b-manual-tests-via-test-suite-chromium/test-failed-1.png]]
]]>
</system-out>
</testcase>
<testcase name="TDD Reactive Animation Demo › should validate TDD implementation components" classname="tests/e2e/tdd_demo_test.spec.ts" time="0.147">
<failure message="tdd_demo_test.spec.ts:169:7 should validate TDD implementation components" type="FAILURE">
<![CDATA[  [chromium] › tests/e2e/tdd_demo_test.spec.ts:169:7 › TDD Reactive Animation Demo › should validate TDD implementation components 

    Error: page.goto: net::ERR_CONNECTION_REFUSED at http://localhost:8080/test_demo.html
    Call log:
      - navigating to "http://localhost:8080/test_demo.html", waiting until "load"


      168 |
      169 |   test('should validate TDD implementation components', async () => {
    > 170 |     await page.goto('http://localhost:8080/test_demo.html');
          |                ^
      171 |
      172 |     // Wait for page to load
      173 |     await page.waitForLoadState('networkidle');
        at /Users/peterhanssens/consulting/Leptos/leptos-motion/tests/e2e/tdd_demo_test.spec.ts:170:16

    attachment #1: screenshot (image/png) ──────────────────────────────────────────────────────────
    test-results/tests-e2e-tdd_demo_test-TD-a217c-D-implementation-components-chromium/test-failed-1.png
    ────────────────────────────────────────────────────────────────────────────────────────────────
]]>
</failure>
<system-out>
<![CDATA[
[[ATTACHMENT|test-results/tests-e2e-tdd_demo_test-TD-a217c-D-implementation-components-chromium/test-failed-1.png]]
]]>
</system-out>
</testcase>
<testcase name="TDD Reactive Animation Demo › should handle iframe demo loading" classname="tests/e2e/tdd_demo_test.spec.ts" time="0.147">
<failure message="tdd_demo_test.spec.ts:187:7 should handle iframe demo loading" type="FAILURE">
<![CDATA[  [chromium] › tests/e2e/tdd_demo_test.spec.ts:187:7 › TDD Reactive Animation Demo › should handle iframe demo loading 

    Error: page.goto: net::ERR_CONNECTION_REFUSED at http://localhost:8080/test_demo.html
    Call log:
      - navigating to "http://localhost:8080/test_demo.html", waiting until "load"


      186 |
      187 |   test('should handle iframe demo loading', async () => {
    > 188 |     await page.goto('http://localhost:8080/test_demo.html');
          |                ^
      189 |
      190 |     // Wait for page to load
      191 |     await page.waitForLoadState('networkidle');
        at /Users/peterhanssens/consulting/Leptos/leptos-motion/tests/e2e/tdd_demo_test.spec.ts:188:16

    attachment #1: screenshot (image/png) ──────────────────────────────────────────────────────────
    test-results/tests-e2e-tdd_demo_test-TD-9594a--handle-iframe-demo-loading-chromium/test-failed-1.png
    ────────────────────────────────────────────────────────────────────────────────────────────────
]]>
</failure>
<system-out>
<![CDATA[
[[ATTACHMENT|test-results/tests-e2e-tdd_demo_test-TD-9594a--handle-iframe-demo-loading-chromium/test-failed-1.png]]
]]>
</system-out>
</testcase>
<testcase name="TDD Reactive Animation Demo › should validate performance characteristics" classname="tests/e2e/tdd_demo_test.spec.ts" time="0.203">
<failure message="tdd_demo_test.spec.ts:203:7 should validate performance characteristics" type="FAILURE">
<![CDATA[  [chromium] › tests/e2e/tdd_demo_test.spec.ts:203:7 › TDD Reactive Animation Demo › should validate performance characteristics 

    Error: page.goto: net::ERR_CONNECTION_REFUSED at http://localhost:8080/index.html
    Call log:
      - navigating to "http://localhost:8080/index.html", waiting until "load"


      202 |
      203 |   test('should validate performance characteristics', async () => {
    > 204 |     await page.goto('http://localhost:8080/index.html');
          |                ^
      205 |
      206 |     // Wait for demo to load
      207 |     await page.waitForTimeout(3000);
        at /Users/peterhanssens/consulting/Leptos/leptos-motion/tests/e2e/tdd_demo_test.spec.ts:204:16

    attachment #1: screenshot (image/png) ──────────────────────────────────────────────────────────
    test-results/tests-e2e-tdd_demo_test-TD-27810-performance-characteristics-chromium/test-failed-1.png
    ────────────────────────────────────────────────────────────────────────────────────────────────
]]>
</failure>
<system-out>
<![CDATA[
[[ATTACHMENT|test-results/tests-e2e-tdd_demo_test-TD-27810-performance-characteristics-chromium/test-failed-1.png]]
]]>
</system-out>
</testcase>
<testcase name="TDD Reactive Animation Demo › should check for JavaScript errors" classname="tests/e2e/tdd_demo_test.spec.ts" time="0.204">
<failure message="tdd_demo_test.spec.ts:227:7 should check for JavaScript errors" type="FAILURE">
<![CDATA[  [chromium] › tests/e2e/tdd_demo_test.spec.ts:227:7 › TDD Reactive Animation Demo › should check for JavaScript errors 

    Error: page.goto: net::ERR_CONNECTION_REFUSED at http://localhost:8080/index.html
    Call log:
      - navigating to "http://localhost:8080/index.html", waiting until "load"


      232 |     });
      233 |
    > 234 |     await page.goto('http://localhost:8080/index.html');
          |                ^
      235 |
      236 |     // Wait for demo to load
      237 |     await page.waitForTimeout(3000);
        at /Users/peterhanssens/consulting/Leptos/leptos-motion/tests/e2e/tdd_demo_test.spec.ts:234:16

    attachment #1: screenshot (image/png) ──────────────────────────────────────────────────────────
    test-results/tests-e2e-tdd_demo_test-TD-3c604-check-for-JavaScript-errors-chromium/test-failed-1.png
    ────────────────────────────────────────────────────────────────────────────────────────────────
]]>
</failure>
<system-out>
<![CDATA[
[[ATTACHMENT|test-results/tests-e2e-tdd_demo_test-TD-3c604-check-for-JavaScript-errors-chromium/test-failed-1.png]]
]]>
</system-out>
</testcase>
<testcase name="TDD Reactive Animation Demo › should validate responsive design" classname="tests/e2e/tdd_demo_test.spec.ts" time="0.198">
<failure message="tdd_demo_test.spec.ts:243:7 should validate responsive design" type="FAILURE">
<![CDATA[  [chromium] › tests/e2e/tdd_demo_test.spec.ts:243:7 › TDD Reactive Animation Demo › should validate responsive design 

    Error: page.goto: net::ERR_CONNECTION_REFUSED at http://localhost:8080/index.html
    Call log:
      - navigating to "http://localhost:8080/index.html", waiting until "load"


      242 |
      243 |   test('should validate responsive design', async () => {
    > 244 |     await page.goto('http://localhost:8080/index.html');
          |                ^
      245 |
      246 |     // Wait for demo to load
      247 |     await page.waitForTimeout(3000);
        at /Users/peterhanssens/consulting/Leptos/leptos-motion/tests/e2e/tdd_demo_test.spec.ts:244:16

    attachment #1: screenshot (image/png) ──────────────────────────────────────────────────────────
    test-results/tests-e2e-tdd_demo_test-TD-1e210--validate-responsive-design-chromium/test-failed-1.png
    ────────────────────────────────────────────────────────────────────────────────────────────────
]]>
</failure>
<system-out>
<![CDATA[
[[ATTACHMENT|test-results/tests-e2e-tdd_demo_test-TD-1e210--validate-responsive-design-chromium/test-failed-1.png]]
]]>
</system-out>
</testcase>
</testsuite>
<testsuite name="tests/e2e/transition_config_test.spec.ts" timestamp="2025-10-04T13:01:09.445Z" hostname="chromium" tests="1" failures="1" skipped="0" time="0.176" errors="0">
<testcase name="TransitionConfig Test › should load and display the transition config test correctly" classname="tests/e2e/transition_config_test.spec.ts" time="0.176">
<failure message="transition_config_test.spec.ts:4:7 should load and display the transition config test correctly" type="FAILURE">
<![CDATA[  [chromium] › tests/e2e/transition_config_test.spec.ts:4:7 › TransitionConfig Test › should load and display the transition config test correctly 

    Error: page.goto: net::ERR_CONNECTION_REFUSED at http://localhost:8080/simple.html
    Call log:
      - navigating to "http://localhost:8080/simple.html", waiting until "load"


      4 |   test('should load and display the transition config test correctly', async ({ page }) => {
      5 |     // Navigate to the demo page
    > 6 |     await page.goto('http://localhost:8080/simple.html');
        |                ^
      7 |
      8 |     // Wait for the WASM module to load and initialize
      9 |     await page.waitForTimeout(3000);
        at /Users/peterhanssens/consulting/Leptos/leptos-motion/tests/e2e/transition_config_test.spec.ts:6:16

    attachment #1: screenshot (image/png) ──────────────────────────────────────────────────────────
    test-results/tests-e2e-transition_confi-8f621-ition-config-test-correctly-chromium/test-failed-1.png
    ────────────────────────────────────────────────────────────────────────────────────────────────

    attachment #2: video (video/webm) ──────────────────────────────────────────────────────────────
    test-results/tests-e2e-transition_confi-8f621-ition-config-test-correctly-chromium/video.webm
    ────────────────────────────────────────────────────────────────────────────────────────────────
]]>
</failure>
<system-out>
<![CDATA[
[[ATTACHMENT|test-results/tests-e2e-transition_confi-8f621-ition-config-test-correctly-chromium/test-failed-1.png]]

[[ATTACHMENT|test-results/tests-e2e-transition_confi-8f621-ition-config-test-correctly-chromium/video.webm]]
]]>
</system-out>
</testcase>
</testsuite>
<testsuite name="tests/comprehensive-demo.spec.ts" timestamp="2025-10-04T13:01:09.445Z" hostname="firefox" tests="7" failures="6" skipped="0" time="152.257" errors="0">
<testcase name="Comprehensive Demo Tests › should load the demo page" classname="tests/comprehensive-demo.spec.ts" time="24.354">
<failure message="comprehensive-demo.spec.ts:23:7 should load the demo page" type="FAILURE">
<![CDATA[  [firefox] › tests/comprehensive-demo.spec.ts:23:7 › Comprehensive Demo Tests › should load the demo page 

    Error: expect(locator).toBeVisible() failed

    Locator:  locator('button').first()
    Expected: visible
    Received: <element(s) not found>
    Timeout:  10000ms

    Call log:
      - Expect "toBeVisible" with timeout 10000ms
      - waiting for locator('button').first()


      26 |
      27 |     // Check that the main demo elements are present
    > 28 |     await expect(page.locator('button').first()).toBeVisible();
         |                                                  ^
      29 |     await expect(page.locator('div[style*="padding: 40px"]')).toBeVisible();
      30 |   });
      31 |
        at /Users/peterhanssens/consulting/Leptos/leptos-motion/tests/comprehensive-demo.spec.ts:28:50

    attachment #1: screenshot (image/png) ──────────────────────────────────────────────────────────
    test-results/tests-comprehensive-demo-C-2c28a-s-should-load-the-demo-page-firefox/test-failed-1.png
    ────────────────────────────────────────────────────────────────────────────────────────────────

    attachment #2: video (video/webm) ──────────────────────────────────────────────────────────────
    test-results/tests-comprehensive-demo-C-2c28a-s-should-load-the-demo-page-firefox/video.webm
    ────────────────────────────────────────────────────────────────────────────────────────────────

    Error Context: test-results/tests-comprehensive-demo-C-2c28a-s-should-load-the-demo-page-firefox/error-context.md
]]>
</failure>
<system-out>
<![CDATA[Still on fallback HTML, WASM may not have loaded

[[ATTACHMENT|test-results/tests-comprehensive-demo-C-2c28a-s-should-load-the-demo-page-firefox/test-failed-1.png]]

[[ATTACHMENT|test-results/tests-comprehensive-demo-C-2c28a-s-should-load-the-demo-page-firefox/video.webm]]

[[ATTACHMENT|test-results/tests-comprehensive-demo-C-2c28a-s-should-load-the-demo-page-firefox/error-context.md]]
]]>
</system-out>
</testcase>
<testcase name="Comprehensive Demo Tests › should display interactive elements" classname="tests/comprehensive-demo.spec.ts" time="14.326">
<failure message="comprehensive-demo.spec.ts:32:7 should display interactive elements" type="FAILURE">
<![CDATA[  [firefox] › tests/comprehensive-demo.spec.ts:32:7 › Comprehensive Demo Tests › should display interactive elements 

    Error: expect(received).toBeGreaterThan(expected)

    Expected: > 0
    Received:   0

      34 |     const buttons = page.locator('button');
      35 |     const buttonCount = await buttons.count();
    > 36 |     expect(buttonCount).toBeGreaterThan(0);
         |                         ^
      37 |
      38 |     // Check that at least one button is visible
      39 |     await expect(buttons.first()).toBeVisible();
        at /Users/peterhanssens/consulting/Leptos/leptos-motion/tests/comprehensive-demo.spec.ts:36:25

    attachment #1: screenshot (image/png) ──────────────────────────────────────────────────────────
    test-results/tests-comprehensive-demo-C-d9a7c-isplay-interactive-elements-firefox/test-failed-1.png
    ────────────────────────────────────────────────────────────────────────────────────────────────

    attachment #2: video (video/webm) ──────────────────────────────────────────────────────────────
    test-results/tests-comprehensive-demo-C-d9a7c-isplay-interactive-elements-firefox/video.webm
    ────────────────────────────────────────────────────────────────────────────────────────────────

    Error Context: test-results/tests-comprehensive-demo-C-d9a7c-isplay-interactive-elements-firefox/error-context.md
]]>
</failure>
<system-out>
<![CDATA[Still on fallback HTML, WASM may not have loaded

[[ATTACHMENT|test-results/tests-comprehensive-demo-C-d9a7c-isplay-interactive-elements-firefox/test-failed-1.png]]

[[ATTACHMENT|test-results/tests-comprehensive-demo-C-d9a7c-isplay-interactive-elements-firefox/video.webm]]

[[ATTACHMENT|test-results/tests-comprehensive-demo-C-d9a7c-isplay-interactive-elements-firefox/error-context.md]]
]]>
</system-out>
</testcase>
<testcase name="Comprehensive Demo Tests › should handle hover effects" classname="tests/comprehensive-demo.spec.ts" time="24.296">
<failure message="comprehensive-demo.spec.ts:42:7 should handle hover effects" type="FAILURE">
<![CDATA[  [firefox] › tests/comprehensive-demo.spec.ts:42:7 › Comprehensive Demo Tests › should handle hover effects 

    TimeoutError: locator.evaluate: Timeout 10000ms exceeded.
    Call log:
      - waiting for locator('button').first()


      45 |
      46 |     // Get initial transform
    > 47 |     const initialTransform = await hoverElement.evaluate(
         |                                                 ^
      48 |       el => window.getComputedStyle(el).transform
      49 |     );
      50 |
        at /Users/peterhanssens/consulting/Leptos/leptos-motion/tests/comprehensive-demo.spec.ts:47:49

    attachment #1: screenshot (image/png) ──────────────────────────────────────────────────────────
    test-results/tests-comprehensive-demo-C-1c16c-should-handle-hover-effects-firefox/test-failed-1.png
    ────────────────────────────────────────────────────────────────────────────────────────────────

    attachment #2: video (video/webm) ──────────────────────────────────────────────────────────────
    test-results/tests-comprehensive-demo-C-1c16c-should-handle-hover-effects-firefox/video.webm
    ────────────────────────────────────────────────────────────────────────────────────────────────

    Error Context: test-results/tests-comprehensive-demo-C-1c16c-should-handle-hover-effects-firefox/error-context.md
]]>
</failure>
<system-out>
<![CDATA[Still on fallback HTML, WASM may not have loaded

[[ATTACHMENT|test-results/tests-comprehensive-demo-C-1c16c-should-handle-hover-effects-firefox/test-failed-1.png]]

[[ATTACHMENT|test-results/tests-comprehensive-demo-C-1c16c-should-handle-hover-effects-firefox/video.webm]]

[[ATTACHMENT|test-results/tests-comprehensive-demo-C-1c16c-should-handle-hover-effects-firefox/error-context.md]]
]]>
</system-out>
</testcase>
<testcase name="Comprehensive Demo Tests › should handle click interactions" classname="tests/comprehensive-demo.spec.ts" time="24.334">
<failure message="comprehensive-demo.spec.ts:64:7 should handle click interactions" type="FAILURE">
<![CDATA[  [firefox] › tests/comprehensive-demo.spec.ts:64:7 › Comprehensive Demo Tests › should handle click interactions 

    TimeoutError: locator.click: Timeout 10000ms exceeded.
    Call log:
      - waiting for locator('button').first()


      67 |
      68 |     // Click the element
    > 69 |     await clickElement.click();
         |                        ^
      70 |
      71 |     // Wait for any potential animation
      72 |     await page.waitForTimeout(300);
        at /Users/peterhanssens/consulting/Leptos/leptos-motion/tests/comprehensive-demo.spec.ts:69:24

    attachment #1: screenshot (image/png) ──────────────────────────────────────────────────────────
    test-results/tests-comprehensive-demo-C-e7a91-d-handle-click-interactions-firefox/test-failed-1.png
    ────────────────────────────────────────────────────────────────────────────────────────────────

    attachment #2: video (video/webm) ──────────────────────────────────────────────────────────────
    test-results/tests-comprehensive-demo-C-e7a91-d-handle-click-interactions-firefox/video.webm
    ────────────────────────────────────────────────────────────────────────────────────────────────

    Error Context: test-results/tests-comprehensive-demo-C-e7a91-d-handle-click-interactions-firefox/error-context.md
]]>
</failure>
<system-out>
<![CDATA[Still on fallback HTML, WASM may not have loaded

[[ATTACHMENT|test-results/tests-comprehensive-demo-C-e7a91-d-handle-click-interactions-firefox/test-failed-1.png]]

[[ATTACHMENT|test-results/tests-comprehensive-demo-C-e7a91-d-handle-click-interactions-firefox/video.webm]]

[[ATTACHMENT|test-results/tests-comprehensive-demo-C-e7a91-d-handle-click-interactions-firefox/error-context.md]]
]]>
</system-out>
</testcase>
<testcase name="Comprehensive Demo Tests › should test animation functionality with visual verification" classname="tests/comprehensive-demo.spec.ts" time="24.255">
<failure message="comprehensive-demo.spec.ts:78:7 should test animation functionality with visual verification" type="FAILURE">
<![CDATA[  [firefox] › tests/comprehensive-demo.spec.ts:78:7 › Comprehensive Demo Tests › should test animation functionality with visual verification 

    TimeoutError: locator.waitFor: Timeout 10000ms exceeded.
    Call log:
      - waiting for locator('button').filter({ hasText: 'Button Animation' }) to be visible


      81 |
      82 |     // Wait for the button to be visible
    > 83 |     await animationButton.waitFor({ state: 'visible' });
         |                           ^
      84 |
      85 |     // Get initial state of the button
      86 |     const initialTransform = await animationButton.evaluate(
        at /Users/peterhanssens/consulting/Leptos/leptos-motion/tests/comprehensive-demo.spec.ts:83:27

    attachment #1: screenshot (image/png) ──────────────────────────────────────────────────────────
    test-results/tests-comprehensive-demo-C-822ad-ty-with-visual-verification-firefox/test-failed-1.png
    ────────────────────────────────────────────────────────────────────────────────────────────────

    attachment #2: video (video/webm) ──────────────────────────────────────────────────────────────
    test-results/tests-comprehensive-demo-C-822ad-ty-with-visual-verification-firefox/video.webm
    ────────────────────────────────────────────────────────────────────────────────────────────────

    Error Context: test-results/tests-comprehensive-demo-C-822ad-ty-with-visual-verification-firefox/error-context.md
]]>
</failure>
<system-out>
<![CDATA[Still on fallback HTML, WASM may not have loaded

[[ATTACHMENT|test-results/tests-comprehensive-demo-C-822ad-ty-with-visual-verification-firefox/test-failed-1.png]]

[[ATTACHMENT|test-results/tests-comprehensive-demo-C-822ad-ty-with-visual-verification-firefox/video.webm]]

[[ATTACHMENT|test-results/tests-comprehensive-demo-C-822ad-ty-with-visual-verification-firefox/error-context.md]]
]]>
</system-out>
</testcase>
<testcase name="Comprehensive Demo Tests › should load WASM module without errors" classname="tests/comprehensive-demo.spec.ts" time="16.316">
<system-out>
<![CDATA[Still on fallback HTML, WASM may not have loaded
Console errors: []
]]>
</system-out>
</testcase>
<testcase name="Comprehensive Demo Tests › should have proper HTML structure" classname="tests/comprehensive-demo.spec.ts" time="24.376">
<failure message="comprehensive-demo.spec.ts:144:7 should have proper HTML structure" type="FAILURE">
<![CDATA[  [firefox] › tests/comprehensive-demo.spec.ts:144:7 › Comprehensive Demo Tests › should have proper HTML structure 

    Error: expect(locator).toBeVisible() failed

    Locator:  locator('button').first()
    Expected: visible
    Received: <element(s) not found>
    Timeout:  10000ms

    Call log:
      - Expect "toBeVisible" with timeout 10000ms
      - waiting for locator('button').first()


      146 |     await expect(page.locator('body')).toBeVisible();
      147 |     await expect(page.locator('h1')).toContainText('Leptos Motion');
    > 148 |     await expect(page.locator('button').first()).toBeVisible();
          |                                                  ^
      149 |     await expect(page.locator('div[style*="padding: 40px"]')).toBeVisible();
      150 |   });
      151 | });
        at /Users/peterhanssens/consulting/Leptos/leptos-motion/tests/comprehensive-demo.spec.ts:148:50

    attachment #1: screenshot (image/png) ──────────────────────────────────────────────────────────
    test-results/tests-comprehensive-demo-C-6699b--have-proper-HTML-structure-firefox/test-failed-1.png
    ────────────────────────────────────────────────────────────────────────────────────────────────

    attachment #2: video (video/webm) ──────────────────────────────────────────────────────────────
    test-results/tests-comprehensive-demo-C-6699b--have-proper-HTML-structure-firefox/video.webm
    ────────────────────────────────────────────────────────────────────────────────────────────────

    Error Context: test-results/tests-comprehensive-demo-C-6699b--have-proper-HTML-structure-firefox/error-context.md
]]>
</failure>
<system-out>
<![CDATA[Still on fallback HTML, WASM may not have loaded

[[ATTACHMENT|test-results/tests-comprehensive-demo-C-6699b--have-proper-HTML-structure-firefox/test-failed-1.png]]

[[ATTACHMENT|test-results/tests-comprehensive-demo-C-6699b--have-proper-HTML-structure-firefox/video.webm]]

[[ATTACHMENT|test-results/tests-comprehensive-demo-C-6699b--have-proper-HTML-structure-firefox/error-context.md]]
]]>
</system-out>
</testcase>
</testsuite>
<testsuite name="tests/e2e/batched_updates_test.spec.ts" timestamp="2025-10-04T13:01:09.445Z" hostname="firefox" tests="1" failures="1" skipped="0" time="0.985" errors="0">
<testcase name="Batched Updates Test › should load and display the batched updates test correctly" classname="tests/e2e/batched_updates_test.spec.ts" time="0.985">
<failure message="batched_updates_test.spec.ts:4:7 should load and display the batched updates test correctly" type="FAILURE">
<![CDATA[  [firefox] › tests/e2e/batched_updates_test.spec.ts:4:7 › Batched Updates Test › should load and display the batched updates test correctly 

    Error: page.goto: NS_ERROR_CONNECTION_REFUSED
    Call log:
      - navigating to "http://localhost:8080/simple.html", waiting until "load"


      4 |   test('should load and display the batched updates test correctly', async ({ page }) => {
      5 |     // Navigate to the demo page
    > 6 |     await page.goto('http://localhost:8080/simple.html');
        |                ^
      7 |
      8 |     // Wait for the WASM module to load and initialize
      9 |     await page.waitForTimeout(3000);
        at /Users/peterhanssens/consulting/Leptos/leptos-motion/tests/e2e/batched_updates_test.spec.ts:6:16

    attachment #1: screenshot (image/png) ──────────────────────────────────────────────────────────
    test-results/tests-e2e-batched_updates_-5805e-ched-updates-test-correctly-firefox/test-failed-1.png
    ────────────────────────────────────────────────────────────────────────────────────────────────

    attachment #2: video (video/webm) ──────────────────────────────────────────────────────────────
    test-results/tests-e2e-batched_updates_-5805e-ched-updates-test-correctly-firefox/video.webm
    ────────────────────────────────────────────────────────────────────────────────────────────────

    Error Context: test-results/tests-e2e-batched_updates_-5805e-ched-updates-test-correctly-firefox/error-context.md
]]>
</failure>
<system-out>
<![CDATA[
[[ATTACHMENT|test-results/tests-e2e-batched_updates_-5805e-ched-updates-test-correctly-firefox/test-failed-1.png]]

[[ATTACHMENT|test-results/tests-e2e-batched_updates_-5805e-ched-updates-test-correctly-firefox/video.webm]]

[[ATTACHMENT|test-results/tests-e2e-batched_updates_-5805e-ched-updates-test-correctly-firefox/error-context.md]]
]]>
</system-out>
</testcase>
</testsuite>
<testsuite name="tests/e2e/comprehensive_e2e_test.spec.ts" timestamp="2025-10-04T13:01:09.445Z" hostname="firefox" tests="27" failures="27" skipped="0" time="27.401" errors="0">
<testcase name="Leptos Motion Library - Comprehensive E2E Tests › 1. Simple API Tests › Basic Animation Test - Opacity Fade" classname="tests/e2e/comprehensive_e2e_test.spec.ts" time="0.93">
<failure message="comprehensive_e2e_test.spec.ts:44:9 Basic Animation Test - Opacity Fade" type="FAILURE">
<![CDATA[  [firefox] › tests/e2e/comprehensive_e2e_test.spec.ts:44:9 › Leptos Motion Library - Comprehensive E2E Tests › 1. Simple API Tests › Basic Animation Test - Opacity Fade 

    Error: page.goto: NS_ERROR_CONNECTION_REFUSED
    Call log:
      - navigating to "http://localhost:8086/", waiting until "load"


      43 |   test.describe('1. Simple API Tests', () => {
      44 |     test('Basic Animation Test - Opacity Fade', async ({ page }) => {
    > 45 |       await page.goto(DEMO_URLS.newSimple);
         |                  ^
      46 |       await waitForWasmInit(page);
      47 |
      48 |       // Check if basic animations are working
        at /Users/peterhanssens/consulting/Leptos/leptos-motion/tests/e2e/comprehensive_e2e_test.spec.ts:45:18

    attachment #1: screenshot (image/png) ──────────────────────────────────────────────────────────
    test-results/tests-e2e-comprehensive_e2-4de89-imation-Test---Opacity-Fade-firefox/test-failed-1.png
    ────────────────────────────────────────────────────────────────────────────────────────────────

    attachment #2: video (video/webm) ──────────────────────────────────────────────────────────────
    test-results/tests-e2e-comprehensive_e2-4de89-imation-Test---Opacity-Fade-firefox/video.webm
    ────────────────────────────────────────────────────────────────────────────────────────────────

    Error Context: test-results/tests-e2e-comprehensive_e2-4de89-imation-Test---Opacity-Fade-firefox/error-context.md
]]>
</failure>
<system-out>
<![CDATA[
[[ATTACHMENT|test-results/tests-e2e-comprehensive_e2-4de89-imation-Test---Opacity-Fade-firefox/test-failed-1.png]]

[[ATTACHMENT|test-results/tests-e2e-comprehensive_e2-4de89-imation-Test---Opacity-Fade-firefox/video.webm]]

[[ATTACHMENT|test-results/tests-e2e-comprehensive_e2-4de89-imation-Test---Opacity-Fade-firefox/error-context.md]]
]]>
</system-out>
</testcase>
<testcase name="Leptos Motion Library - Comprehensive E2E Tests › 1. Simple API Tests › Variant Switching Test" classname="tests/e2e/comprehensive_e2e_test.spec.ts" time="0.919">
<failure message="comprehensive_e2e_test.spec.ts:57:9 Variant Switching Test" type="FAILURE">
<![CDATA[  [firefox] › tests/e2e/comprehensive_e2e_test.spec.ts:57:9 › Leptos Motion Library - Comprehensive E2E Tests › 1. Simple API Tests › Variant Switching Test 

    Error: page.goto: NS_ERROR_CONNECTION_REFUSED
    Call log:
      - navigating to "http://localhost:8086/", waiting until "load"


      56 |
      57 |     test('Variant Switching Test', async ({ page }) => {
    > 58 |       await page.goto(DEMO_URLS.newSimple);
         |                  ^
      59 |       await waitForWasmInit(page);
      60 |
      61 |       // Look for elements that can be toggled
        at /Users/peterhanssens/consulting/Leptos/leptos-motion/tests/e2e/comprehensive_e2e_test.spec.ts:58:18

    attachment #1: screenshot (image/png) ──────────────────────────────────────────────────────────
    test-results/tests-e2e-comprehensive_e2-38ec8-ests-Variant-Switching-Test-firefox/test-failed-1.png
    ────────────────────────────────────────────────────────────────────────────────────────────────

    attachment #2: video (video/webm) ──────────────────────────────────────────────────────────────
    test-results/tests-e2e-comprehensive_e2-38ec8-ests-Variant-Switching-Test-firefox/video.webm
    ────────────────────────────────────────────────────────────────────────────────────────────────

    Error Context: test-results/tests-e2e-comprehensive_e2-38ec8-ests-Variant-Switching-Test-firefox/error-context.md
]]>
</failure>
<system-out>
<![CDATA[
[[ATTACHMENT|test-results/tests-e2e-comprehensive_e2-38ec8-ests-Variant-Switching-Test-firefox/test-failed-1.png]]

[[ATTACHMENT|test-results/tests-e2e-comprehensive_e2-38ec8-ests-Variant-Switching-Test-firefox/video.webm]]

[[ATTACHMENT|test-results/tests-e2e-comprehensive_e2-38ec8-ests-Variant-Switching-Test-firefox/error-context.md]]
]]>
</system-out>
</testcase>
<testcase name="Leptos Motion Library - Comprehensive E2E Tests › 1. Simple API Tests › Custom Easing Test" classname="tests/e2e/comprehensive_e2e_test.spec.ts" time="0.881">
<failure message="comprehensive_e2e_test.spec.ts:71:9 Custom Easing Test" type="FAILURE">
<![CDATA[  [firefox] › tests/e2e/comprehensive_e2e_test.spec.ts:71:9 › Leptos Motion Library - Comprehensive E2E Tests › 1. Simple API Tests › Custom Easing Test 

    Error: page.goto: NS_ERROR_CONNECTION_REFUSED
    Call log:
      - navigating to "http://localhost:8086/", waiting until "load"


      70 |
      71 |     test('Custom Easing Test', async ({ page }) => {
    > 72 |       await page.goto(DEMO_URLS.newSimple);
         |                  ^
      73 |       await waitForWasmInit(page);
      74 |
      75 |       // Check for transition timing functions on first div
        at /Users/peterhanssens/consulting/Leptos/leptos-motion/tests/e2e/comprehensive_e2e_test.spec.ts:72:18

    attachment #1: screenshot (image/png) ──────────────────────────────────────────────────────────
    test-results/tests-e2e-comprehensive_e2-5f543-PI-Tests-Custom-Easing-Test-firefox/test-failed-1.png
    ────────────────────────────────────────────────────────────────────────────────────────────────

    attachment #2: video (video/webm) ──────────────────────────────────────────────────────────────
    test-results/tests-e2e-comprehensive_e2-5f543-PI-Tests-Custom-Easing-Test-firefox/video.webm
    ────────────────────────────────────────────────────────────────────────────────────────────────

    Error Context: test-results/tests-e2e-comprehensive_e2-5f543-PI-Tests-Custom-Easing-Test-firefox/error-context.md
]]>
</failure>
<system-out>
<![CDATA[
[[ATTACHMENT|test-results/tests-e2e-comprehensive_e2-5f543-PI-Tests-Custom-Easing-Test-firefox/test-failed-1.png]]

[[ATTACHMENT|test-results/tests-e2e-comprehensive_e2-5f543-PI-Tests-Custom-Easing-Test-firefox/video.webm]]

[[ATTACHMENT|test-results/tests-e2e-comprehensive_e2-5f543-PI-Tests-Custom-Easing-Test-firefox/error-context.md]]
]]>
</system-out>
</testcase>
<testcase name="Leptos Motion Library - Comprehensive E2E Tests › 1. Simple API Tests › Accessibility - Reduced Motion Check" classname="tests/e2e/comprehensive_e2e_test.spec.ts" time="0.986">
<failure message="comprehensive_e2e_test.spec.ts:85:9 Accessibility - Reduced Motion Check" type="FAILURE">
<![CDATA[  [firefox] › tests/e2e/comprehensive_e2e_test.spec.ts:85:9 › Leptos Motion Library - Comprehensive E2E Tests › 1. Simple API Tests › Accessibility - Reduced Motion Check 

    Error: page.goto: NS_ERROR_CONNECTION_REFUSED
    Call log:
      - navigating to "http://localhost:8086/", waiting until "load"


      84 |
      85 |     test('Accessibility - Reduced Motion Check', async ({ page }) => {
    > 86 |       await page.goto(DEMO_URLS.newSimple);
         |                  ^
      87 |       await waitForWasmInit(page);
      88 |
      89 |       // Simulate reduced motion preference
        at /Users/peterhanssens/consulting/Leptos/leptos-motion/tests/e2e/comprehensive_e2e_test.spec.ts:86:18

    attachment #1: screenshot (image/png) ──────────────────────────────────────────────────────────
    test-results/tests-e2e-comprehensive_e2-5ac8b-lity---Reduced-Motion-Check-firefox/test-failed-1.png
    ────────────────────────────────────────────────────────────────────────────────────────────────

    attachment #2: video (video/webm) ──────────────────────────────────────────────────────────────
    test-results/tests-e2e-comprehensive_e2-5ac8b-lity---Reduced-Motion-Check-firefox/video.webm
    ────────────────────────────────────────────────────────────────────────────────────────────────

    Error Context: test-results/tests-e2e-comprehensive_e2-5ac8b-lity---Reduced-Motion-Check-firefox/error-context.md
]]>
</failure>
<system-out>
<![CDATA[
[[ATTACHMENT|test-results/tests-e2e-comprehensive_e2-5ac8b-lity---Reduced-Motion-Check-firefox/test-failed-1.png]]

[[ATTACHMENT|test-results/tests-e2e-comprehensive_e2-5ac8b-lity---Reduced-Motion-Check-firefox/video.webm]]

[[ATTACHMENT|test-results/tests-e2e-comprehensive_e2-5ac8b-lity---Reduced-Motion-Check-firefox/error-context.md]]
]]>
</system-out>
</testcase>
<testcase name="Leptos Motion Library - Comprehensive E2E Tests › 2. Independent Transforms Tests › Single Property Animation" classname="tests/e2e/comprehensive_e2e_test.spec.ts" time="0.863">
<failure message="comprehensive_e2e_test.spec.ts:102:9 Single Property Animation" type="FAILURE">
<![CDATA[  [firefox] › tests/e2e/comprehensive_e2e_test.spec.ts:102:9 › Leptos Motion Library - Comprehensive E2E Tests › 2. Independent Transforms Tests › Single Property Animation 

    Error: page.goto: NS_ERROR_CONNECTION_REFUSED
    Call log:
      - navigating to "http://localhost:8086/", waiting until "load"


      101 |   test.describe('2. Independent Transforms Tests', () => {
      102 |     test('Single Property Animation', async ({ page }) => {
    > 103 |       await page.goto(DEMO_URLS.newSimple);
          |                  ^
      104 |       await waitForWasmInit(page);
      105 |
      106 |       // Check for transform properties or transition properties
        at /Users/peterhanssens/consulting/Leptos/leptos-motion/tests/e2e/comprehensive_e2e_test.spec.ts:103:18

    attachment #1: screenshot (image/png) ──────────────────────────────────────────────────────────
    test-results/tests-e2e-comprehensive_e2-ed6cd-s-Single-Property-Animation-firefox/test-failed-1.png
    ────────────────────────────────────────────────────────────────────────────────────────────────

    attachment #2: video (video/webm) ──────────────────────────────────────────────────────────────
    test-results/tests-e2e-comprehensive_e2-ed6cd-s-Single-Property-Animation-firefox/video.webm
    ────────────────────────────────────────────────────────────────────────────────────────────────

    Error Context: test-results/tests-e2e-comprehensive_e2-ed6cd-s-Single-Property-Animation-firefox/error-context.md
]]>
</failure>
<system-out>
<![CDATA[
[[ATTACHMENT|test-results/tests-e2e-comprehensive_e2-ed6cd-s-Single-Property-Animation-firefox/test-failed-1.png]]

[[ATTACHMENT|test-results/tests-e2e-comprehensive_e2-ed6cd-s-Single-Property-Animation-firefox/video.webm]]

[[ATTACHMENT|test-results/tests-e2e-comprehensive_e2-ed6cd-s-Single-Property-Animation-firefox/error-context.md]]
]]>
</system-out>
</testcase>
<testcase name="Leptos Motion Library - Comprehensive E2E Tests › 2. Independent Transforms Tests › Concurrent Transforms" classname="tests/e2e/comprehensive_e2e_test.spec.ts" time="0.962">
<failure message="comprehensive_e2e_test.spec.ts:121:9 Concurrent Transforms" type="FAILURE">
<![CDATA[  [firefox] › tests/e2e/comprehensive_e2e_test.spec.ts:121:9 › Leptos Motion Library - Comprehensive E2E Tests › 2. Independent Transforms Tests › Concurrent Transforms 

    Error: page.goto: NS_ERROR_CONNECTION_REFUSED
    Call log:
      - navigating to "http://localhost:8086/", waiting until "load"


      120 |
      121 |     test('Concurrent Transforms', async ({ page }) => {
    > 122 |       await page.goto(DEMO_URLS.newSimple);
          |                  ^
      123 |       await waitForWasmInit(page);
      124 |
      125 |       // Check multiple elements with any form of animation
        at /Users/peterhanssens/consulting/Leptos/leptos-motion/tests/e2e/comprehensive_e2e_test.spec.ts:122:18

    attachment #1: screenshot (image/png) ──────────────────────────────────────────────────────────
    test-results/tests-e2e-comprehensive_e2-467dd-Tests-Concurrent-Transforms-firefox/test-failed-1.png
    ────────────────────────────────────────────────────────────────────────────────────────────────

    attachment #2: video (video/webm) ──────────────────────────────────────────────────────────────
    test-results/tests-e2e-comprehensive_e2-467dd-Tests-Concurrent-Transforms-firefox/video.webm
    ────────────────────────────────────────────────────────────────────────────────────────────────

    Error Context: test-results/tests-e2e-comprehensive_e2-467dd-Tests-Concurrent-Transforms-firefox/error-context.md
]]>
</failure>
<system-out>
<![CDATA[
[[ATTACHMENT|test-results/tests-e2e-comprehensive_e2-467dd-Tests-Concurrent-Transforms-firefox/test-failed-1.png]]

[[ATTACHMENT|test-results/tests-e2e-comprehensive_e2-467dd-Tests-Concurrent-Transforms-firefox/video.webm]]

[[ATTACHMENT|test-results/tests-e2e-comprehensive_e2-467dd-Tests-Concurrent-Transforms-firefox/error-context.md]]
]]>
</system-out>
</testcase>
<testcase name="Leptos Motion Library - Comprehensive E2E Tests › 2. Independent Transforms Tests › Hardware Acceleration Check" classname="tests/e2e/comprehensive_e2e_test.spec.ts" time="0.368">
<failure message="comprehensive_e2e_test.spec.ts:147:9 Hardware Acceleration Check" type="FAILURE">
<![CDATA[  [firefox] › tests/e2e/comprehensive_e2e_test.spec.ts:147:9 › Leptos Motion Library - Comprehensive E2E Tests › 2. Independent Transforms Tests › Hardware Acceleration Check 

    Error: page.goto: NS_ERROR_CONNECTION_REFUSED
    Call log:
      - navigating to "http://localhost:8086/", waiting until "load"


      146 |
      147 |     test('Hardware Acceleration Check', async ({ page }) => {
    > 148 |       await page.goto(DEMO_URLS.newSimple);
          |                  ^
      149 |       await waitForWasmInit(page);
      150 |
      151 |       // Check for will-change property
        at /Users/peterhanssens/consulting/Leptos/leptos-motion/tests/e2e/comprehensive_e2e_test.spec.ts:148:18

    attachment #1: screenshot (image/png) ──────────────────────────────────────────────────────────
    test-results/tests-e2e-comprehensive_e2-f41b2-Hardware-Acceleration-Check-firefox/test-failed-1.png
    ────────────────────────────────────────────────────────────────────────────────────────────────

    attachment #2: video (video/webm) ──────────────────────────────────────────────────────────────
    test-results/tests-e2e-comprehensive_e2-f41b2-Hardware-Acceleration-Check-firefox/video.webm
    ────────────────────────────────────────────────────────────────────────────────────────────────

    Error Context: test-results/tests-e2e-comprehensive_e2-f41b2-Hardware-Acceleration-Check-firefox/error-context.md
]]>
</failure>
<system-out>
<![CDATA[
[[ATTACHMENT|test-results/tests-e2e-comprehensive_e2-f41b2-Hardware-Acceleration-Check-firefox/test-failed-1.png]]

[[ATTACHMENT|test-results/tests-e2e-comprehensive_e2-f41b2-Hardware-Acceleration-Check-firefox/video.webm]]

[[ATTACHMENT|test-results/tests-e2e-comprehensive_e2-f41b2-Hardware-Acceleration-Check-firefox/error-context.md]]
]]>
</system-out>
</testcase>
<testcase name="Leptos Motion Library - Comprehensive E2E Tests › 3. Scroll Animation Tests › Scroll-based Animation" classname="tests/e2e/comprehensive_e2e_test.spec.ts" time="0.93">
<failure message="comprehensive_e2e_test.spec.ts:168:9 Scroll-based Animation" type="FAILURE">
<![CDATA[  [firefox] › tests/e2e/comprehensive_e2e_test.spec.ts:168:9 › Leptos Motion Library - Comprehensive E2E Tests › 3. Scroll Animation Tests › Scroll-based Animation 

    Error: page.goto: NS_ERROR_CONNECTION_REFUSED
    Call log:
      - navigating to "http://localhost:8086/", waiting until "load"


      167 |   test.describe('3. Scroll Animation Tests', () => {
      168 |     test('Scroll-based Animation', async ({ page }) => {
    > 169 |       await page.goto(DEMO_URLS.newSimple);
          |                  ^
      170 |       await waitForWasmInit(page);
      171 |
      172 |       // Simulate scroll
        at /Users/peterhanssens/consulting/Leptos/leptos-motion/tests/e2e/comprehensive_e2e_test.spec.ts:169:18

    attachment #1: screenshot (image/png) ──────────────────────────────────────────────────────────
    test-results/tests-e2e-comprehensive_e2-e6592-ests-Scroll-based-Animation-firefox/test-failed-1.png
    ────────────────────────────────────────────────────────────────────────────────────────────────

    attachment #2: video (video/webm) ──────────────────────────────────────────────────────────────
    test-results/tests-e2e-comprehensive_e2-e6592-ests-Scroll-based-Animation-firefox/video.webm
    ────────────────────────────────────────────────────────────────────────────────────────────────

    Error Context: test-results/tests-e2e-comprehensive_e2-e6592-ests-Scroll-based-Animation-firefox/error-context.md
]]>
</failure>
<system-out>
<![CDATA[
[[ATTACHMENT|test-results/tests-e2e-comprehensive_e2-e6592-ests-Scroll-based-Animation-firefox/test-failed-1.png]]

[[ATTACHMENT|test-results/tests-e2e-comprehensive_e2-e6592-ests-Scroll-based-Animation-firefox/video.webm]]

[[ATTACHMENT|test-results/tests-e2e-comprehensive_e2-e6592-ests-Scroll-based-Animation-firefox/error-context.md]]
]]>
</system-out>
</testcase>
<testcase name="Leptos Motion Library - Comprehensive E2E Tests › 3. Scroll Animation Tests › Viewport Trigger Animation" classname="tests/e2e/comprehensive_e2e_test.spec.ts" time="0.919">
<failure message="comprehensive_e2e_test.spec.ts:185:9 Viewport Trigger Animation" type="FAILURE">
<![CDATA[  [firefox] › tests/e2e/comprehensive_e2e_test.spec.ts:185:9 › Leptos Motion Library - Comprehensive E2E Tests › 3. Scroll Animation Tests › Viewport Trigger Animation 

    Error: page.goto: NS_ERROR_CONNECTION_REFUSED
    Call log:
      - navigating to "http://localhost:8086/", waiting until "load"


      184 |
      185 |     test('Viewport Trigger Animation', async ({ page }) => {
    > 186 |       await page.goto(DEMO_URLS.newSimple);
          |                  ^
      187 |       await waitForWasmInit(page);
      188 |
      189 |       // Scroll to trigger viewport animations
        at /Users/peterhanssens/consulting/Leptos/leptos-motion/tests/e2e/comprehensive_e2e_test.spec.ts:186:18

    attachment #1: screenshot (image/png) ──────────────────────────────────────────────────────────
    test-results/tests-e2e-comprehensive_e2-eada2--Viewport-Trigger-Animation-firefox/test-failed-1.png
    ────────────────────────────────────────────────────────────────────────────────────────────────

    attachment #2: video (video/webm) ──────────────────────────────────────────────────────────────
    test-results/tests-e2e-comprehensive_e2-eada2--Viewport-Trigger-Animation-firefox/video.webm
    ────────────────────────────────────────────────────────────────────────────────────────────────

    Error Context: test-results/tests-e2e-comprehensive_e2-eada2--Viewport-Trigger-Animation-firefox/error-context.md
]]>
</failure>
<system-out>
<![CDATA[
[[ATTACHMENT|test-results/tests-e2e-comprehensive_e2-eada2--Viewport-Trigger-Animation-firefox/test-failed-1.png]]

[[ATTACHMENT|test-results/tests-e2e-comprehensive_e2-eada2--Viewport-Trigger-Animation-firefox/video.webm]]

[[ATTACHMENT|test-results/tests-e2e-comprehensive_e2-eada2--Viewport-Trigger-Animation-firefox/error-context.md]]
]]>
</system-out>
</testcase>
<testcase name="Leptos Motion Library - Comprehensive E2E Tests › 4. Exit Animation Tests › Component Unmount Animation" classname="tests/e2e/comprehensive_e2e_test.spec.ts" time="0.951">
<failure message="comprehensive_e2e_test.spec.ts:205:9 Component Unmount Animation" type="FAILURE">
<![CDATA[  [firefox] › tests/e2e/comprehensive_e2e_test.spec.ts:205:9 › Leptos Motion Library - Comprehensive E2E Tests › 4. Exit Animation Tests › Component Unmount Animation 

    Error: page.goto: NS_ERROR_CONNECTION_REFUSED
    Call log:
      - navigating to "http://localhost:8086/", waiting until "load"


      204 |   test.describe('4. Exit Animation Tests', () => {
      205 |     test('Component Unmount Animation', async ({ page }) => {
    > 206 |       await page.goto(DEMO_URLS.newSimple);
          |                  ^
      207 |       await waitForWasmInit(page);
      208 |
      209 |       // Look for buttons that might trigger unmount
        at /Users/peterhanssens/consulting/Leptos/leptos-motion/tests/e2e/comprehensive_e2e_test.spec.ts:206:18

    attachment #1: screenshot (image/png) ──────────────────────────────────────────────────────────
    test-results/tests-e2e-comprehensive_e2-e80c4-Component-Unmount-Animation-firefox/test-failed-1.png
    ────────────────────────────────────────────────────────────────────────────────────────────────

    attachment #2: video (video/webm) ──────────────────────────────────────────────────────────────
    test-results/tests-e2e-comprehensive_e2-e80c4-Component-Unmount-Animation-firefox/video.webm
    ────────────────────────────────────────────────────────────────────────────────────────────────

    Error Context: test-results/tests-e2e-comprehensive_e2-e80c4-Component-Unmount-Animation-firefox/error-context.md
]]>
</failure>
<system-out>
<![CDATA[
[[ATTACHMENT|test-results/tests-e2e-comprehensive_e2-e80c4-Component-Unmount-Animation-firefox/test-failed-1.png]]

[[ATTACHMENT|test-results/tests-e2e-comprehensive_e2-e80c4-Component-Unmount-Animation-firefox/video.webm]]

[[ATTACHMENT|test-results/tests-e2e-comprehensive_e2-e80c4-Component-Unmount-Animation-firefox/error-context.md]]
]]>
</system-out>
</testcase>
<testcase name="Leptos Motion Library - Comprehensive E2E Tests › 5. Gesture Tests › Hover Gesture" classname="tests/e2e/comprehensive_e2e_test.spec.ts" time="1.106">
<failure message="comprehensive_e2e_test.spec.ts:226:9 Hover Gesture" type="FAILURE">
<![CDATA[  [firefox] › tests/e2e/comprehensive_e2e_test.spec.ts:226:9 › Leptos Motion Library - Comprehensive E2E Tests › 5. Gesture Tests › Hover Gesture 

    Error: page.goto: NS_ERROR_CONNECTION_REFUSED
    Call log:
      - navigating to "http://localhost:8086/", waiting until "load"


      225 |   test.describe('5. Gesture Tests', () => {
      226 |     test('Hover Gesture', async ({ page }) => {
    > 227 |       await page.goto(DEMO_URLS.newSimple);
          |                  ^
      228 |       await waitForWasmInit(page);
      229 |
      230 |       // Test hover on interactive elements
        at /Users/peterhanssens/consulting/Leptos/leptos-motion/tests/e2e/comprehensive_e2e_test.spec.ts:227:18

    attachment #1: screenshot (image/png) ──────────────────────────────────────────────────────────
    test-results/tests-e2e-comprehensive_e2-c333a-Gesture-Tests-Hover-Gesture-firefox/test-failed-1.png
    ────────────────────────────────────────────────────────────────────────────────────────────────

    attachment #2: video (video/webm) ──────────────────────────────────────────────────────────────
    test-results/tests-e2e-comprehensive_e2-c333a-Gesture-Tests-Hover-Gesture-firefox/video.webm
    ────────────────────────────────────────────────────────────────────────────────────────────────

    Error Context: test-results/tests-e2e-comprehensive_e2-c333a-Gesture-Tests-Hover-Gesture-firefox/error-context.md
]]>
</failure>
<system-out>
<![CDATA[
[[ATTACHMENT|test-results/tests-e2e-comprehensive_e2-c333a-Gesture-Tests-Hover-Gesture-firefox/test-failed-1.png]]

[[ATTACHMENT|test-results/tests-e2e-comprehensive_e2-c333a-Gesture-Tests-Hover-Gesture-firefox/video.webm]]

[[ATTACHMENT|test-results/tests-e2e-comprehensive_e2-c333a-Gesture-Tests-Hover-Gesture-firefox/error-context.md]]
]]>
</system-out>
</testcase>
<testcase name="Leptos Motion Library - Comprehensive E2E Tests › 5. Gesture Tests › Press Gesture" classname="tests/e2e/comprehensive_e2e_test.spec.ts" time="1.132">
<failure message="comprehensive_e2e_test.spec.ts:246:9 Press Gesture" type="FAILURE">
<![CDATA[  [firefox] › tests/e2e/comprehensive_e2e_test.spec.ts:246:9 › Leptos Motion Library - Comprehensive E2E Tests › 5. Gesture Tests › Press Gesture 

    Error: page.goto: NS_ERROR_CONNECTION_REFUSED
    Call log:
      - navigating to "http://localhost:8086/", waiting until "load"


      245 |
      246 |     test('Press Gesture', async ({ page }) => {
    > 247 |       await page.goto(DEMO_URLS.newSimple);
          |                  ^
      248 |       await waitForWasmInit(page);
      249 |
      250 |       // Test press on buttons
        at /Users/peterhanssens/consulting/Leptos/leptos-motion/tests/e2e/comprehensive_e2e_test.spec.ts:247:18

    attachment #1: screenshot (image/png) ──────────────────────────────────────────────────────────
    test-results/tests-e2e-comprehensive_e2-2067b-Gesture-Tests-Press-Gesture-firefox/test-failed-1.png
    ────────────────────────────────────────────────────────────────────────────────────────────────

    attachment #2: video (video/webm) ──────────────────────────────────────────────────────────────
    test-results/tests-e2e-comprehensive_e2-2067b-Gesture-Tests-Press-Gesture-firefox/video.webm
    ────────────────────────────────────────────────────────────────────────────────────────────────

    Error Context: test-results/tests-e2e-comprehensive_e2-2067b-Gesture-Tests-Press-Gesture-firefox/error-context.md
]]>
</failure>
<system-out>
<![CDATA[
[[ATTACHMENT|test-results/tests-e2e-comprehensive_e2-2067b-Gesture-Tests-Press-Gesture-firefox/test-failed-1.png]]

[[ATTACHMENT|test-results/tests-e2e-comprehensive_e2-2067b-Gesture-Tests-Press-Gesture-firefox/video.webm]]

[[ATTACHMENT|test-results/tests-e2e-comprehensive_e2-2067b-Gesture-Tests-Press-Gesture-firefox/error-context.md]]
]]>
</system-out>
</testcase>
<testcase name="Leptos Motion Library - Comprehensive E2E Tests › 5. Gesture Tests › Touch Gesture Support" classname="tests/e2e/comprehensive_e2e_test.spec.ts" time="1.121">
<failure message="comprehensive_e2e_test.spec.ts:263:9 Touch Gesture Support" type="FAILURE">
<![CDATA[  [firefox] › tests/e2e/comprehensive_e2e_test.spec.ts:263:9 › Leptos Motion Library - Comprehensive E2E Tests › 5. Gesture Tests › Touch Gesture Support 

    Error: page.goto: NS_ERROR_CONNECTION_REFUSED
    Call log:
      - navigating to "http://localhost:8086/", waiting until "load"


      262 |
      263 |     test('Touch Gesture Support', async ({ page }) => {
    > 264 |       await page.goto(DEMO_URLS.newSimple);
          |                  ^
      265 |       await waitForWasmInit(page);
      266 |
      267 |       // Set mobile viewport
        at /Users/peterhanssens/consulting/Leptos/leptos-motion/tests/e2e/comprehensive_e2e_test.spec.ts:264:18

    attachment #1: screenshot (image/png) ──────────────────────────────────────────────────────────
    test-results/tests-e2e-comprehensive_e2-26d23-Tests-Touch-Gesture-Support-firefox/test-failed-1.png
    ────────────────────────────────────────────────────────────────────────────────────────────────

    attachment #2: video (video/webm) ──────────────────────────────────────────────────────────────
    test-results/tests-e2e-comprehensive_e2-26d23-Tests-Touch-Gesture-Support-firefox/video.webm
    ────────────────────────────────────────────────────────────────────────────────────────────────

    Error Context: test-results/tests-e2e-comprehensive_e2-26d23-Tests-Touch-Gesture-Support-firefox/error-context.md
]]>
</failure>
<system-out>
<![CDATA[
[[ATTACHMENT|test-results/tests-e2e-comprehensive_e2-26d23-Tests-Touch-Gesture-Support-firefox/test-failed-1.png]]

[[ATTACHMENT|test-results/tests-e2e-comprehensive_e2-26d23-Tests-Touch-Gesture-Support-firefox/video.webm]]

[[ATTACHMENT|test-results/tests-e2e-comprehensive_e2-26d23-Tests-Touch-Gesture-Support-firefox/error-context.md]]
]]>
</system-out>
</testcase>
<testcase name="Leptos Motion Library - Comprehensive E2E Tests › 6. Layout Animation Tests › Resize Animation" classname="tests/e2e/comprehensive_e2e_test.spec.ts" time="1.101">
<failure message="comprehensive_e2e_test.spec.ts:282:9 Resize Animation" type="FAILURE">
<![CDATA[  [firefox] › tests/e2e/comprehensive_e2e_test.spec.ts:282:9 › Leptos Motion Library - Comprehensive E2E Tests › 6. Layout Animation Tests › Resize Animation 

    Error: page.goto: NS_ERROR_CONNECTION_REFUSED
    Call log:
      - navigating to "http://localhost:8086/", waiting until "load"


      281 |   test.describe('6. Layout Animation Tests', () => {
      282 |     test('Resize Animation', async ({ page }) => {
    > 283 |       await page.goto(DEMO_URLS.newSimple);
          |                  ^
      284 |       await waitForWasmInit(page);
      285 |
      286 |       // Test viewport resize
        at /Users/peterhanssens/consulting/Leptos/leptos-motion/tests/e2e/comprehensive_e2e_test.spec.ts:283:18

    attachment #1: screenshot (image/png) ──────────────────────────────────────────────────────────
    test-results/tests-e2e-comprehensive_e2-14fad-tion-Tests-Resize-Animation-firefox/test-failed-1.png
    ────────────────────────────────────────────────────────────────────────────────────────────────

    attachment #2: video (video/webm) ──────────────────────────────────────────────────────────────
    test-results/tests-e2e-comprehensive_e2-14fad-tion-Tests-Resize-Animation-firefox/video.webm
    ────────────────────────────────────────────────────────────────────────────────────────────────

    Error Context: test-results/tests-e2e-comprehensive_e2-14fad-tion-Tests-Resize-Animation-firefox/error-context.md
]]>
</failure>
<system-out>
<![CDATA[
[[ATTACHMENT|test-results/tests-e2e-comprehensive_e2-14fad-tion-Tests-Resize-Animation-firefox/test-failed-1.png]]

[[ATTACHMENT|test-results/tests-e2e-comprehensive_e2-14fad-tion-Tests-Resize-Animation-firefox/video.webm]]

[[ATTACHMENT|test-results/tests-e2e-comprehensive_e2-14fad-tion-Tests-Resize-Animation-firefox/error-context.md]]
]]>
</system-out>
</testcase>
<testcase name="Leptos Motion Library - Comprehensive E2E Tests › 6. Layout Animation Tests › Layout Shift Animation" classname="tests/e2e/comprehensive_e2e_test.spec.ts" time="0.993">
<failure message="comprehensive_e2e_test.spec.ts:300:9 Layout Shift Animation" type="FAILURE">
<![CDATA[  [firefox] › tests/e2e/comprehensive_e2e_test.spec.ts:300:9 › Leptos Motion Library - Comprehensive E2E Tests › 6. Layout Animation Tests › Layout Shift Animation 

    Error: page.goto: NS_ERROR_CONNECTION_REFUSED
    Call log:
      - navigating to "http://localhost:8086/", waiting until "load"


      299 |
      300 |     test('Layout Shift Animation', async ({ page }) => {
    > 301 |       await page.goto(DEMO_URLS.newSimple);
          |                  ^
      302 |       await waitForWasmInit(page);
      303 |
      304 |       // Trigger layout changes
        at /Users/peterhanssens/consulting/Leptos/leptos-motion/tests/e2e/comprehensive_e2e_test.spec.ts:301:18

    attachment #1: screenshot (image/png) ──────────────────────────────────────────────────────────
    test-results/tests-e2e-comprehensive_e2-0b4f0-ests-Layout-Shift-Animation-firefox/test-failed-1.png
    ────────────────────────────────────────────────────────────────────────────────────────────────

    attachment #2: video (video/webm) ──────────────────────────────────────────────────────────────
    test-results/tests-e2e-comprehensive_e2-0b4f0-ests-Layout-Shift-Animation-firefox/video.webm
    ────────────────────────────────────────────────────────────────────────────────────────────────

    Error Context: test-results/tests-e2e-comprehensive_e2-0b4f0-ests-Layout-Shift-Animation-firefox/error-context.md
]]>
</failure>
<system-out>
<![CDATA[
[[ATTACHMENT|test-results/tests-e2e-comprehensive_e2-0b4f0-ests-Layout-Shift-Animation-firefox/test-failed-1.png]]

[[ATTACHMENT|test-results/tests-e2e-comprehensive_e2-0b4f0-ests-Layout-Shift-Animation-firefox/video.webm]]

[[ATTACHMENT|test-results/tests-e2e-comprehensive_e2-0b4f0-ests-Layout-Shift-Animation-firefox/error-context.md]]
]]>
</system-out>
</testcase>
<testcase name="Leptos Motion Library - Comprehensive E2E Tests › 7. Timeline Sequences Tests › Stagger Animation" classname="tests/e2e/comprehensive_e2e_test.spec.ts" time="1.03">
<failure message="comprehensive_e2e_test.spec.ts:316:9 Stagger Animation" type="FAILURE">
<![CDATA[  [firefox] › tests/e2e/comprehensive_e2e_test.spec.ts:316:9 › Leptos Motion Library - Comprehensive E2E Tests › 7. Timeline Sequences Tests › Stagger Animation 

    Error: page.goto: NS_ERROR_CONNECTION_REFUSED
    Call log:
      - navigating to "http://localhost:8086/", waiting until "load"


      315 |   test.describe('7. Timeline Sequences Tests', () => {
      316 |     test('Stagger Animation', async ({ page }) => {
    > 317 |       await page.goto(DEMO_URLS.newSimple);
          |                  ^
      318 |       await waitForWasmInit(page);
      319 |
      320 |       // Look for multiple animated elements
        at /Users/peterhanssens/consulting/Leptos/leptos-motion/tests/e2e/comprehensive_e2e_test.spec.ts:317:18

    attachment #1: screenshot (image/png) ──────────────────────────────────────────────────────────
    test-results/tests-e2e-comprehensive_e2-e9bf9-ces-Tests-Stagger-Animation-firefox/test-failed-1.png
    ────────────────────────────────────────────────────────────────────────────────────────────────

    attachment #2: video (video/webm) ──────────────────────────────────────────────────────────────
    test-results/tests-e2e-comprehensive_e2-e9bf9-ces-Tests-Stagger-Animation-firefox/video.webm
    ────────────────────────────────────────────────────────────────────────────────────────────────

    Error Context: test-results/tests-e2e-comprehensive_e2-e9bf9-ces-Tests-Stagger-Animation-firefox/error-context.md
]]>
</failure>
<system-out>
<![CDATA[
[[ATTACHMENT|test-results/tests-e2e-comprehensive_e2-e9bf9-ces-Tests-Stagger-Animation-firefox/test-failed-1.png]]

[[ATTACHMENT|test-results/tests-e2e-comprehensive_e2-e9bf9-ces-Tests-Stagger-Animation-firefox/video.webm]]

[[ATTACHMENT|test-results/tests-e2e-comprehensive_e2-e9bf9-ces-Tests-Stagger-Animation-firefox/error-context.md]]
]]>
</system-out>
</testcase>
<testcase name="Leptos Motion Library - Comprehensive E2E Tests › 7. Timeline Sequences Tests › Sequence Animation" classname="tests/e2e/comprehensive_e2e_test.spec.ts" time="1.001">
<failure message="comprehensive_e2e_test.spec.ts:331:9 Sequence Animation" type="FAILURE">
<![CDATA[  [firefox] › tests/e2e/comprehensive_e2e_test.spec.ts:331:9 › Leptos Motion Library - Comprehensive E2E Tests › 7. Timeline Sequences Tests › Sequence Animation 

    Error: page.goto: NS_ERROR_CONNECTION_REFUSED
    Call log:
      - navigating to "http://localhost:8086/", waiting until "load"


      330 |
      331 |     test('Sequence Animation', async ({ page }) => {
    > 332 |       await page.goto(DEMO_URLS.newSimple);
          |                  ^
      333 |       await waitForWasmInit(page);
      334 |
      335 |       // Trigger sequence animations
        at /Users/peterhanssens/consulting/Leptos/leptos-motion/tests/e2e/comprehensive_e2e_test.spec.ts:332:18

    attachment #1: screenshot (image/png) ──────────────────────────────────────────────────────────
    test-results/tests-e2e-comprehensive_e2-709e8-es-Tests-Sequence-Animation-firefox/test-failed-1.png
    ────────────────────────────────────────────────────────────────────────────────────────────────

    attachment #2: video (video/webm) ──────────────────────────────────────────────────────────────
    test-results/tests-e2e-comprehensive_e2-709e8-es-Tests-Sequence-Animation-firefox/video.webm
    ────────────────────────────────────────────────────────────────────────────────────────────────

    Error Context: test-results/tests-e2e-comprehensive_e2-709e8-es-Tests-Sequence-Animation-firefox/error-context.md
]]>
</failure>
<system-out>
<![CDATA[
[[ATTACHMENT|test-results/tests-e2e-comprehensive_e2-709e8-es-Tests-Sequence-Animation-firefox/test-failed-1.png]]

[[ATTACHMENT|test-results/tests-e2e-comprehensive_e2-709e8-es-Tests-Sequence-Animation-firefox/video.webm]]

[[ATTACHMENT|test-results/tests-e2e-comprehensive_e2-709e8-es-Tests-Sequence-Animation-firefox/error-context.md]]
]]>
</system-out>
</testcase>
<testcase name="Leptos Motion Library - Comprehensive E2E Tests › 8. Spring Physics Tests › Spring Animation" classname="tests/e2e/comprehensive_e2e_test.spec.ts" time="0.952">
<failure message="comprehensive_e2e_test.spec.ts:349:9 Spring Animation" type="FAILURE">
<![CDATA[  [firefox] › tests/e2e/comprehensive_e2e_test.spec.ts:349:9 › Leptos Motion Library - Comprehensive E2E Tests › 8. Spring Physics Tests › Spring Animation 

    Error: page.goto: NS_ERROR_CONNECTION_REFUSED
    Call log:
      - navigating to "http://localhost:8086/", waiting until "load"


      348 |   test.describe('8. Spring Physics Tests', () => {
      349 |     test('Spring Animation', async ({ page }) => {
    > 350 |       await page.goto(DEMO_URLS.newSimple);
          |                  ^
      351 |       await waitForWasmInit(page);
      352 |
      353 |       // Check for spring-like animations
        at /Users/peterhanssens/consulting/Leptos/leptos-motion/tests/e2e/comprehensive_e2e_test.spec.ts:350:18

    attachment #1: screenshot (image/png) ──────────────────────────────────────────────────────────
    test-results/tests-e2e-comprehensive_e2-cc3c7-sics-Tests-Spring-Animation-firefox/test-failed-1.png
    ────────────────────────────────────────────────────────────────────────────────────────────────

    attachment #2: video (video/webm) ──────────────────────────────────────────────────────────────
    test-results/tests-e2e-comprehensive_e2-cc3c7-sics-Tests-Spring-Animation-firefox/video.webm
    ────────────────────────────────────────────────────────────────────────────────────────────────

    Error Context: test-results/tests-e2e-comprehensive_e2-cc3c7-sics-Tests-Spring-Animation-firefox/error-context.md
]]>
</failure>
<system-out>
<![CDATA[
[[ATTACHMENT|test-results/tests-e2e-comprehensive_e2-cc3c7-sics-Tests-Spring-Animation-firefox/test-failed-1.png]]

[[ATTACHMENT|test-results/tests-e2e-comprehensive_e2-cc3c7-sics-Tests-Spring-Animation-firefox/video.webm]]

[[ATTACHMENT|test-results/tests-e2e-comprehensive_e2-cc3c7-sics-Tests-Spring-Animation-firefox/error-context.md]]
]]>
</system-out>
</testcase>
<testcase name="Leptos Motion Library - Comprehensive E2E Tests › 8. Spring Physics Tests › Velocity-based Animation" classname="tests/e2e/comprehensive_e2e_test.spec.ts" time="1.084">
<failure message="comprehensive_e2e_test.spec.ts:364:9 Velocity-based Animation" type="FAILURE">
<![CDATA[  [firefox] › tests/e2e/comprehensive_e2e_test.spec.ts:364:9 › Leptos Motion Library - Comprehensive E2E Tests › 8. Spring Physics Tests › Velocity-based Animation 

    Error: page.goto: NS_ERROR_CONNECTION_REFUSED
    Call log:
      - navigating to "http://localhost:8086/", waiting until "load"


      363 |
      364 |     test('Velocity-based Animation', async ({ page }) => {
    > 365 |       await page.goto(DEMO_URLS.newSimple);
          |                  ^
      366 |       await waitForWasmInit(page);
      367 |
      368 |       // Test rapid interactions
        at /Users/peterhanssens/consulting/Leptos/leptos-motion/tests/e2e/comprehensive_e2e_test.spec.ts:365:18

    attachment #1: screenshot (image/png) ──────────────────────────────────────────────────────────
    test-results/tests-e2e-comprehensive_e2-c67f9-ts-Velocity-based-Animation-firefox/test-failed-1.png
    ────────────────────────────────────────────────────────────────────────────────────────────────

    attachment #2: video (video/webm) ──────────────────────────────────────────────────────────────
    test-results/tests-e2e-comprehensive_e2-c67f9-ts-Velocity-based-Animation-firefox/video.webm
    ────────────────────────────────────────────────────────────────────────────────────────────────

    Error Context: test-results/tests-e2e-comprehensive_e2-c67f9-ts-Velocity-based-Animation-firefox/error-context.md
]]>
</failure>
<system-out>
<![CDATA[
[[ATTACHMENT|test-results/tests-e2e-comprehensive_e2-c67f9-ts-Velocity-based-Animation-firefox/test-failed-1.png]]

[[ATTACHMENT|test-results/tests-e2e-comprehensive_e2-c67f9-ts-Velocity-based-Animation-firefox/video.webm]]

[[ATTACHMENT|test-results/tests-e2e-comprehensive_e2-c67f9-ts-Velocity-based-Animation-firefox/error-context.md]]
]]>
</system-out>
</testcase>
<testcase name="Leptos Motion Library - Comprehensive E2E Tests › 9. Performance Tests › 60 FPS Performance Check" classname="tests/e2e/comprehensive_e2e_test.spec.ts" time="1.156">
<failure message="comprehensive_e2e_test.spec.ts:384:9 60 FPS Performance Check" type="FAILURE">
<![CDATA[  [firefox] › tests/e2e/comprehensive_e2e_test.spec.ts:384:9 › Leptos Motion Library - Comprehensive E2E Tests › 9. Performance Tests › 60 FPS Performance Check 

    Error: page.goto: NS_ERROR_CONNECTION_REFUSED
    Call log:
      - navigating to "http://localhost:8086/", waiting until "load"


      383 |   test.describe('9. Performance Tests', () => {
      384 |     test('60 FPS Performance Check', async ({ page }) => {
    > 385 |       await page.goto(DEMO_URLS.newSimple);
          |                  ^
      386 |       await waitForWasmInit(page);
      387 |
      388 |       // Monitor performance during animations
        at /Users/peterhanssens/consulting/Leptos/leptos-motion/tests/e2e/comprehensive_e2e_test.spec.ts:385:18

    attachment #1: screenshot (image/png) ──────────────────────────────────────────────────────────
    test-results/tests-e2e-comprehensive_e2-3a598-ts-60-FPS-Performance-Check-firefox/test-failed-1.png
    ────────────────────────────────────────────────────────────────────────────────────────────────

    attachment #2: video (video/webm) ──────────────────────────────────────────────────────────────
    test-results/tests-e2e-comprehensive_e2-3a598-ts-60-FPS-Performance-Check-firefox/video.webm
    ────────────────────────────────────────────────────────────────────────────────────────────────

    Error Context: test-results/tests-e2e-comprehensive_e2-3a598-ts-60-FPS-Performance-Check-firefox/error-context.md
]]>
</failure>
<system-out>
<![CDATA[
[[ATTACHMENT|test-results/tests-e2e-comprehensive_e2-3a598-ts-60-FPS-Performance-Check-firefox/test-failed-1.png]]

[[ATTACHMENT|test-results/tests-e2e-comprehensive_e2-3a598-ts-60-FPS-Performance-Check-firefox/video.webm]]

[[ATTACHMENT|test-results/tests-e2e-comprehensive_e2-3a598-ts-60-FPS-Performance-Check-firefox/error-context.md]]
]]>
</system-out>
</testcase>
<testcase name="Leptos Motion Library - Comprehensive E2E Tests › 9. Performance Tests › Memory Usage Check" classname="tests/e2e/comprehensive_e2e_test.spec.ts" time="1.204">
<failure message="comprehensive_e2e_test.spec.ts:411:9 Memory Usage Check" type="FAILURE">
<![CDATA[  [firefox] › tests/e2e/comprehensive_e2e_test.spec.ts:411:9 › Leptos Motion Library - Comprehensive E2E Tests › 9. Performance Tests › Memory Usage Check 

    Error: page.goto: NS_ERROR_CONNECTION_REFUSED
    Call log:
      - navigating to "http://localhost:8086/", waiting until "load"


      410 |
      411 |     test('Memory Usage Check', async ({ page }) => {
    > 412 |       await page.goto(DEMO_URLS.newSimple);
          |                  ^
      413 |       await waitForWasmInit(page);
      414 |
      415 |       // Check memory usage
        at /Users/peterhanssens/consulting/Leptos/leptos-motion/tests/e2e/comprehensive_e2e_test.spec.ts:412:18

    attachment #1: screenshot (image/png) ──────────────────────────────────────────────────────────
    test-results/tests-e2e-comprehensive_e2-2f51d-ce-Tests-Memory-Usage-Check-firefox/test-failed-1.png
    ────────────────────────────────────────────────────────────────────────────────────────────────

    attachment #2: video (video/webm) ──────────────────────────────────────────────────────────────
    test-results/tests-e2e-comprehensive_e2-2f51d-ce-Tests-Memory-Usage-Check-firefox/video.webm
    ────────────────────────────────────────────────────────────────────────────────────────────────

    Error Context: test-results/tests-e2e-comprehensive_e2-2f51d-ce-Tests-Memory-Usage-Check-firefox/error-context.md
]]>
</failure>
<system-out>
<![CDATA[
[[ATTACHMENT|test-results/tests-e2e-comprehensive_e2-2f51d-ce-Tests-Memory-Usage-Check-firefox/test-failed-1.png]]

[[ATTACHMENT|test-results/tests-e2e-comprehensive_e2-2f51d-ce-Tests-Memory-Usage-Check-firefox/video.webm]]

[[ATTACHMENT|test-results/tests-e2e-comprehensive_e2-2f51d-ce-Tests-Memory-Usage-Check-firefox/error-context.md]]
]]>
</system-out>
</testcase>
<testcase name="Leptos Motion Library - Comprehensive E2E Tests › 9. Performance Tests › Load Time Performance" classname="tests/e2e/comprehensive_e2e_test.spec.ts" time="1.298">
<failure message="comprehensive_e2e_test.spec.ts:430:9 Load Time Performance" type="FAILURE">
<![CDATA[  [firefox] › tests/e2e/comprehensive_e2e_test.spec.ts:430:9 › Leptos Motion Library - Comprehensive E2E Tests › 9. Performance Tests › Load Time Performance 

    Error: page.goto: NS_ERROR_CONNECTION_REFUSED
    Call log:
      - navigating to "http://localhost:8086/", waiting until "load"


      430 |     test('Load Time Performance', async ({ page }) => {
      431 |       const startTime = Date.now();
    > 432 |       await page.goto(DEMO_URLS.newSimple);
          |                  ^
      433 |       await waitForWasmInit(page);
      434 |       const loadTime = Date.now() - startTime;
      435 |
        at /Users/peterhanssens/consulting/Leptos/leptos-motion/tests/e2e/comprehensive_e2e_test.spec.ts:432:18

    attachment #1: screenshot (image/png) ──────────────────────────────────────────────────────────
    test-results/tests-e2e-comprehensive_e2-b9f2a-Tests-Load-Time-Performance-firefox/test-failed-1.png
    ────────────────────────────────────────────────────────────────────────────────────────────────

    attachment #2: video (video/webm) ──────────────────────────────────────────────────────────────
    test-results/tests-e2e-comprehensive_e2-b9f2a-Tests-Load-Time-Performance-firefox/video.webm
    ────────────────────────────────────────────────────────────────────────────────────────────────

    Error Context: test-results/tests-e2e-comprehensive_e2-b9f2a-Tests-Load-Time-Performance-firefox/error-context.md
]]>
</failure>
<system-out>
<![CDATA[
[[ATTACHMENT|test-results/tests-e2e-comprehensive_e2-b9f2a-Tests-Load-Time-Performance-firefox/test-failed-1.png]]

[[ATTACHMENT|test-results/tests-e2e-comprehensive_e2-b9f2a-Tests-Load-Time-Performance-firefox/video.webm]]

[[ATTACHMENT|test-results/tests-e2e-comprehensive_e2-b9f2a-Tests-Load-Time-Performance-firefox/error-context.md]]
]]>
</system-out>
</testcase>
<testcase name="Leptos Motion Library - Comprehensive E2E Tests › 10. Cross-Browser Compatibility › Chrome Compatibility" classname="tests/e2e/comprehensive_e2e_test.spec.ts" time="1.084">
<failure message="comprehensive_e2e_test.spec.ts:443:9 Chrome Compatibility" type="FAILURE">
<![CDATA[  [firefox] › tests/e2e/comprehensive_e2e_test.spec.ts:443:9 › Leptos Motion Library - Comprehensive E2E Tests › 10. Cross-Browser Compatibility › Chrome Compatibility 

    Error: page.goto: NS_ERROR_CONNECTION_REFUSED
    Call log:
      - navigating to "http://localhost:8086/", waiting until "load"


      442 |   test.describe('10. Cross-Browser Compatibility', () => {
      443 |     test('Chrome Compatibility', async ({ page }) => {
    > 444 |       await page.goto(DEMO_URLS.newSimple);
          |                  ^
      445 |       await waitForWasmInit(page);
      446 |
      447 |       const elements = page.locator('div');
        at /Users/peterhanssens/consulting/Leptos/leptos-motion/tests/e2e/comprehensive_e2e_test.spec.ts:444:18

    attachment #1: screenshot (image/png) ──────────────────────────────────────────────────────────
    test-results/tests-e2e-comprehensive_e2-8e094-bility-Chrome-Compatibility-firefox/test-failed-1.png
    ────────────────────────────────────────────────────────────────────────────────────────────────

    attachment #2: video (video/webm) ──────────────────────────────────────────────────────────────
    test-results/tests-e2e-comprehensive_e2-8e094-bility-Chrome-Compatibility-firefox/video.webm
    ────────────────────────────────────────────────────────────────────────────────────────────────

    Error Context: test-results/tests-e2e-comprehensive_e2-8e094-bility-Chrome-Compatibility-firefox/error-context.md
]]>
</failure>
<system-out>
<![CDATA[
[[ATTACHMENT|test-results/tests-e2e-comprehensive_e2-8e094-bility-Chrome-Compatibility-firefox/test-failed-1.png]]

[[ATTACHMENT|test-results/tests-e2e-comprehensive_e2-8e094-bility-Chrome-Compatibility-firefox/video.webm]]

[[ATTACHMENT|test-results/tests-e2e-comprehensive_e2-8e094-bility-Chrome-Compatibility-firefox/error-context.md]]
]]>
</system-out>
</testcase>
<testcase name="Leptos Motion Library - Comprehensive E2E Tests › 11. Integration Tests › Leptos Signals Integration" classname="tests/e2e/comprehensive_e2e_test.spec.ts" time="1.069">
<failure message="comprehensive_e2e_test.spec.ts:455:9 Leptos Signals Integration" type="FAILURE">
<![CDATA[  [firefox] › tests/e2e/comprehensive_e2e_test.spec.ts:455:9 › Leptos Motion Library - Comprehensive E2E Tests › 11. Integration Tests › Leptos Signals Integration 

    Error: page.goto: NS_ERROR_CONNECTION_REFUSED
    Call log:
      - navigating to "http://localhost:8086/", waiting until "load"


      454 |   test.describe('11. Integration Tests', () => {
      455 |     test('Leptos Signals Integration', async ({ page }) => {
    > 456 |       await page.goto(DEMO_URLS.newSimple);
          |                  ^
      457 |       await waitForWasmInit(page);
      458 |
      459 |       // Test signal-based reactivity
        at /Users/peterhanssens/consulting/Leptos/leptos-motion/tests/e2e/comprehensive_e2e_test.spec.ts:456:18

    attachment #1: screenshot (image/png) ──────────────────────────────────────────────────────────
    test-results/tests-e2e-comprehensive_e2-ff647--Leptos-Signals-Integration-firefox/test-failed-1.png
    ────────────────────────────────────────────────────────────────────────────────────────────────

    attachment #2: video (video/webm) ──────────────────────────────────────────────────────────────
    test-results/tests-e2e-comprehensive_e2-ff647--Leptos-Signals-Integration-firefox/video.webm
    ────────────────────────────────────────────────────────────────────────────────────────────────

    Error Context: test-results/tests-e2e-comprehensive_e2-ff647--Leptos-Signals-Integration-firefox/error-context.md
]]>
</failure>
<system-out>
<![CDATA[
[[ATTACHMENT|test-results/tests-e2e-comprehensive_e2-ff647--Leptos-Signals-Integration-firefox/test-failed-1.png]]

[[ATTACHMENT|test-results/tests-e2e-comprehensive_e2-ff647--Leptos-Signals-Integration-firefox/video.webm]]

[[ATTACHMENT|test-results/tests-e2e-comprehensive_e2-ff647--Leptos-Signals-Integration-firefox/error-context.md]]
]]>
</system-out>
</testcase>
<testcase name="Leptos Motion Library - Comprehensive E2E Tests › 11. Integration Tests › SSR Compatibility" classname="tests/e2e/comprehensive_e2e_test.spec.ts" time="1.065">
<failure message="comprehensive_e2e_test.spec.ts:473:9 SSR Compatibility" type="FAILURE">
<![CDATA[  [firefox] › tests/e2e/comprehensive_e2e_test.spec.ts:473:9 › Leptos Motion Library - Comprehensive E2E Tests › 11. Integration Tests › SSR Compatibility 

    Error: page.goto: NS_ERROR_CONNECTION_REFUSED
    Call log:
      - navigating to "http://localhost:8086/", waiting until "load"


      472 |
      473 |     test('SSR Compatibility', async ({ page }) => {
    > 474 |       await page.goto(DEMO_URLS.newSimple);
          |                  ^
      475 |       await waitForWasmInit(page);
      476 |
      477 |       // Check for hydration
        at /Users/peterhanssens/consulting/Leptos/leptos-motion/tests/e2e/comprehensive_e2e_test.spec.ts:474:18

    attachment #1: screenshot (image/png) ──────────────────────────────────────────────────────────
    test-results/tests-e2e-comprehensive_e2-13adb-ion-Tests-SSR-Compatibility-firefox/test-failed-1.png
    ────────────────────────────────────────────────────────────────────────────────────────────────

    attachment #2: video (video/webm) ──────────────────────────────────────────────────────────────
    test-results/tests-e2e-comprehensive_e2-13adb-ion-Tests-SSR-Compatibility-firefox/video.webm
    ────────────────────────────────────────────────────────────────────────────────────────────────

    Error Context: test-results/tests-e2e-comprehensive_e2-13adb-ion-Tests-SSR-Compatibility-firefox/error-context.md
]]>
</failure>
<system-out>
<![CDATA[
[[ATTACHMENT|test-results/tests-e2e-comprehensive_e2-13adb-ion-Tests-SSR-Compatibility-firefox/test-failed-1.png]]

[[ATTACHMENT|test-results/tests-e2e-comprehensive_e2-13adb-ion-Tests-SSR-Compatibility-firefox/video.webm]]

[[ATTACHMENT|test-results/tests-e2e-comprehensive_e2-13adb-ion-Tests-SSR-Compatibility-firefox/error-context.md]]
]]>
</system-out>
</testcase>
<testcase name="Leptos Motion Library - Comprehensive E2E Tests › 11. Integration Tests › Error Handling" classname="tests/e2e/comprehensive_e2e_test.spec.ts" time="1.085">
<failure message="comprehensive_e2e_test.spec.ts:484:9 Error Handling" type="FAILURE">
<![CDATA[  [firefox] › tests/e2e/comprehensive_e2e_test.spec.ts:484:9 › Leptos Motion Library - Comprehensive E2E Tests › 11. Integration Tests › Error Handling 

    Error: page.goto: NS_ERROR_CONNECTION_REFUSED
    Call log:
      - navigating to "http://localhost:8086/", waiting until "load"


      483 |
      484 |     test('Error Handling', async ({ page }) => {
    > 485 |       await page.goto(DEMO_URLS.newSimple);
          |                  ^
      486 |       await waitForWasmInit(page);
      487 |
      488 |       // Check for console errors
        at /Users/peterhanssens/consulting/Leptos/leptos-motion/tests/e2e/comprehensive_e2e_test.spec.ts:485:18

    attachment #1: screenshot (image/png) ──────────────────────────────────────────────────────────
    test-results/tests-e2e-comprehensive_e2-86124-ration-Tests-Error-Handling-firefox/test-failed-1.png
    ────────────────────────────────────────────────────────────────────────────────────────────────

    attachment #2: video (video/webm) ──────────────────────────────────────────────────────────────
    test-results/tests-e2e-comprehensive_e2-86124-ration-Tests-Error-Handling-firefox/video.webm
    ────────────────────────────────────────────────────────────────────────────────────────────────

    Error Context: test-results/tests-e2e-comprehensive_e2-86124-ration-Tests-Error-Handling-firefox/error-context.md
]]>
</failure>
<system-out>
<![CDATA[
[[ATTACHMENT|test-results/tests-e2e-comprehensive_e2-86124-ration-Tests-Error-Handling-firefox/test-failed-1.png]]

[[ATTACHMENT|test-results/tests-e2e-comprehensive_e2-86124-ration-Tests-Error-Handling-firefox/video.webm]]

[[ATTACHMENT|test-results/tests-e2e-comprehensive_e2-86124-ration-Tests-Error-Handling-firefox/error-context.md]]
]]>
</system-out>
</testcase>
<testcase name="Leptos Motion Library - Comprehensive E2E Tests › 12. Feature Parity Tests › Motion.dev Feature Comparison" classname="tests/e2e/comprehensive_e2e_test.spec.ts" time="1.211">
<failure message="comprehensive_e2e_test.spec.ts:509:9 Motion.dev Feature Comparison" type="FAILURE">
<![CDATA[  [firefox] › tests/e2e/comprehensive_e2e_test.spec.ts:509:9 › Leptos Motion Library - Comprehensive E2E Tests › 12. Feature Parity Tests › Motion.dev Feature Comparison 

    Error: page.goto: NS_ERROR_CONNECTION_REFUSED
    Call log:
      - navigating to "http://localhost:8086/", waiting until "load"


      508 |   test.describe('12. Feature Parity Tests', () => {
      509 |     test('Motion.dev Feature Comparison', async ({ page }) => {
    > 510 |       await page.goto(DEMO_URLS.newSimple);
          |                  ^
      511 |       await waitForWasmInit(page);
      512 |
      513 |       // Test key features that should match motion.dev capabilities
        at /Users/peterhanssens/consulting/Leptos/leptos-motion/tests/e2e/comprehensive_e2e_test.spec.ts:510:18

    attachment #1: screenshot (image/png) ──────────────────────────────────────────────────────────
    test-results/tests-e2e-comprehensive_e2-1107d-tion-dev-Feature-Comparison-firefox/test-failed-1.png
    ────────────────────────────────────────────────────────────────────────────────────────────────

    attachment #2: video (video/webm) ──────────────────────────────────────────────────────────────
    test-results/tests-e2e-comprehensive_e2-1107d-tion-dev-Feature-Comparison-firefox/video.webm
    ────────────────────────────────────────────────────────────────────────────────────────────────

    Error Context: test-results/tests-e2e-comprehensive_e2-1107d-tion-dev-Feature-Comparison-firefox/error-context.md
]]>
</failure>
<system-out>
<![CDATA[
[[ATTACHMENT|test-results/tests-e2e-comprehensive_e2-1107d-tion-dev-Feature-Comparison-firefox/test-failed-1.png]]

[[ATTACHMENT|test-results/tests-e2e-comprehensive_e2-1107d-tion-dev-Feature-Comparison-firefox/video.webm]]

[[ATTACHMENT|test-results/tests-e2e-comprehensive_e2-1107d-tion-dev-Feature-Comparison-firefox/error-context.md]]
]]>
</system-out>
</testcase>
</testsuite>
<testsuite name="tests/e2e/fixed_demo_test.spec.ts" timestamp="2025-10-04T13:01:09.445Z" hostname="firefox" tests="2" failures="2" skipped="0" time="2.417" errors="0">
<testcase name="Fixed ReactiveMotionDiv Demo Test › should load and display the fixed demo correctly" classname="tests/e2e/fixed_demo_test.spec.ts" time="1.321">
<failure message="fixed_demo_test.spec.ts:4:7 should load and display the fixed demo correctly" type="FAILURE">
<![CDATA[  [firefox] › tests/e2e/fixed_demo_test.spec.ts:4:7 › Fixed ReactiveMotionDiv Demo Test › should load and display the fixed demo correctly 

    Error: page.goto: NS_ERROR_CONNECTION_REFUSED
    Call log:
      - navigating to "http://localhost:8080/simple.html", waiting until "load"


       9 |
      10 |     // Go to the simple demo
    > 11 |     await page.goto('http://localhost:8080/simple.html');
         |                ^
      12 |
      13 |     // Wait for the page to load
      14 |     await page.waitForLoadState('networkidle');
        at /Users/peterhanssens/consulting/Leptos/leptos-motion/tests/e2e/fixed_demo_test.spec.ts:11:16

    attachment #1: screenshot (image/png) ──────────────────────────────────────────────────────────
    test-results/tests-e2e-fixed_demo_test--62538-ay-the-fixed-demo-correctly-firefox/test-failed-1.png
    ────────────────────────────────────────────────────────────────────────────────────────────────

    attachment #2: video (video/webm) ──────────────────────────────────────────────────────────────
    test-results/tests-e2e-fixed_demo_test--62538-ay-the-fixed-demo-correctly-firefox/video.webm
    ────────────────────────────────────────────────────────────────────────────────────────────────

    Error Context: test-results/tests-e2e-fixed_demo_test--62538-ay-the-fixed-demo-correctly-firefox/error-context.md
]]>
</failure>
<system-out>
<![CDATA[
[[ATTACHMENT|test-results/tests-e2e-fixed_demo_test--62538-ay-the-fixed-demo-correctly-firefox/test-failed-1.png]]

[[ATTACHMENT|test-results/tests-e2e-fixed_demo_test--62538-ay-the-fixed-demo-correctly-firefox/video.webm]]

[[ATTACHMENT|test-results/tests-e2e-fixed_demo_test--62538-ay-the-fixed-demo-correctly-firefox/error-context.md]]
]]>
</system-out>
</testcase>
<testcase name="Fixed ReactiveMotionDiv Demo Test › should handle button clicks with fixed component" classname="tests/e2e/fixed_demo_test.spec.ts" time="1.096">
<failure message="fixed_demo_test.spec.ts:42:7 should handle button clicks with fixed component" type="FAILURE">
<![CDATA[  [firefox] › tests/e2e/fixed_demo_test.spec.ts:42:7 › Fixed ReactiveMotionDiv Demo Test › should handle button clicks with fixed component 

    Error: page.goto: NS_ERROR_CONNECTION_REFUSED
    Call log:
      - navigating to "http://localhost:8080/simple.html", waiting until "load"


      45 |     });
      46 |
    > 47 |     await page.goto('http://localhost:8080/simple.html');
         |                ^
      48 |     await page.waitForLoadState('networkidle');
      49 |     await page.waitForTimeout(2000);
      50 |
        at /Users/peterhanssens/consulting/Leptos/leptos-motion/tests/e2e/fixed_demo_test.spec.ts:47:16

    attachment #1: screenshot (image/png) ──────────────────────────────────────────────────────────
    test-results/tests-e2e-fixed_demo_test--d4f09-clicks-with-fixed-component-firefox/test-failed-1.png
    ────────────────────────────────────────────────────────────────────────────────────────────────

    attachment #2: video (video/webm) ──────────────────────────────────────────────────────────────
    test-results/tests-e2e-fixed_demo_test--d4f09-clicks-with-fixed-component-firefox/video.webm
    ────────────────────────────────────────────────────────────────────────────────────────────────

    Error Context: test-results/tests-e2e-fixed_demo_test--d4f09-clicks-with-fixed-component-firefox/error-context.md
]]>
</failure>
<system-out>
<![CDATA[
[[ATTACHMENT|test-results/tests-e2e-fixed_demo_test--d4f09-clicks-with-fixed-component-firefox/test-failed-1.png]]

[[ATTACHMENT|test-results/tests-e2e-fixed_demo_test--d4f09-clicks-with-fixed-component-firefox/video.webm]]

[[ATTACHMENT|test-results/tests-e2e-fixed_demo_test--d4f09-clicks-with-fixed-component-firefox/error-context.md]]
]]>
</system-out>
</testcase>
</testsuite>
<testsuite name="tests/e2e/memoization_test.spec.ts" timestamp="2025-10-04T13:01:09.445Z" hostname="firefox" tests="1" failures="1" skipped="0" time="1.511" errors="0">
<testcase name="Memoization Test › should load and display the memoization test correctly" classname="tests/e2e/memoization_test.spec.ts" time="1.511">
<failure message="memoization_test.spec.ts:4:7 should load and display the memoization test correctly" type="FAILURE">
<![CDATA[  [firefox] › tests/e2e/memoization_test.spec.ts:4:7 › Memoization Test › should load and display the memoization test correctly 

    Error: page.goto: NS_ERROR_CONNECTION_REFUSED
    Call log:
      - navigating to "http://localhost:8080/simple.html", waiting until "load"


      4 |   test('should load and display the memoization test correctly', async ({ page }) => {
      5 |     // Navigate to the demo page
    > 6 |     await page.goto('http://localhost:8080/simple.html');
        |                ^
      7 |
      8 |     // Wait for the WASM module to load and initialize
      9 |     await page.waitForTimeout(3000);
        at /Users/peterhanssens/consulting/Leptos/leptos-motion/tests/e2e/memoization_test.spec.ts:6:16

    attachment #1: screenshot (image/png) ──────────────────────────────────────────────────────────
    test-results/tests-e2e-memoization_test-a3e28--memoization-test-correctly-firefox/test-failed-1.png
    ────────────────────────────────────────────────────────────────────────────────────────────────

    attachment #2: video (video/webm) ──────────────────────────────────────────────────────────────
    test-results/tests-e2e-memoization_test-a3e28--memoization-test-correctly-firefox/video.webm
    ────────────────────────────────────────────────────────────────────────────────────────────────

    Error Context: test-results/tests-e2e-memoization_test-a3e28--memoization-test-correctly-firefox/error-context.md
]]>
</failure>
<system-out>
<![CDATA[
[[ATTACHMENT|test-results/tests-e2e-memoization_test-a3e28--memoization-test-correctly-firefox/test-failed-1.png]]

[[ATTACHMENT|test-results/tests-e2e-memoization_test-a3e28--memoization-test-correctly-firefox/video.webm]]

[[ATTACHMENT|test-results/tests-e2e-memoization_test-a3e28--memoization-test-correctly-firefox/error-context.md]]
]]>
</system-out>
</testcase>
</testsuite>
<testsuite name="tests/e2e/minimal_test.spec.ts" timestamp="2025-10-04T13:01:09.445Z" hostname="firefox" tests="1" failures="1" skipped="0" time="1.526" errors="0">
<testcase name="Minimal Test Demo › should load and display the minimal demo correctly" classname="tests/e2e/minimal_test.spec.ts" time="1.526">
<failure message="minimal_test.spec.ts:4:7 should load and display the minimal demo correctly" type="FAILURE">
<![CDATA[  [firefox] › tests/e2e/minimal_test.spec.ts:4:7 › Minimal Test Demo › should load and display the minimal demo correctly 

    Error: page.goto: NS_ERROR_CONNECTION_REFUSED
    Call log:
      - navigating to "http://localhost:8080/simple.html", waiting until "load"


       9 |
      10 |     // Go to the simple demo
    > 11 |     await page.goto('http://localhost:8080/simple.html');
         |                ^
      12 |
      13 |     // Wait for the page to load
      14 |     await page.waitForLoadState('networkidle');
        at /Users/peterhanssens/consulting/Leptos/leptos-motion/tests/e2e/minimal_test.spec.ts:11:16

    attachment #1: screenshot (image/png) ──────────────────────────────────────────────────────────
    test-results/tests-e2e-minimal_test-Min-1882e--the-minimal-demo-correctly-firefox/test-failed-1.png
    ────────────────────────────────────────────────────────────────────────────────────────────────

    attachment #2: video (video/webm) ──────────────────────────────────────────────────────────────
    test-results/tests-e2e-minimal_test-Min-1882e--the-minimal-demo-correctly-firefox/video.webm
    ────────────────────────────────────────────────────────────────────────────────────────────────

    Error Context: test-results/tests-e2e-minimal_test-Min-1882e--the-minimal-demo-correctly-firefox/error-context.md
]]>
</failure>
<system-out>
<![CDATA[
[[ATTACHMENT|test-results/tests-e2e-minimal_test-Min-1882e--the-minimal-demo-correctly-firefox/test-failed-1.png]]

[[ATTACHMENT|test-results/tests-e2e-minimal_test-Min-1882e--the-minimal-demo-correctly-firefox/video.webm]]

[[ATTACHMENT|test-results/tests-e2e-minimal_test-Min-1882e--the-minimal-demo-correctly-firefox/error-context.md]]
]]>
</system-out>
</testcase>
</testsuite>
<testsuite name="tests/e2e/phase4a_demo_test.spec.ts" timestamp="2025-10-04T13:01:09.445Z" hostname="firefox" tests="4" failures="4" skipped="0" time="7.09" errors="0">
<testcase name="Phase 4A Function-based Props Demo › should load and display the Phase 4A demo correctly" classname="tests/e2e/phase4a_demo_test.spec.ts" time="1.951">
<failure message="phase4a_demo_test.spec.ts:4:7 should load and display the Phase 4A demo correctly" type="FAILURE">
<![CDATA[  [firefox] › tests/e2e/phase4a_demo_test.spec.ts:4:7 › Phase 4A Function-based Props Demo › should load and display the Phase 4A demo correctly 

    Error: page.goto: NS_ERROR_CONNECTION_REFUSED
    Call log:
      - navigating to "http://localhost:8080/simple.html", waiting until "load"


       9 |
      10 |     // Go to the simple demo
    > 11 |     await page.goto('http://localhost:8080/simple.html');
         |                ^
      12 |
      13 |     // Wait for the page to load
      14 |     await page.waitForLoadState('networkidle');
        at /Users/peterhanssens/consulting/Leptos/leptos-motion/tests/e2e/phase4a_demo_test.spec.ts:11:16

    attachment #1: screenshot (image/png) ──────────────────────────────────────────────────────────
    test-results/tests-e2e-phase4a_demo_tes-1fb2c-the-Phase-4A-demo-correctly-firefox/test-failed-1.png
    ────────────────────────────────────────────────────────────────────────────────────────────────

    attachment #2: video (video/webm) ──────────────────────────────────────────────────────────────
    test-results/tests-e2e-phase4a_demo_tes-1fb2c-the-Phase-4A-demo-correctly-firefox/video.webm
    ────────────────────────────────────────────────────────────────────────────────────────────────

    Error Context: test-results/tests-e2e-phase4a_demo_tes-1fb2c-the-Phase-4A-demo-correctly-firefox/error-context.md
]]>
</failure>
<system-out>
<![CDATA[
[[ATTACHMENT|test-results/tests-e2e-phase4a_demo_tes-1fb2c-the-Phase-4A-demo-correctly-firefox/test-failed-1.png]]

[[ATTACHMENT|test-results/tests-e2e-phase4a_demo_tes-1fb2c-the-Phase-4A-demo-correctly-firefox/video.webm]]

[[ATTACHMENT|test-results/tests-e2e-phase4a_demo_tes-1fb2c-the-Phase-4A-demo-correctly-firefox/error-context.md]]
]]>
</system-out>
</testcase>
<testcase name="Phase 4A Function-based Props Demo › should handle counter button clicks" classname="tests/e2e/phase4a_demo_test.spec.ts" time="1.837">
<failure message="phase4a_demo_test.spec.ts:33:7 should handle counter button clicks" type="FAILURE">
<![CDATA[  [firefox] › tests/e2e/phase4a_demo_test.spec.ts:33:7 › Phase 4A Function-based Props Demo › should handle counter button clicks 

    Error: page.goto: NS_ERROR_CONNECTION_REFUSED
    Call log:
      - navigating to "http://localhost:8080/simple.html", waiting until "load"


      38 |
      39 |     // Go to the simple demo
    > 40 |     await page.goto('http://localhost:8080/simple.html');
         |                ^
      41 |
      42 |     // Wait for the page to load
      43 |     await page.waitForLoadState('networkidle');
        at /Users/peterhanssens/consulting/Leptos/leptos-motion/tests/e2e/phase4a_demo_test.spec.ts:40:16

    attachment #1: screenshot (image/png) ──────────────────────────────────────────────────────────
    test-results/tests-e2e-phase4a_demo_tes-5f292-andle-counter-button-clicks-firefox/test-failed-1.png
    ────────────────────────────────────────────────────────────────────────────────────────────────

    attachment #2: video (video/webm) ──────────────────────────────────────────────────────────────
    test-results/tests-e2e-phase4a_demo_tes-5f292-andle-counter-button-clicks-firefox/video.webm
    ────────────────────────────────────────────────────────────────────────────────────────────────

    Error Context: test-results/tests-e2e-phase4a_demo_tes-5f292-andle-counter-button-clicks-firefox/error-context.md
]]>
</failure>
<system-out>
<![CDATA[
[[ATTACHMENT|test-results/tests-e2e-phase4a_demo_tes-5f292-andle-counter-button-clicks-firefox/test-failed-1.png]]

[[ATTACHMENT|test-results/tests-e2e-phase4a_demo_tes-5f292-andle-counter-button-clicks-firefox/video.webm]]

[[ATTACHMENT|test-results/tests-e2e-phase4a_demo_tes-5f292-andle-counter-button-clicks-firefox/error-context.md]]
]]>
</system-out>
</testcase>
<testcase name="Phase 4A Function-based Props Demo › should handle hover interactions" classname="tests/e2e/phase4a_demo_test.spec.ts" time="1.702">
<failure message="phase4a_demo_test.spec.ts:60:7 should handle hover interactions" type="FAILURE">
<![CDATA[  [firefox] › tests/e2e/phase4a_demo_test.spec.ts:60:7 › Phase 4A Function-based Props Demo › should handle hover interactions 

    Error: page.goto: NS_ERROR_CONNECTION_REFUSED
    Call log:
      - navigating to "http://localhost:8080/simple.html", waiting until "load"


      65 |
      66 |     // Go to the simple demo
    > 67 |     await page.goto('http://localhost:8080/simple.html');
         |                ^
      68 |
      69 |     // Wait for the page to load
      70 |     await page.waitForLoadState('networkidle');
        at /Users/peterhanssens/consulting/Leptos/leptos-motion/tests/e2e/phase4a_demo_test.spec.ts:67:16

    attachment #1: screenshot (image/png) ──────────────────────────────────────────────────────────
    test-results/tests-e2e-phase4a_demo_tes-5c6a6-d-handle-hover-interactions-firefox/test-failed-1.png
    ────────────────────────────────────────────────────────────────────────────────────────────────

    attachment #2: video (video/webm) ──────────────────────────────────────────────────────────────
    test-results/tests-e2e-phase4a_demo_tes-5c6a6-d-handle-hover-interactions-firefox/video.webm
    ────────────────────────────────────────────────────────────────────────────────────────────────

    Error Context: test-results/tests-e2e-phase4a_demo_tes-5c6a6-d-handle-hover-interactions-firefox/error-context.md
]]>
</failure>
<system-out>
<![CDATA[
[[ATTACHMENT|test-results/tests-e2e-phase4a_demo_tes-5c6a6-d-handle-hover-interactions-firefox/test-failed-1.png]]

[[ATTACHMENT|test-results/tests-e2e-phase4a_demo_tes-5c6a6-d-handle-hover-interactions-firefox/video.webm]]

[[ATTACHMENT|test-results/tests-e2e-phase4a_demo_tes-5c6a6-d-handle-hover-interactions-firefox/error-context.md]]
]]>
</system-out>
</testcase>
<testcase name="Phase 4A Function-based Props Demo › should handle tap interactions" classname="tests/e2e/phase4a_demo_test.spec.ts" time="1.6">
<failure message="phase4a_demo_test.spec.ts:90:7 should handle tap interactions" type="FAILURE">
<![CDATA[  [firefox] › tests/e2e/phase4a_demo_test.spec.ts:90:7 › Phase 4A Function-based Props Demo › should handle tap interactions 

    Error: page.goto: NS_ERROR_CONNECTION_REFUSED
    Call log:
      - navigating to "http://localhost:8080/simple.html", waiting until "load"


       95 |
       96 |     // Go to the simple demo
    >  97 |     await page.goto('http://localhost:8080/simple.html');
          |                ^
       98 |
       99 |     // Wait for the page to load
      100 |     await page.waitForLoadState('networkidle');
        at /Users/peterhanssens/consulting/Leptos/leptos-motion/tests/e2e/phase4a_demo_test.spec.ts:97:16

    attachment #1: screenshot (image/png) ──────────────────────────────────────────────────────────
    test-results/tests-e2e-phase4a_demo_tes-327bb-uld-handle-tap-interactions-firefox/test-failed-1.png
    ────────────────────────────────────────────────────────────────────────────────────────────────

    attachment #2: video (video/webm) ──────────────────────────────────────────────────────────────
    test-results/tests-e2e-phase4a_demo_tes-327bb-uld-handle-tap-interactions-firefox/video.webm
    ────────────────────────────────────────────────────────────────────────────────────────────────

    Error Context: test-results/tests-e2e-phase4a_demo_tes-327bb-uld-handle-tap-interactions-firefox/error-context.md
]]>
</failure>
<system-out>
<![CDATA[
[[ATTACHMENT|test-results/tests-e2e-phase4a_demo_tes-327bb-uld-handle-tap-interactions-firefox/test-failed-1.png]]

[[ATTACHMENT|test-results/tests-e2e-phase4a_demo_tes-327bb-uld-handle-tap-interactions-firefox/video.webm]]

[[ATTACHMENT|test-results/tests-e2e-phase4a_demo_tes-327bb-uld-handle-tap-interactions-firefox/error-context.md]]
]]>
</system-out>
</testcase>
</testsuite>
<testsuite name="tests/e2e/simple_demo_test.spec.ts" timestamp="2025-10-04T13:01:09.445Z" hostname="firefox" tests="2" failures="2" skipped="0" time="3.291" errors="0">
<testcase name="Simple TDD Demo Test › should load and display the demo correctly" classname="tests/e2e/simple_demo_test.spec.ts" time="1.713">
<failure message="simple_demo_test.spec.ts:4:7 should load and display the demo correctly" type="FAILURE">
<![CDATA[  [firefox] › tests/e2e/simple_demo_test.spec.ts:4:7 › Simple TDD Demo Test › should load and display the demo correctly 

    Error: page.goto: NS_ERROR_CONNECTION_REFUSED
    Call log:
      - navigating to "http://localhost:8080/simple.html", waiting until "load"


       9 |
      10 |     // Go to the simple demo
    > 11 |     await page.goto('http://localhost:8080/simple.html');
         |                ^
      12 |
      13 |     // Wait for the page to load
      14 |     await page.waitForLoadState('networkidle');
        at /Users/peterhanssens/consulting/Leptos/leptos-motion/tests/e2e/simple_demo_test.spec.ts:11:16

    attachment #1: screenshot (image/png) ──────────────────────────────────────────────────────────
    test-results/tests-e2e-simple_demo_test-ed27a--display-the-demo-correctly-firefox/test-failed-1.png
    ────────────────────────────────────────────────────────────────────────────────────────────────

    attachment #2: video (video/webm) ──────────────────────────────────────────────────────────────
    test-results/tests-e2e-simple_demo_test-ed27a--display-the-demo-correctly-firefox/video.webm
    ────────────────────────────────────────────────────────────────────────────────────────────────

    Error Context: test-results/tests-e2e-simple_demo_test-ed27a--display-the-demo-correctly-firefox/error-context.md
]]>
</failure>
<system-out>
<![CDATA[
[[ATTACHMENT|test-results/tests-e2e-simple_demo_test-ed27a--display-the-demo-correctly-firefox/test-failed-1.png]]

[[ATTACHMENT|test-results/tests-e2e-simple_demo_test-ed27a--display-the-demo-correctly-firefox/video.webm]]

[[ATTACHMENT|test-results/tests-e2e-simple_demo_test-ed27a--display-the-demo-correctly-firefox/error-context.md]]
]]>
</system-out>
</testcase>
<testcase name="Simple TDD Demo Test › should handle button clicks" classname="tests/e2e/simple_demo_test.spec.ts" time="1.578">
<failure message="simple_demo_test.spec.ts:42:7 should handle button clicks" type="FAILURE">
<![CDATA[  [firefox] › tests/e2e/simple_demo_test.spec.ts:42:7 › Simple TDD Demo Test › should handle button clicks 

    Error: page.goto: NS_ERROR_CONNECTION_REFUSED
    Call log:
      - navigating to "http://localhost:8080/simple.html", waiting until "load"


      45 |     });
      46 |
    > 47 |     await page.goto('http://localhost:8080/simple.html');
         |                ^
      48 |     await page.waitForLoadState('networkidle');
      49 |     await page.waitForTimeout(2000);
      50 |
        at /Users/peterhanssens/consulting/Leptos/leptos-motion/tests/e2e/simple_demo_test.spec.ts:47:16

    attachment #1: screenshot (image/png) ──────────────────────────────────────────────────────────
    test-results/tests-e2e-simple_demo_test-d2325-should-handle-button-clicks-firefox/test-failed-1.png
    ────────────────────────────────────────────────────────────────────────────────────────────────

    attachment #2: video (video/webm) ──────────────────────────────────────────────────────────────
    test-results/tests-e2e-simple_demo_test-d2325-should-handle-button-clicks-firefox/video.webm
    ────────────────────────────────────────────────────────────────────────────────────────────────

    Error Context: test-results/tests-e2e-simple_demo_test-d2325-should-handle-button-clicks-firefox/error-context.md
]]>
</failure>
<system-out>
<![CDATA[
[[ATTACHMENT|test-results/tests-e2e-simple_demo_test-d2325-should-handle-button-clicks-firefox/test-failed-1.png]]

[[ATTACHMENT|test-results/tests-e2e-simple_demo_test-d2325-should-handle-button-clicks-firefox/video.webm]]

[[ATTACHMENT|test-results/tests-e2e-simple_demo_test-d2325-should-handle-button-clicks-firefox/error-context.md]]
]]>
</system-out>
</testcase>
</testsuite>
<testsuite name="tests/e2e/simple_phase4a_test.spec.ts" timestamp="2025-10-04T13:01:09.445Z" hostname="firefox" tests="1" failures="1" skipped="0" time="1.426" errors="0">
<testcase name="Simple Phase 4A Test › should load and display the simple test correctly" classname="tests/e2e/simple_phase4a_test.spec.ts" time="1.426">
<failure message="simple_phase4a_test.spec.ts:4:7 should load and display the simple test correctly" type="FAILURE">
<![CDATA[  [firefox] › tests/e2e/simple_phase4a_test.spec.ts:4:7 › Simple Phase 4A Test › should load and display the simple test correctly 

    Error: page.goto: NS_ERROR_CONNECTION_REFUSED
    Call log:
      - navigating to "http://localhost:8080/simple.html", waiting until "load"


       9 |
      10 |     // Go to the simple demo
    > 11 |     await page.goto('http://localhost:8080/simple.html');
         |                ^
      12 |
      13 |     // Wait for the page to load
      14 |     await page.waitForLoadState('networkidle');
        at /Users/peterhanssens/consulting/Leptos/leptos-motion/tests/e2e/simple_phase4a_test.spec.ts:11:16

    attachment #1: screenshot (image/png) ──────────────────────────────────────────────────────────
    test-results/tests-e2e-simple_phase4a_t-a9e24-y-the-simple-test-correctly-firefox/test-failed-1.png
    ────────────────────────────────────────────────────────────────────────────────────────────────

    attachment #2: video (video/webm) ──────────────────────────────────────────────────────────────
    test-results/tests-e2e-simple_phase4a_t-a9e24-y-the-simple-test-correctly-firefox/video.webm
    ────────────────────────────────────────────────────────────────────────────────────────────────

    Error Context: test-results/tests-e2e-simple_phase4a_t-a9e24-y-the-simple-test-correctly-firefox/error-context.md
]]>
</failure>
<system-out>
<![CDATA[
[[ATTACHMENT|test-results/tests-e2e-simple_phase4a_t-a9e24-y-the-simple-test-correctly-firefox/test-failed-1.png]]

[[ATTACHMENT|test-results/tests-e2e-simple_phase4a_t-a9e24-y-the-simple-test-correctly-firefox/video.webm]]

[[ATTACHMENT|test-results/tests-e2e-simple_phase4a_t-a9e24-y-the-simple-test-correctly-firefox/error-context.md]]
]]>
</system-out>
</testcase>
</testsuite>
<testsuite name="tests/e2e/tdd_demo_test.spec.ts" timestamp="2025-10-04T13:01:09.445Z" hostname="firefox" tests="13" failures="13" skipped="0" time="16.2" errors="0">
<testcase name="TDD Reactive Animation Demo › should load the demo page successfully" classname="tests/e2e/tdd_demo_test.spec.ts" time="1.224">
<failure message="tdd_demo_test.spec.ts:24:7 should load the demo page successfully" type="FAILURE">
<![CDATA[  [firefox] › tests/e2e/tdd_demo_test.spec.ts:24:7 › TDD Reactive Animation Demo › should load the demo page successfully 

    Error: page.goto: NS_ERROR_CONNECTION_REFUSED
    Call log:
      - navigating to "http://localhost:8080/index.html", waiting until "load"


      23 |
      24 |   test('should load the demo page successfully', async () => {
    > 25 |     await page.goto('http://localhost:8080/index.html');
         |                ^
      26 |
      27 |     // Wait for the page to load
      28 |     await page.waitForLoadState('networkidle');
        at /Users/peterhanssens/consulting/Leptos/leptos-motion/tests/e2e/tdd_demo_test.spec.ts:25:16

    attachment #1: screenshot (image/png) ──────────────────────────────────────────────────────────
    test-results/tests-e2e-tdd_demo_test-TD-fcef4--the-demo-page-successfully-firefox/test-failed-1.png
    ────────────────────────────────────────────────────────────────────────────────────────────────

    Error Context: test-results/tests-e2e-tdd_demo_test-TD-fcef4--the-demo-page-successfully-firefox/error-context.md
]]>
</failure>
<system-out>
<![CDATA[
[[ATTACHMENT|test-results/tests-e2e-tdd_demo_test-TD-fcef4--the-demo-page-successfully-firefox/test-failed-1.png]]

[[ATTACHMENT|test-results/tests-e2e-tdd_demo_test-TD-fcef4--the-demo-page-successfully-firefox/error-context.md]]
]]>
</system-out>
</testcase>
<testcase name="TDD Reactive Animation Demo › should load WASM module and initialize demo" classname="tests/e2e/tdd_demo_test.spec.ts" time="1.06">
<failure message="tdd_demo_test.spec.ts:37:7 should load WASM module and initialize demo" type="FAILURE">
<![CDATA[  [firefox] › tests/e2e/tdd_demo_test.spec.ts:37:7 › TDD Reactive Animation Demo › should load WASM module and initialize demo 

    Error: page.goto: NS_ERROR_CONNECTION_REFUSED
    Call log:
      - navigating to "http://localhost:8080/index.html", waiting until "load"


      36 |
      37 |   test('should load WASM module and initialize demo', async () => {
    > 38 |     await page.goto('http://localhost:8080/index.html');
         |                ^
      39 |
      40 |     // Wait for the demo to initialize
      41 |     await page.waitForTimeout(3000);
        at /Users/peterhanssens/consulting/Leptos/leptos-motion/tests/e2e/tdd_demo_test.spec.ts:38:16

    attachment #1: screenshot (image/png) ──────────────────────────────────────────────────────────
    test-results/tests-e2e-tdd_demo_test-TD-5ce36--module-and-initialize-demo-firefox/test-failed-1.png
    ────────────────────────────────────────────────────────────────────────────────────────────────

    Error Context: test-results/tests-e2e-tdd_demo_test-TD-5ce36--module-and-initialize-demo-firefox/error-context.md
]]>
</failure>
<system-out>
<![CDATA[
[[ATTACHMENT|test-results/tests-e2e-tdd_demo_test-TD-5ce36--module-and-initialize-demo-firefox/test-failed-1.png]]

[[ATTACHMENT|test-results/tests-e2e-tdd_demo_test-TD-5ce36--module-and-initialize-demo-firefox/error-context.md]]
]]>
</system-out>
</testcase>
<testcase name="TDD Reactive Animation Demo › should display console output" classname="tests/e2e/tdd_demo_test.spec.ts" time="1.198">
<failure message="tdd_demo_test.spec.ts:53:7 should display console output" type="FAILURE">
<![CDATA[  [firefox] › tests/e2e/tdd_demo_test.spec.ts:53:7 › TDD Reactive Animation Demo › should display console output 

    Error: page.goto: NS_ERROR_CONNECTION_REFUSED
    Call log:
      - navigating to "http://localhost:8080/index.html", waiting until "load"


      52 |
      53 |   test('should display console output', async () => {
    > 54 |     await page.goto('http://localhost:8080/index.html');
         |                ^
      55 |
      56 |     // Wait for initialization
      57 |     await page.waitForTimeout(3000);
        at /Users/peterhanssens/consulting/Leptos/leptos-motion/tests/e2e/tdd_demo_test.spec.ts:54:16

    attachment #1: screenshot (image/png) ──────────────────────────────────────────────────────────
    test-results/tests-e2e-tdd_demo_test-TD-2967d-ould-display-console-output-firefox/test-failed-1.png
    ────────────────────────────────────────────────────────────────────────────────────────────────

    Error Context: test-results/tests-e2e-tdd_demo_test-TD-2967d-ould-display-console-output-firefox/error-context.md
]]>
</failure>
<system-out>
<![CDATA[
[[ATTACHMENT|test-results/tests-e2e-tdd_demo_test-TD-2967d-ould-display-console-output-firefox/test-failed-1.png]]

[[ATTACHMENT|test-results/tests-e2e-tdd_demo_test-TD-2967d-ould-display-console-output-firefox/error-context.md]]
]]>
</system-out>
</testcase>
<testcase name="TDD Reactive Animation Demo › should display TDD implementation features" classname="tests/e2e/tdd_demo_test.spec.ts" time="1.415">
<failure message="tdd_demo_test.spec.ts:72:7 should display TDD implementation features" type="FAILURE">
<![CDATA[  [firefox] › tests/e2e/tdd_demo_test.spec.ts:72:7 › TDD Reactive Animation Demo › should display TDD implementation features 

    Error: page.goto: NS_ERROR_CONNECTION_REFUSED
    Call log:
      - navigating to "http://localhost:8080/index.html", waiting until "load"


      71 |
      72 |   test('should display TDD implementation features', async () => {
    > 73 |     await page.goto('http://localhost:8080/index.html');
         |                ^
      74 |
      75 |     // Wait for demo to load
      76 |     await page.waitForTimeout(3000);
        at /Users/peterhanssens/consulting/Leptos/leptos-motion/tests/e2e/tdd_demo_test.spec.ts:73:16

    attachment #1: screenshot (image/png) ──────────────────────────────────────────────────────────
    test-results/tests-e2e-tdd_demo_test-TD-bd478-TDD-implementation-features-firefox/test-failed-1.png
    ────────────────────────────────────────────────────────────────────────────────────────────────

    Error Context: test-results/tests-e2e-tdd_demo_test-TD-bd478-TDD-implementation-features-firefox/error-context.md
]]>
</failure>
<system-out>
<![CDATA[
[[ATTACHMENT|test-results/tests-e2e-tdd_demo_test-TD-bd478-TDD-implementation-features-firefox/test-failed-1.png]]

[[ATTACHMENT|test-results/tests-e2e-tdd_demo_test-TD-bd478-TDD-implementation-features-firefox/error-context.md]]
]]>
</system-out>
</testcase>
<testcase name="TDD Reactive Animation Demo › should handle demo loading errors gracefully" classname="tests/e2e/tdd_demo_test.spec.ts" time="1.271">
<failure message="tdd_demo_test.spec.ts:91:7 should handle demo loading errors gracefully" type="FAILURE">
<![CDATA[  [firefox] › tests/e2e/tdd_demo_test.spec.ts:91:7 › TDD Reactive Animation Demo › should handle demo loading errors gracefully 

    Error: page.goto: NS_ERROR_CONNECTION_REFUSED
    Call log:
      - navigating to "http://localhost:8080/nonexistent.html", waiting until "load"


      91 |   test('should handle demo loading errors gracefully', async () => {
      92 |     // Test with a non-existent page
    > 93 |     await page.goto('http://localhost:8080/nonexistent.html');
         |                ^
      94 |
      95 |     // Should not crash
      96 |     await page.waitForTimeout(1000);
        at /Users/peterhanssens/consulting/Leptos/leptos-motion/tests/e2e/tdd_demo_test.spec.ts:93:16

    attachment #1: screenshot (image/png) ──────────────────────────────────────────────────────────
    test-results/tests-e2e-tdd_demo_test-TD-f9637-o-loading-errors-gracefully-firefox/test-failed-1.png
    ────────────────────────────────────────────────────────────────────────────────────────────────

    Error Context: test-results/tests-e2e-tdd_demo_test-TD-f9637-o-loading-errors-gracefully-firefox/error-context.md
]]>
</failure>
<system-out>
<![CDATA[
[[ATTACHMENT|test-results/tests-e2e-tdd_demo_test-TD-f9637-o-loading-errors-gracefully-firefox/test-failed-1.png]]

[[ATTACHMENT|test-results/tests-e2e-tdd_demo_test-TD-f9637-o-loading-errors-gracefully-firefox/error-context.md]]
]]>
</system-out>
</testcase>
<testcase name="TDD Reactive Animation Demo › should validate WASM files are accessible" classname="tests/e2e/tdd_demo_test.spec.ts" time="1.343">
<failure message="tdd_demo_test.spec.ts:106:7 should validate WASM files are accessible" type="FAILURE">
<![CDATA[  [firefox] › tests/e2e/tdd_demo_test.spec.ts:106:7 › TDD Reactive Animation Demo › should validate WASM files are accessible 

    Error: apiRequestContext.get: connect ECONNREFUSED ::1:8080
    Call log:
      - → GET http://localhost:8080/pkg/comprehensive_demo_bg.wasm
        - user-agent: Mozilla/5.0 (Windows NT 10.0; Win64; x64; rv:141.0) Gecko/20100101 Firefox/141.0
        - accept: */*
        - accept-encoding: gzip,deflate,br

        at apiRequestContext.get: connect ECONNREFUSED ::1:8080
        at /Users/peterhanssens/consulting/Leptos/leptos-motion/tests/e2e/tdd_demo_test.spec.ts:108:45

    attachment #1: screenshot (image/png) ──────────────────────────────────────────────────────────
    test-results/tests-e2e-tdd_demo_test-TD-de7e4-e-WASM-files-are-accessible-firefox/test-failed-1.png
    ────────────────────────────────────────────────────────────────────────────────────────────────
]]>
</failure>
<system-out>
<![CDATA[
[[ATTACHMENT|test-results/tests-e2e-tdd_demo_test-TD-de7e4-e-WASM-files-are-accessible-firefox/test-failed-1.png]]
]]>
</system-out>
</testcase>
<testcase name="TDD Reactive Animation Demo › should test the test suite page" classname="tests/e2e/tdd_demo_test.spec.ts" time="1.277">
<failure message="tdd_demo_test.spec.ts:120:7 should test the test suite page" type="FAILURE">
<![CDATA[  [firefox] › tests/e2e/tdd_demo_test.spec.ts:120:7 › TDD Reactive Animation Demo › should test the test suite page 

    Error: page.goto: NS_ERROR_CONNECTION_REFUSED
    Call log:
      - navigating to "http://localhost:8080/test_demo.html", waiting until "load"


      119 |
      120 |   test('should test the test suite page', async () => {
    > 121 |     await page.goto('http://localhost:8080/test_demo.html');
          |                ^
      122 |
      123 |     // Wait for page to load
      124 |     await page.waitForLoadState('networkidle');
        at /Users/peterhanssens/consulting/Leptos/leptos-motion/tests/e2e/tdd_demo_test.spec.ts:121:16

    attachment #1: screenshot (image/png) ──────────────────────────────────────────────────────────
    test-results/tests-e2e-tdd_demo_test-TD-58a16-ld-test-the-test-suite-page-firefox/test-failed-1.png
    ────────────────────────────────────────────────────────────────────────────────────────────────

    Error Context: test-results/tests-e2e-tdd_demo_test-TD-58a16-ld-test-the-test-suite-page-firefox/error-context.md
]]>
</failure>
<system-out>
<![CDATA[
[[ATTACHMENT|test-results/tests-e2e-tdd_demo_test-TD-58a16-ld-test-the-test-suite-page-firefox/test-failed-1.png]]

[[ATTACHMENT|test-results/tests-e2e-tdd_demo_test-TD-58a16-ld-test-the-test-suite-page-firefox/error-context.md]]
]]>
</system-out>
</testcase>
<testcase name="TDD Reactive Animation Demo › should run manual tests via test suite" classname="tests/e2e/tdd_demo_test.spec.ts" time="1.306">
<failure message="tdd_demo_test.spec.ts:143:7 should run manual tests via test suite" type="FAILURE">
<![CDATA[  [firefox] › tests/e2e/tdd_demo_test.spec.ts:143:7 › TDD Reactive Animation Demo › should run manual tests via test suite 

    Error: page.goto: NS_ERROR_CONNECTION_REFUSED
    Call log:
      - navigating to "http://localhost:8080/test_demo.html", waiting until "load"


      142 |
      143 |   test('should run manual tests via test suite', async () => {
    > 144 |     await page.goto('http://localhost:8080/test_demo.html');
          |                ^
      145 |
      146 |     // Wait for page to load
      147 |     await page.waitForLoadState('networkidle');
        at /Users/peterhanssens/consulting/Leptos/leptos-motion/tests/e2e/tdd_demo_test.spec.ts:144:16

    attachment #1: screenshot (image/png) ──────────────────────────────────────────────────────────
    test-results/tests-e2e-tdd_demo_test-TD-91f8b-manual-tests-via-test-suite-firefox/test-failed-1.png
    ────────────────────────────────────────────────────────────────────────────────────────────────

    Error Context: test-results/tests-e2e-tdd_demo_test-TD-91f8b-manual-tests-via-test-suite-firefox/error-context.md
]]>
</failure>
<system-out>
<![CDATA[
[[ATTACHMENT|test-results/tests-e2e-tdd_demo_test-TD-91f8b-manual-tests-via-test-suite-firefox/test-failed-1.png]]

[[ATTACHMENT|test-results/tests-e2e-tdd_demo_test-TD-91f8b-manual-tests-via-test-suite-firefox/error-context.md]]
]]>
</system-out>
</testcase>
<testcase name="TDD Reactive Animation Demo › should validate TDD implementation components" classname="tests/e2e/tdd_demo_test.spec.ts" time="1.387">
<failure message="tdd_demo_test.spec.ts:169:7 should validate TDD implementation components" type="FAILURE">
<![CDATA[  [firefox] › tests/e2e/tdd_demo_test.spec.ts:169:7 › TDD Reactive Animation Demo › should validate TDD implementation components 

    Error: page.goto: NS_ERROR_CONNECTION_REFUSED
    Call log:
      - navigating to "http://localhost:8080/test_demo.html", waiting until "load"


      168 |
      169 |   test('should validate TDD implementation components', async () => {
    > 170 |     await page.goto('http://localhost:8080/test_demo.html');
          |                ^
      171 |
      172 |     // Wait for page to load
      173 |     await page.waitForLoadState('networkidle');
        at /Users/peterhanssens/consulting/Leptos/leptos-motion/tests/e2e/tdd_demo_test.spec.ts:170:16

    attachment #1: screenshot (image/png) ──────────────────────────────────────────────────────────
    test-results/tests-e2e-tdd_demo_test-TD-a217c-D-implementation-components-firefox/test-failed-1.png
    ────────────────────────────────────────────────────────────────────────────────────────────────

    Error Context: test-results/tests-e2e-tdd_demo_test-TD-a217c-D-implementation-components-firefox/error-context.md
]]>
</failure>
<system-out>
<![CDATA[
[[ATTACHMENT|test-results/tests-e2e-tdd_demo_test-TD-a217c-D-implementation-components-firefox/test-failed-1.png]]

[[ATTACHMENT|test-results/tests-e2e-tdd_demo_test-TD-a217c-D-implementation-components-firefox/error-context.md]]
]]>
</system-out>
</testcase>
<testcase name="TDD Reactive Animation Demo › should handle iframe demo loading" classname="tests/e2e/tdd_demo_test.spec.ts" time="1.329">
<failure message="tdd_demo_test.spec.ts:187:7 should handle iframe demo loading" type="FAILURE">
<![CDATA[  [firefox] › tests/e2e/tdd_demo_test.spec.ts:187:7 › TDD Reactive Animation Demo › should handle iframe demo loading 

    Error: page.goto: NS_ERROR_CONNECTION_REFUSED
    Call log:
      - navigating to "http://localhost:8080/test_demo.html", waiting until "load"


      186 |
      187 |   test('should handle iframe demo loading', async () => {
    > 188 |     await page.goto('http://localhost:8080/test_demo.html');
          |                ^
      189 |
      190 |     // Wait for page to load
      191 |     await page.waitForLoadState('networkidle');
        at /Users/peterhanssens/consulting/Leptos/leptos-motion/tests/e2e/tdd_demo_test.spec.ts:188:16

    attachment #1: screenshot (image/png) ──────────────────────────────────────────────────────────
    test-results/tests-e2e-tdd_demo_test-TD-9594a--handle-iframe-demo-loading-firefox/test-failed-1.png
    ────────────────────────────────────────────────────────────────────────────────────────────────

    Error Context: test-results/tests-e2e-tdd_demo_test-TD-9594a--handle-iframe-demo-loading-firefox/error-context.md
]]>
</failure>
<system-out>
<![CDATA[
[[ATTACHMENT|test-results/tests-e2e-tdd_demo_test-TD-9594a--handle-iframe-demo-loading-firefox/test-failed-1.png]]

[[ATTACHMENT|test-results/tests-e2e-tdd_demo_test-TD-9594a--handle-iframe-demo-loading-firefox/error-context.md]]
]]>
</system-out>
</testcase>
<testcase name="TDD Reactive Animation Demo › should validate performance characteristics" classname="tests/e2e/tdd_demo_test.spec.ts" time="1.122">
<failure message="tdd_demo_test.spec.ts:203:7 should validate performance characteristics" type="FAILURE">
<![CDATA[  [firefox] › tests/e2e/tdd_demo_test.spec.ts:203:7 › TDD Reactive Animation Demo › should validate performance characteristics 

    Error: page.goto: NS_ERROR_CONNECTION_REFUSED
    Call log:
      - navigating to "http://localhost:8080/index.html", waiting until "load"


      202 |
      203 |   test('should validate performance characteristics', async () => {
    > 204 |     await page.goto('http://localhost:8080/index.html');
          |                ^
      205 |
      206 |     // Wait for demo to load
      207 |     await page.waitForTimeout(3000);
        at /Users/peterhanssens/consulting/Leptos/leptos-motion/tests/e2e/tdd_demo_test.spec.ts:204:16

    attachment #1: screenshot (image/png) ──────────────────────────────────────────────────────────
    test-results/tests-e2e-tdd_demo_test-TD-27810-performance-characteristics-firefox/test-failed-1.png
    ────────────────────────────────────────────────────────────────────────────────────────────────

    Error Context: test-results/tests-e2e-tdd_demo_test-TD-27810-performance-characteristics-firefox/error-context.md
]]>
</failure>
<system-out>
<![CDATA[
[[ATTACHMENT|test-results/tests-e2e-tdd_demo_test-TD-27810-performance-characteristics-firefox/test-failed-1.png]]

[[ATTACHMENT|test-results/tests-e2e-tdd_demo_test-TD-27810-performance-characteristics-firefox/error-context.md]]
]]>
</system-out>
</testcase>
<testcase name="TDD Reactive Animation Demo › should check for JavaScript errors" classname="tests/e2e/tdd_demo_test.spec.ts" time="1.153">
<failure message="tdd_demo_test.spec.ts:227:7 should check for JavaScript errors" type="FAILURE">
<![CDATA[  [firefox] › tests/e2e/tdd_demo_test.spec.ts:227:7 › TDD Reactive Animation Demo › should check for JavaScript errors 

    Error: page.goto: NS_ERROR_CONNECTION_REFUSED
    Call log:
      - navigating to "http://localhost:8080/index.html", waiting until "load"


      232 |     });
      233 |
    > 234 |     await page.goto('http://localhost:8080/index.html');
          |                ^
      235 |
      236 |     // Wait for demo to load
      237 |     await page.waitForTimeout(3000);
        at /Users/peterhanssens/consulting/Leptos/leptos-motion/tests/e2e/tdd_demo_test.spec.ts:234:16

    attachment #1: screenshot (image/png) ──────────────────────────────────────────────────────────
    test-results/tests-e2e-tdd_demo_test-TD-3c604-check-for-JavaScript-errors-firefox/test-failed-1.png
    ────────────────────────────────────────────────────────────────────────────────────────────────

    Error Context: test-results/tests-e2e-tdd_demo_test-TD-3c604-check-for-JavaScript-errors-firefox/error-context.md
]]>
</failure>
<system-out>
<![CDATA[
[[ATTACHMENT|test-results/tests-e2e-tdd_demo_test-TD-3c604-check-for-JavaScript-errors-firefox/test-failed-1.png]]

[[ATTACHMENT|test-results/tests-e2e-tdd_demo_test-TD-3c604-check-for-JavaScript-errors-firefox/error-context.md]]
]]>
</system-out>
</testcase>
<testcase name="TDD Reactive Animation Demo › should validate responsive design" classname="tests/e2e/tdd_demo_test.spec.ts" time="1.115">
<failure message="tdd_demo_test.spec.ts:243:7 should validate responsive design" type="FAILURE">
<![CDATA[  [firefox] › tests/e2e/tdd_demo_test.spec.ts:243:7 › TDD Reactive Animation Demo › should validate responsive design 

    Error: page.goto: NS_ERROR_CONNECTION_REFUSED
    Call log:
      - navigating to "http://localhost:8080/index.html", waiting until "load"


      242 |
      243 |   test('should validate responsive design', async () => {
    > 244 |     await page.goto('http://localhost:8080/index.html');
          |                ^
      245 |
      246 |     // Wait for demo to load
      247 |     await page.waitForTimeout(3000);
        at /Users/peterhanssens/consulting/Leptos/leptos-motion/tests/e2e/tdd_demo_test.spec.ts:244:16

    attachment #1: screenshot (image/png) ──────────────────────────────────────────────────────────
    test-results/tests-e2e-tdd_demo_test-TD-1e210--validate-responsive-design-firefox/test-failed-1.png
    ────────────────────────────────────────────────────────────────────────────────────────────────

    Error Context: test-results/tests-e2e-tdd_demo_test-TD-1e210--validate-responsive-design-firefox/error-context.md
]]>
</failure>
<system-out>
<![CDATA[
[[ATTACHMENT|test-results/tests-e2e-tdd_demo_test-TD-1e210--validate-responsive-design-firefox/test-failed-1.png]]

[[ATTACHMENT|test-results/tests-e2e-tdd_demo_test-TD-1e210--validate-responsive-design-firefox/error-context.md]]
]]>
</system-out>
</testcase>
</testsuite>
<testsuite name="tests/e2e/transition_config_test.spec.ts" timestamp="2025-10-04T13:01:09.445Z" hostname="firefox" tests="1" failures="1" skipped="0" time="1.193" errors="0">
<testcase name="TransitionConfig Test › should load and display the transition config test correctly" classname="tests/e2e/transition_config_test.spec.ts" time="1.193">
<failure message="transition_config_test.spec.ts:4:7 should load and display the transition config test correctly" type="FAILURE">
<![CDATA[  [firefox] › tests/e2e/transition_config_test.spec.ts:4:7 › TransitionConfig Test › should load and display the transition config test correctly 

    Error: page.goto: NS_ERROR_CONNECTION_REFUSED
    Call log:
      - navigating to "http://localhost:8080/simple.html", waiting until "load"


      4 |   test('should load and display the transition config test correctly', async ({ page }) => {
      5 |     // Navigate to the demo page
    > 6 |     await page.goto('http://localhost:8080/simple.html');
        |                ^
      7 |
      8 |     // Wait for the WASM module to load and initialize
      9 |     await page.waitForTimeout(3000);
        at /Users/peterhanssens/consulting/Leptos/leptos-motion/tests/e2e/transition_config_test.spec.ts:6:16

    attachment #1: screenshot (image/png) ──────────────────────────────────────────────────────────
    test-results/tests-e2e-transition_confi-8f621-ition-config-test-correctly-firefox/test-failed-1.png
    ────────────────────────────────────────────────────────────────────────────────────────────────

    attachment #2: video (video/webm) ──────────────────────────────────────────────────────────────
    test-results/tests-e2e-transition_confi-8f621-ition-config-test-correctly-firefox/video.webm
    ────────────────────────────────────────────────────────────────────────────────────────────────

    Error Context: test-results/tests-e2e-transition_confi-8f621-ition-config-test-correctly-firefox/error-context.md
]]>
</failure>
<system-out>
<![CDATA[
[[ATTACHMENT|test-results/tests-e2e-transition_confi-8f621-ition-config-test-correctly-firefox/test-failed-1.png]]

[[ATTACHMENT|test-results/tests-e2e-transition_confi-8f621-ition-config-test-correctly-firefox/video.webm]]

[[ATTACHMENT|test-results/tests-e2e-transition_confi-8f621-ition-config-test-correctly-firefox/error-context.md]]
]]>
</system-out>
</testcase>
</testsuite>
<testsuite name="tests/comprehensive-demo.spec.ts" timestamp="2025-10-04T13:01:09.445Z" hostname="webkit" tests="7" failures="6" skipped="0" time="152.835" errors="0">
<testcase name="Comprehensive Demo Tests › should load the demo page" classname="tests/comprehensive-demo.spec.ts" time="24.628">
<failure message="comprehensive-demo.spec.ts:23:7 should load the demo page" type="FAILURE">
<![CDATA[  [webkit] › tests/comprehensive-demo.spec.ts:23:7 › Comprehensive Demo Tests › should load the demo page 

    Error: expect(locator).toBeVisible() failed

    Locator:  locator('button').first()
    Expected: visible
    Received: <element(s) not found>
    Timeout:  10000ms

    Call log:
      - Expect "toBeVisible" with timeout 10000ms
      - waiting for locator('button').first()


      26 |
      27 |     // Check that the main demo elements are present
    > 28 |     await expect(page.locator('button').first()).toBeVisible();
         |                                                  ^
      29 |     await expect(page.locator('div[style*="padding: 40px"]')).toBeVisible();
      30 |   });
      31 |
        at /Users/peterhanssens/consulting/Leptos/leptos-motion/tests/comprehensive-demo.spec.ts:28:50

    attachment #1: screenshot (image/png) ──────────────────────────────────────────────────────────
    test-results/tests-comprehensive-demo-C-2c28a-s-should-load-the-demo-page-webkit/test-failed-1.png
    ────────────────────────────────────────────────────────────────────────────────────────────────

    attachment #2: video (video/webm) ──────────────────────────────────────────────────────────────
    test-results/tests-comprehensive-demo-C-2c28a-s-should-load-the-demo-page-webkit/video.webm
    ────────────────────────────────────────────────────────────────────────────────────────────────

    Error Context: test-results/tests-comprehensive-demo-C-2c28a-s-should-load-the-demo-page-webkit/error-context.md
]]>
</failure>
<system-out>
<![CDATA[Still on fallback HTML, WASM may not have loaded

[[ATTACHMENT|test-results/tests-comprehensive-demo-C-2c28a-s-should-load-the-demo-page-webkit/test-failed-1.png]]

[[ATTACHMENT|test-results/tests-comprehensive-demo-C-2c28a-s-should-load-the-demo-page-webkit/video.webm]]

[[ATTACHMENT|test-results/tests-comprehensive-demo-C-2c28a-s-should-load-the-demo-page-webkit/error-context.md]]
]]>
</system-out>
</testcase>
<testcase name="Comprehensive Demo Tests › should display interactive elements" classname="tests/comprehensive-demo.spec.ts" time="14.167">
<failure message="comprehensive-demo.spec.ts:32:7 should display interactive elements" type="FAILURE">
<![CDATA[  [webkit] › tests/comprehensive-demo.spec.ts:32:7 › Comprehensive Demo Tests › should display interactive elements 

    Error: expect(received).toBeGreaterThan(expected)

    Expected: > 0
    Received:   0

      34 |     const buttons = page.locator('button');
      35 |     const buttonCount = await buttons.count();
    > 36 |     expect(buttonCount).toBeGreaterThan(0);
         |                         ^
      37 |
      38 |     // Check that at least one button is visible
      39 |     await expect(buttons.first()).toBeVisible();
        at /Users/peterhanssens/consulting/Leptos/leptos-motion/tests/comprehensive-demo.spec.ts:36:25

    attachment #1: screenshot (image/png) ──────────────────────────────────────────────────────────
    test-results/tests-comprehensive-demo-C-d9a7c-isplay-interactive-elements-webkit/test-failed-1.png
    ────────────────────────────────────────────────────────────────────────────────────────────────

    attachment #2: video (video/webm) ──────────────────────────────────────────────────────────────
    test-results/tests-comprehensive-demo-C-d9a7c-isplay-interactive-elements-webkit/video.webm
    ────────────────────────────────────────────────────────────────────────────────────────────────

    Error Context: test-results/tests-comprehensive-demo-C-d9a7c-isplay-interactive-elements-webkit/error-context.md
]]>
</failure>
<system-out>
<![CDATA[Still on fallback HTML, WASM may not have loaded

[[ATTACHMENT|test-results/tests-comprehensive-demo-C-d9a7c-isplay-interactive-elements-webkit/test-failed-1.png]]

[[ATTACHMENT|test-results/tests-comprehensive-demo-C-d9a7c-isplay-interactive-elements-webkit/video.webm]]

[[ATTACHMENT|test-results/tests-comprehensive-demo-C-d9a7c-isplay-interactive-elements-webkit/error-context.md]]
]]>
</system-out>
</testcase>
<testcase name="Comprehensive Demo Tests › should handle hover effects" classname="tests/comprehensive-demo.spec.ts" time="24.113">
<failure message="comprehensive-demo.spec.ts:42:7 should handle hover effects" type="FAILURE">
<![CDATA[  [webkit] › tests/comprehensive-demo.spec.ts:42:7 › Comprehensive Demo Tests › should handle hover effects 

    TimeoutError: locator.evaluate: Timeout 10000ms exceeded.
    Call log:
      - waiting for locator('button').first()


      45 |
      46 |     // Get initial transform
    > 47 |     const initialTransform = await hoverElement.evaluate(
         |                                                 ^
      48 |       el => window.getComputedStyle(el).transform
      49 |     );
      50 |
        at /Users/peterhanssens/consulting/Leptos/leptos-motion/tests/comprehensive-demo.spec.ts:47:49

    attachment #1: screenshot (image/png) ──────────────────────────────────────────────────────────
    test-results/tests-comprehensive-demo-C-1c16c-should-handle-hover-effects-webkit/test-failed-1.png
    ────────────────────────────────────────────────────────────────────────────────────────────────

    attachment #2: video (video/webm) ──────────────────────────────────────────────────────────────
    test-results/tests-comprehensive-demo-C-1c16c-should-handle-hover-effects-webkit/video.webm
    ────────────────────────────────────────────────────────────────────────────────────────────────

    Error Context: test-results/tests-comprehensive-demo-C-1c16c-should-handle-hover-effects-webkit/error-context.md
]]>
</failure>
<system-out>
<![CDATA[Still on fallback HTML, WASM may not have loaded

[[ATTACHMENT|test-results/tests-comprehensive-demo-C-1c16c-should-handle-hover-effects-webkit/test-failed-1.png]]

[[ATTACHMENT|test-results/tests-comprehensive-demo-C-1c16c-should-handle-hover-effects-webkit/video.webm]]

[[ATTACHMENT|test-results/tests-comprehensive-demo-C-1c16c-should-handle-hover-effects-webkit/error-context.md]]
]]>
</system-out>
</testcase>
<testcase name="Comprehensive Demo Tests › should handle click interactions" classname="tests/comprehensive-demo.spec.ts" time="24.122">
<failure message="comprehensive-demo.spec.ts:64:7 should handle click interactions" type="FAILURE">
<![CDATA[  [webkit] › tests/comprehensive-demo.spec.ts:64:7 › Comprehensive Demo Tests › should handle click interactions 

    TimeoutError: locator.click: Timeout 10000ms exceeded.
    Call log:
      - waiting for locator('button').first()


      67 |
      68 |     // Click the element
    > 69 |     await clickElement.click();
         |                        ^
      70 |
      71 |     // Wait for any potential animation
      72 |     await page.waitForTimeout(300);
        at /Users/peterhanssens/consulting/Leptos/leptos-motion/tests/comprehensive-demo.spec.ts:69:24

    attachment #1: screenshot (image/png) ──────────────────────────────────────────────────────────
    test-results/tests-comprehensive-demo-C-e7a91-d-handle-click-interactions-webkit/test-failed-1.png
    ────────────────────────────────────────────────────────────────────────────────────────────────

    attachment #2: video (video/webm) ──────────────────────────────────────────────────────────────
    test-results/tests-comprehensive-demo-C-e7a91-d-handle-click-interactions-webkit/video.webm
    ────────────────────────────────────────────────────────────────────────────────────────────────

    Error Context: test-results/tests-comprehensive-demo-C-e7a91-d-handle-click-interactions-webkit/error-context.md
]]>
</failure>
<system-out>
<![CDATA[Still on fallback HTML, WASM may not have loaded

[[ATTACHMENT|test-results/tests-comprehensive-demo-C-e7a91-d-handle-click-interactions-webkit/test-failed-1.png]]

[[ATTACHMENT|test-results/tests-comprehensive-demo-C-e7a91-d-handle-click-interactions-webkit/video.webm]]

[[ATTACHMENT|test-results/tests-comprehensive-demo-C-e7a91-d-handle-click-interactions-webkit/error-context.md]]
]]>
</system-out>
</testcase>
<testcase name="Comprehensive Demo Tests › should test animation functionality with visual verification" classname="tests/comprehensive-demo.spec.ts" time="24.097">
<failure message="comprehensive-demo.spec.ts:78:7 should test animation functionality with visual verification" type="FAILURE">
<![CDATA[  [webkit] › tests/comprehensive-demo.spec.ts:78:7 › Comprehensive Demo Tests › should test animation functionality with visual verification 

    TimeoutError: locator.waitFor: Timeout 10000ms exceeded.
    Call log:
      - waiting for locator('button').filter({ hasText: 'Button Animation' }) to be visible


      81 |
      82 |     // Wait for the button to be visible
    > 83 |     await animationButton.waitFor({ state: 'visible' });
         |                           ^
      84 |
      85 |     // Get initial state of the button
      86 |     const initialTransform = await animationButton.evaluate(
        at /Users/peterhanssens/consulting/Leptos/leptos-motion/tests/comprehensive-demo.spec.ts:83:27

    attachment #1: screenshot (image/png) ──────────────────────────────────────────────────────────
    test-results/tests-comprehensive-demo-C-822ad-ty-with-visual-verification-webkit/test-failed-1.png
    ────────────────────────────────────────────────────────────────────────────────────────────────

    attachment #2: video (video/webm) ──────────────────────────────────────────────────────────────
    test-results/tests-comprehensive-demo-C-822ad-ty-with-visual-verification-webkit/video.webm
    ────────────────────────────────────────────────────────────────────────────────────────────────

    Error Context: test-results/tests-comprehensive-demo-C-822ad-ty-with-visual-verification-webkit/error-context.md
]]>
</failure>
<system-out>
<![CDATA[Still on fallback HTML, WASM may not have loaded

[[ATTACHMENT|test-results/tests-comprehensive-demo-C-822ad-ty-with-visual-verification-webkit/test-failed-1.png]]

[[ATTACHMENT|test-results/tests-comprehensive-demo-C-822ad-ty-with-visual-verification-webkit/video.webm]]

[[ATTACHMENT|test-results/tests-comprehensive-demo-C-822ad-ty-with-visual-verification-webkit/error-context.md]]
]]>
</system-out>
</testcase>
<testcase name="Comprehensive Demo Tests › should load WASM module without errors" classname="tests/comprehensive-demo.spec.ts" time="17.567">
<system-out>
<![CDATA[Still on fallback HTML, WASM may not have loaded
Console errors: []
]]>
</system-out>
</testcase>
<testcase name="Comprehensive Demo Tests › should have proper HTML structure" classname="tests/comprehensive-demo.spec.ts" time="24.141">
<failure message="comprehensive-demo.spec.ts:144:7 should have proper HTML structure" type="FAILURE">
<![CDATA[  [webkit] › tests/comprehensive-demo.spec.ts:144:7 › Comprehensive Demo Tests › should have proper HTML structure 

    Error: expect(locator).toBeVisible() failed

    Locator:  locator('button').first()
    Expected: visible
    Received: <element(s) not found>
    Timeout:  10000ms

    Call log:
      - Expect "toBeVisible" with timeout 10000ms
      - waiting for locator('button').first()


      146 |     await expect(page.locator('body')).toBeVisible();
      147 |     await expect(page.locator('h1')).toContainText('Leptos Motion');
    > 148 |     await expect(page.locator('button').first()).toBeVisible();
          |                                                  ^
      149 |     await expect(page.locator('div[style*="padding: 40px"]')).toBeVisible();
      150 |   });
      151 | });
        at /Users/peterhanssens/consulting/Leptos/leptos-motion/tests/comprehensive-demo.spec.ts:148:50

    attachment #1: screenshot (image/png) ──────────────────────────────────────────────────────────
    test-results/tests-comprehensive-demo-C-6699b--have-proper-HTML-structure-webkit/test-failed-1.png
    ────────────────────────────────────────────────────────────────────────────────────────────────

    attachment #2: video (video/webm) ──────────────────────────────────────────────────────────────
    test-results/tests-comprehensive-demo-C-6699b--have-proper-HTML-structure-webkit/video.webm
    ────────────────────────────────────────────────────────────────────────────────────────────────

    Error Context: test-results/tests-comprehensive-demo-C-6699b--have-proper-HTML-structure-webkit/error-context.md
]]>
</failure>
<system-out>
<![CDATA[Still on fallback HTML, WASM may not have loaded

[[ATTACHMENT|test-results/tests-comprehensive-demo-C-6699b--have-proper-HTML-structure-webkit/test-failed-1.png]]

[[ATTACHMENT|test-results/tests-comprehensive-demo-C-6699b--have-proper-HTML-structure-webkit/video.webm]]

[[ATTACHMENT|test-results/tests-comprehensive-demo-C-6699b--have-proper-HTML-structure-webkit/error-context.md]]
]]>
</system-out>
</testcase>
</testsuite>
<testsuite name="tests/e2e/batched_updates_test.spec.ts" timestamp="2025-10-04T13:01:09.445Z" hostname="webkit" tests="1" failures="1" skipped="0" time="0.416" errors="0">
<testcase name="Batched Updates Test › should load and display the batched updates test correctly" classname="tests/e2e/batched_updates_test.spec.ts" time="0.416">
<failure message="batched_updates_test.spec.ts:4:7 should load and display the batched updates test correctly" type="FAILURE">
<![CDATA[  [webkit] › tests/e2e/batched_updates_test.spec.ts:4:7 › Batched Updates Test › should load and display the batched updates test correctly 

    Error: page.goto: Could not connect to the server.
    Call log:
      - navigating to "http://localhost:8080/simple.html", waiting until "load"


      4 |   test('should load and display the batched updates test correctly', async ({ page }) => {
      5 |     // Navigate to the demo page
    > 6 |     await page.goto('http://localhost:8080/simple.html');
        |                ^
      7 |
      8 |     // Wait for the WASM module to load and initialize
      9 |     await page.waitForTimeout(3000);
        at /Users/peterhanssens/consulting/Leptos/leptos-motion/tests/e2e/batched_updates_test.spec.ts:6:16

    attachment #1: screenshot (image/png) ──────────────────────────────────────────────────────────
    test-results/tests-e2e-batched_updates_-5805e-ched-updates-test-correctly-webkit/test-failed-1.png
    ────────────────────────────────────────────────────────────────────────────────────────────────

    attachment #2: video (video/webm) ──────────────────────────────────────────────────────────────
    test-results/tests-e2e-batched_updates_-5805e-ched-updates-test-correctly-webkit/video.webm
    ────────────────────────────────────────────────────────────────────────────────────────────────
]]>
</failure>
<system-out>
<![CDATA[
[[ATTACHMENT|test-results/tests-e2e-batched_updates_-5805e-ched-updates-test-correctly-webkit/test-failed-1.png]]

[[ATTACHMENT|test-results/tests-e2e-batched_updates_-5805e-ched-updates-test-correctly-webkit/video.webm]]
]]>
</system-out>
</testcase>
</testsuite>
<testsuite name="tests/e2e/comprehensive_e2e_test.spec.ts" timestamp="2025-10-04T13:01:09.445Z" hostname="webkit" tests="27" failures="27" skipped="0" time="13.878" errors="0">
<testcase name="Leptos Motion Library - Comprehensive E2E Tests › 1. Simple API Tests › Basic Animation Test - Opacity Fade" classname="tests/e2e/comprehensive_e2e_test.spec.ts" time="0.4">
<failure message="comprehensive_e2e_test.spec.ts:44:9 Basic Animation Test - Opacity Fade" type="FAILURE">
<![CDATA[  [webkit] › tests/e2e/comprehensive_e2e_test.spec.ts:44:9 › Leptos Motion Library - Comprehensive E2E Tests › 1. Simple API Tests › Basic Animation Test - Opacity Fade 

    Error: page.goto: Could not connect to the server.
    Call log:
      - navigating to "http://localhost:8086/", waiting until "load"


      43 |   test.describe('1. Simple API Tests', () => {
      44 |     test('Basic Animation Test - Opacity Fade', async ({ page }) => {
    > 45 |       await page.goto(DEMO_URLS.newSimple);
         |                  ^
      46 |       await waitForWasmInit(page);
      47 |
      48 |       // Check if basic animations are working
        at /Users/peterhanssens/consulting/Leptos/leptos-motion/tests/e2e/comprehensive_e2e_test.spec.ts:45:18

    attachment #1: screenshot (image/png) ──────────────────────────────────────────────────────────
    test-results/tests-e2e-comprehensive_e2-4de89-imation-Test---Opacity-Fade-webkit/test-failed-1.png
    ────────────────────────────────────────────────────────────────────────────────────────────────

    attachment #2: video (video/webm) ──────────────────────────────────────────────────────────────
    test-results/tests-e2e-comprehensive_e2-4de89-imation-Test---Opacity-Fade-webkit/video.webm
    ────────────────────────────────────────────────────────────────────────────────────────────────
]]>
</failure>
<system-out>
<![CDATA[
[[ATTACHMENT|test-results/tests-e2e-comprehensive_e2-4de89-imation-Test---Opacity-Fade-webkit/test-failed-1.png]]

[[ATTACHMENT|test-results/tests-e2e-comprehensive_e2-4de89-imation-Test---Opacity-Fade-webkit/video.webm]]
]]>
</system-out>
</testcase>
<testcase name="Leptos Motion Library - Comprehensive E2E Tests › 1. Simple API Tests › Variant Switching Test" classname="tests/e2e/comprehensive_e2e_test.spec.ts" time="0.431">
<failure message="comprehensive_e2e_test.spec.ts:57:9 Variant Switching Test" type="FAILURE">
<![CDATA[  [webkit] › tests/e2e/comprehensive_e2e_test.spec.ts:57:9 › Leptos Motion Library - Comprehensive E2E Tests › 1. Simple API Tests › Variant Switching Test 

    Error: page.goto: Could not connect to the server.
    Call log:
      - navigating to "http://localhost:8086/", waiting until "load"


      56 |
      57 |     test('Variant Switching Test', async ({ page }) => {
    > 58 |       await page.goto(DEMO_URLS.newSimple);
         |                  ^
      59 |       await waitForWasmInit(page);
      60 |
      61 |       // Look for elements that can be toggled
        at /Users/peterhanssens/consulting/Leptos/leptos-motion/tests/e2e/comprehensive_e2e_test.spec.ts:58:18

    attachment #1: screenshot (image/png) ──────────────────────────────────────────────────────────
    test-results/tests-e2e-comprehensive_e2-38ec8-ests-Variant-Switching-Test-webkit/test-failed-1.png
    ────────────────────────────────────────────────────────────────────────────────────────────────

    attachment #2: video (video/webm) ──────────────────────────────────────────────────────────────
    test-results/tests-e2e-comprehensive_e2-38ec8-ests-Variant-Switching-Test-webkit/video.webm
    ────────────────────────────────────────────────────────────────────────────────────────────────
]]>
</failure>
<system-out>
<![CDATA[
[[ATTACHMENT|test-results/tests-e2e-comprehensive_e2-38ec8-ests-Variant-Switching-Test-webkit/test-failed-1.png]]

[[ATTACHMENT|test-results/tests-e2e-comprehensive_e2-38ec8-ests-Variant-Switching-Test-webkit/video.webm]]
]]>
</system-out>
</testcase>
<testcase name="Leptos Motion Library - Comprehensive E2E Tests › 1. Simple API Tests › Custom Easing Test" classname="tests/e2e/comprehensive_e2e_test.spec.ts" time="0.446">
<failure message="comprehensive_e2e_test.spec.ts:71:9 Custom Easing Test" type="FAILURE">
<![CDATA[  [webkit] › tests/e2e/comprehensive_e2e_test.spec.ts:71:9 › Leptos Motion Library - Comprehensive E2E Tests › 1. Simple API Tests › Custom Easing Test 

    Error: page.goto: Could not connect to the server.
    Call log:
      - navigating to "http://localhost:8086/", waiting until "load"


      70 |
      71 |     test('Custom Easing Test', async ({ page }) => {
    > 72 |       await page.goto(DEMO_URLS.newSimple);
         |                  ^
      73 |       await waitForWasmInit(page);
      74 |
      75 |       // Check for transition timing functions on first div
        at /Users/peterhanssens/consulting/Leptos/leptos-motion/tests/e2e/comprehensive_e2e_test.spec.ts:72:18

    attachment #1: screenshot (image/png) ──────────────────────────────────────────────────────────
    test-results/tests-e2e-comprehensive_e2-5f543-PI-Tests-Custom-Easing-Test-webkit/test-failed-1.png
    ────────────────────────────────────────────────────────────────────────────────────────────────

    attachment #2: video (video/webm) ──────────────────────────────────────────────────────────────
    test-results/tests-e2e-comprehensive_e2-5f543-PI-Tests-Custom-Easing-Test-webkit/video.webm
    ────────────────────────────────────────────────────────────────────────────────────────────────
]]>
</failure>
<system-out>
<![CDATA[
[[ATTACHMENT|test-results/tests-e2e-comprehensive_e2-5f543-PI-Tests-Custom-Easing-Test-webkit/test-failed-1.png]]

[[ATTACHMENT|test-results/tests-e2e-comprehensive_e2-5f543-PI-Tests-Custom-Easing-Test-webkit/video.webm]]
]]>
</system-out>
</testcase>
<testcase name="Leptos Motion Library - Comprehensive E2E Tests › 1. Simple API Tests › Accessibility - Reduced Motion Check" classname="tests/e2e/comprehensive_e2e_test.spec.ts" time="0.411">
<failure message="comprehensive_e2e_test.spec.ts:85:9 Accessibility - Reduced Motion Check" type="FAILURE">
<![CDATA[  [webkit] › tests/e2e/comprehensive_e2e_test.spec.ts:85:9 › Leptos Motion Library - Comprehensive E2E Tests › 1. Simple API Tests › Accessibility - Reduced Motion Check 

    Error: page.goto: Could not connect to the server.
    Call log:
      - navigating to "http://localhost:8086/", waiting until "load"


      84 |
      85 |     test('Accessibility - Reduced Motion Check', async ({ page }) => {
    > 86 |       await page.goto(DEMO_URLS.newSimple);
         |                  ^
      87 |       await waitForWasmInit(page);
      88 |
      89 |       // Simulate reduced motion preference
        at /Users/peterhanssens/consulting/Leptos/leptos-motion/tests/e2e/comprehensive_e2e_test.spec.ts:86:18

    attachment #1: screenshot (image/png) ──────────────────────────────────────────────────────────
    test-results/tests-e2e-comprehensive_e2-5ac8b-lity---Reduced-Motion-Check-webkit/test-failed-1.png
    ────────────────────────────────────────────────────────────────────────────────────────────────

    attachment #2: video (video/webm) ──────────────────────────────────────────────────────────────
    test-results/tests-e2e-comprehensive_e2-5ac8b-lity---Reduced-Motion-Check-webkit/video.webm
    ────────────────────────────────────────────────────────────────────────────────────────────────
]]>
</failure>
<system-out>
<![CDATA[
[[ATTACHMENT|test-results/tests-e2e-comprehensive_e2-5ac8b-lity---Reduced-Motion-Check-webkit/test-failed-1.png]]

[[ATTACHMENT|test-results/tests-e2e-comprehensive_e2-5ac8b-lity---Reduced-Motion-Check-webkit/video.webm]]
]]>
</system-out>
</testcase>
<testcase name="Leptos Motion Library - Comprehensive E2E Tests › 2. Independent Transforms Tests › Single Property Animation" classname="tests/e2e/comprehensive_e2e_test.spec.ts" time="0.423">
<failure message="comprehensive_e2e_test.spec.ts:102:9 Single Property Animation" type="FAILURE">
<![CDATA[  [webkit] › tests/e2e/comprehensive_e2e_test.spec.ts:102:9 › Leptos Motion Library - Comprehensive E2E Tests › 2. Independent Transforms Tests › Single Property Animation 

    Error: page.goto: Could not connect to the server.
    Call log:
      - navigating to "http://localhost:8086/", waiting until "load"


      101 |   test.describe('2. Independent Transforms Tests', () => {
      102 |     test('Single Property Animation', async ({ page }) => {
    > 103 |       await page.goto(DEMO_URLS.newSimple);
          |                  ^
      104 |       await waitForWasmInit(page);
      105 |
      106 |       // Check for transform properties or transition properties
        at /Users/peterhanssens/consulting/Leptos/leptos-motion/tests/e2e/comprehensive_e2e_test.spec.ts:103:18

    attachment #1: screenshot (image/png) ──────────────────────────────────────────────────────────
    test-results/tests-e2e-comprehensive_e2-ed6cd-s-Single-Property-Animation-webkit/test-failed-1.png
    ────────────────────────────────────────────────────────────────────────────────────────────────

    attachment #2: video (video/webm) ──────────────────────────────────────────────────────────────
    test-results/tests-e2e-comprehensive_e2-ed6cd-s-Single-Property-Animation-webkit/video.webm
    ────────────────────────────────────────────────────────────────────────────────────────────────
]]>
</failure>
<system-out>
<![CDATA[
[[ATTACHMENT|test-results/tests-e2e-comprehensive_e2-ed6cd-s-Single-Property-Animation-webkit/test-failed-1.png]]

[[ATTACHMENT|test-results/tests-e2e-comprehensive_e2-ed6cd-s-Single-Property-Animation-webkit/video.webm]]
]]>
</system-out>
</testcase>
<testcase name="Leptos Motion Library - Comprehensive E2E Tests › 2. Independent Transforms Tests › Concurrent Transforms" classname="tests/e2e/comprehensive_e2e_test.spec.ts" time="0.484">
<failure message="comprehensive_e2e_test.spec.ts:121:9 Concurrent Transforms" type="FAILURE">
<![CDATA[  [webkit] › tests/e2e/comprehensive_e2e_test.spec.ts:121:9 › Leptos Motion Library - Comprehensive E2E Tests › 2. Independent Transforms Tests › Concurrent Transforms 

    Error: page.goto: Could not connect to the server.
    Call log:
      - navigating to "http://localhost:8086/", waiting until "load"


      120 |
      121 |     test('Concurrent Transforms', async ({ page }) => {
    > 122 |       await page.goto(DEMO_URLS.newSimple);
          |                  ^
      123 |       await waitForWasmInit(page);
      124 |
      125 |       // Check multiple elements with any form of animation
        at /Users/peterhanssens/consulting/Leptos/leptos-motion/tests/e2e/comprehensive_e2e_test.spec.ts:122:18

    attachment #1: screenshot (image/png) ──────────────────────────────────────────────────────────
    test-results/tests-e2e-comprehensive_e2-467dd-Tests-Concurrent-Transforms-webkit/test-failed-1.png
    ────────────────────────────────────────────────────────────────────────────────────────────────

    attachment #2: video (video/webm) ──────────────────────────────────────────────────────────────
    test-results/tests-e2e-comprehensive_e2-467dd-Tests-Concurrent-Transforms-webkit/video.webm
    ────────────────────────────────────────────────────────────────────────────────────────────────
]]>
</failure>
<system-out>
<![CDATA[
[[ATTACHMENT|test-results/tests-e2e-comprehensive_e2-467dd-Tests-Concurrent-Transforms-webkit/test-failed-1.png]]

[[ATTACHMENT|test-results/tests-e2e-comprehensive_e2-467dd-Tests-Concurrent-Transforms-webkit/video.webm]]
]]>
</system-out>
</testcase>
<testcase name="Leptos Motion Library - Comprehensive E2E Tests › 2. Independent Transforms Tests › Hardware Acceleration Check" classname="tests/e2e/comprehensive_e2e_test.spec.ts" time="0.427">
<failure message="comprehensive_e2e_test.spec.ts:147:9 Hardware Acceleration Check" type="FAILURE">
<![CDATA[  [webkit] › tests/e2e/comprehensive_e2e_test.spec.ts:147:9 › Leptos Motion Library - Comprehensive E2E Tests › 2. Independent Transforms Tests › Hardware Acceleration Check 

    Error: page.goto: Could not connect to the server.
    Call log:
      - navigating to "http://localhost:8086/", waiting until "load"


      146 |
      147 |     test('Hardware Acceleration Check', async ({ page }) => {
    > 148 |       await page.goto(DEMO_URLS.newSimple);
          |                  ^
      149 |       await waitForWasmInit(page);
      150 |
      151 |       // Check for will-change property
        at /Users/peterhanssens/consulting/Leptos/leptos-motion/tests/e2e/comprehensive_e2e_test.spec.ts:148:18

    attachment #1: screenshot (image/png) ──────────────────────────────────────────────────────────
    test-results/tests-e2e-comprehensive_e2-f41b2-Hardware-Acceleration-Check-webkit/test-failed-1.png
    ────────────────────────────────────────────────────────────────────────────────────────────────

    attachment #2: video (video/webm) ──────────────────────────────────────────────────────────────
    test-results/tests-e2e-comprehensive_e2-f41b2-Hardware-Acceleration-Check-webkit/video.webm
    ────────────────────────────────────────────────────────────────────────────────────────────────
]]>
</failure>
<system-out>
<![CDATA[
[[ATTACHMENT|test-results/tests-e2e-comprehensive_e2-f41b2-Hardware-Acceleration-Check-webkit/test-failed-1.png]]

[[ATTACHMENT|test-results/tests-e2e-comprehensive_e2-f41b2-Hardware-Acceleration-Check-webkit/video.webm]]
]]>
</system-out>
</testcase>
<testcase name="Leptos Motion Library - Comprehensive E2E Tests › 3. Scroll Animation Tests › Scroll-based Animation" classname="tests/e2e/comprehensive_e2e_test.spec.ts" time="0.442">
<failure message="comprehensive_e2e_test.spec.ts:168:9 Scroll-based Animation" type="FAILURE">
<![CDATA[  [webkit] › tests/e2e/comprehensive_e2e_test.spec.ts:168:9 › Leptos Motion Library - Comprehensive E2E Tests › 3. Scroll Animation Tests › Scroll-based Animation 

    Error: page.goto: Could not connect to the server.
    Call log:
      - navigating to "http://localhost:8086/", waiting until "load"


      167 |   test.describe('3. Scroll Animation Tests', () => {
      168 |     test('Scroll-based Animation', async ({ page }) => {
    > 169 |       await page.goto(DEMO_URLS.newSimple);
          |                  ^
      170 |       await waitForWasmInit(page);
      171 |
      172 |       // Simulate scroll
        at /Users/peterhanssens/consulting/Leptos/leptos-motion/tests/e2e/comprehensive_e2e_test.spec.ts:169:18

    attachment #1: screenshot (image/png) ──────────────────────────────────────────────────────────
    test-results/tests-e2e-comprehensive_e2-e6592-ests-Scroll-based-Animation-webkit/test-failed-1.png
    ────────────────────────────────────────────────────────────────────────────────────────────────

    attachment #2: video (video/webm) ──────────────────────────────────────────────────────────────
    test-results/tests-e2e-comprehensive_e2-e6592-ests-Scroll-based-Animation-webkit/video.webm
    ────────────────────────────────────────────────────────────────────────────────────────────────
]]>
</failure>
<system-out>
<![CDATA[
[[ATTACHMENT|test-results/tests-e2e-comprehensive_e2-e6592-ests-Scroll-based-Animation-webkit/test-failed-1.png]]

[[ATTACHMENT|test-results/tests-e2e-comprehensive_e2-e6592-ests-Scroll-based-Animation-webkit/video.webm]]
]]>
</system-out>
</testcase>
<testcase name="Leptos Motion Library - Comprehensive E2E Tests › 3. Scroll Animation Tests › Viewport Trigger Animation" classname="tests/e2e/comprehensive_e2e_test.spec.ts" time="0.547">
<failure message="comprehensive_e2e_test.spec.ts:185:9 Viewport Trigger Animation" type="FAILURE">
<![CDATA[  [webkit] › tests/e2e/comprehensive_e2e_test.spec.ts:185:9 › Leptos Motion Library - Comprehensive E2E Tests › 3. Scroll Animation Tests › Viewport Trigger Animation 

    Error: page.goto: Could not connect to the server.
    Call log:
      - navigating to "http://localhost:8086/", waiting until "load"


      184 |
      185 |     test('Viewport Trigger Animation', async ({ page }) => {
    > 186 |       await page.goto(DEMO_URLS.newSimple);
          |                  ^
      187 |       await waitForWasmInit(page);
      188 |
      189 |       // Scroll to trigger viewport animations
        at /Users/peterhanssens/consulting/Leptos/leptos-motion/tests/e2e/comprehensive_e2e_test.spec.ts:186:18

    attachment #1: screenshot (image/png) ──────────────────────────────────────────────────────────
    test-results/tests-e2e-comprehensive_e2-eada2--Viewport-Trigger-Animation-webkit/test-failed-1.png
    ────────────────────────────────────────────────────────────────────────────────────────────────

    attachment #2: video (video/webm) ──────────────────────────────────────────────────────────────
    test-results/tests-e2e-comprehensive_e2-eada2--Viewport-Trigger-Animation-webkit/video.webm
    ────────────────────────────────────────────────────────────────────────────────────────────────
]]>
</failure>
<system-out>
<![CDATA[
[[ATTACHMENT|test-results/tests-e2e-comprehensive_e2-eada2--Viewport-Trigger-Animation-webkit/test-failed-1.png]]

[[ATTACHMENT|test-results/tests-e2e-comprehensive_e2-eada2--Viewport-Trigger-Animation-webkit/video.webm]]
]]>
</system-out>
</testcase>
<testcase name="Leptos Motion Library - Comprehensive E2E Tests › 4. Exit Animation Tests › Component Unmount Animation" classname="tests/e2e/comprehensive_e2e_test.spec.ts" time="0.457">
<failure message="comprehensive_e2e_test.spec.ts:205:9 Component Unmount Animation" type="FAILURE">
<![CDATA[  [webkit] › tests/e2e/comprehensive_e2e_test.spec.ts:205:9 › Leptos Motion Library - Comprehensive E2E Tests › 4. Exit Animation Tests › Component Unmount Animation 

    Error: page.goto: Could not connect to the server.
    Call log:
      - navigating to "http://localhost:8086/", waiting until "load"


      204 |   test.describe('4. Exit Animation Tests', () => {
      205 |     test('Component Unmount Animation', async ({ page }) => {
    > 206 |       await page.goto(DEMO_URLS.newSimple);
          |                  ^
      207 |       await waitForWasmInit(page);
      208 |
      209 |       // Look for buttons that might trigger unmount
        at /Users/peterhanssens/consulting/Leptos/leptos-motion/tests/e2e/comprehensive_e2e_test.spec.ts:206:18

    attachment #1: screenshot (image/png) ──────────────────────────────────────────────────────────
    test-results/tests-e2e-comprehensive_e2-e80c4-Component-Unmount-Animation-webkit/test-failed-1.png
    ────────────────────────────────────────────────────────────────────────────────────────────────

    attachment #2: video (video/webm) ──────────────────────────────────────────────────────────────
    test-results/tests-e2e-comprehensive_e2-e80c4-Component-Unmount-Animation-webkit/video.webm
    ────────────────────────────────────────────────────────────────────────────────────────────────
]]>
</failure>
<system-out>
<![CDATA[
[[ATTACHMENT|test-results/tests-e2e-comprehensive_e2-e80c4-Component-Unmount-Animation-webkit/test-failed-1.png]]

[[ATTACHMENT|test-results/tests-e2e-comprehensive_e2-e80c4-Component-Unmount-Animation-webkit/video.webm]]
]]>
</system-out>
</testcase>
<testcase name="Leptos Motion Library - Comprehensive E2E Tests › 5. Gesture Tests › Hover Gesture" classname="tests/e2e/comprehensive_e2e_test.spec.ts" time="0.431">
<failure message="comprehensive_e2e_test.spec.ts:226:9 Hover Gesture" type="FAILURE">
<![CDATA[  [webkit] › tests/e2e/comprehensive_e2e_test.spec.ts:226:9 › Leptos Motion Library - Comprehensive E2E Tests › 5. Gesture Tests › Hover Gesture 

    Error: page.goto: Could not connect to the server.
    Call log:
      - navigating to "http://localhost:8086/", waiting until "load"


      225 |   test.describe('5. Gesture Tests', () => {
      226 |     test('Hover Gesture', async ({ page }) => {
    > 227 |       await page.goto(DEMO_URLS.newSimple);
          |                  ^
      228 |       await waitForWasmInit(page);
      229 |
      230 |       // Test hover on interactive elements
        at /Users/peterhanssens/consulting/Leptos/leptos-motion/tests/e2e/comprehensive_e2e_test.spec.ts:227:18

    attachment #1: screenshot (image/png) ──────────────────────────────────────────────────────────
    test-results/tests-e2e-comprehensive_e2-c333a-Gesture-Tests-Hover-Gesture-webkit/test-failed-1.png
    ────────────────────────────────────────────────────────────────────────────────────────────────

    attachment #2: video (video/webm) ──────────────────────────────────────────────────────────────
    test-results/tests-e2e-comprehensive_e2-c333a-Gesture-Tests-Hover-Gesture-webkit/video.webm
    ────────────────────────────────────────────────────────────────────────────────────────────────
]]>
</failure>
<system-out>
<![CDATA[
[[ATTACHMENT|test-results/tests-e2e-comprehensive_e2-c333a-Gesture-Tests-Hover-Gesture-webkit/test-failed-1.png]]

[[ATTACHMENT|test-results/tests-e2e-comprehensive_e2-c333a-Gesture-Tests-Hover-Gesture-webkit/video.webm]]
]]>
</system-out>
</testcase>
<testcase name="Leptos Motion Library - Comprehensive E2E Tests › 5. Gesture Tests › Press Gesture" classname="tests/e2e/comprehensive_e2e_test.spec.ts" time="0.442">
<failure message="comprehensive_e2e_test.spec.ts:246:9 Press Gesture" type="FAILURE">
<![CDATA[  [webkit] › tests/e2e/comprehensive_e2e_test.spec.ts:246:9 › Leptos Motion Library - Comprehensive E2E Tests › 5. Gesture Tests › Press Gesture 

    Error: page.goto: Could not connect to the server.
    Call log:
      - navigating to "http://localhost:8086/", waiting until "load"


      245 |
      246 |     test('Press Gesture', async ({ page }) => {
    > 247 |       await page.goto(DEMO_URLS.newSimple);
          |                  ^
      248 |       await waitForWasmInit(page);
      249 |
      250 |       // Test press on buttons
        at /Users/peterhanssens/consulting/Leptos/leptos-motion/tests/e2e/comprehensive_e2e_test.spec.ts:247:18

    attachment #1: screenshot (image/png) ──────────────────────────────────────────────────────────
    test-results/tests-e2e-comprehensive_e2-2067b-Gesture-Tests-Press-Gesture-webkit/test-failed-1.png
    ────────────────────────────────────────────────────────────────────────────────────────────────

    attachment #2: video (video/webm) ──────────────────────────────────────────────────────────────
    test-results/tests-e2e-comprehensive_e2-2067b-Gesture-Tests-Press-Gesture-webkit/video.webm
    ────────────────────────────────────────────────────────────────────────────────────────────────
]]>
</failure>
<system-out>
<![CDATA[
[[ATTACHMENT|test-results/tests-e2e-comprehensive_e2-2067b-Gesture-Tests-Press-Gesture-webkit/test-failed-1.png]]

[[ATTACHMENT|test-results/tests-e2e-comprehensive_e2-2067b-Gesture-Tests-Press-Gesture-webkit/video.webm]]
]]>
</system-out>
</testcase>
<testcase name="Leptos Motion Library - Comprehensive E2E Tests › 5. Gesture Tests › Touch Gesture Support" classname="tests/e2e/comprehensive_e2e_test.spec.ts" time="0.41">
<failure message="comprehensive_e2e_test.spec.ts:263:9 Touch Gesture Support" type="FAILURE">
<![CDATA[  [webkit] › tests/e2e/comprehensive_e2e_test.spec.ts:263:9 › Leptos Motion Library - Comprehensive E2E Tests › 5. Gesture Tests › Touch Gesture Support 

    Error: page.goto: Could not connect to the server.
    Call log:
      - navigating to "http://localhost:8086/", waiting until "load"


      262 |
      263 |     test('Touch Gesture Support', async ({ page }) => {
    > 264 |       await page.goto(DEMO_URLS.newSimple);
          |                  ^
      265 |       await waitForWasmInit(page);
      266 |
      267 |       // Set mobile viewport
        at /Users/peterhanssens/consulting/Leptos/leptos-motion/tests/e2e/comprehensive_e2e_test.spec.ts:264:18

    attachment #1: screenshot (image/png) ──────────────────────────────────────────────────────────
    test-results/tests-e2e-comprehensive_e2-26d23-Tests-Touch-Gesture-Support-webkit/test-failed-1.png
    ────────────────────────────────────────────────────────────────────────────────────────────────

    attachment #2: video (video/webm) ──────────────────────────────────────────────────────────────
    test-results/tests-e2e-comprehensive_e2-26d23-Tests-Touch-Gesture-Support-webkit/video.webm
    ────────────────────────────────────────────────────────────────────────────────────────────────
]]>
</failure>
<system-out>
<![CDATA[
[[ATTACHMENT|test-results/tests-e2e-comprehensive_e2-26d23-Tests-Touch-Gesture-Support-webkit/test-failed-1.png]]

[[ATTACHMENT|test-results/tests-e2e-comprehensive_e2-26d23-Tests-Touch-Gesture-Support-webkit/video.webm]]
]]>
</system-out>
</testcase>
<testcase name="Leptos Motion Library - Comprehensive E2E Tests › 6. Layout Animation Tests › Resize Animation" classname="tests/e2e/comprehensive_e2e_test.spec.ts" time="0.48">
<failure message="comprehensive_e2e_test.spec.ts:282:9 Resize Animation" type="FAILURE">
<![CDATA[  [webkit] › tests/e2e/comprehensive_e2e_test.spec.ts:282:9 › Leptos Motion Library - Comprehensive E2E Tests › 6. Layout Animation Tests › Resize Animation 

    Error: page.goto: Could not connect to the server.
    Call log:
      - navigating to "http://localhost:8086/", waiting until "load"


      281 |   test.describe('6. Layout Animation Tests', () => {
      282 |     test('Resize Animation', async ({ page }) => {
    > 283 |       await page.goto(DEMO_URLS.newSimple);
          |                  ^
      284 |       await waitForWasmInit(page);
      285 |
      286 |       // Test viewport resize
        at /Users/peterhanssens/consulting/Leptos/leptos-motion/tests/e2e/comprehensive_e2e_test.spec.ts:283:18

    attachment #1: screenshot (image/png) ──────────────────────────────────────────────────────────
    test-results/tests-e2e-comprehensive_e2-14fad-tion-Tests-Resize-Animation-webkit/test-failed-1.png
    ────────────────────────────────────────────────────────────────────────────────────────────────

    attachment #2: video (video/webm) ──────────────────────────────────────────────────────────────
    test-results/tests-e2e-comprehensive_e2-14fad-tion-Tests-Resize-Animation-webkit/video.webm
    ────────────────────────────────────────────────────────────────────────────────────────────────
]]>
</failure>
<system-out>
<![CDATA[
[[ATTACHMENT|test-results/tests-e2e-comprehensive_e2-14fad-tion-Tests-Resize-Animation-webkit/test-failed-1.png]]

[[ATTACHMENT|test-results/tests-e2e-comprehensive_e2-14fad-tion-Tests-Resize-Animation-webkit/video.webm]]
]]>
</system-out>
</testcase>
<testcase name="Leptos Motion Library - Comprehensive E2E Tests › 6. Layout Animation Tests › Layout Shift Animation" classname="tests/e2e/comprehensive_e2e_test.spec.ts" time="0.489">
<failure message="comprehensive_e2e_test.spec.ts:300:9 Layout Shift Animation" type="FAILURE">
<![CDATA[  [webkit] › tests/e2e/comprehensive_e2e_test.spec.ts:300:9 › Leptos Motion Library - Comprehensive E2E Tests › 6. Layout Animation Tests › Layout Shift Animation 

    Error: page.goto: Could not connect to the server.
    Call log:
      - navigating to "http://localhost:8086/", waiting until "load"


      299 |
      300 |     test('Layout Shift Animation', async ({ page }) => {
    > 301 |       await page.goto(DEMO_URLS.newSimple);
          |                  ^
      302 |       await waitForWasmInit(page);
      303 |
      304 |       // Trigger layout changes
        at /Users/peterhanssens/consulting/Leptos/leptos-motion/tests/e2e/comprehensive_e2e_test.spec.ts:301:18

    attachment #1: screenshot (image/png) ──────────────────────────────────────────────────────────
    test-results/tests-e2e-comprehensive_e2-0b4f0-ests-Layout-Shift-Animation-webkit/test-failed-1.png
    ────────────────────────────────────────────────────────────────────────────────────────────────

    attachment #2: video (video/webm) ──────────────────────────────────────────────────────────────
    test-results/tests-e2e-comprehensive_e2-0b4f0-ests-Layout-Shift-Animation-webkit/video.webm
    ────────────────────────────────────────────────────────────────────────────────────────────────
]]>
</failure>
<system-out>
<![CDATA[
[[ATTACHMENT|test-results/tests-e2e-comprehensive_e2-0b4f0-ests-Layout-Shift-Animation-webkit/test-failed-1.png]]

[[ATTACHMENT|test-results/tests-e2e-comprehensive_e2-0b4f0-ests-Layout-Shift-Animation-webkit/video.webm]]
]]>
</system-out>
</testcase>
<testcase name="Leptos Motion Library - Comprehensive E2E Tests › 7. Timeline Sequences Tests › Stagger Animation" classname="tests/e2e/comprehensive_e2e_test.spec.ts" time="0.501">
<failure message="comprehensive_e2e_test.spec.ts:316:9 Stagger Animation" type="FAILURE">
<![CDATA[  [webkit] › tests/e2e/comprehensive_e2e_test.spec.ts:316:9 › Leptos Motion Library - Comprehensive E2E Tests › 7. Timeline Sequences Tests › Stagger Animation 

    Error: page.goto: Could not connect to the server.
    Call log:
      - navigating to "http://localhost:8086/", waiting until "load"


      315 |   test.describe('7. Timeline Sequences Tests', () => {
      316 |     test('Stagger Animation', async ({ page }) => {
    > 317 |       await page.goto(DEMO_URLS.newSimple);
          |                  ^
      318 |       await waitForWasmInit(page);
      319 |
      320 |       // Look for multiple animated elements
        at /Users/peterhanssens/consulting/Leptos/leptos-motion/tests/e2e/comprehensive_e2e_test.spec.ts:317:18

    attachment #1: screenshot (image/png) ──────────────────────────────────────────────────────────
    test-results/tests-e2e-comprehensive_e2-e9bf9-ces-Tests-Stagger-Animation-webkit/test-failed-1.png
    ────────────────────────────────────────────────────────────────────────────────────────────────

    attachment #2: video (video/webm) ──────────────────────────────────────────────────────────────
    test-results/tests-e2e-comprehensive_e2-e9bf9-ces-Tests-Stagger-Animation-webkit/video.webm
    ────────────────────────────────────────────────────────────────────────────────────────────────
]]>
</failure>
<system-out>
<![CDATA[
[[ATTACHMENT|test-results/tests-e2e-comprehensive_e2-e9bf9-ces-Tests-Stagger-Animation-webkit/test-failed-1.png]]

[[ATTACHMENT|test-results/tests-e2e-comprehensive_e2-e9bf9-ces-Tests-Stagger-Animation-webkit/video.webm]]
]]>
</system-out>
</testcase>
<testcase name="Leptos Motion Library - Comprehensive E2E Tests › 7. Timeline Sequences Tests › Sequence Animation" classname="tests/e2e/comprehensive_e2e_test.spec.ts" time="0.541">
<failure message="comprehensive_e2e_test.spec.ts:331:9 Sequence Animation" type="FAILURE">
<![CDATA[  [webkit] › tests/e2e/comprehensive_e2e_test.spec.ts:331:9 › Leptos Motion Library - Comprehensive E2E Tests › 7. Timeline Sequences Tests › Sequence Animation 

    Error: page.goto: Could not connect to the server.
    Call log:
      - navigating to "http://localhost:8086/", waiting until "load"


      330 |
      331 |     test('Sequence Animation', async ({ page }) => {
    > 332 |       await page.goto(DEMO_URLS.newSimple);
          |                  ^
      333 |       await waitForWasmInit(page);
      334 |
      335 |       // Trigger sequence animations
        at /Users/peterhanssens/consulting/Leptos/leptos-motion/tests/e2e/comprehensive_e2e_test.spec.ts:332:18

    attachment #1: screenshot (image/png) ──────────────────────────────────────────────────────────
    test-results/tests-e2e-comprehensive_e2-709e8-es-Tests-Sequence-Animation-webkit/test-failed-1.png
    ────────────────────────────────────────────────────────────────────────────────────────────────

    attachment #2: video (video/webm) ──────────────────────────────────────────────────────────────
    test-results/tests-e2e-comprehensive_e2-709e8-es-Tests-Sequence-Animation-webkit/video.webm
    ────────────────────────────────────────────────────────────────────────────────────────────────
]]>
</failure>
<system-out>
<![CDATA[
[[ATTACHMENT|test-results/tests-e2e-comprehensive_e2-709e8-es-Tests-Sequence-Animation-webkit/test-failed-1.png]]

[[ATTACHMENT|test-results/tests-e2e-comprehensive_e2-709e8-es-Tests-Sequence-Animation-webkit/video.webm]]
]]>
</system-out>
</testcase>
<testcase name="Leptos Motion Library - Comprehensive E2E Tests › 8. Spring Physics Tests › Spring Animation" classname="tests/e2e/comprehensive_e2e_test.spec.ts" time="0.583">
<failure message="comprehensive_e2e_test.spec.ts:349:9 Spring Animation" type="FAILURE">
<![CDATA[  [webkit] › tests/e2e/comprehensive_e2e_test.spec.ts:349:9 › Leptos Motion Library - Comprehensive E2E Tests › 8. Spring Physics Tests › Spring Animation 

    Error: page.goto: Could not connect to the server.
    Call log:
      - navigating to "http://localhost:8086/", waiting until "load"


      348 |   test.describe('8. Spring Physics Tests', () => {
      349 |     test('Spring Animation', async ({ page }) => {
    > 350 |       await page.goto(DEMO_URLS.newSimple);
          |                  ^
      351 |       await waitForWasmInit(page);
      352 |
      353 |       // Check for spring-like animations
        at /Users/peterhanssens/consulting/Leptos/leptos-motion/tests/e2e/comprehensive_e2e_test.spec.ts:350:18

    attachment #1: screenshot (image/png) ──────────────────────────────────────────────────────────
    test-results/tests-e2e-comprehensive_e2-cc3c7-sics-Tests-Spring-Animation-webkit/test-failed-1.png
    ────────────────────────────────────────────────────────────────────────────────────────────────

    attachment #2: video (video/webm) ──────────────────────────────────────────────────────────────
    test-results/tests-e2e-comprehensive_e2-cc3c7-sics-Tests-Spring-Animation-webkit/video.webm
    ────────────────────────────────────────────────────────────────────────────────────────────────
]]>
</failure>
<system-out>
<![CDATA[
[[ATTACHMENT|test-results/tests-e2e-comprehensive_e2-cc3c7-sics-Tests-Spring-Animation-webkit/test-failed-1.png]]

[[ATTACHMENT|test-results/tests-e2e-comprehensive_e2-cc3c7-sics-Tests-Spring-Animation-webkit/video.webm]]
]]>
</system-out>
</testcase>
<testcase name="Leptos Motion Library - Comprehensive E2E Tests › 8. Spring Physics Tests › Velocity-based Animation" classname="tests/e2e/comprehensive_e2e_test.spec.ts" time="0.509">
<failure message="comprehensive_e2e_test.spec.ts:364:9 Velocity-based Animation" type="FAILURE">
<![CDATA[  [webkit] › tests/e2e/comprehensive_e2e_test.spec.ts:364:9 › Leptos Motion Library - Comprehensive E2E Tests › 8. Spring Physics Tests › Velocity-based Animation 

    Error: page.goto: Could not connect to the server.
    Call log:
      - navigating to "http://localhost:8086/", waiting until "load"


      363 |
      364 |     test('Velocity-based Animation', async ({ page }) => {
    > 365 |       await page.goto(DEMO_URLS.newSimple);
          |                  ^
      366 |       await waitForWasmInit(page);
      367 |
      368 |       // Test rapid interactions
        at /Users/peterhanssens/consulting/Leptos/leptos-motion/tests/e2e/comprehensive_e2e_test.spec.ts:365:18

    attachment #1: screenshot (image/png) ──────────────────────────────────────────────────────────
    test-results/tests-e2e-comprehensive_e2-c67f9-ts-Velocity-based-Animation-webkit/test-failed-1.png
    ────────────────────────────────────────────────────────────────────────────────────────────────

    attachment #2: video (video/webm) ──────────────────────────────────────────────────────────────
    test-results/tests-e2e-comprehensive_e2-c67f9-ts-Velocity-based-Animation-webkit/video.webm
    ────────────────────────────────────────────────────────────────────────────────────────────────
]]>
</failure>
<system-out>
<![CDATA[
[[ATTACHMENT|test-results/tests-e2e-comprehensive_e2-c67f9-ts-Velocity-based-Animation-webkit/test-failed-1.png]]

[[ATTACHMENT|test-results/tests-e2e-comprehensive_e2-c67f9-ts-Velocity-based-Animation-webkit/video.webm]]
]]>
</system-out>
</testcase>
<testcase name="Leptos Motion Library - Comprehensive E2E Tests › 9. Performance Tests › 60 FPS Performance Check" classname="tests/e2e/comprehensive_e2e_test.spec.ts" time="0.519">
<failure message="comprehensive_e2e_test.spec.ts:384:9 60 FPS Performance Check" type="FAILURE">
<![CDATA[  [webkit] › tests/e2e/comprehensive_e2e_test.spec.ts:384:9 › Leptos Motion Library - Comprehensive E2E Tests › 9. Performance Tests › 60 FPS Performance Check 

    Error: page.goto: Could not connect to the server.
    Call log:
      - navigating to "http://localhost:8086/", waiting until "load"


      383 |   test.describe('9. Performance Tests', () => {
      384 |     test('60 FPS Performance Check', async ({ page }) => {
    > 385 |       await page.goto(DEMO_URLS.newSimple);
          |                  ^
      386 |       await waitForWasmInit(page);
      387 |
      388 |       // Monitor performance during animations
        at /Users/peterhanssens/consulting/Leptos/leptos-motion/tests/e2e/comprehensive_e2e_test.spec.ts:385:18

    attachment #1: screenshot (image/png) ──────────────────────────────────────────────────────────
    test-results/tests-e2e-comprehensive_e2-3a598-ts-60-FPS-Performance-Check-webkit/test-failed-1.png
    ────────────────────────────────────────────────────────────────────────────────────────────────

    attachment #2: video (video/webm) ──────────────────────────────────────────────────────────────
    test-results/tests-e2e-comprehensive_e2-3a598-ts-60-FPS-Performance-Check-webkit/video.webm
    ────────────────────────────────────────────────────────────────────────────────────────────────
]]>
</failure>
<system-out>
<![CDATA[
[[ATTACHMENT|test-results/tests-e2e-comprehensive_e2-3a598-ts-60-FPS-Performance-Check-webkit/test-failed-1.png]]

[[ATTACHMENT|test-results/tests-e2e-comprehensive_e2-3a598-ts-60-FPS-Performance-Check-webkit/video.webm]]
]]>
</system-out>
</testcase>
<testcase name="Leptos Motion Library - Comprehensive E2E Tests › 9. Performance Tests › Memory Usage Check" classname="tests/e2e/comprehensive_e2e_test.spec.ts" time="0.646">
<failure message="comprehensive_e2e_test.spec.ts:411:9 Memory Usage Check" type="FAILURE">
<![CDATA[  [webkit] › tests/e2e/comprehensive_e2e_test.spec.ts:411:9 › Leptos Motion Library - Comprehensive E2E Tests › 9. Performance Tests › Memory Usage Check 

    Error: page.goto: Could not connect to the server.
    Call log:
      - navigating to "http://localhost:8086/", waiting until "load"


      410 |
      411 |     test('Memory Usage Check', async ({ page }) => {
    > 412 |       await page.goto(DEMO_URLS.newSimple);
          |                  ^
      413 |       await waitForWasmInit(page);
      414 |
      415 |       // Check memory usage
        at /Users/peterhanssens/consulting/Leptos/leptos-motion/tests/e2e/comprehensive_e2e_test.spec.ts:412:18

    attachment #1: screenshot (image/png) ──────────────────────────────────────────────────────────
    test-results/tests-e2e-comprehensive_e2-2f51d-ce-Tests-Memory-Usage-Check-webkit/test-failed-1.png
    ────────────────────────────────────────────────────────────────────────────────────────────────

    attachment #2: video (video/webm) ──────────────────────────────────────────────────────────────
    test-results/tests-e2e-comprehensive_e2-2f51d-ce-Tests-Memory-Usage-Check-webkit/video.webm
    ────────────────────────────────────────────────────────────────────────────────────────────────
]]>
</failure>
<system-out>
<![CDATA[
[[ATTACHMENT|test-results/tests-e2e-comprehensive_e2-2f51d-ce-Tests-Memory-Usage-Check-webkit/test-failed-1.png]]

[[ATTACHMENT|test-results/tests-e2e-comprehensive_e2-2f51d-ce-Tests-Memory-Usage-Check-webkit/video.webm]]
]]>
</system-out>
</testcase>
<testcase name="Leptos Motion Library - Comprehensive E2E Tests › 9. Performance Tests › Load Time Performance" classname="tests/e2e/comprehensive_e2e_test.spec.ts" time="0.59">
<failure message="comprehensive_e2e_test.spec.ts:430:9 Load Time Performance" type="FAILURE">
<![CDATA[  [webkit] › tests/e2e/comprehensive_e2e_test.spec.ts:430:9 › Leptos Motion Library - Comprehensive E2E Tests › 9. Performance Tests › Load Time Performance 

    Error: page.goto: Could not connect to the server.
    Call log:
      - navigating to "http://localhost:8086/", waiting until "load"


      430 |     test('Load Time Performance', async ({ page }) => {
      431 |       const startTime = Date.now();
    > 432 |       await page.goto(DEMO_URLS.newSimple);
          |                  ^
      433 |       await waitForWasmInit(page);
      434 |       const loadTime = Date.now() - startTime;
      435 |
        at /Users/peterhanssens/consulting/Leptos/leptos-motion/tests/e2e/comprehensive_e2e_test.spec.ts:432:18

    attachment #1: screenshot (image/png) ──────────────────────────────────────────────────────────
    test-results/tests-e2e-comprehensive_e2-b9f2a-Tests-Load-Time-Performance-webkit/test-failed-1.png
    ────────────────────────────────────────────────────────────────────────────────────────────────

    attachment #2: video (video/webm) ──────────────────────────────────────────────────────────────
    test-results/tests-e2e-comprehensive_e2-b9f2a-Tests-Load-Time-Performance-webkit/video.webm
    ────────────────────────────────────────────────────────────────────────────────────────────────
]]>
</failure>
<system-out>
<![CDATA[
[[ATTACHMENT|test-results/tests-e2e-comprehensive_e2-b9f2a-Tests-Load-Time-Performance-webkit/test-failed-1.png]]

[[ATTACHMENT|test-results/tests-e2e-comprehensive_e2-b9f2a-Tests-Load-Time-Performance-webkit/video.webm]]
]]>
</system-out>
</testcase>
<testcase name="Leptos Motion Library - Comprehensive E2E Tests › 10. Cross-Browser Compatibility › Chrome Compatibility" classname="tests/e2e/comprehensive_e2e_test.spec.ts" time="0.522">
<failure message="comprehensive_e2e_test.spec.ts:443:9 Chrome Compatibility" type="FAILURE">
<![CDATA[  [webkit] › tests/e2e/comprehensive_e2e_test.spec.ts:443:9 › Leptos Motion Library - Comprehensive E2E Tests › 10. Cross-Browser Compatibility › Chrome Compatibility 

    Error: page.goto: Could not connect to the server.
    Call log:
      - navigating to "http://localhost:8086/", waiting until "load"


      442 |   test.describe('10. Cross-Browser Compatibility', () => {
      443 |     test('Chrome Compatibility', async ({ page }) => {
    > 444 |       await page.goto(DEMO_URLS.newSimple);
          |                  ^
      445 |       await waitForWasmInit(page);
      446 |
      447 |       const elements = page.locator('div');
        at /Users/peterhanssens/consulting/Leptos/leptos-motion/tests/e2e/comprehensive_e2e_test.spec.ts:444:18

    attachment #1: screenshot (image/png) ──────────────────────────────────────────────────────────
    test-results/tests-e2e-comprehensive_e2-8e094-bility-Chrome-Compatibility-webkit/test-failed-1.png
    ────────────────────────────────────────────────────────────────────────────────────────────────

    attachment #2: video (video/webm) ──────────────────────────────────────────────────────────────
    test-results/tests-e2e-comprehensive_e2-8e094-bility-Chrome-Compatibility-webkit/video.webm
    ────────────────────────────────────────────────────────────────────────────────────────────────
]]>
</failure>
<system-out>
<![CDATA[
[[ATTACHMENT|test-results/tests-e2e-comprehensive_e2-8e094-bility-Chrome-Compatibility-webkit/test-failed-1.png]]

[[ATTACHMENT|test-results/tests-e2e-comprehensive_e2-8e094-bility-Chrome-Compatibility-webkit/video.webm]]
]]>
</system-out>
</testcase>
<testcase name="Leptos Motion Library - Comprehensive E2E Tests › 11. Integration Tests › Leptos Signals Integration" classname="tests/e2e/comprehensive_e2e_test.spec.ts" time="0.591">
<failure message="comprehensive_e2e_test.spec.ts:455:9 Leptos Signals Integration" type="FAILURE">
<![CDATA[  [webkit] › tests/e2e/comprehensive_e2e_test.spec.ts:455:9 › Leptos Motion Library - Comprehensive E2E Tests › 11. Integration Tests › Leptos Signals Integration 

    Error: page.goto: Could not connect to the server.
    Call log:
      - navigating to "http://localhost:8086/", waiting until "load"


      454 |   test.describe('11. Integration Tests', () => {
      455 |     test('Leptos Signals Integration', async ({ page }) => {
    > 456 |       await page.goto(DEMO_URLS.newSimple);
          |                  ^
      457 |       await waitForWasmInit(page);
      458 |
      459 |       // Test signal-based reactivity
        at /Users/peterhanssens/consulting/Leptos/leptos-motion/tests/e2e/comprehensive_e2e_test.spec.ts:456:18

    attachment #1: screenshot (image/png) ──────────────────────────────────────────────────────────
    test-results/tests-e2e-comprehensive_e2-ff647--Leptos-Signals-Integration-webkit/test-failed-1.png
    ────────────────────────────────────────────────────────────────────────────────────────────────

    attachment #2: video (video/webm) ──────────────────────────────────────────────────────────────
    test-results/tests-e2e-comprehensive_e2-ff647--Leptos-Signals-Integration-webkit/video.webm
    ────────────────────────────────────────────────────────────────────────────────────────────────
]]>
</failure>
<system-out>
<![CDATA[
[[ATTACHMENT|test-results/tests-e2e-comprehensive_e2-ff647--Leptos-Signals-Integration-webkit/test-failed-1.png]]

[[ATTACHMENT|test-results/tests-e2e-comprehensive_e2-ff647--Leptos-Signals-Integration-webkit/video.webm]]
]]>
</system-out>
</testcase>
<testcase name="Leptos Motion Library - Comprehensive E2E Tests › 11. Integration Tests › SSR Compatibility" classname="tests/e2e/comprehensive_e2e_test.spec.ts" time="0.727">
<failure message="comprehensive_e2e_test.spec.ts:473:9 SSR Compatibility" type="FAILURE">
<![CDATA[  [webkit] › tests/e2e/comprehensive_e2e_test.spec.ts:473:9 › Leptos Motion Library - Comprehensive E2E Tests › 11. Integration Tests › SSR Compatibility 

    Error: page.goto: Could not connect to the server.
    Call log:
      - navigating to "http://localhost:8086/", waiting until "load"


      472 |
      473 |     test('SSR Compatibility', async ({ page }) => {
    > 474 |       await page.goto(DEMO_URLS.newSimple);
          |                  ^
      475 |       await waitForWasmInit(page);
      476 |
      477 |       // Check for hydration
        at /Users/peterhanssens/consulting/Leptos/leptos-motion/tests/e2e/comprehensive_e2e_test.spec.ts:474:18

    attachment #1: screenshot (image/png) ──────────────────────────────────────────────────────────
    test-results/tests-e2e-comprehensive_e2-13adb-ion-Tests-SSR-Compatibility-webkit/test-failed-1.png
    ────────────────────────────────────────────────────────────────────────────────────────────────

    attachment #2: video (video/webm) ──────────────────────────────────────────────────────────────
    test-results/tests-e2e-comprehensive_e2-13adb-ion-Tests-SSR-Compatibility-webkit/video.webm
    ────────────────────────────────────────────────────────────────────────────────────────────────
]]>
</failure>
<system-out>
<![CDATA[
[[ATTACHMENT|test-results/tests-e2e-comprehensive_e2-13adb-ion-Tests-SSR-Compatibility-webkit/test-failed-1.png]]

[[ATTACHMENT|test-results/tests-e2e-comprehensive_e2-13adb-ion-Tests-SSR-Compatibility-webkit/video.webm]]
]]>
</system-out>
</testcase>
<testcase name="Leptos Motion Library - Comprehensive E2E Tests › 11. Integration Tests › Error Handling" classname="tests/e2e/comprehensive_e2e_test.spec.ts" time="0.715">
<failure message="comprehensive_e2e_test.spec.ts:484:9 Error Handling" type="FAILURE">
<![CDATA[  [webkit] › tests/e2e/comprehensive_e2e_test.spec.ts:484:9 › Leptos Motion Library - Comprehensive E2E Tests › 11. Integration Tests › Error Handling 

    Error: page.goto: Could not connect to the server.
    Call log:
      - navigating to "http://localhost:8086/", waiting until "load"


      483 |
      484 |     test('Error Handling', async ({ page }) => {
    > 485 |       await page.goto(DEMO_URLS.newSimple);
          |                  ^
      486 |       await waitForWasmInit(page);
      487 |
      488 |       // Check for console errors
        at /Users/peterhanssens/consulting/Leptos/leptos-motion/tests/e2e/comprehensive_e2e_test.spec.ts:485:18

    attachment #1: screenshot (image/png) ──────────────────────────────────────────────────────────
    test-results/tests-e2e-comprehensive_e2-86124-ration-Tests-Error-Handling-webkit/test-failed-1.png
    ────────────────────────────────────────────────────────────────────────────────────────────────

    attachment #2: video (video/webm) ──────────────────────────────────────────────────────────────
    test-results/tests-e2e-comprehensive_e2-86124-ration-Tests-Error-Handling-webkit/video.webm
    ────────────────────────────────────────────────────────────────────────────────────────────────
]]>
</failure>
<system-out>
<![CDATA[
[[ATTACHMENT|test-results/tests-e2e-comprehensive_e2-86124-ration-Tests-Error-Handling-webkit/test-failed-1.png]]

[[ATTACHMENT|test-results/tests-e2e-comprehensive_e2-86124-ration-Tests-Error-Handling-webkit/video.webm]]
]]>
</system-out>
</testcase>
<testcase name="Leptos Motion Library - Comprehensive E2E Tests › 12. Feature Parity Tests › Motion.dev Feature Comparison" classname="tests/e2e/comprehensive_e2e_test.spec.ts" time="0.714">
<failure message="comprehensive_e2e_test.spec.ts:509:9 Motion.dev Feature Comparison" type="FAILURE">
<![CDATA[  [webkit] › tests/e2e/comprehensive_e2e_test.spec.ts:509:9 › Leptos Motion Library - Comprehensive E2E Tests › 12. Feature Parity Tests › Motion.dev Feature Comparison 

    Error: page.goto: Could not connect to the server.
    Call log:
      - navigating to "http://localhost:8086/", waiting until "load"


      508 |   test.describe('12. Feature Parity Tests', () => {
      509 |     test('Motion.dev Feature Comparison', async ({ page }) => {
    > 510 |       await page.goto(DEMO_URLS.newSimple);
          |                  ^
      511 |       await waitForWasmInit(page);
      512 |
      513 |       // Test key features that should match motion.dev capabilities
        at /Users/peterhanssens/consulting/Leptos/leptos-motion/tests/e2e/comprehensive_e2e_test.spec.ts:510:18

    attachment #1: screenshot (image/png) ──────────────────────────────────────────────────────────
    test-results/tests-e2e-comprehensive_e2-1107d-tion-dev-Feature-Comparison-webkit/test-failed-1.png
    ────────────────────────────────────────────────────────────────────────────────────────────────

    attachment #2: video (video/webm) ──────────────────────────────────────────────────────────────
    test-results/tests-e2e-comprehensive_e2-1107d-tion-dev-Feature-Comparison-webkit/video.webm
    ────────────────────────────────────────────────────────────────────────────────────────────────
]]>
</failure>
<system-out>
<![CDATA[
[[ATTACHMENT|test-results/tests-e2e-comprehensive_e2-1107d-tion-dev-Feature-Comparison-webkit/test-failed-1.png]]

[[ATTACHMENT|test-results/tests-e2e-comprehensive_e2-1107d-tion-dev-Feature-Comparison-webkit/video.webm]]
]]>
</system-out>
</testcase>
</testsuite>
<testsuite name="tests/e2e/fixed_demo_test.spec.ts" timestamp="2025-10-04T13:01:09.445Z" hostname="webkit" tests="2" failures="2" skipped="0" time="1.404" errors="0">
<testcase name="Fixed ReactiveMotionDiv Demo Test › should load and display the fixed demo correctly" classname="tests/e2e/fixed_demo_test.spec.ts" time="0.648">
<failure message="fixed_demo_test.spec.ts:4:7 should load and display the fixed demo correctly" type="FAILURE">
<![CDATA[  [webkit] › tests/e2e/fixed_demo_test.spec.ts:4:7 › Fixed ReactiveMotionDiv Demo Test › should load and display the fixed demo correctly 

    Error: page.goto: Could not connect to the server.
    Call log:
      - navigating to "http://localhost:8080/simple.html", waiting until "load"


       9 |
      10 |     // Go to the simple demo
    > 11 |     await page.goto('http://localhost:8080/simple.html');
         |                ^
      12 |
      13 |     // Wait for the page to load
      14 |     await page.waitForLoadState('networkidle');
        at /Users/peterhanssens/consulting/Leptos/leptos-motion/tests/e2e/fixed_demo_test.spec.ts:11:16

    attachment #1: screenshot (image/png) ──────────────────────────────────────────────────────────
    test-results/tests-e2e-fixed_demo_test--62538-ay-the-fixed-demo-correctly-webkit/test-failed-1.png
    ────────────────────────────────────────────────────────────────────────────────────────────────

    attachment #2: video (video/webm) ──────────────────────────────────────────────────────────────
    test-results/tests-e2e-fixed_demo_test--62538-ay-the-fixed-demo-correctly-webkit/video.webm
    ────────────────────────────────────────────────────────────────────────────────────────────────
]]>
</failure>
<system-out>
<![CDATA[[error] Failed to load resource: Could not connect to the server.

[[ATTACHMENT|test-results/tests-e2e-fixed_demo_test--62538-ay-the-fixed-demo-correctly-webkit/test-failed-1.png]]

[[ATTACHMENT|test-results/tests-e2e-fixed_demo_test--62538-ay-the-fixed-demo-correctly-webkit/video.webm]]
]]>
</system-out>
</testcase>
<testcase name="Fixed ReactiveMotionDiv Demo Test › should handle button clicks with fixed component" classname="tests/e2e/fixed_demo_test.spec.ts" time="0.756">
<failure message="fixed_demo_test.spec.ts:42:7 should handle button clicks with fixed component" type="FAILURE">
<![CDATA[  [webkit] › tests/e2e/fixed_demo_test.spec.ts:42:7 › Fixed ReactiveMotionDiv Demo Test › should handle button clicks with fixed component 

    Error: page.goto: Could not connect to the server.
    Call log:
      - navigating to "http://localhost:8080/simple.html", waiting until "load"


      45 |     });
      46 |
    > 47 |     await page.goto('http://localhost:8080/simple.html');
         |                ^
      48 |     await page.waitForLoadState('networkidle');
      49 |     await page.waitForTimeout(2000);
      50 |
        at /Users/peterhanssens/consulting/Leptos/leptos-motion/tests/e2e/fixed_demo_test.spec.ts:47:16

    attachment #1: screenshot (image/png) ──────────────────────────────────────────────────────────
    test-results/tests-e2e-fixed_demo_test--d4f09-clicks-with-fixed-component-webkit/test-failed-1.png
    ────────────────────────────────────────────────────────────────────────────────────────────────

    attachment #2: video (video/webm) ──────────────────────────────────────────────────────────────
    test-results/tests-e2e-fixed_demo_test--d4f09-clicks-with-fixed-component-webkit/video.webm
    ────────────────────────────────────────────────────────────────────────────────────────────────
]]>
</failure>
<system-out>
<![CDATA[[error] Failed to load resource: Could not connect to the server.

[[ATTACHMENT|test-results/tests-e2e-fixed_demo_test--d4f09-clicks-with-fixed-component-webkit/test-failed-1.png]]

[[ATTACHMENT|test-results/tests-e2e-fixed_demo_test--d4f09-clicks-with-fixed-component-webkit/video.webm]]
]]>
</system-out>
</testcase>
</testsuite>
<testsuite name="tests/e2e/memoization_test.spec.ts" timestamp="2025-10-04T13:01:09.445Z" hostname="webkit" tests="1" failures="1" skipped="0" time="0.743" errors="0">
<testcase name="Memoization Test › should load and display the memoization test correctly" classname="tests/e2e/memoization_test.spec.ts" time="0.743">
<failure message="memoization_test.spec.ts:4:7 should load and display the memoization test correctly" type="FAILURE">
<![CDATA[  [webkit] › tests/e2e/memoization_test.spec.ts:4:7 › Memoization Test › should load and display the memoization test correctly 

    Error: page.goto: Could not connect to the server.
    Call log:
      - navigating to "http://localhost:8080/simple.html", waiting until "load"


      4 |   test('should load and display the memoization test correctly', async ({ page }) => {
      5 |     // Navigate to the demo page
    > 6 |     await page.goto('http://localhost:8080/simple.html');
        |                ^
      7 |
      8 |     // Wait for the WASM module to load and initialize
      9 |     await page.waitForTimeout(3000);
        at /Users/peterhanssens/consulting/Leptos/leptos-motion/tests/e2e/memoization_test.spec.ts:6:16

    attachment #1: screenshot (image/png) ──────────────────────────────────────────────────────────
    test-results/tests-e2e-memoization_test-a3e28--memoization-test-correctly-webkit/test-failed-1.png
    ────────────────────────────────────────────────────────────────────────────────────────────────

    attachment #2: video (video/webm) ──────────────────────────────────────────────────────────────
    test-results/tests-e2e-memoization_test-a3e28--memoization-test-correctly-webkit/video.webm
    ────────────────────────────────────────────────────────────────────────────────────────────────
]]>
</failure>
<system-out>
<![CDATA[
[[ATTACHMENT|test-results/tests-e2e-memoization_test-a3e28--memoization-test-correctly-webkit/test-failed-1.png]]

[[ATTACHMENT|test-results/tests-e2e-memoization_test-a3e28--memoization-test-correctly-webkit/video.webm]]
]]>
</system-out>
</testcase>
</testsuite>
<testsuite name="tests/e2e/minimal_test.spec.ts" timestamp="2025-10-04T13:01:09.445Z" hostname="webkit" tests="1" failures="1" skipped="0" time="0.756" errors="0">
<testcase name="Minimal Test Demo › should load and display the minimal demo correctly" classname="tests/e2e/minimal_test.spec.ts" time="0.756">
<failure message="minimal_test.spec.ts:4:7 should load and display the minimal demo correctly" type="FAILURE">
<![CDATA[  [webkit] › tests/e2e/minimal_test.spec.ts:4:7 › Minimal Test Demo › should load and display the minimal demo correctly 

    Error: page.goto: Could not connect to the server.
    Call log:
      - navigating to "http://localhost:8080/simple.html", waiting until "load"


       9 |
      10 |     // Go to the simple demo
    > 11 |     await page.goto('http://localhost:8080/simple.html');
         |                ^
      12 |
      13 |     // Wait for the page to load
      14 |     await page.waitForLoadState('networkidle');
        at /Users/peterhanssens/consulting/Leptos/leptos-motion/tests/e2e/minimal_test.spec.ts:11:16

    attachment #1: screenshot (image/png) ──────────────────────────────────────────────────────────
    test-results/tests-e2e-minimal_test-Min-1882e--the-minimal-demo-correctly-webkit/test-failed-1.png
    ────────────────────────────────────────────────────────────────────────────────────────────────

    attachment #2: video (video/webm) ──────────────────────────────────────────────────────────────
    test-results/tests-e2e-minimal_test-Min-1882e--the-minimal-demo-correctly-webkit/video.webm
    ────────────────────────────────────────────────────────────────────────────────────────────────
]]>
</failure>
<system-out>
<![CDATA[[error] Failed to load resource: Could not connect to the server.

[[ATTACHMENT|test-results/tests-e2e-minimal_test-Min-1882e--the-minimal-demo-correctly-webkit/test-failed-1.png]]

[[ATTACHMENT|test-results/tests-e2e-minimal_test-Min-1882e--the-minimal-demo-correctly-webkit/video.webm]]
]]>
</system-out>
</testcase>
</testsuite>
<testsuite name="tests/e2e/phase4a_demo_test.spec.ts" timestamp="2025-10-04T13:01:09.445Z" hostname="webkit" tests="4" failures="4" skipped="0" time="2.773" errors="0">
<testcase name="Phase 4A Function-based Props Demo › should load and display the Phase 4A demo correctly" classname="tests/e2e/phase4a_demo_test.spec.ts" time="0.756">
<failure message="phase4a_demo_test.spec.ts:4:7 should load and display the Phase 4A demo correctly" type="FAILURE">
<![CDATA[  [webkit] › tests/e2e/phase4a_demo_test.spec.ts:4:7 › Phase 4A Function-based Props Demo › should load and display the Phase 4A demo correctly 

    Error: page.goto: Could not connect to the server.
    Call log:
      - navigating to "http://localhost:8080/simple.html", waiting until "load"


       9 |
      10 |     // Go to the simple demo
    > 11 |     await page.goto('http://localhost:8080/simple.html');
         |                ^
      12 |
      13 |     // Wait for the page to load
      14 |     await page.waitForLoadState('networkidle');
        at /Users/peterhanssens/consulting/Leptos/leptos-motion/tests/e2e/phase4a_demo_test.spec.ts:11:16

    attachment #1: screenshot (image/png) ──────────────────────────────────────────────────────────
    test-results/tests-e2e-phase4a_demo_tes-1fb2c-the-Phase-4A-demo-correctly-webkit/test-failed-1.png
    ────────────────────────────────────────────────────────────────────────────────────────────────

    attachment #2: video (video/webm) ──────────────────────────────────────────────────────────────
    test-results/tests-e2e-phase4a_demo_tes-1fb2c-the-Phase-4A-demo-correctly-webkit/video.webm
    ────────────────────────────────────────────────────────────────────────────────────────────────
]]>
</failure>
<system-out>
<![CDATA[[error] Failed to load resource: Could not connect to the server.

[[ATTACHMENT|test-results/tests-e2e-phase4a_demo_tes-1fb2c-the-Phase-4A-demo-correctly-webkit/test-failed-1.png]]

[[ATTACHMENT|test-results/tests-e2e-phase4a_demo_tes-1fb2c-the-Phase-4A-demo-correctly-webkit/video.webm]]
]]>
</system-out>
</testcase>
<testcase name="Phase 4A Function-based Props Demo › should handle counter button clicks" classname="tests/e2e/phase4a_demo_test.spec.ts" time="0.674">
<failure message="phase4a_demo_test.spec.ts:33:7 should handle counter button clicks" type="FAILURE">
<![CDATA[  [webkit] › tests/e2e/phase4a_demo_test.spec.ts:33:7 › Phase 4A Function-based Props Demo › should handle counter button clicks 

    Error: page.goto: Could not connect to the server.
    Call log:
      - navigating to "http://localhost:8080/simple.html", waiting until "load"


      38 |
      39 |     // Go to the simple demo
    > 40 |     await page.goto('http://localhost:8080/simple.html');
         |                ^
      41 |
      42 |     // Wait for the page to load
      43 |     await page.waitForLoadState('networkidle');
        at /Users/peterhanssens/consulting/Leptos/leptos-motion/tests/e2e/phase4a_demo_test.spec.ts:40:16

    attachment #1: screenshot (image/png) ──────────────────────────────────────────────────────────
    test-results/tests-e2e-phase4a_demo_tes-5f292-andle-counter-button-clicks-webkit/test-failed-1.png
    ────────────────────────────────────────────────────────────────────────────────────────────────

    attachment #2: video (video/webm) ──────────────────────────────────────────────────────────────
    test-results/tests-e2e-phase4a_demo_tes-5f292-andle-counter-button-clicks-webkit/video.webm
    ────────────────────────────────────────────────────────────────────────────────────────────────
]]>
</failure>
<system-out>
<![CDATA[[error] Failed to load resource: Could not connect to the server.

[[ATTACHMENT|test-results/tests-e2e-phase4a_demo_tes-5f292-andle-counter-button-clicks-webkit/test-failed-1.png]]

[[ATTACHMENT|test-results/tests-e2e-phase4a_demo_tes-5f292-andle-counter-button-clicks-webkit/video.webm]]
]]>
</system-out>
</testcase>
<testcase name="Phase 4A Function-based Props Demo › should handle hover interactions" classname="tests/e2e/phase4a_demo_test.spec.ts" time="0.669">
<failure message="phase4a_demo_test.spec.ts:60:7 should handle hover interactions" type="FAILURE">
<![CDATA[  [webkit] › tests/e2e/phase4a_demo_test.spec.ts:60:7 › Phase 4A Function-based Props Demo › should handle hover interactions 

    Error: page.goto: Could not connect to the server.
    Call log:
      - navigating to "http://localhost:8080/simple.html", waiting until "load"


      65 |
      66 |     // Go to the simple demo
    > 67 |     await page.goto('http://localhost:8080/simple.html');
         |                ^
      68 |
      69 |     // Wait for the page to load
      70 |     await page.waitForLoadState('networkidle');
        at /Users/peterhanssens/consulting/Leptos/leptos-motion/tests/e2e/phase4a_demo_test.spec.ts:67:16

    attachment #1: screenshot (image/png) ──────────────────────────────────────────────────────────
    test-results/tests-e2e-phase4a_demo_tes-5c6a6-d-handle-hover-interactions-webkit/test-failed-1.png
    ────────────────────────────────────────────────────────────────────────────────────────────────

    attachment #2: video (video/webm) ──────────────────────────────────────────────────────────────
    test-results/tests-e2e-phase4a_demo_tes-5c6a6-d-handle-hover-interactions-webkit/video.webm
    ────────────────────────────────────────────────────────────────────────────────────────────────
]]>
</failure>
<system-out>
<![CDATA[[error] Failed to load resource: Could not connect to the server.

[[ATTACHMENT|test-results/tests-e2e-phase4a_demo_tes-5c6a6-d-handle-hover-interactions-webkit/test-failed-1.png]]

[[ATTACHMENT|test-results/tests-e2e-phase4a_demo_tes-5c6a6-d-handle-hover-interactions-webkit/video.webm]]
]]>
</system-out>
</testcase>
<testcase name="Phase 4A Function-based Props Demo › should handle tap interactions" classname="tests/e2e/phase4a_demo_test.spec.ts" time="0.674">
<failure message="phase4a_demo_test.spec.ts:90:7 should handle tap interactions" type="FAILURE">
<![CDATA[  [webkit] › tests/e2e/phase4a_demo_test.spec.ts:90:7 › Phase 4A Function-based Props Demo › should handle tap interactions 

    Error: page.goto: Could not connect to the server.
    Call log:
      - navigating to "http://localhost:8080/simple.html", waiting until "load"


       95 |
       96 |     // Go to the simple demo
    >  97 |     await page.goto('http://localhost:8080/simple.html');
          |                ^
       98 |
       99 |     // Wait for the page to load
      100 |     await page.waitForLoadState('networkidle');
        at /Users/peterhanssens/consulting/Leptos/leptos-motion/tests/e2e/phase4a_demo_test.spec.ts:97:16

    attachment #1: screenshot (image/png) ──────────────────────────────────────────────────────────
    test-results/tests-e2e-phase4a_demo_tes-327bb-uld-handle-tap-interactions-webkit/test-failed-1.png
    ────────────────────────────────────────────────────────────────────────────────────────────────

    attachment #2: video (video/webm) ──────────────────────────────────────────────────────────────
    test-results/tests-e2e-phase4a_demo_tes-327bb-uld-handle-tap-interactions-webkit/video.webm
    ────────────────────────────────────────────────────────────────────────────────────────────────
]]>
</failure>
<system-out>
<![CDATA[[error] Failed to load resource: Could not connect to the server.

[[ATTACHMENT|test-results/tests-e2e-phase4a_demo_tes-327bb-uld-handle-tap-interactions-webkit/test-failed-1.png]]

[[ATTACHMENT|test-results/tests-e2e-phase4a_demo_tes-327bb-uld-handle-tap-interactions-webkit/video.webm]]
]]>
</system-out>
</testcase>
</testsuite>
<testsuite name="tests/e2e/simple_demo_test.spec.ts" timestamp="2025-10-04T13:01:09.445Z" hostname="webkit" tests="2" failures="2" skipped="0" time="1.349" errors="0">
<testcase name="Simple TDD Demo Test › should load and display the demo correctly" classname="tests/e2e/simple_demo_test.spec.ts" time="0.673">
<failure message="simple_demo_test.spec.ts:4:7 should load and display the demo correctly" type="FAILURE">
<![CDATA[  [webkit] › tests/e2e/simple_demo_test.spec.ts:4:7 › Simple TDD Demo Test › should load and display the demo correctly 

    Error: page.goto: Could not connect to the server.
    Call log:
      - navigating to "http://localhost:8080/simple.html", waiting until "load"


       9 |
      10 |     // Go to the simple demo
    > 11 |     await page.goto('http://localhost:8080/simple.html');
         |                ^
      12 |
      13 |     // Wait for the page to load
      14 |     await page.waitForLoadState('networkidle');
        at /Users/peterhanssens/consulting/Leptos/leptos-motion/tests/e2e/simple_demo_test.spec.ts:11:16

    attachment #1: screenshot (image/png) ──────────────────────────────────────────────────────────
    test-results/tests-e2e-simple_demo_test-ed27a--display-the-demo-correctly-webkit/test-failed-1.png
    ────────────────────────────────────────────────────────────────────────────────────────────────

    attachment #2: video (video/webm) ──────────────────────────────────────────────────────────────
    test-results/tests-e2e-simple_demo_test-ed27a--display-the-demo-correctly-webkit/video.webm
    ────────────────────────────────────────────────────────────────────────────────────────────────
]]>
</failure>
<system-out>
<![CDATA[[error] Failed to load resource: Could not connect to the server.

[[ATTACHMENT|test-results/tests-e2e-simple_demo_test-ed27a--display-the-demo-correctly-webkit/test-failed-1.png]]

[[ATTACHMENT|test-results/tests-e2e-simple_demo_test-ed27a--display-the-demo-correctly-webkit/video.webm]]
]]>
</system-out>
</testcase>
<testcase name="Simple TDD Demo Test › should handle button clicks" classname="tests/e2e/simple_demo_test.spec.ts" time="0.676">
<failure message="simple_demo_test.spec.ts:42:7 should handle button clicks" type="FAILURE">
<![CDATA[  [webkit] › tests/e2e/simple_demo_test.spec.ts:42:7 › Simple TDD Demo Test › should handle button clicks 

    Error: page.goto: Could not connect to the server.
    Call log:
      - navigating to "http://localhost:8080/simple.html", waiting until "load"


      45 |     });
      46 |
    > 47 |     await page.goto('http://localhost:8080/simple.html');
         |                ^
      48 |     await page.waitForLoadState('networkidle');
      49 |     await page.waitForTimeout(2000);
      50 |
        at /Users/peterhanssens/consulting/Leptos/leptos-motion/tests/e2e/simple_demo_test.spec.ts:47:16

    attachment #1: screenshot (image/png) ──────────────────────────────────────────────────────────
    test-results/tests-e2e-simple_demo_test-d2325-should-handle-button-clicks-webkit/test-failed-1.png
    ────────────────────────────────────────────────────────────────────────────────────────────────

    attachment #2: video (video/webm) ──────────────────────────────────────────────────────────────
    test-results/tests-e2e-simple_demo_test-d2325-should-handle-button-clicks-webkit/video.webm
    ────────────────────────────────────────────────────────────────────────────────────────────────
]]>
</failure>
<system-out>
<![CDATA[[error] Failed to load resource: Could not connect to the server.

[[ATTACHMENT|test-results/tests-e2e-simple_demo_test-d2325-should-handle-button-clicks-webkit/test-failed-1.png]]

[[ATTACHMENT|test-results/tests-e2e-simple_demo_test-d2325-should-handle-button-clicks-webkit/video.webm]]
]]>
</system-out>
</testcase>
</testsuite>
<testsuite name="tests/e2e/simple_phase4a_test.spec.ts" timestamp="2025-10-04T13:01:09.445Z" hostname="webkit" tests="1" failures="1" skipped="0" time="0.637" errors="0">
<testcase name="Simple Phase 4A Test › should load and display the simple test correctly" classname="tests/e2e/simple_phase4a_test.spec.ts" time="0.637">
<failure message="simple_phase4a_test.spec.ts:4:7 should load and display the simple test correctly" type="FAILURE">
<![CDATA[  [webkit] › tests/e2e/simple_phase4a_test.spec.ts:4:7 › Simple Phase 4A Test › should load and display the simple test correctly 

    Error: page.goto: Could not connect to the server.
    Call log:
      - navigating to "http://localhost:8080/simple.html", waiting until "load"


       9 |
      10 |     // Go to the simple demo
    > 11 |     await page.goto('http://localhost:8080/simple.html');
         |                ^
      12 |
      13 |     // Wait for the page to load
      14 |     await page.waitForLoadState('networkidle');
        at /Users/peterhanssens/consulting/Leptos/leptos-motion/tests/e2e/simple_phase4a_test.spec.ts:11:16

    attachment #1: screenshot (image/png) ──────────────────────────────────────────────────────────
    test-results/tests-e2e-simple_phase4a_t-a9e24-y-the-simple-test-correctly-webkit/test-failed-1.png
    ────────────────────────────────────────────────────────────────────────────────────────────────

    attachment #2: video (video/webm) ──────────────────────────────────────────────────────────────
    test-results/tests-e2e-simple_phase4a_t-a9e24-y-the-simple-test-correctly-webkit/video.webm
    ────────────────────────────────────────────────────────────────────────────────────────────────
]]>
</failure>
<system-out>
<![CDATA[[error] Failed to load resource: Could not connect to the server.

[[ATTACHMENT|test-results/tests-e2e-simple_phase4a_t-a9e24-y-the-simple-test-correctly-webkit/test-failed-1.png]]

[[ATTACHMENT|test-results/tests-e2e-simple_phase4a_t-a9e24-y-the-simple-test-correctly-webkit/video.webm]]
]]>
</system-out>
</testcase>
</testsuite>
<testsuite name="tests/e2e/tdd_demo_test.spec.ts" timestamp="2025-10-04T13:01:09.445Z" hostname="webkit" tests="13" failures="13" skipped="0" time="8.169" errors="0">
<testcase name="TDD Reactive Animation Demo › should load the demo page successfully" classname="tests/e2e/tdd_demo_test.spec.ts" time="0.634">
<failure message="tdd_demo_test.spec.ts:24:7 should load the demo page successfully" type="FAILURE">
<![CDATA[  [webkit] › tests/e2e/tdd_demo_test.spec.ts:24:7 › TDD Reactive Animation Demo › should load the demo page successfully 

    Error: page.goto: Could not connect to the server.
    Call log:
      - navigating to "http://localhost:8080/index.html", waiting until "load"


      23 |
      24 |   test('should load the demo page successfully', async () => {
    > 25 |     await page.goto('http://localhost:8080/index.html');
         |                ^
      26 |
      27 |     // Wait for the page to load
      28 |     await page.waitForLoadState('networkidle');
        at /Users/peterhanssens/consulting/Leptos/leptos-motion/tests/e2e/tdd_demo_test.spec.ts:25:16

    attachment #1: screenshot (image/png) ──────────────────────────────────────────────────────────
    test-results/tests-e2e-tdd_demo_test-TD-fcef4--the-demo-page-successfully-webkit/test-failed-1.png
    ────────────────────────────────────────────────────────────────────────────────────────────────
]]>
</failure>
<system-out>
<![CDATA[[error] Failed to load resource: Could not connect to the server.

[[ATTACHMENT|test-results/tests-e2e-tdd_demo_test-TD-fcef4--the-demo-page-successfully-webkit/test-failed-1.png]]
]]>
</system-out>
</testcase>
<testcase name="TDD Reactive Animation Demo › should load WASM module and initialize demo" classname="tests/e2e/tdd_demo_test.spec.ts" time="0.636">
<failure message="tdd_demo_test.spec.ts:37:7 should load WASM module and initialize demo" type="FAILURE">
<![CDATA[  [webkit] › tests/e2e/tdd_demo_test.spec.ts:37:7 › TDD Reactive Animation Demo › should load WASM module and initialize demo 

    Error: page.goto: Could not connect to the server.
    Call log:
      - navigating to "http://localhost:8080/index.html", waiting until "load"


      36 |
      37 |   test('should load WASM module and initialize demo', async () => {
    > 38 |     await page.goto('http://localhost:8080/index.html');
         |                ^
      39 |
      40 |     // Wait for the demo to initialize
      41 |     await page.waitForTimeout(3000);
        at /Users/peterhanssens/consulting/Leptos/leptos-motion/tests/e2e/tdd_demo_test.spec.ts:38:16

    attachment #1: screenshot (image/png) ──────────────────────────────────────────────────────────
    test-results/tests-e2e-tdd_demo_test-TD-5ce36--module-and-initialize-demo-webkit/test-failed-1.png
    ────────────────────────────────────────────────────────────────────────────────────────────────
]]>
</failure>
<system-out>
<![CDATA[[error] Failed to load resource: Could not connect to the server.

[[ATTACHMENT|test-results/tests-e2e-tdd_demo_test-TD-5ce36--module-and-initialize-demo-webkit/test-failed-1.png]]
]]>
</system-out>
</testcase>
<testcase name="TDD Reactive Animation Demo › should display console output" classname="tests/e2e/tdd_demo_test.spec.ts" time="0.672">
<failure message="tdd_demo_test.spec.ts:53:7 should display console output" type="FAILURE">
<![CDATA[  [webkit] › tests/e2e/tdd_demo_test.spec.ts:53:7 › TDD Reactive Animation Demo › should display console output 

    Error: page.goto: Could not connect to the server.
    Call log:
      - navigating to "http://localhost:8080/index.html", waiting until "load"


      52 |
      53 |   test('should display console output', async () => {
    > 54 |     await page.goto('http://localhost:8080/index.html');
         |                ^
      55 |
      56 |     // Wait for initialization
      57 |     await page.waitForTimeout(3000);
        at /Users/peterhanssens/consulting/Leptos/leptos-motion/tests/e2e/tdd_demo_test.spec.ts:54:16

    attachment #1: screenshot (image/png) ──────────────────────────────────────────────────────────
    test-results/tests-e2e-tdd_demo_test-TD-2967d-ould-display-console-output-webkit/test-failed-1.png
    ────────────────────────────────────────────────────────────────────────────────────────────────
]]>
</failure>
<system-out>
<![CDATA[[error] Failed to load resource: Could not connect to the server.

[[ATTACHMENT|test-results/tests-e2e-tdd_demo_test-TD-2967d-ould-display-console-output-webkit/test-failed-1.png]]
]]>
</system-out>
</testcase>
<testcase name="TDD Reactive Animation Demo › should display TDD implementation features" classname="tests/e2e/tdd_demo_test.spec.ts" time="0.675">
<failure message="tdd_demo_test.spec.ts:72:7 should display TDD implementation features" type="FAILURE">
<![CDATA[  [webkit] › tests/e2e/tdd_demo_test.spec.ts:72:7 › TDD Reactive Animation Demo › should display TDD implementation features 

    Error: page.goto: Could not connect to the server.
    Call log:
      - navigating to "http://localhost:8080/index.html", waiting until "load"


      71 |
      72 |   test('should display TDD implementation features', async () => {
    > 73 |     await page.goto('http://localhost:8080/index.html');
         |                ^
      74 |
      75 |     // Wait for demo to load
      76 |     await page.waitForTimeout(3000);
        at /Users/peterhanssens/consulting/Leptos/leptos-motion/tests/e2e/tdd_demo_test.spec.ts:73:16

    attachment #1: screenshot (image/png) ──────────────────────────────────────────────────────────
    test-results/tests-e2e-tdd_demo_test-TD-bd478-TDD-implementation-features-webkit/test-failed-1.png
    ────────────────────────────────────────────────────────────────────────────────────────────────
]]>
</failure>
<system-out>
<![CDATA[[error] Failed to load resource: Could not connect to the server.

[[ATTACHMENT|test-results/tests-e2e-tdd_demo_test-TD-bd478-TDD-implementation-features-webkit/test-failed-1.png]]
]]>
</system-out>
</testcase>
<testcase name="TDD Reactive Animation Demo › should handle demo loading errors gracefully" classname="tests/e2e/tdd_demo_test.spec.ts" time="0.671">
<failure message="tdd_demo_test.spec.ts:91:7 should handle demo loading errors gracefully" type="FAILURE">
<![CDATA[  [webkit] › tests/e2e/tdd_demo_test.spec.ts:91:7 › TDD Reactive Animation Demo › should handle demo loading errors gracefully 

    Error: page.goto: Could not connect to the server.
    Call log:
      - navigating to "http://localhost:8080/nonexistent.html", waiting until "load"


      91 |   test('should handle demo loading errors gracefully', async () => {
      92 |     // Test with a non-existent page
    > 93 |     await page.goto('http://localhost:8080/nonexistent.html');
         |                ^
      94 |
      95 |     // Should not crash
      96 |     await page.waitForTimeout(1000);
        at /Users/peterhanssens/consulting/Leptos/leptos-motion/tests/e2e/tdd_demo_test.spec.ts:93:16

    attachment #1: screenshot (image/png) ──────────────────────────────────────────────────────────
    test-results/tests-e2e-tdd_demo_test-TD-f9637-o-loading-errors-gracefully-webkit/test-failed-1.png
    ────────────────────────────────────────────────────────────────────────────────────────────────
]]>
</failure>
<system-out>
<![CDATA[[error] Failed to load resource: Could not connect to the server.

[[ATTACHMENT|test-results/tests-e2e-tdd_demo_test-TD-f9637-o-loading-errors-gracefully-webkit/test-failed-1.png]]
]]>
</system-out>
</testcase>
<testcase name="TDD Reactive Animation Demo › should validate WASM files are accessible" classname="tests/e2e/tdd_demo_test.spec.ts" time="0.966">
<failure message="tdd_demo_test.spec.ts:106:7 should validate WASM files are accessible" type="FAILURE">
<![CDATA[  [webkit] › tests/e2e/tdd_demo_test.spec.ts:106:7 › TDD Reactive Animation Demo › should validate WASM files are accessible 

    Error: apiRequestContext.get: connect ECONNREFUSED ::1:8080
    Call log:
      - → GET http://localhost:8080/pkg/comprehensive_demo_bg.wasm
        - user-agent: Mozilla/5.0 (Macintosh; Intel Mac OS X 10_15_7) AppleWebKit/605.1.15 (KHTML, like Gecko) Version/26.0 Safari/605.1.15
        - accept: */*
        - accept-encoding: gzip,deflate,br

        at apiRequestContext.get: connect ECONNREFUSED ::1:8080
        at /Users/peterhanssens/consulting/Leptos/leptos-motion/tests/e2e/tdd_demo_test.spec.ts:108:45

    attachment #1: screenshot (image/png) ──────────────────────────────────────────────────────────
    test-results/tests-e2e-tdd_demo_test-TD-de7e4-e-WASM-files-are-accessible-webkit/test-failed-1.png
    ────────────────────────────────────────────────────────────────────────────────────────────────
]]>
</failure>
<system-out>
<![CDATA[
[[ATTACHMENT|test-results/tests-e2e-tdd_demo_test-TD-de7e4-e-WASM-files-are-accessible-webkit/test-failed-1.png]]
]]>
</system-out>
</testcase>
<testcase name="TDD Reactive Animation Demo › should test the test suite page" classname="tests/e2e/tdd_demo_test.spec.ts" time="0.571">
<failure message="tdd_demo_test.spec.ts:120:7 should test the test suite page" type="FAILURE">
<![CDATA[  [webkit] › tests/e2e/tdd_demo_test.spec.ts:120:7 › TDD Reactive Animation Demo › should test the test suite page 

    Error: page.goto: Could not connect to the server.
    Call log:
      - navigating to "http://localhost:8080/test_demo.html", waiting until "load"


      119 |
      120 |   test('should test the test suite page', async () => {
    > 121 |     await page.goto('http://localhost:8080/test_demo.html');
          |                ^
      122 |
      123 |     // Wait for page to load
      124 |     await page.waitForLoadState('networkidle');
        at /Users/peterhanssens/consulting/Leptos/leptos-motion/tests/e2e/tdd_demo_test.spec.ts:121:16

    attachment #1: screenshot (image/png) ──────────────────────────────────────────────────────────
    test-results/tests-e2e-tdd_demo_test-TD-58a16-ld-test-the-test-suite-page-webkit/test-failed-1.png
    ────────────────────────────────────────────────────────────────────────────────────────────────
]]>
</failure>
<system-out>
<![CDATA[[error] Failed to load resource: Could not connect to the server.

[[ATTACHMENT|test-results/tests-e2e-tdd_demo_test-TD-58a16-ld-test-the-test-suite-page-webkit/test-failed-1.png]]
]]>
</system-out>
</testcase>
<testcase name="TDD Reactive Animation Demo › should run manual tests via test suite" classname="tests/e2e/tdd_demo_test.spec.ts" time="0.56">
<failure message="tdd_demo_test.spec.ts:143:7 should run manual tests via test suite" type="FAILURE">
<![CDATA[  [webkit] › tests/e2e/tdd_demo_test.spec.ts:143:7 › TDD Reactive Animation Demo › should run manual tests via test suite 

    Error: page.goto: Could not connect to the server.
    Call log:
      - navigating to "http://localhost:8080/test_demo.html", waiting until "load"


      142 |
      143 |   test('should run manual tests via test suite', async () => {
    > 144 |     await page.goto('http://localhost:8080/test_demo.html');
          |                ^
      145 |
      146 |     // Wait for page to load
      147 |     await page.waitForLoadState('networkidle');
        at /Users/peterhanssens/consulting/Leptos/leptos-motion/tests/e2e/tdd_demo_test.spec.ts:144:16

    attachment #1: screenshot (image/png) ──────────────────────────────────────────────────────────
    test-results/tests-e2e-tdd_demo_test-TD-91f8b-manual-tests-via-test-suite-webkit/test-failed-1.png
    ────────────────────────────────────────────────────────────────────────────────────────────────
]]>
</failure>
<system-out>
<![CDATA[[error] Failed to load resource: Could not connect to the server.

[[ATTACHMENT|test-results/tests-e2e-tdd_demo_test-TD-91f8b-manual-tests-via-test-suite-webkit/test-failed-1.png]]
]]>
</system-out>
</testcase>
<testcase name="TDD Reactive Animation Demo › should validate TDD implementation components" classname="tests/e2e/tdd_demo_test.spec.ts" time="0.558">
<failure message="tdd_demo_test.spec.ts:169:7 should validate TDD implementation components" type="FAILURE">
<![CDATA[  [webkit] › tests/e2e/tdd_demo_test.spec.ts:169:7 › TDD Reactive Animation Demo › should validate TDD implementation components 

    Error: page.goto: Could not connect to the server.
    Call log:
      - navigating to "http://localhost:8080/test_demo.html", waiting until "load"


      168 |
      169 |   test('should validate TDD implementation components', async () => {
    > 170 |     await page.goto('http://localhost:8080/test_demo.html');
          |                ^
      171 |
      172 |     // Wait for page to load
      173 |     await page.waitForLoadState('networkidle');
        at /Users/peterhanssens/consulting/Leptos/leptos-motion/tests/e2e/tdd_demo_test.spec.ts:170:16

    attachment #1: screenshot (image/png) ──────────────────────────────────────────────────────────
    test-results/tests-e2e-tdd_demo_test-TD-a217c-D-implementation-components-webkit/test-failed-1.png
    ────────────────────────────────────────────────────────────────────────────────────────────────
]]>
</failure>
<system-out>
<![CDATA[[error] Failed to load resource: Could not connect to the server.

[[ATTACHMENT|test-results/tests-e2e-tdd_demo_test-TD-a217c-D-implementation-components-webkit/test-failed-1.png]]
]]>
</system-out>
</testcase>
<testcase name="TDD Reactive Animation Demo › should handle iframe demo loading" classname="tests/e2e/tdd_demo_test.spec.ts" time="0.396">
<failure message="tdd_demo_test.spec.ts:187:7 should handle iframe demo loading" type="FAILURE">
<![CDATA[  [webkit] › tests/e2e/tdd_demo_test.spec.ts:187:7 › TDD Reactive Animation Demo › should handle iframe demo loading 

    Error: page.goto: Could not connect to the server.
    Call log:
      - navigating to "http://localhost:8080/test_demo.html", waiting until "load"


      186 |
      187 |   test('should handle iframe demo loading', async () => {
    > 188 |     await page.goto('http://localhost:8080/test_demo.html');
          |                ^
      189 |
      190 |     // Wait for page to load
      191 |     await page.waitForLoadState('networkidle');
        at /Users/peterhanssens/consulting/Leptos/leptos-motion/tests/e2e/tdd_demo_test.spec.ts:188:16

    attachment #1: screenshot (image/png) ──────────────────────────────────────────────────────────
    test-results/tests-e2e-tdd_demo_test-TD-9594a--handle-iframe-demo-loading-webkit/test-failed-1.png
    ────────────────────────────────────────────────────────────────────────────────────────────────
]]>
</failure>
<system-out>
<![CDATA[[error] Failed to load resource: Could not connect to the server.

[[ATTACHMENT|test-results/tests-e2e-tdd_demo_test-TD-9594a--handle-iframe-demo-loading-webkit/test-failed-1.png]]
]]>
</system-out>
</testcase>
<testcase name="TDD Reactive Animation Demo › should validate performance characteristics" classname="tests/e2e/tdd_demo_test.spec.ts" time="0.608">
<failure message="tdd_demo_test.spec.ts:203:7 should validate performance characteristics" type="FAILURE">
<![CDATA[  [webkit] › tests/e2e/tdd_demo_test.spec.ts:203:7 › TDD Reactive Animation Demo › should validate performance characteristics 

    Error: page.goto: Could not connect to the server.
    Call log:
      - navigating to "http://localhost:8080/index.html", waiting until "load"


      202 |
      203 |   test('should validate performance characteristics', async () => {
    > 204 |     await page.goto('http://localhost:8080/index.html');
          |                ^
      205 |
      206 |     // Wait for demo to load
      207 |     await page.waitForTimeout(3000);
        at /Users/peterhanssens/consulting/Leptos/leptos-motion/tests/e2e/tdd_demo_test.spec.ts:204:16

    attachment #1: screenshot (image/png) ──────────────────────────────────────────────────────────
    test-results/tests-e2e-tdd_demo_test-TD-27810-performance-characteristics-webkit/test-failed-1.png
    ────────────────────────────────────────────────────────────────────────────────────────────────
]]>
</failure>
<system-out>
<![CDATA[[error] Failed to load resource: Could not connect to the server.

[[ATTACHMENT|test-results/tests-e2e-tdd_demo_test-TD-27810-performance-characteristics-webkit/test-failed-1.png]]
]]>
</system-out>
</testcase>
<testcase name="TDD Reactive Animation Demo › should check for JavaScript errors" classname="tests/e2e/tdd_demo_test.spec.ts" time="0.61">
<failure message="tdd_demo_test.spec.ts:227:7 should check for JavaScript errors" type="FAILURE">
<![CDATA[  [webkit] › tests/e2e/tdd_demo_test.spec.ts:227:7 › TDD Reactive Animation Demo › should check for JavaScript errors 

    Error: page.goto: Could not connect to the server.
    Call log:
      - navigating to "http://localhost:8080/index.html", waiting until "load"


      232 |     });
      233 |
    > 234 |     await page.goto('http://localhost:8080/index.html');
          |                ^
      235 |
      236 |     // Wait for demo to load
      237 |     await page.waitForTimeout(3000);
        at /Users/peterhanssens/consulting/Leptos/leptos-motion/tests/e2e/tdd_demo_test.spec.ts:234:16

    attachment #1: screenshot (image/png) ──────────────────────────────────────────────────────────
    test-results/tests-e2e-tdd_demo_test-TD-3c604-check-for-JavaScript-errors-webkit/test-failed-1.png
    ────────────────────────────────────────────────────────────────────────────────────────────────
]]>
</failure>
<system-out>
<![CDATA[[error] Failed to load resource: Could not connect to the server.

[[ATTACHMENT|test-results/tests-e2e-tdd_demo_test-TD-3c604-check-for-JavaScript-errors-webkit/test-failed-1.png]]
]]>
</system-out>
</testcase>
<testcase name="TDD Reactive Animation Demo › should validate responsive design" classname="tests/e2e/tdd_demo_test.spec.ts" time="0.612">
<failure message="tdd_demo_test.spec.ts:243:7 should validate responsive design" type="FAILURE">
<![CDATA[  [webkit] › tests/e2e/tdd_demo_test.spec.ts:243:7 › TDD Reactive Animation Demo › should validate responsive design 

    Error: page.goto: Could not connect to the server.
    Call log:
      - navigating to "http://localhost:8080/index.html", waiting until "load"


      242 |
      243 |   test('should validate responsive design', async () => {
    > 244 |     await page.goto('http://localhost:8080/index.html');
          |                ^
      245 |
      246 |     // Wait for demo to load
      247 |     await page.waitForTimeout(3000);
        at /Users/peterhanssens/consulting/Leptos/leptos-motion/tests/e2e/tdd_demo_test.spec.ts:244:16

    attachment #1: screenshot (image/png) ──────────────────────────────────────────────────────────
    test-results/tests-e2e-tdd_demo_test-TD-1e210--validate-responsive-design-webkit/test-failed-1.png
    ────────────────────────────────────────────────────────────────────────────────────────────────
]]>
</failure>
<system-out>
<![CDATA[[error] Failed to load resource: Could not connect to the server.

[[ATTACHMENT|test-results/tests-e2e-tdd_demo_test-TD-1e210--validate-responsive-design-webkit/test-failed-1.png]]
]]>
</system-out>
</testcase>
</testsuite>
<testsuite name="tests/e2e/transition_config_test.spec.ts" timestamp="2025-10-04T13:01:09.445Z" hostname="webkit" tests="1" failures="1" skipped="0" time="0.547" errors="0">
<testcase name="TransitionConfig Test › should load and display the transition config test correctly" classname="tests/e2e/transition_config_test.spec.ts" time="0.547">
<failure message="transition_config_test.spec.ts:4:7 should load and display the transition config test correctly" type="FAILURE">
<![CDATA[  [webkit] › tests/e2e/transition_config_test.spec.ts:4:7 › TransitionConfig Test › should load and display the transition config test correctly 

    Error: page.goto: Could not connect to the server.
    Call log:
      - navigating to "http://localhost:8080/simple.html", waiting until "load"


      4 |   test('should load and display the transition config test correctly', async ({ page }) => {
      5 |     // Navigate to the demo page
    > 6 |     await page.goto('http://localhost:8080/simple.html');
        |                ^
      7 |
      8 |     // Wait for the WASM module to load and initialize
      9 |     await page.waitForTimeout(3000);
        at /Users/peterhanssens/consulting/Leptos/leptos-motion/tests/e2e/transition_config_test.spec.ts:6:16

    attachment #1: screenshot (image/png) ──────────────────────────────────────────────────────────
    test-results/tests-e2e-transition_confi-8f621-ition-config-test-correctly-webkit/test-failed-1.png
    ────────────────────────────────────────────────────────────────────────────────────────────────

    attachment #2: video (video/webm) ──────────────────────────────────────────────────────────────
    test-results/tests-e2e-transition_confi-8f621-ition-config-test-correctly-webkit/video.webm
    ────────────────────────────────────────────────────────────────────────────────────────────────
]]>
</failure>
<system-out>
<![CDATA[
[[ATTACHMENT|test-results/tests-e2e-transition_confi-8f621-ition-config-test-correctly-webkit/test-failed-1.png]]

[[ATTACHMENT|test-results/tests-e2e-transition_confi-8f621-ition-config-test-correctly-webkit/video.webm]]
]]>
</system-out>
</testcase>
</testsuite>
<testsuite name="tests/comprehensive-demo.spec.ts" timestamp="2025-10-04T13:01:09.445Z" hostname="Mobile Chrome" tests="7" failures="6" skipped="0" time="153.03" errors="0">
<testcase name="Comprehensive Demo Tests › should load the demo page" classname="tests/comprehensive-demo.spec.ts" time="24.691">
<failure message="comprehensive-demo.spec.ts:23:7 should load the demo page" type="FAILURE">
<![CDATA[  [Mobile Chrome] › tests/comprehensive-demo.spec.ts:23:7 › Comprehensive Demo Tests › should load the demo page 

    Error: expect(locator).toBeVisible() failed

    Locator:  locator('button').first()
    Expected: visible
    Received: <element(s) not found>
    Timeout:  10000ms

    Call log:
      - Expect "toBeVisible" with timeout 10000ms
      - waiting for locator('button').first()


      26 |
      27 |     // Check that the main demo elements are present
    > 28 |     await expect(page.locator('button').first()).toBeVisible();
         |                                                  ^
      29 |     await expect(page.locator('div[style*="padding: 40px"]')).toBeVisible();
      30 |   });
      31 |
        at /Users/peterhanssens/consulting/Leptos/leptos-motion/tests/comprehensive-demo.spec.ts:28:50

    attachment #1: screenshot (image/png) ──────────────────────────────────────────────────────────
    test-results/tests-comprehensive-demo-C-2c28a-s-should-load-the-demo-page-Mobile-Chrome/test-failed-1.png
    ────────────────────────────────────────────────────────────────────────────────────────────────

    attachment #2: video (video/webm) ──────────────────────────────────────────────────────────────
    test-results/tests-comprehensive-demo-C-2c28a-s-should-load-the-demo-page-Mobile-Chrome/video.webm
    ────────────────────────────────────────────────────────────────────────────────────────────────

    Error Context: test-results/tests-comprehensive-demo-C-2c28a-s-should-load-the-demo-page-Mobile-Chrome/error-context.md
]]>
</failure>
<system-out>
<![CDATA[Still on fallback HTML, WASM may not have loaded

[[ATTACHMENT|test-results/tests-comprehensive-demo-C-2c28a-s-should-load-the-demo-page-Mobile-Chrome/test-failed-1.png]]

[[ATTACHMENT|test-results/tests-comprehensive-demo-C-2c28a-s-should-load-the-demo-page-Mobile-Chrome/video.webm]]

[[ATTACHMENT|test-results/tests-comprehensive-demo-C-2c28a-s-should-load-the-demo-page-Mobile-Chrome/error-context.md]]
]]>
</system-out>
</testcase>
<testcase name="Comprehensive Demo Tests › should display interactive elements" classname="tests/comprehensive-demo.spec.ts" time="14.393">
<failure message="comprehensive-demo.spec.ts:32:7 should display interactive elements" type="FAILURE">
<![CDATA[  [Mobile Chrome] › tests/comprehensive-demo.spec.ts:32:7 › Comprehensive Demo Tests › should display interactive elements 

    Error: expect(received).toBeGreaterThan(expected)

    Expected: > 0
    Received:   0

      34 |     const buttons = page.locator('button');
      35 |     const buttonCount = await buttons.count();
    > 36 |     expect(buttonCount).toBeGreaterThan(0);
         |                         ^
      37 |
      38 |     // Check that at least one button is visible
      39 |     await expect(buttons.first()).toBeVisible();
        at /Users/peterhanssens/consulting/Leptos/leptos-motion/tests/comprehensive-demo.spec.ts:36:25

    attachment #1: screenshot (image/png) ──────────────────────────────────────────────────────────
    test-results/tests-comprehensive-demo-C-d9a7c-isplay-interactive-elements-Mobile-Chrome/test-failed-1.png
    ────────────────────────────────────────────────────────────────────────────────────────────────

    attachment #2: video (video/webm) ──────────────────────────────────────────────────────────────
    test-results/tests-comprehensive-demo-C-d9a7c-isplay-interactive-elements-Mobile-Chrome/video.webm
    ────────────────────────────────────────────────────────────────────────────────────────────────

    Error Context: test-results/tests-comprehensive-demo-C-d9a7c-isplay-interactive-elements-Mobile-Chrome/error-context.md
]]>
</failure>
<system-out>
<![CDATA[Still on fallback HTML, WASM may not have loaded

[[ATTACHMENT|test-results/tests-comprehensive-demo-C-d9a7c-isplay-interactive-elements-Mobile-Chrome/test-failed-1.png]]

[[ATTACHMENT|test-results/tests-comprehensive-demo-C-d9a7c-isplay-interactive-elements-Mobile-Chrome/video.webm]]

[[ATTACHMENT|test-results/tests-comprehensive-demo-C-d9a7c-isplay-interactive-elements-Mobile-Chrome/error-context.md]]
]]>
</system-out>
</testcase>
<testcase name="Comprehensive Demo Tests › should handle hover effects" classname="tests/comprehensive-demo.spec.ts" time="24.383">
<failure message="comprehensive-demo.spec.ts:42:7 should handle hover effects" type="FAILURE">
<![CDATA[  [Mobile Chrome] › tests/comprehensive-demo.spec.ts:42:7 › Comprehensive Demo Tests › should handle hover effects 

    TimeoutError: locator.evaluate: Timeout 10000ms exceeded.
    Call log:
      - waiting for locator('button').first()


      45 |
      46 |     // Get initial transform
    > 47 |     const initialTransform = await hoverElement.evaluate(
         |                                                 ^
      48 |       el => window.getComputedStyle(el).transform
      49 |     );
      50 |
        at /Users/peterhanssens/consulting/Leptos/leptos-motion/tests/comprehensive-demo.spec.ts:47:49

    attachment #1: screenshot (image/png) ──────────────────────────────────────────────────────────
    test-results/tests-comprehensive-demo-C-1c16c-should-handle-hover-effects-Mobile-Chrome/test-failed-1.png
    ────────────────────────────────────────────────────────────────────────────────────────────────

    attachment #2: video (video/webm) ──────────────────────────────────────────────────────────────
    test-results/tests-comprehensive-demo-C-1c16c-should-handle-hover-effects-Mobile-Chrome/video.webm
    ────────────────────────────────────────────────────────────────────────────────────────────────

    Error Context: test-results/tests-comprehensive-demo-C-1c16c-should-handle-hover-effects-Mobile-Chrome/error-context.md
]]>
</failure>
<system-out>
<![CDATA[Still on fallback HTML, WASM may not have loaded

[[ATTACHMENT|test-results/tests-comprehensive-demo-C-1c16c-should-handle-hover-effects-Mobile-Chrome/test-failed-1.png]]

[[ATTACHMENT|test-results/tests-comprehensive-demo-C-1c16c-should-handle-hover-effects-Mobile-Chrome/video.webm]]

[[ATTACHMENT|test-results/tests-comprehensive-demo-C-1c16c-should-handle-hover-effects-Mobile-Chrome/error-context.md]]
]]>
</system-out>
</testcase>
<testcase name="Comprehensive Demo Tests › should handle click interactions" classname="tests/comprehensive-demo.spec.ts" time="24.655">
<failure message="comprehensive-demo.spec.ts:64:7 should handle click interactions" type="FAILURE">
<![CDATA[  [Mobile Chrome] › tests/comprehensive-demo.spec.ts:64:7 › Comprehensive Demo Tests › should handle click interactions 

    TimeoutError: locator.click: Timeout 10000ms exceeded.
    Call log:
      - waiting for locator('button').first()


      67 |
      68 |     // Click the element
    > 69 |     await clickElement.click();
         |                        ^
      70 |
      71 |     // Wait for any potential animation
      72 |     await page.waitForTimeout(300);
        at /Users/peterhanssens/consulting/Leptos/leptos-motion/tests/comprehensive-demo.spec.ts:69:24

    attachment #1: screenshot (image/png) ──────────────────────────────────────────────────────────
    test-results/tests-comprehensive-demo-C-e7a91-d-handle-click-interactions-Mobile-Chrome/test-failed-1.png
    ────────────────────────────────────────────────────────────────────────────────────────────────

    attachment #2: video (video/webm) ──────────────────────────────────────────────────────────────
    test-results/tests-comprehensive-demo-C-e7a91-d-handle-click-interactions-Mobile-Chrome/video.webm
    ────────────────────────────────────────────────────────────────────────────────────────────────

    Error Context: test-results/tests-comprehensive-demo-C-e7a91-d-handle-click-interactions-Mobile-Chrome/error-context.md
]]>
</failure>
<system-out>
<![CDATA[Still on fallback HTML, WASM may not have loaded

[[ATTACHMENT|test-results/tests-comprehensive-demo-C-e7a91-d-handle-click-interactions-Mobile-Chrome/test-failed-1.png]]

[[ATTACHMENT|test-results/tests-comprehensive-demo-C-e7a91-d-handle-click-interactions-Mobile-Chrome/video.webm]]

[[ATTACHMENT|test-results/tests-comprehensive-demo-C-e7a91-d-handle-click-interactions-Mobile-Chrome/error-context.md]]
]]>
</system-out>
</testcase>
<testcase name="Comprehensive Demo Tests › should test animation functionality with visual verification" classname="tests/comprehensive-demo.spec.ts" time="24.334">
<failure message="comprehensive-demo.spec.ts:78:7 should test animation functionality with visual verification" type="FAILURE">
<![CDATA[  [Mobile Chrome] › tests/comprehensive-demo.spec.ts:78:7 › Comprehensive Demo Tests › should test animation functionality with visual verification 

    TimeoutError: locator.waitFor: Timeout 10000ms exceeded.
    Call log:
      - waiting for locator('button').filter({ hasText: 'Button Animation' }) to be visible


      81 |
      82 |     // Wait for the button to be visible
    > 83 |     await animationButton.waitFor({ state: 'visible' });
         |                           ^
      84 |
      85 |     // Get initial state of the button
      86 |     const initialTransform = await animationButton.evaluate(
        at /Users/peterhanssens/consulting/Leptos/leptos-motion/tests/comprehensive-demo.spec.ts:83:27

    attachment #1: screenshot (image/png) ──────────────────────────────────────────────────────────
    test-results/tests-comprehensive-demo-C-822ad-ty-with-visual-verification-Mobile-Chrome/test-failed-1.png
    ────────────────────────────────────────────────────────────────────────────────────────────────

    attachment #2: video (video/webm) ──────────────────────────────────────────────────────────────
    test-results/tests-comprehensive-demo-C-822ad-ty-with-visual-verification-Mobile-Chrome/video.webm
    ────────────────────────────────────────────────────────────────────────────────────────────────

    Error Context: test-results/tests-comprehensive-demo-C-822ad-ty-with-visual-verification-Mobile-Chrome/error-context.md
]]>
</failure>
<system-out>
<![CDATA[Still on fallback HTML, WASM may not have loaded

[[ATTACHMENT|test-results/tests-comprehensive-demo-C-822ad-ty-with-visual-verification-Mobile-Chrome/test-failed-1.png]]

[[ATTACHMENT|test-results/tests-comprehensive-demo-C-822ad-ty-with-visual-verification-Mobile-Chrome/video.webm]]

[[ATTACHMENT|test-results/tests-comprehensive-demo-C-822ad-ty-with-visual-verification-Mobile-Chrome/error-context.md]]
]]>
</system-out>
</testcase>
<testcase name="Comprehensive Demo Tests › should load WASM module without errors" classname="tests/comprehensive-demo.spec.ts" time="16.236">
<system-out>
<![CDATA[Still on fallback HTML, WASM may not have loaded
Console errors: []
]]>
</system-out>
</testcase>
<testcase name="Comprehensive Demo Tests › should have proper HTML structure" classname="tests/comprehensive-demo.spec.ts" time="24.338">
<failure message="comprehensive-demo.spec.ts:144:7 should have proper HTML structure" type="FAILURE">
<![CDATA[  [Mobile Chrome] › tests/comprehensive-demo.spec.ts:144:7 › Comprehensive Demo Tests › should have proper HTML structure 

    Error: expect(locator).toBeVisible() failed

    Locator:  locator('button').first()
    Expected: visible
    Received: <element(s) not found>
    Timeout:  10000ms

    Call log:
      - Expect "toBeVisible" with timeout 10000ms
      - waiting for locator('button').first()


      146 |     await expect(page.locator('body')).toBeVisible();
      147 |     await expect(page.locator('h1')).toContainText('Leptos Motion');
    > 148 |     await expect(page.locator('button').first()).toBeVisible();
          |                                                  ^
      149 |     await expect(page.locator('div[style*="padding: 40px"]')).toBeVisible();
      150 |   });
      151 | });
        at /Users/peterhanssens/consulting/Leptos/leptos-motion/tests/comprehensive-demo.spec.ts:148:50

    attachment #1: screenshot (image/png) ──────────────────────────────────────────────────────────
    test-results/tests-comprehensive-demo-C-6699b--have-proper-HTML-structure-Mobile-Chrome/test-failed-1.png
    ────────────────────────────────────────────────────────────────────────────────────────────────

    attachment #2: video (video/webm) ──────────────────────────────────────────────────────────────
    test-results/tests-comprehensive-demo-C-6699b--have-proper-HTML-structure-Mobile-Chrome/video.webm
    ────────────────────────────────────────────────────────────────────────────────────────────────

    Error Context: test-results/tests-comprehensive-demo-C-6699b--have-proper-HTML-structure-Mobile-Chrome/error-context.md
]]>
</failure>
<system-out>
<![CDATA[Still on fallback HTML, WASM may not have loaded

[[ATTACHMENT|test-results/tests-comprehensive-demo-C-6699b--have-proper-HTML-structure-Mobile-Chrome/test-failed-1.png]]

[[ATTACHMENT|test-results/tests-comprehensive-demo-C-6699b--have-proper-HTML-structure-Mobile-Chrome/video.webm]]

[[ATTACHMENT|test-results/tests-comprehensive-demo-C-6699b--have-proper-HTML-structure-Mobile-Chrome/error-context.md]]
]]>
</system-out>
</testcase>
</testsuite>
<testsuite name="tests/e2e/batched_updates_test.spec.ts" timestamp="2025-10-04T13:01:09.445Z" hostname="Mobile Chrome" tests="1" failures="1" skipped="0" time="0.173" errors="0">
<testcase name="Batched Updates Test › should load and display the batched updates test correctly" classname="tests/e2e/batched_updates_test.spec.ts" time="0.173">
<failure message="batched_updates_test.spec.ts:4:7 should load and display the batched updates test correctly" type="FAILURE">
<![CDATA[  [Mobile Chrome] › tests/e2e/batched_updates_test.spec.ts:4:7 › Batched Updates Test › should load and display the batched updates test correctly 

    Error: page.goto: net::ERR_CONNECTION_REFUSED at http://localhost:8080/simple.html
    Call log:
      - navigating to "http://localhost:8080/simple.html", waiting until "load"


      4 |   test('should load and display the batched updates test correctly', async ({ page }) => {
      5 |     // Navigate to the demo page
    > 6 |     await page.goto('http://localhost:8080/simple.html');
        |                ^
      7 |
      8 |     // Wait for the WASM module to load and initialize
      9 |     await page.waitForTimeout(3000);
        at /Users/peterhanssens/consulting/Leptos/leptos-motion/tests/e2e/batched_updates_test.spec.ts:6:16

    attachment #1: screenshot (image/png) ──────────────────────────────────────────────────────────
    test-results/tests-e2e-batched_updates_-5805e-ched-updates-test-correctly-Mobile-Chrome/test-failed-1.png
    ────────────────────────────────────────────────────────────────────────────────────────────────

    attachment #2: video (video/webm) ──────────────────────────────────────────────────────────────
    test-results/tests-e2e-batched_updates_-5805e-ched-updates-test-correctly-Mobile-Chrome/video.webm
    ────────────────────────────────────────────────────────────────────────────────────────────────
]]>
</failure>
<system-out>
<![CDATA[
[[ATTACHMENT|test-results/tests-e2e-batched_updates_-5805e-ched-updates-test-correctly-Mobile-Chrome/test-failed-1.png]]

[[ATTACHMENT|test-results/tests-e2e-batched_updates_-5805e-ched-updates-test-correctly-Mobile-Chrome/video.webm]]
]]>
</system-out>
</testcase>
</testsuite>
<testsuite name="tests/e2e/comprehensive_e2e_test.spec.ts" timestamp="2025-10-04T13:01:09.445Z" hostname="Mobile Chrome" tests="27" failures="27" skipped="0" time="4.944" errors="0">
<testcase name="Leptos Motion Library - Comprehensive E2E Tests › 1. Simple API Tests › Basic Animation Test - Opacity Fade" classname="tests/e2e/comprehensive_e2e_test.spec.ts" time="0.175">
<failure message="comprehensive_e2e_test.spec.ts:44:9 Basic Animation Test - Opacity Fade" type="FAILURE">
<![CDATA[  [Mobile Chrome] › tests/e2e/comprehensive_e2e_test.spec.ts:44:9 › Leptos Motion Library - Comprehensive E2E Tests › 1. Simple API Tests › Basic Animation Test - Opacity Fade 

    Error: page.goto: net::ERR_CONNECTION_REFUSED at http://localhost:8086/
    Call log:
      - navigating to "http://localhost:8086/", waiting until "load"


      43 |   test.describe('1. Simple API Tests', () => {
      44 |     test('Basic Animation Test - Opacity Fade', async ({ page }) => {
    > 45 |       await page.goto(DEMO_URLS.newSimple);
         |                  ^
      46 |       await waitForWasmInit(page);
      47 |
      48 |       // Check if basic animations are working
        at /Users/peterhanssens/consulting/Leptos/leptos-motion/tests/e2e/comprehensive_e2e_test.spec.ts:45:18

    attachment #1: screenshot (image/png) ──────────────────────────────────────────────────────────
    test-results/tests-e2e-comprehensive_e2-4de89-imation-Test---Opacity-Fade-Mobile-Chrome/test-failed-1.png
    ────────────────────────────────────────────────────────────────────────────────────────────────

    attachment #2: video (video/webm) ──────────────────────────────────────────────────────────────
    test-results/tests-e2e-comprehensive_e2-4de89-imation-Test---Opacity-Fade-Mobile-Chrome/video.webm
    ────────────────────────────────────────────────────────────────────────────────────────────────
]]>
</failure>
<system-out>
<![CDATA[
[[ATTACHMENT|test-results/tests-e2e-comprehensive_e2-4de89-imation-Test---Opacity-Fade-Mobile-Chrome/test-failed-1.png]]

[[ATTACHMENT|test-results/tests-e2e-comprehensive_e2-4de89-imation-Test---Opacity-Fade-Mobile-Chrome/video.webm]]
]]>
</system-out>
</testcase>
<testcase name="Leptos Motion Library - Comprehensive E2E Tests › 1. Simple API Tests › Variant Switching Test" classname="tests/e2e/comprehensive_e2e_test.spec.ts" time="0.178">
<failure message="comprehensive_e2e_test.spec.ts:57:9 Variant Switching Test" type="FAILURE">
<![CDATA[  [Mobile Chrome] › tests/e2e/comprehensive_e2e_test.spec.ts:57:9 › Leptos Motion Library - Comprehensive E2E Tests › 1. Simple API Tests › Variant Switching Test 

    Error: page.goto: net::ERR_CONNECTION_REFUSED at http://localhost:8086/
    Call log:
      - navigating to "http://localhost:8086/", waiting until "load"


      56 |
      57 |     test('Variant Switching Test', async ({ page }) => {
    > 58 |       await page.goto(DEMO_URLS.newSimple);
         |                  ^
      59 |       await waitForWasmInit(page);
      60 |
      61 |       // Look for elements that can be toggled
        at /Users/peterhanssens/consulting/Leptos/leptos-motion/tests/e2e/comprehensive_e2e_test.spec.ts:58:18

    attachment #1: screenshot (image/png) ──────────────────────────────────────────────────────────
    test-results/tests-e2e-comprehensive_e2-38ec8-ests-Variant-Switching-Test-Mobile-Chrome/test-failed-1.png
    ────────────────────────────────────────────────────────────────────────────────────────────────

    attachment #2: video (video/webm) ──────────────────────────────────────────────────────────────
    test-results/tests-e2e-comprehensive_e2-38ec8-ests-Variant-Switching-Test-Mobile-Chrome/video.webm
    ────────────────────────────────────────────────────────────────────────────────────────────────
]]>
</failure>
<system-out>
<![CDATA[
[[ATTACHMENT|test-results/tests-e2e-comprehensive_e2-38ec8-ests-Variant-Switching-Test-Mobile-Chrome/test-failed-1.png]]

[[ATTACHMENT|test-results/tests-e2e-comprehensive_e2-38ec8-ests-Variant-Switching-Test-Mobile-Chrome/video.webm]]
]]>
</system-out>
</testcase>
<testcase name="Leptos Motion Library - Comprehensive E2E Tests › 1. Simple API Tests › Custom Easing Test" classname="tests/e2e/comprehensive_e2e_test.spec.ts" time="0.178">
<failure message="comprehensive_e2e_test.spec.ts:71:9 Custom Easing Test" type="FAILURE">
<![CDATA[  [Mobile Chrome] › tests/e2e/comprehensive_e2e_test.spec.ts:71:9 › Leptos Motion Library - Comprehensive E2E Tests › 1. Simple API Tests › Custom Easing Test 

    Error: page.goto: net::ERR_CONNECTION_REFUSED at http://localhost:8086/
    Call log:
      - navigating to "http://localhost:8086/", waiting until "load"


      70 |
      71 |     test('Custom Easing Test', async ({ page }) => {
    > 72 |       await page.goto(DEMO_URLS.newSimple);
         |                  ^
      73 |       await waitForWasmInit(page);
      74 |
      75 |       // Check for transition timing functions on first div
        at /Users/peterhanssens/consulting/Leptos/leptos-motion/tests/e2e/comprehensive_e2e_test.spec.ts:72:18

    attachment #1: screenshot (image/png) ──────────────────────────────────────────────────────────
    test-results/tests-e2e-comprehensive_e2-5f543-PI-Tests-Custom-Easing-Test-Mobile-Chrome/test-failed-1.png
    ────────────────────────────────────────────────────────────────────────────────────────────────

    attachment #2: video (video/webm) ──────────────────────────────────────────────────────────────
    test-results/tests-e2e-comprehensive_e2-5f543-PI-Tests-Custom-Easing-Test-Mobile-Chrome/video.webm
    ────────────────────────────────────────────────────────────────────────────────────────────────
]]>
</failure>
<system-out>
<![CDATA[
[[ATTACHMENT|test-results/tests-e2e-comprehensive_e2-5f543-PI-Tests-Custom-Easing-Test-Mobile-Chrome/test-failed-1.png]]

[[ATTACHMENT|test-results/tests-e2e-comprehensive_e2-5f543-PI-Tests-Custom-Easing-Test-Mobile-Chrome/video.webm]]
]]>
</system-out>
</testcase>
<testcase name="Leptos Motion Library - Comprehensive E2E Tests › 1. Simple API Tests › Accessibility - Reduced Motion Check" classname="tests/e2e/comprehensive_e2e_test.spec.ts" time="0.176">
<failure message="comprehensive_e2e_test.spec.ts:85:9 Accessibility - Reduced Motion Check" type="FAILURE">
<![CDATA[  [Mobile Chrome] › tests/e2e/comprehensive_e2e_test.spec.ts:85:9 › Leptos Motion Library - Comprehensive E2E Tests › 1. Simple API Tests › Accessibility - Reduced Motion Check 

    Error: page.goto: net::ERR_CONNECTION_REFUSED at http://localhost:8086/
    Call log:
      - navigating to "http://localhost:8086/", waiting until "load"


      84 |
      85 |     test('Accessibility - Reduced Motion Check', async ({ page }) => {
    > 86 |       await page.goto(DEMO_URLS.newSimple);
         |                  ^
      87 |       await waitForWasmInit(page);
      88 |
      89 |       // Simulate reduced motion preference
        at /Users/peterhanssens/consulting/Leptos/leptos-motion/tests/e2e/comprehensive_e2e_test.spec.ts:86:18

    attachment #1: screenshot (image/png) ──────────────────────────────────────────────────────────
    test-results/tests-e2e-comprehensive_e2-5ac8b-lity---Reduced-Motion-Check-Mobile-Chrome/test-failed-1.png
    ────────────────────────────────────────────────────────────────────────────────────────────────

    attachment #2: video (video/webm) ──────────────────────────────────────────────────────────────
    test-results/tests-e2e-comprehensive_e2-5ac8b-lity---Reduced-Motion-Check-Mobile-Chrome/video.webm
    ────────────────────────────────────────────────────────────────────────────────────────────────
]]>
</failure>
<system-out>
<![CDATA[
[[ATTACHMENT|test-results/tests-e2e-comprehensive_e2-5ac8b-lity---Reduced-Motion-Check-Mobile-Chrome/test-failed-1.png]]

[[ATTACHMENT|test-results/tests-e2e-comprehensive_e2-5ac8b-lity---Reduced-Motion-Check-Mobile-Chrome/video.webm]]
]]>
</system-out>
</testcase>
<testcase name="Leptos Motion Library - Comprehensive E2E Tests › 2. Independent Transforms Tests › Single Property Animation" classname="tests/e2e/comprehensive_e2e_test.spec.ts" time="0.172">
<failure message="comprehensive_e2e_test.spec.ts:102:9 Single Property Animation" type="FAILURE">
<![CDATA[  [Mobile Chrome] › tests/e2e/comprehensive_e2e_test.spec.ts:102:9 › Leptos Motion Library - Comprehensive E2E Tests › 2. Independent Transforms Tests › Single Property Animation 

    Error: page.goto: net::ERR_CONNECTION_REFUSED at http://localhost:8086/
    Call log:
      - navigating to "http://localhost:8086/", waiting until "load"


      101 |   test.describe('2. Independent Transforms Tests', () => {
      102 |     test('Single Property Animation', async ({ page }) => {
    > 103 |       await page.goto(DEMO_URLS.newSimple);
          |                  ^
      104 |       await waitForWasmInit(page);
      105 |
      106 |       // Check for transform properties or transition properties
        at /Users/peterhanssens/consulting/Leptos/leptos-motion/tests/e2e/comprehensive_e2e_test.spec.ts:103:18

    attachment #1: screenshot (image/png) ──────────────────────────────────────────────────────────
    test-results/tests-e2e-comprehensive_e2-ed6cd-s-Single-Property-Animation-Mobile-Chrome/test-failed-1.png
    ────────────────────────────────────────────────────────────────────────────────────────────────

    attachment #2: video (video/webm) ──────────────────────────────────────────────────────────────
    test-results/tests-e2e-comprehensive_e2-ed6cd-s-Single-Property-Animation-Mobile-Chrome/video.webm
    ────────────────────────────────────────────────────────────────────────────────────────────────
]]>
</failure>
<system-out>
<![CDATA[
[[ATTACHMENT|test-results/tests-e2e-comprehensive_e2-ed6cd-s-Single-Property-Animation-Mobile-Chrome/test-failed-1.png]]

[[ATTACHMENT|test-results/tests-e2e-comprehensive_e2-ed6cd-s-Single-Property-Animation-Mobile-Chrome/video.webm]]
]]>
</system-out>
</testcase>
<testcase name="Leptos Motion Library - Comprehensive E2E Tests › 2. Independent Transforms Tests › Concurrent Transforms" classname="tests/e2e/comprehensive_e2e_test.spec.ts" time="0.189">
<failure message="comprehensive_e2e_test.spec.ts:121:9 Concurrent Transforms" type="FAILURE">
<![CDATA[  [Mobile Chrome] › tests/e2e/comprehensive_e2e_test.spec.ts:121:9 › Leptos Motion Library - Comprehensive E2E Tests › 2. Independent Transforms Tests › Concurrent Transforms 

    Error: page.goto: net::ERR_CONNECTION_REFUSED at http://localhost:8086/
    Call log:
      - navigating to "http://localhost:8086/", waiting until "load"


      120 |
      121 |     test('Concurrent Transforms', async ({ page }) => {
    > 122 |       await page.goto(DEMO_URLS.newSimple);
          |                  ^
      123 |       await waitForWasmInit(page);
      124 |
      125 |       // Check multiple elements with any form of animation
        at /Users/peterhanssens/consulting/Leptos/leptos-motion/tests/e2e/comprehensive_e2e_test.spec.ts:122:18

    attachment #1: screenshot (image/png) ──────────────────────────────────────────────────────────
    test-results/tests-e2e-comprehensive_e2-467dd-Tests-Concurrent-Transforms-Mobile-Chrome/test-failed-1.png
    ────────────────────────────────────────────────────────────────────────────────────────────────

    attachment #2: video (video/webm) ──────────────────────────────────────────────────────────────
    test-results/tests-e2e-comprehensive_e2-467dd-Tests-Concurrent-Transforms-Mobile-Chrome/video.webm
    ────────────────────────────────────────────────────────────────────────────────────────────────
]]>
</failure>
<system-out>
<![CDATA[
[[ATTACHMENT|test-results/tests-e2e-comprehensive_e2-467dd-Tests-Concurrent-Transforms-Mobile-Chrome/test-failed-1.png]]

[[ATTACHMENT|test-results/tests-e2e-comprehensive_e2-467dd-Tests-Concurrent-Transforms-Mobile-Chrome/video.webm]]
]]>
</system-out>
</testcase>
<testcase name="Leptos Motion Library - Comprehensive E2E Tests › 2. Independent Transforms Tests › Hardware Acceleration Check" classname="tests/e2e/comprehensive_e2e_test.spec.ts" time="0.189">
<failure message="comprehensive_e2e_test.spec.ts:147:9 Hardware Acceleration Check" type="FAILURE">
<![CDATA[  [Mobile Chrome] › tests/e2e/comprehensive_e2e_test.spec.ts:147:9 › Leptos Motion Library - Comprehensive E2E Tests › 2. Independent Transforms Tests › Hardware Acceleration Check 

    Error: page.goto: net::ERR_CONNECTION_REFUSED at http://localhost:8086/
    Call log:
      - navigating to "http://localhost:8086/", waiting until "load"


      146 |
      147 |     test('Hardware Acceleration Check', async ({ page }) => {
    > 148 |       await page.goto(DEMO_URLS.newSimple);
          |                  ^
      149 |       await waitForWasmInit(page);
      150 |
      151 |       // Check for will-change property
        at /Users/peterhanssens/consulting/Leptos/leptos-motion/tests/e2e/comprehensive_e2e_test.spec.ts:148:18

    attachment #1: screenshot (image/png) ──────────────────────────────────────────────────────────
    test-results/tests-e2e-comprehensive_e2-f41b2-Hardware-Acceleration-Check-Mobile-Chrome/test-failed-1.png
    ────────────────────────────────────────────────────────────────────────────────────────────────

    attachment #2: video (video/webm) ──────────────────────────────────────────────────────────────
    test-results/tests-e2e-comprehensive_e2-f41b2-Hardware-Acceleration-Check-Mobile-Chrome/video.webm
    ────────────────────────────────────────────────────────────────────────────────────────────────
]]>
</failure>
<system-out>
<![CDATA[
[[ATTACHMENT|test-results/tests-e2e-comprehensive_e2-f41b2-Hardware-Acceleration-Check-Mobile-Chrome/test-failed-1.png]]

[[ATTACHMENT|test-results/tests-e2e-comprehensive_e2-f41b2-Hardware-Acceleration-Check-Mobile-Chrome/video.webm]]
]]>
</system-out>
</testcase>
<testcase name="Leptos Motion Library - Comprehensive E2E Tests › 3. Scroll Animation Tests › Scroll-based Animation" classname="tests/e2e/comprehensive_e2e_test.spec.ts" time="0.178">
<failure message="comprehensive_e2e_test.spec.ts:168:9 Scroll-based Animation" type="FAILURE">
<![CDATA[  [Mobile Chrome] › tests/e2e/comprehensive_e2e_test.spec.ts:168:9 › Leptos Motion Library - Comprehensive E2E Tests › 3. Scroll Animation Tests › Scroll-based Animation 

    Error: page.goto: net::ERR_CONNECTION_REFUSED at http://localhost:8086/
    Call log:
      - navigating to "http://localhost:8086/", waiting until "load"


      167 |   test.describe('3. Scroll Animation Tests', () => {
      168 |     test('Scroll-based Animation', async ({ page }) => {
    > 169 |       await page.goto(DEMO_URLS.newSimple);
          |                  ^
      170 |       await waitForWasmInit(page);
      171 |
      172 |       // Simulate scroll
        at /Users/peterhanssens/consulting/Leptos/leptos-motion/tests/e2e/comprehensive_e2e_test.spec.ts:169:18

    attachment #1: screenshot (image/png) ──────────────────────────────────────────────────────────
    test-results/tests-e2e-comprehensive_e2-e6592-ests-Scroll-based-Animation-Mobile-Chrome/test-failed-1.png
    ────────────────────────────────────────────────────────────────────────────────────────────────

    attachment #2: video (video/webm) ──────────────────────────────────────────────────────────────
    test-results/tests-e2e-comprehensive_e2-e6592-ests-Scroll-based-Animation-Mobile-Chrome/video.webm
    ────────────────────────────────────────────────────────────────────────────────────────────────
]]>
</failure>
<system-out>
<![CDATA[
[[ATTACHMENT|test-results/tests-e2e-comprehensive_e2-e6592-ests-Scroll-based-Animation-Mobile-Chrome/test-failed-1.png]]

[[ATTACHMENT|test-results/tests-e2e-comprehensive_e2-e6592-ests-Scroll-based-Animation-Mobile-Chrome/video.webm]]
]]>
</system-out>
</testcase>
<testcase name="Leptos Motion Library - Comprehensive E2E Tests › 3. Scroll Animation Tests › Viewport Trigger Animation" classname="tests/e2e/comprehensive_e2e_test.spec.ts" time="0.173">
<failure message="comprehensive_e2e_test.spec.ts:185:9 Viewport Trigger Animation" type="FAILURE">
<![CDATA[  [Mobile Chrome] › tests/e2e/comprehensive_e2e_test.spec.ts:185:9 › Leptos Motion Library - Comprehensive E2E Tests › 3. Scroll Animation Tests › Viewport Trigger Animation 

    Error: page.goto: net::ERR_CONNECTION_REFUSED at http://localhost:8086/
    Call log:
      - navigating to "http://localhost:8086/", waiting until "load"


      184 |
      185 |     test('Viewport Trigger Animation', async ({ page }) => {
    > 186 |       await page.goto(DEMO_URLS.newSimple);
          |                  ^
      187 |       await waitForWasmInit(page);
      188 |
      189 |       // Scroll to trigger viewport animations
        at /Users/peterhanssens/consulting/Leptos/leptos-motion/tests/e2e/comprehensive_e2e_test.spec.ts:186:18

    attachment #1: screenshot (image/png) ──────────────────────────────────────────────────────────
    test-results/tests-e2e-comprehensive_e2-eada2--Viewport-Trigger-Animation-Mobile-Chrome/test-failed-1.png
    ────────────────────────────────────────────────────────────────────────────────────────────────

    attachment #2: video (video/webm) ──────────────────────────────────────────────────────────────
    test-results/tests-e2e-comprehensive_e2-eada2--Viewport-Trigger-Animation-Mobile-Chrome/video.webm
    ────────────────────────────────────────────────────────────────────────────────────────────────
]]>
</failure>
<system-out>
<![CDATA[
[[ATTACHMENT|test-results/tests-e2e-comprehensive_e2-eada2--Viewport-Trigger-Animation-Mobile-Chrome/test-failed-1.png]]

[[ATTACHMENT|test-results/tests-e2e-comprehensive_e2-eada2--Viewport-Trigger-Animation-Mobile-Chrome/video.webm]]
]]>
</system-out>
</testcase>
<testcase name="Leptos Motion Library - Comprehensive E2E Tests › 4. Exit Animation Tests › Component Unmount Animation" classname="tests/e2e/comprehensive_e2e_test.spec.ts" time="0.189">
<failure message="comprehensive_e2e_test.spec.ts:205:9 Component Unmount Animation" type="FAILURE">
<![CDATA[  [Mobile Chrome] › tests/e2e/comprehensive_e2e_test.spec.ts:205:9 › Leptos Motion Library - Comprehensive E2E Tests › 4. Exit Animation Tests › Component Unmount Animation 

    Error: page.goto: net::ERR_CONNECTION_REFUSED at http://localhost:8086/
    Call log:
      - navigating to "http://localhost:8086/", waiting until "load"


      204 |   test.describe('4. Exit Animation Tests', () => {
      205 |     test('Component Unmount Animation', async ({ page }) => {
    > 206 |       await page.goto(DEMO_URLS.newSimple);
          |                  ^
      207 |       await waitForWasmInit(page);
      208 |
      209 |       // Look for buttons that might trigger unmount
        at /Users/peterhanssens/consulting/Leptos/leptos-motion/tests/e2e/comprehensive_e2e_test.spec.ts:206:18

    attachment #1: screenshot (image/png) ──────────────────────────────────────────────────────────
    test-results/tests-e2e-comprehensive_e2-e80c4-Component-Unmount-Animation-Mobile-Chrome/test-failed-1.png
    ────────────────────────────────────────────────────────────────────────────────────────────────

    attachment #2: video (video/webm) ──────────────────────────────────────────────────────────────
    test-results/tests-e2e-comprehensive_e2-e80c4-Component-Unmount-Animation-Mobile-Chrome/video.webm
    ────────────────────────────────────────────────────────────────────────────────────────────────
]]>
</failure>
<system-out>
<![CDATA[
[[ATTACHMENT|test-results/tests-e2e-comprehensive_e2-e80c4-Component-Unmount-Animation-Mobile-Chrome/test-failed-1.png]]

[[ATTACHMENT|test-results/tests-e2e-comprehensive_e2-e80c4-Component-Unmount-Animation-Mobile-Chrome/video.webm]]
]]>
</system-out>
</testcase>
<testcase name="Leptos Motion Library - Comprehensive E2E Tests › 5. Gesture Tests › Hover Gesture" classname="tests/e2e/comprehensive_e2e_test.spec.ts" time="0.188">
<failure message="comprehensive_e2e_test.spec.ts:226:9 Hover Gesture" type="FAILURE">
<![CDATA[  [Mobile Chrome] › tests/e2e/comprehensive_e2e_test.spec.ts:226:9 › Leptos Motion Library - Comprehensive E2E Tests › 5. Gesture Tests › Hover Gesture 

    Error: page.goto: net::ERR_CONNECTION_REFUSED at http://localhost:8086/
    Call log:
      - navigating to "http://localhost:8086/", waiting until "load"


      225 |   test.describe('5. Gesture Tests', () => {
      226 |     test('Hover Gesture', async ({ page }) => {
    > 227 |       await page.goto(DEMO_URLS.newSimple);
          |                  ^
      228 |       await waitForWasmInit(page);
      229 |
      230 |       // Test hover on interactive elements
        at /Users/peterhanssens/consulting/Leptos/leptos-motion/tests/e2e/comprehensive_e2e_test.spec.ts:227:18

    attachment #1: screenshot (image/png) ──────────────────────────────────────────────────────────
    test-results/tests-e2e-comprehensive_e2-c333a-Gesture-Tests-Hover-Gesture-Mobile-Chrome/test-failed-1.png
    ────────────────────────────────────────────────────────────────────────────────────────────────

    attachment #2: video (video/webm) ──────────────────────────────────────────────────────────────
    test-results/tests-e2e-comprehensive_e2-c333a-Gesture-Tests-Hover-Gesture-Mobile-Chrome/video.webm
    ────────────────────────────────────────────────────────────────────────────────────────────────
]]>
</failure>
<system-out>
<![CDATA[
[[ATTACHMENT|test-results/tests-e2e-comprehensive_e2-c333a-Gesture-Tests-Hover-Gesture-Mobile-Chrome/test-failed-1.png]]

[[ATTACHMENT|test-results/tests-e2e-comprehensive_e2-c333a-Gesture-Tests-Hover-Gesture-Mobile-Chrome/video.webm]]
]]>
</system-out>
</testcase>
<testcase name="Leptos Motion Library - Comprehensive E2E Tests › 5. Gesture Tests › Press Gesture" classname="tests/e2e/comprehensive_e2e_test.spec.ts" time="0.166">
<failure message="comprehensive_e2e_test.spec.ts:246:9 Press Gesture" type="FAILURE">
<![CDATA[  [Mobile Chrome] › tests/e2e/comprehensive_e2e_test.spec.ts:246:9 › Leptos Motion Library - Comprehensive E2E Tests › 5. Gesture Tests › Press Gesture 

    Error: page.goto: net::ERR_CONNECTION_REFUSED at http://localhost:8086/
    Call log:
      - navigating to "http://localhost:8086/", waiting until "load"


      245 |
      246 |     test('Press Gesture', async ({ page }) => {
    > 247 |       await page.goto(DEMO_URLS.newSimple);
          |                  ^
      248 |       await waitForWasmInit(page);
      249 |
      250 |       // Test press on buttons
        at /Users/peterhanssens/consulting/Leptos/leptos-motion/tests/e2e/comprehensive_e2e_test.spec.ts:247:18

    attachment #1: screenshot (image/png) ──────────────────────────────────────────────────────────
    test-results/tests-e2e-comprehensive_e2-2067b-Gesture-Tests-Press-Gesture-Mobile-Chrome/test-failed-1.png
    ────────────────────────────────────────────────────────────────────────────────────────────────

    attachment #2: video (video/webm) ──────────────────────────────────────────────────────────────
    test-results/tests-e2e-comprehensive_e2-2067b-Gesture-Tests-Press-Gesture-Mobile-Chrome/video.webm
    ────────────────────────────────────────────────────────────────────────────────────────────────
]]>
</failure>
<system-out>
<![CDATA[
[[ATTACHMENT|test-results/tests-e2e-comprehensive_e2-2067b-Gesture-Tests-Press-Gesture-Mobile-Chrome/test-failed-1.png]]

[[ATTACHMENT|test-results/tests-e2e-comprehensive_e2-2067b-Gesture-Tests-Press-Gesture-Mobile-Chrome/video.webm]]
]]>
</system-out>
</testcase>
<testcase name="Leptos Motion Library - Comprehensive E2E Tests › 5. Gesture Tests › Touch Gesture Support" classname="tests/e2e/comprehensive_e2e_test.spec.ts" time="0.182">
<failure message="comprehensive_e2e_test.spec.ts:263:9 Touch Gesture Support" type="FAILURE">
<![CDATA[  [Mobile Chrome] › tests/e2e/comprehensive_e2e_test.spec.ts:263:9 › Leptos Motion Library - Comprehensive E2E Tests › 5. Gesture Tests › Touch Gesture Support 

    Error: page.goto: net::ERR_CONNECTION_REFUSED at http://localhost:8086/
    Call log:
      - navigating to "http://localhost:8086/", waiting until "load"


      262 |
      263 |     test('Touch Gesture Support', async ({ page }) => {
    > 264 |       await page.goto(DEMO_URLS.newSimple);
          |                  ^
      265 |       await waitForWasmInit(page);
      266 |
      267 |       // Set mobile viewport
        at /Users/peterhanssens/consulting/Leptos/leptos-motion/tests/e2e/comprehensive_e2e_test.spec.ts:264:18

    attachment #1: screenshot (image/png) ──────────────────────────────────────────────────────────
    test-results/tests-e2e-comprehensive_e2-26d23-Tests-Touch-Gesture-Support-Mobile-Chrome/test-failed-1.png
    ────────────────────────────────────────────────────────────────────────────────────────────────

    attachment #2: video (video/webm) ──────────────────────────────────────────────────────────────
    test-results/tests-e2e-comprehensive_e2-26d23-Tests-Touch-Gesture-Support-Mobile-Chrome/video.webm
    ────────────────────────────────────────────────────────────────────────────────────────────────
]]>
</failure>
<system-out>
<![CDATA[
[[ATTACHMENT|test-results/tests-e2e-comprehensive_e2-26d23-Tests-Touch-Gesture-Support-Mobile-Chrome/test-failed-1.png]]

[[ATTACHMENT|test-results/tests-e2e-comprehensive_e2-26d23-Tests-Touch-Gesture-Support-Mobile-Chrome/video.webm]]
]]>
</system-out>
</testcase>
<testcase name="Leptos Motion Library - Comprehensive E2E Tests › 6. Layout Animation Tests › Resize Animation" classname="tests/e2e/comprehensive_e2e_test.spec.ts" time="0.182">
<failure message="comprehensive_e2e_test.spec.ts:282:9 Resize Animation" type="FAILURE">
<![CDATA[  [Mobile Chrome] › tests/e2e/comprehensive_e2e_test.spec.ts:282:9 › Leptos Motion Library - Comprehensive E2E Tests › 6. Layout Animation Tests › Resize Animation 

    Error: page.goto: net::ERR_CONNECTION_REFUSED at http://localhost:8086/
    Call log:
      - navigating to "http://localhost:8086/", waiting until "load"


      281 |   test.describe('6. Layout Animation Tests', () => {
      282 |     test('Resize Animation', async ({ page }) => {
    > 283 |       await page.goto(DEMO_URLS.newSimple);
          |                  ^
      284 |       await waitForWasmInit(page);
      285 |
      286 |       // Test viewport resize
        at /Users/peterhanssens/consulting/Leptos/leptos-motion/tests/e2e/comprehensive_e2e_test.spec.ts:283:18

    attachment #1: screenshot (image/png) ──────────────────────────────────────────────────────────
    test-results/tests-e2e-comprehensive_e2-14fad-tion-Tests-Resize-Animation-Mobile-Chrome/test-failed-1.png
    ────────────────────────────────────────────────────────────────────────────────────────────────

    attachment #2: video (video/webm) ──────────────────────────────────────────────────────────────
    test-results/tests-e2e-comprehensive_e2-14fad-tion-Tests-Resize-Animation-Mobile-Chrome/video.webm
    ────────────────────────────────────────────────────────────────────────────────────────────────
]]>
</failure>
<system-out>
<![CDATA[
[[ATTACHMENT|test-results/tests-e2e-comprehensive_e2-14fad-tion-Tests-Resize-Animation-Mobile-Chrome/test-failed-1.png]]

[[ATTACHMENT|test-results/tests-e2e-comprehensive_e2-14fad-tion-Tests-Resize-Animation-Mobile-Chrome/video.webm]]
]]>
</system-out>
</testcase>
<testcase name="Leptos Motion Library - Comprehensive E2E Tests › 6. Layout Animation Tests › Layout Shift Animation" classname="tests/e2e/comprehensive_e2e_test.spec.ts" time="0.172">
<failure message="comprehensive_e2e_test.spec.ts:300:9 Layout Shift Animation" type="FAILURE">
<![CDATA[  [Mobile Chrome] › tests/e2e/comprehensive_e2e_test.spec.ts:300:9 › Leptos Motion Library - Comprehensive E2E Tests › 6. Layout Animation Tests › Layout Shift Animation 

    Error: page.goto: net::ERR_CONNECTION_REFUSED at http://localhost:8086/
    Call log:
      - navigating to "http://localhost:8086/", waiting until "load"


      299 |
      300 |     test('Layout Shift Animation', async ({ page }) => {
    > 301 |       await page.goto(DEMO_URLS.newSimple);
          |                  ^
      302 |       await waitForWasmInit(page);
      303 |
      304 |       // Trigger layout changes
        at /Users/peterhanssens/consulting/Leptos/leptos-motion/tests/e2e/comprehensive_e2e_test.spec.ts:301:18

    attachment #1: screenshot (image/png) ──────────────────────────────────────────────────────────
    test-results/tests-e2e-comprehensive_e2-0b4f0-ests-Layout-Shift-Animation-Mobile-Chrome/test-failed-1.png
    ────────────────────────────────────────────────────────────────────────────────────────────────

    attachment #2: video (video/webm) ──────────────────────────────────────────────────────────────
    test-results/tests-e2e-comprehensive_e2-0b4f0-ests-Layout-Shift-Animation-Mobile-Chrome/video.webm
    ────────────────────────────────────────────────────────────────────────────────────────────────
]]>
</failure>
<system-out>
<![CDATA[
[[ATTACHMENT|test-results/tests-e2e-comprehensive_e2-0b4f0-ests-Layout-Shift-Animation-Mobile-Chrome/test-failed-1.png]]

[[ATTACHMENT|test-results/tests-e2e-comprehensive_e2-0b4f0-ests-Layout-Shift-Animation-Mobile-Chrome/video.webm]]
]]>
</system-out>
</testcase>
<testcase name="Leptos Motion Library - Comprehensive E2E Tests › 7. Timeline Sequences Tests › Stagger Animation" classname="tests/e2e/comprehensive_e2e_test.spec.ts" time="0.179">
<failure message="comprehensive_e2e_test.spec.ts:316:9 Stagger Animation" type="FAILURE">
<![CDATA[  [Mobile Chrome] › tests/e2e/comprehensive_e2e_test.spec.ts:316:9 › Leptos Motion Library - Comprehensive E2E Tests › 7. Timeline Sequences Tests › Stagger Animation 

    Error: page.goto: net::ERR_CONNECTION_REFUSED at http://localhost:8086/
    Call log:
      - navigating to "http://localhost:8086/", waiting until "load"


      315 |   test.describe('7. Timeline Sequences Tests', () => {
      316 |     test('Stagger Animation', async ({ page }) => {
    > 317 |       await page.goto(DEMO_URLS.newSimple);
          |                  ^
      318 |       await waitForWasmInit(page);
      319 |
      320 |       // Look for multiple animated elements
        at /Users/peterhanssens/consulting/Leptos/leptos-motion/tests/e2e/comprehensive_e2e_test.spec.ts:317:18

    attachment #1: screenshot (image/png) ──────────────────────────────────────────────────────────
    test-results/tests-e2e-comprehensive_e2-e9bf9-ces-Tests-Stagger-Animation-Mobile-Chrome/test-failed-1.png
    ────────────────────────────────────────────────────────────────────────────────────────────────

    attachment #2: video (video/webm) ──────────────────────────────────────────────────────────────
    test-results/tests-e2e-comprehensive_e2-e9bf9-ces-Tests-Stagger-Animation-Mobile-Chrome/video.webm
    ────────────────────────────────────────────────────────────────────────────────────────────────
]]>
</failure>
<system-out>
<![CDATA[
[[ATTACHMENT|test-results/tests-e2e-comprehensive_e2-e9bf9-ces-Tests-Stagger-Animation-Mobile-Chrome/test-failed-1.png]]

[[ATTACHMENT|test-results/tests-e2e-comprehensive_e2-e9bf9-ces-Tests-Stagger-Animation-Mobile-Chrome/video.webm]]
]]>
</system-out>
</testcase>
<testcase name="Leptos Motion Library - Comprehensive E2E Tests › 7. Timeline Sequences Tests › Sequence Animation" classname="tests/e2e/comprehensive_e2e_test.spec.ts" time="0.178">
<failure message="comprehensive_e2e_test.spec.ts:331:9 Sequence Animation" type="FAILURE">
<![CDATA[  [Mobile Chrome] › tests/e2e/comprehensive_e2e_test.spec.ts:331:9 › Leptos Motion Library - Comprehensive E2E Tests › 7. Timeline Sequences Tests › Sequence Animation 

    Error: page.goto: net::ERR_CONNECTION_REFUSED at http://localhost:8086/
    Call log:
      - navigating to "http://localhost:8086/", waiting until "load"


      330 |
      331 |     test('Sequence Animation', async ({ page }) => {
    > 332 |       await page.goto(DEMO_URLS.newSimple);
          |                  ^
      333 |       await waitForWasmInit(page);
      334 |
      335 |       // Trigger sequence animations
        at /Users/peterhanssens/consulting/Leptos/leptos-motion/tests/e2e/comprehensive_e2e_test.spec.ts:332:18

    attachment #1: screenshot (image/png) ──────────────────────────────────────────────────────────
    test-results/tests-e2e-comprehensive_e2-709e8-es-Tests-Sequence-Animation-Mobile-Chrome/test-failed-1.png
    ────────────────────────────────────────────────────────────────────────────────────────────────

    attachment #2: video (video/webm) ──────────────────────────────────────────────────────────────
    test-results/tests-e2e-comprehensive_e2-709e8-es-Tests-Sequence-Animation-Mobile-Chrome/video.webm
    ────────────────────────────────────────────────────────────────────────────────────────────────
]]>
</failure>
<system-out>
<![CDATA[
[[ATTACHMENT|test-results/tests-e2e-comprehensive_e2-709e8-es-Tests-Sequence-Animation-Mobile-Chrome/test-failed-1.png]]

[[ATTACHMENT|test-results/tests-e2e-comprehensive_e2-709e8-es-Tests-Sequence-Animation-Mobile-Chrome/video.webm]]
]]>
</system-out>
</testcase>
<testcase name="Leptos Motion Library - Comprehensive E2E Tests › 8. Spring Physics Tests › Spring Animation" classname="tests/e2e/comprehensive_e2e_test.spec.ts" time="0.172">
<failure message="comprehensive_e2e_test.spec.ts:349:9 Spring Animation" type="FAILURE">
<![CDATA[  [Mobile Chrome] › tests/e2e/comprehensive_e2e_test.spec.ts:349:9 › Leptos Motion Library - Comprehensive E2E Tests › 8. Spring Physics Tests › Spring Animation 

    Error: page.goto: net::ERR_CONNECTION_REFUSED at http://localhost:8086/
    Call log:
      - navigating to "http://localhost:8086/", waiting until "load"


      348 |   test.describe('8. Spring Physics Tests', () => {
      349 |     test('Spring Animation', async ({ page }) => {
    > 350 |       await page.goto(DEMO_URLS.newSimple);
          |                  ^
      351 |       await waitForWasmInit(page);
      352 |
      353 |       // Check for spring-like animations
        at /Users/peterhanssens/consulting/Leptos/leptos-motion/tests/e2e/comprehensive_e2e_test.spec.ts:350:18

    attachment #1: screenshot (image/png) ──────────────────────────────────────────────────────────
    test-results/tests-e2e-comprehensive_e2-cc3c7-sics-Tests-Spring-Animation-Mobile-Chrome/test-failed-1.png
    ────────────────────────────────────────────────────────────────────────────────────────────────

    attachment #2: video (video/webm) ──────────────────────────────────────────────────────────────
    test-results/tests-e2e-comprehensive_e2-cc3c7-sics-Tests-Spring-Animation-Mobile-Chrome/video.webm
    ────────────────────────────────────────────────────────────────────────────────────────────────
]]>
</failure>
<system-out>
<![CDATA[
[[ATTACHMENT|test-results/tests-e2e-comprehensive_e2-cc3c7-sics-Tests-Spring-Animation-Mobile-Chrome/test-failed-1.png]]

[[ATTACHMENT|test-results/tests-e2e-comprehensive_e2-cc3c7-sics-Tests-Spring-Animation-Mobile-Chrome/video.webm]]
]]>
</system-out>
</testcase>
<testcase name="Leptos Motion Library - Comprehensive E2E Tests › 8. Spring Physics Tests › Velocity-based Animation" classname="tests/e2e/comprehensive_e2e_test.spec.ts" time="0.197">
<failure message="comprehensive_e2e_test.spec.ts:364:9 Velocity-based Animation" type="FAILURE">
<![CDATA[  [Mobile Chrome] › tests/e2e/comprehensive_e2e_test.spec.ts:364:9 › Leptos Motion Library - Comprehensive E2E Tests › 8. Spring Physics Tests › Velocity-based Animation 

    Error: page.goto: net::ERR_CONNECTION_REFUSED at http://localhost:8086/
    Call log:
      - navigating to "http://localhost:8086/", waiting until "load"


      363 |
      364 |     test('Velocity-based Animation', async ({ page }) => {
    > 365 |       await page.goto(DEMO_URLS.newSimple);
          |                  ^
      366 |       await waitForWasmInit(page);
      367 |
      368 |       // Test rapid interactions
        at /Users/peterhanssens/consulting/Leptos/leptos-motion/tests/e2e/comprehensive_e2e_test.spec.ts:365:18

    attachment #1: screenshot (image/png) ──────────────────────────────────────────────────────────
    test-results/tests-e2e-comprehensive_e2-c67f9-ts-Velocity-based-Animation-Mobile-Chrome/test-failed-1.png
    ────────────────────────────────────────────────────────────────────────────────────────────────

    attachment #2: video (video/webm) ──────────────────────────────────────────────────────────────
    test-results/tests-e2e-comprehensive_e2-c67f9-ts-Velocity-based-Animation-Mobile-Chrome/video.webm
    ────────────────────────────────────────────────────────────────────────────────────────────────
]]>
</failure>
<system-out>
<![CDATA[
[[ATTACHMENT|test-results/tests-e2e-comprehensive_e2-c67f9-ts-Velocity-based-Animation-Mobile-Chrome/test-failed-1.png]]

[[ATTACHMENT|test-results/tests-e2e-comprehensive_e2-c67f9-ts-Velocity-based-Animation-Mobile-Chrome/video.webm]]
]]>
</system-out>
</testcase>
<testcase name="Leptos Motion Library - Comprehensive E2E Tests › 9. Performance Tests › 60 FPS Performance Check" classname="tests/e2e/comprehensive_e2e_test.spec.ts" time="0.197">
<failure message="comprehensive_e2e_test.spec.ts:384:9 60 FPS Performance Check" type="FAILURE">
<![CDATA[  [Mobile Chrome] › tests/e2e/comprehensive_e2e_test.spec.ts:384:9 › Leptos Motion Library - Comprehensive E2E Tests › 9. Performance Tests › 60 FPS Performance Check 

    Error: page.goto: net::ERR_CONNECTION_REFUSED at http://localhost:8086/
    Call log:
      - navigating to "http://localhost:8086/", waiting until "load"


      383 |   test.describe('9. Performance Tests', () => {
      384 |     test('60 FPS Performance Check', async ({ page }) => {
    > 385 |       await page.goto(DEMO_URLS.newSimple);
          |                  ^
      386 |       await waitForWasmInit(page);
      387 |
      388 |       // Monitor performance during animations
        at /Users/peterhanssens/consulting/Leptos/leptos-motion/tests/e2e/comprehensive_e2e_test.spec.ts:385:18

    attachment #1: screenshot (image/png) ──────────────────────────────────────────────────────────
    test-results/tests-e2e-comprehensive_e2-3a598-ts-60-FPS-Performance-Check-Mobile-Chrome/test-failed-1.png
    ────────────────────────────────────────────────────────────────────────────────────────────────

    attachment #2: video (video/webm) ──────────────────────────────────────────────────────────────
    test-results/tests-e2e-comprehensive_e2-3a598-ts-60-FPS-Performance-Check-Mobile-Chrome/video.webm
    ────────────────────────────────────────────────────────────────────────────────────────────────
]]>
</failure>
<system-out>
<![CDATA[
[[ATTACHMENT|test-results/tests-e2e-comprehensive_e2-3a598-ts-60-FPS-Performance-Check-Mobile-Chrome/test-failed-1.png]]

[[ATTACHMENT|test-results/tests-e2e-comprehensive_e2-3a598-ts-60-FPS-Performance-Check-Mobile-Chrome/video.webm]]
]]>
</system-out>
</testcase>
<testcase name="Leptos Motion Library - Comprehensive E2E Tests › 9. Performance Tests › Memory Usage Check" classname="tests/e2e/comprehensive_e2e_test.spec.ts" time="0.172">
<failure message="comprehensive_e2e_test.spec.ts:411:9 Memory Usage Check" type="FAILURE">
<![CDATA[  [Mobile Chrome] › tests/e2e/comprehensive_e2e_test.spec.ts:411:9 › Leptos Motion Library - Comprehensive E2E Tests › 9. Performance Tests › Memory Usage Check 

    Error: page.goto: net::ERR_CONNECTION_REFUSED at http://localhost:8086/
    Call log:
      - navigating to "http://localhost:8086/", waiting until "load"


      410 |
      411 |     test('Memory Usage Check', async ({ page }) => {
    > 412 |       await page.goto(DEMO_URLS.newSimple);
          |                  ^
      413 |       await waitForWasmInit(page);
      414 |
      415 |       // Check memory usage
        at /Users/peterhanssens/consulting/Leptos/leptos-motion/tests/e2e/comprehensive_e2e_test.spec.ts:412:18

    attachment #1: screenshot (image/png) ──────────────────────────────────────────────────────────
    test-results/tests-e2e-comprehensive_e2-2f51d-ce-Tests-Memory-Usage-Check-Mobile-Chrome/test-failed-1.png
    ────────────────────────────────────────────────────────────────────────────────────────────────

    attachment #2: video (video/webm) ──────────────────────────────────────────────────────────────
    test-results/tests-e2e-comprehensive_e2-2f51d-ce-Tests-Memory-Usage-Check-Mobile-Chrome/video.webm
    ────────────────────────────────────────────────────────────────────────────────────────────────
]]>
</failure>
<system-out>
<![CDATA[
[[ATTACHMENT|test-results/tests-e2e-comprehensive_e2-2f51d-ce-Tests-Memory-Usage-Check-Mobile-Chrome/test-failed-1.png]]

[[ATTACHMENT|test-results/tests-e2e-comprehensive_e2-2f51d-ce-Tests-Memory-Usage-Check-Mobile-Chrome/video.webm]]
]]>
</system-out>
</testcase>
<testcase name="Leptos Motion Library - Comprehensive E2E Tests › 9. Performance Tests › Load Time Performance" classname="tests/e2e/comprehensive_e2e_test.spec.ts" time="0.16">
<failure message="comprehensive_e2e_test.spec.ts:430:9 Load Time Performance" type="FAILURE">
<![CDATA[  [Mobile Chrome] › tests/e2e/comprehensive_e2e_test.spec.ts:430:9 › Leptos Motion Library - Comprehensive E2E Tests › 9. Performance Tests › Load Time Performance 

    Error: page.goto: net::ERR_CONNECTION_REFUSED at http://localhost:8086/
    Call log:
      - navigating to "http://localhost:8086/", waiting until "load"


      430 |     test('Load Time Performance', async ({ page }) => {
      431 |       const startTime = Date.now();
    > 432 |       await page.goto(DEMO_URLS.newSimple);
          |                  ^
      433 |       await waitForWasmInit(page);
      434 |       const loadTime = Date.now() - startTime;
      435 |
        at /Users/peterhanssens/consulting/Leptos/leptos-motion/tests/e2e/comprehensive_e2e_test.spec.ts:432:18

    attachment #1: screenshot (image/png) ──────────────────────────────────────────────────────────
    test-results/tests-e2e-comprehensive_e2-b9f2a-Tests-Load-Time-Performance-Mobile-Chrome/test-failed-1.png
    ────────────────────────────────────────────────────────────────────────────────────────────────

    attachment #2: video (video/webm) ──────────────────────────────────────────────────────────────
    test-results/tests-e2e-comprehensive_e2-b9f2a-Tests-Load-Time-Performance-Mobile-Chrome/video.webm
    ────────────────────────────────────────────────────────────────────────────────────────────────
]]>
</failure>
<system-out>
<![CDATA[
[[ATTACHMENT|test-results/tests-e2e-comprehensive_e2-b9f2a-Tests-Load-Time-Performance-Mobile-Chrome/test-failed-1.png]]

[[ATTACHMENT|test-results/tests-e2e-comprehensive_e2-b9f2a-Tests-Load-Time-Performance-Mobile-Chrome/video.webm]]
]]>
</system-out>
</testcase>
<testcase name="Leptos Motion Library - Comprehensive E2E Tests › 10. Cross-Browser Compatibility › Chrome Compatibility" classname="tests/e2e/comprehensive_e2e_test.spec.ts" time="0.199">
<failure message="comprehensive_e2e_test.spec.ts:443:9 Chrome Compatibility" type="FAILURE">
<![CDATA[  [Mobile Chrome] › tests/e2e/comprehensive_e2e_test.spec.ts:443:9 › Leptos Motion Library - Comprehensive E2E Tests › 10. Cross-Browser Compatibility › Chrome Compatibility 

    Error: page.goto: net::ERR_CONNECTION_REFUSED at http://localhost:8086/
    Call log:
      - navigating to "http://localhost:8086/", waiting until "load"


      442 |   test.describe('10. Cross-Browser Compatibility', () => {
      443 |     test('Chrome Compatibility', async ({ page }) => {
    > 444 |       await page.goto(DEMO_URLS.newSimple);
          |                  ^
      445 |       await waitForWasmInit(page);
      446 |
      447 |       const elements = page.locator('div');
        at /Users/peterhanssens/consulting/Leptos/leptos-motion/tests/e2e/comprehensive_e2e_test.spec.ts:444:18

    attachment #1: screenshot (image/png) ──────────────────────────────────────────────────────────
    test-results/tests-e2e-comprehensive_e2-8e094-bility-Chrome-Compatibility-Mobile-Chrome/test-failed-1.png
    ────────────────────────────────────────────────────────────────────────────────────────────────

    attachment #2: video (video/webm) ──────────────────────────────────────────────────────────────
    test-results/tests-e2e-comprehensive_e2-8e094-bility-Chrome-Compatibility-Mobile-Chrome/video.webm
    ────────────────────────────────────────────────────────────────────────────────────────────────
]]>
</failure>
<system-out>
<![CDATA[
[[ATTACHMENT|test-results/tests-e2e-comprehensive_e2-8e094-bility-Chrome-Compatibility-Mobile-Chrome/test-failed-1.png]]

[[ATTACHMENT|test-results/tests-e2e-comprehensive_e2-8e094-bility-Chrome-Compatibility-Mobile-Chrome/video.webm]]
]]>
</system-out>
</testcase>
<testcase name="Leptos Motion Library - Comprehensive E2E Tests › 11. Integration Tests › Leptos Signals Integration" classname="tests/e2e/comprehensive_e2e_test.spec.ts" time="0.2">
<failure message="comprehensive_e2e_test.spec.ts:455:9 Leptos Signals Integration" type="FAILURE">
<![CDATA[  [Mobile Chrome] › tests/e2e/comprehensive_e2e_test.spec.ts:455:9 › Leptos Motion Library - Comprehensive E2E Tests › 11. Integration Tests › Leptos Signals Integration 

    Error: page.goto: net::ERR_CONNECTION_REFUSED at http://localhost:8086/
    Call log:
      - navigating to "http://localhost:8086/", waiting until "load"


      454 |   test.describe('11. Integration Tests', () => {
      455 |     test('Leptos Signals Integration', async ({ page }) => {
    > 456 |       await page.goto(DEMO_URLS.newSimple);
          |                  ^
      457 |       await waitForWasmInit(page);
      458 |
      459 |       // Test signal-based reactivity
        at /Users/peterhanssens/consulting/Leptos/leptos-motion/tests/e2e/comprehensive_e2e_test.spec.ts:456:18

    attachment #1: screenshot (image/png) ──────────────────────────────────────────────────────────
    test-results/tests-e2e-comprehensive_e2-ff647--Leptos-Signals-Integration-Mobile-Chrome/test-failed-1.png
    ────────────────────────────────────────────────────────────────────────────────────────────────

    attachment #2: video (video/webm) ──────────────────────────────────────────────────────────────
    test-results/tests-e2e-comprehensive_e2-ff647--Leptos-Signals-Integration-Mobile-Chrome/video.webm
    ────────────────────────────────────────────────────────────────────────────────────────────────
]]>
</failure>
<system-out>
<![CDATA[
[[ATTACHMENT|test-results/tests-e2e-comprehensive_e2-ff647--Leptos-Signals-Integration-Mobile-Chrome/test-failed-1.png]]

[[ATTACHMENT|test-results/tests-e2e-comprehensive_e2-ff647--Leptos-Signals-Integration-Mobile-Chrome/video.webm]]
]]>
</system-out>
</testcase>
<testcase name="Leptos Motion Library - Comprehensive E2E Tests › 11. Integration Tests › SSR Compatibility" classname="tests/e2e/comprehensive_e2e_test.spec.ts" time="0.19">
<failure message="comprehensive_e2e_test.spec.ts:473:9 SSR Compatibility" type="FAILURE">
<![CDATA[  [Mobile Chrome] › tests/e2e/comprehensive_e2e_test.spec.ts:473:9 › Leptos Motion Library - Comprehensive E2E Tests › 11. Integration Tests › SSR Compatibility 

    Error: page.goto: net::ERR_CONNECTION_REFUSED at http://localhost:8086/
    Call log:
      - navigating to "http://localhost:8086/", waiting until "load"


      472 |
      473 |     test('SSR Compatibility', async ({ page }) => {
    > 474 |       await page.goto(DEMO_URLS.newSimple);
          |                  ^
      475 |       await waitForWasmInit(page);
      476 |
      477 |       // Check for hydration
        at /Users/peterhanssens/consulting/Leptos/leptos-motion/tests/e2e/comprehensive_e2e_test.spec.ts:474:18

    attachment #1: screenshot (image/png) ──────────────────────────────────────────────────────────
    test-results/tests-e2e-comprehensive_e2-13adb-ion-Tests-SSR-Compatibility-Mobile-Chrome/test-failed-1.png
    ────────────────────────────────────────────────────────────────────────────────────────────────

    attachment #2: video (video/webm) ──────────────────────────────────────────────────────────────
    test-results/tests-e2e-comprehensive_e2-13adb-ion-Tests-SSR-Compatibility-Mobile-Chrome/video.webm
    ────────────────────────────────────────────────────────────────────────────────────────────────
]]>
</failure>
<system-out>
<![CDATA[
[[ATTACHMENT|test-results/tests-e2e-comprehensive_e2-13adb-ion-Tests-SSR-Compatibility-Mobile-Chrome/test-failed-1.png]]

[[ATTACHMENT|test-results/tests-e2e-comprehensive_e2-13adb-ion-Tests-SSR-Compatibility-Mobile-Chrome/video.webm]]
]]>
</system-out>
</testcase>
<testcase name="Leptos Motion Library - Comprehensive E2E Tests › 11. Integration Tests › Error Handling" classname="tests/e2e/comprehensive_e2e_test.spec.ts" time="0.175">
<failure message="comprehensive_e2e_test.spec.ts:484:9 Error Handling" type="FAILURE">
<![CDATA[  [Mobile Chrome] › tests/e2e/comprehensive_e2e_test.spec.ts:484:9 › Leptos Motion Library - Comprehensive E2E Tests › 11. Integration Tests › Error Handling 

    Error: page.goto: net::ERR_CONNECTION_REFUSED at http://localhost:8086/
    Call log:
      - navigating to "http://localhost:8086/", waiting until "load"


      483 |
      484 |     test('Error Handling', async ({ page }) => {
    > 485 |       await page.goto(DEMO_URLS.newSimple);
          |                  ^
      486 |       await waitForWasmInit(page);
      487 |
      488 |       // Check for console errors
        at /Users/peterhanssens/consulting/Leptos/leptos-motion/tests/e2e/comprehensive_e2e_test.spec.ts:485:18

    attachment #1: screenshot (image/png) ──────────────────────────────────────────────────────────
    test-results/tests-e2e-comprehensive_e2-86124-ration-Tests-Error-Handling-Mobile-Chrome/test-failed-1.png
    ────────────────────────────────────────────────────────────────────────────────────────────────

    attachment #2: video (video/webm) ──────────────────────────────────────────────────────────────
    test-results/tests-e2e-comprehensive_e2-86124-ration-Tests-Error-Handling-Mobile-Chrome/video.webm
    ────────────────────────────────────────────────────────────────────────────────────────────────
]]>
</failure>
<system-out>
<![CDATA[
[[ATTACHMENT|test-results/tests-e2e-comprehensive_e2-86124-ration-Tests-Error-Handling-Mobile-Chrome/test-failed-1.png]]

[[ATTACHMENT|test-results/tests-e2e-comprehensive_e2-86124-ration-Tests-Error-Handling-Mobile-Chrome/video.webm]]
]]>
</system-out>
</testcase>
<testcase name="Leptos Motion Library - Comprehensive E2E Tests › 12. Feature Parity Tests › Motion.dev Feature Comparison" classname="tests/e2e/comprehensive_e2e_test.spec.ts" time="0.238">
<failure message="comprehensive_e2e_test.spec.ts:509:9 Motion.dev Feature Comparison" type="FAILURE">
<![CDATA[  [Mobile Chrome] › tests/e2e/comprehensive_e2e_test.spec.ts:509:9 › Leptos Motion Library - Comprehensive E2E Tests › 12. Feature Parity Tests › Motion.dev Feature Comparison 

    Error: page.goto: net::ERR_CONNECTION_REFUSED at http://localhost:8086/
    Call log:
      - navigating to "http://localhost:8086/", waiting until "load"


      508 |   test.describe('12. Feature Parity Tests', () => {
      509 |     test('Motion.dev Feature Comparison', async ({ page }) => {
    > 510 |       await page.goto(DEMO_URLS.newSimple);
          |                  ^
      511 |       await waitForWasmInit(page);
      512 |
      513 |       // Test key features that should match motion.dev capabilities
        at /Users/peterhanssens/consulting/Leptos/leptos-motion/tests/e2e/comprehensive_e2e_test.spec.ts:510:18

    attachment #1: screenshot (image/png) ──────────────────────────────────────────────────────────
    test-results/tests-e2e-comprehensive_e2-1107d-tion-dev-Feature-Comparison-Mobile-Chrome/test-failed-1.png
    ────────────────────────────────────────────────────────────────────────────────────────────────

    attachment #2: video (video/webm) ──────────────────────────────────────────────────────────────
    test-results/tests-e2e-comprehensive_e2-1107d-tion-dev-Feature-Comparison-Mobile-Chrome/video.webm
    ────────────────────────────────────────────────────────────────────────────────────────────────
]]>
</failure>
<system-out>
<![CDATA[
[[ATTACHMENT|test-results/tests-e2e-comprehensive_e2-1107d-tion-dev-Feature-Comparison-Mobile-Chrome/test-failed-1.png]]

[[ATTACHMENT|test-results/tests-e2e-comprehensive_e2-1107d-tion-dev-Feature-Comparison-Mobile-Chrome/video.webm]]
]]>
</system-out>
</testcase>
</testsuite>
<testsuite name="tests/e2e/fixed_demo_test.spec.ts" timestamp="2025-10-04T13:01:09.445Z" hostname="Mobile Chrome" tests="2" failures="2" skipped="0" time="0.49" errors="0">
<testcase name="Fixed ReactiveMotionDiv Demo Test › should load and display the fixed demo correctly" classname="tests/e2e/fixed_demo_test.spec.ts" time="0.243">
<failure message="fixed_demo_test.spec.ts:4:7 should load and display the fixed demo correctly" type="FAILURE">
<![CDATA[  [Mobile Chrome] › tests/e2e/fixed_demo_test.spec.ts:4:7 › Fixed ReactiveMotionDiv Demo Test › should load and display the fixed demo correctly 

    Error: page.goto: net::ERR_CONNECTION_REFUSED at http://localhost:8080/simple.html
    Call log:
      - navigating to "http://localhost:8080/simple.html", waiting until "load"


       9 |
      10 |     // Go to the simple demo
    > 11 |     await page.goto('http://localhost:8080/simple.html');
         |                ^
      12 |
      13 |     // Wait for the page to load
      14 |     await page.waitForLoadState('networkidle');
        at /Users/peterhanssens/consulting/Leptos/leptos-motion/tests/e2e/fixed_demo_test.spec.ts:11:16

    attachment #1: screenshot (image/png) ──────────────────────────────────────────────────────────
    test-results/tests-e2e-fixed_demo_test--62538-ay-the-fixed-demo-correctly-Mobile-Chrome/test-failed-1.png
    ────────────────────────────────────────────────────────────────────────────────────────────────

    attachment #2: video (video/webm) ──────────────────────────────────────────────────────────────
    test-results/tests-e2e-fixed_demo_test--62538-ay-the-fixed-demo-correctly-Mobile-Chrome/video.webm
    ────────────────────────────────────────────────────────────────────────────────────────────────
]]>
</failure>
<system-out>
<![CDATA[
[[ATTACHMENT|test-results/tests-e2e-fixed_demo_test--62538-ay-the-fixed-demo-correctly-Mobile-Chrome/test-failed-1.png]]

[[ATTACHMENT|test-results/tests-e2e-fixed_demo_test--62538-ay-the-fixed-demo-correctly-Mobile-Chrome/video.webm]]
]]>
</system-out>
</testcase>
<testcase name="Fixed ReactiveMotionDiv Demo Test › should handle button clicks with fixed component" classname="tests/e2e/fixed_demo_test.spec.ts" time="0.247">
<failure message="fixed_demo_test.spec.ts:42:7 should handle button clicks with fixed component" type="FAILURE">
<![CDATA[  [Mobile Chrome] › tests/e2e/fixed_demo_test.spec.ts:42:7 › Fixed ReactiveMotionDiv Demo Test › should handle button clicks with fixed component 

    Error: page.goto: net::ERR_CONNECTION_REFUSED at http://localhost:8080/simple.html
    Call log:
      - navigating to "http://localhost:8080/simple.html", waiting until "load"


      45 |     });
      46 |
    > 47 |     await page.goto('http://localhost:8080/simple.html');
         |                ^
      48 |     await page.waitForLoadState('networkidle');
      49 |     await page.waitForTimeout(2000);
      50 |
        at /Users/peterhanssens/consulting/Leptos/leptos-motion/tests/e2e/fixed_demo_test.spec.ts:47:16

    attachment #1: screenshot (image/png) ──────────────────────────────────────────────────────────
    test-results/tests-e2e-fixed_demo_test--d4f09-clicks-with-fixed-component-Mobile-Chrome/test-failed-1.png
    ────────────────────────────────────────────────────────────────────────────────────────────────

    attachment #2: video (video/webm) ──────────────────────────────────────────────────────────────
    test-results/tests-e2e-fixed_demo_test--d4f09-clicks-with-fixed-component-Mobile-Chrome/video.webm
    ────────────────────────────────────────────────────────────────────────────────────────────────
]]>
</failure>
<system-out>
<![CDATA[
[[ATTACHMENT|test-results/tests-e2e-fixed_demo_test--d4f09-clicks-with-fixed-component-Mobile-Chrome/test-failed-1.png]]

[[ATTACHMENT|test-results/tests-e2e-fixed_demo_test--d4f09-clicks-with-fixed-component-Mobile-Chrome/video.webm]]
]]>
</system-out>
</testcase>
</testsuite>
<testsuite name="tests/e2e/memoization_test.spec.ts" timestamp="2025-10-04T13:01:09.445Z" hostname="Mobile Chrome" tests="1" failures="1" skipped="0" time="0.172" errors="0">
<testcase name="Memoization Test › should load and display the memoization test correctly" classname="tests/e2e/memoization_test.spec.ts" time="0.172">
<failure message="memoization_test.spec.ts:4:7 should load and display the memoization test correctly" type="FAILURE">
<![CDATA[  [Mobile Chrome] › tests/e2e/memoization_test.spec.ts:4:7 › Memoization Test › should load and display the memoization test correctly 

    Error: page.goto: net::ERR_CONNECTION_REFUSED at http://localhost:8080/simple.html
    Call log:
      - navigating to "http://localhost:8080/simple.html", waiting until "load"


      4 |   test('should load and display the memoization test correctly', async ({ page }) => {
      5 |     // Navigate to the demo page
    > 6 |     await page.goto('http://localhost:8080/simple.html');
        |                ^
      7 |
      8 |     // Wait for the WASM module to load and initialize
      9 |     await page.waitForTimeout(3000);
        at /Users/peterhanssens/consulting/Leptos/leptos-motion/tests/e2e/memoization_test.spec.ts:6:16

    attachment #1: screenshot (image/png) ──────────────────────────────────────────────────────────
    test-results/tests-e2e-memoization_test-a3e28--memoization-test-correctly-Mobile-Chrome/test-failed-1.png
    ────────────────────────────────────────────────────────────────────────────────────────────────

    attachment #2: video (video/webm) ──────────────────────────────────────────────────────────────
    test-results/tests-e2e-memoization_test-a3e28--memoization-test-correctly-Mobile-Chrome/video.webm
    ────────────────────────────────────────────────────────────────────────────────────────────────
]]>
</failure>
<system-out>
<![CDATA[
[[ATTACHMENT|test-results/tests-e2e-memoization_test-a3e28--memoization-test-correctly-Mobile-Chrome/test-failed-1.png]]

[[ATTACHMENT|test-results/tests-e2e-memoization_test-a3e28--memoization-test-correctly-Mobile-Chrome/video.webm]]
]]>
</system-out>
</testcase>
</testsuite>
<testsuite name="tests/e2e/minimal_test.spec.ts" timestamp="2025-10-04T13:01:09.445Z" hostname="Mobile Chrome" tests="1" failures="1" skipped="0" time="0.209" errors="0">
<testcase name="Minimal Test Demo › should load and display the minimal demo correctly" classname="tests/e2e/minimal_test.spec.ts" time="0.209">
<failure message="minimal_test.spec.ts:4:7 should load and display the minimal demo correctly" type="FAILURE">
<![CDATA[  [Mobile Chrome] › tests/e2e/minimal_test.spec.ts:4:7 › Minimal Test Demo › should load and display the minimal demo correctly 

    Error: page.goto: net::ERR_CONNECTION_REFUSED at http://localhost:8080/simple.html
    Call log:
      - navigating to "http://localhost:8080/simple.html", waiting until "load"


       9 |
      10 |     // Go to the simple demo
    > 11 |     await page.goto('http://localhost:8080/simple.html');
         |                ^
      12 |
      13 |     // Wait for the page to load
      14 |     await page.waitForLoadState('networkidle');
        at /Users/peterhanssens/consulting/Leptos/leptos-motion/tests/e2e/minimal_test.spec.ts:11:16

    attachment #1: screenshot (image/png) ──────────────────────────────────────────────────────────
    test-results/tests-e2e-minimal_test-Min-1882e--the-minimal-demo-correctly-Mobile-Chrome/test-failed-1.png
    ────────────────────────────────────────────────────────────────────────────────────────────────

    attachment #2: video (video/webm) ──────────────────────────────────────────────────────────────
    test-results/tests-e2e-minimal_test-Min-1882e--the-minimal-demo-correctly-Mobile-Chrome/video.webm
    ────────────────────────────────────────────────────────────────────────────────────────────────
]]>
</failure>
<system-out>
<![CDATA[
[[ATTACHMENT|test-results/tests-e2e-minimal_test-Min-1882e--the-minimal-demo-correctly-Mobile-Chrome/test-failed-1.png]]

[[ATTACHMENT|test-results/tests-e2e-minimal_test-Min-1882e--the-minimal-demo-correctly-Mobile-Chrome/video.webm]]
]]>
</system-out>
</testcase>
</testsuite>
<testsuite name="tests/e2e/phase4a_demo_test.spec.ts" timestamp="2025-10-04T13:01:09.445Z" hostname="Mobile Chrome" tests="4" failures="4" skipped="0" time="0.802" errors="0">
<testcase name="Phase 4A Function-based Props Demo › should load and display the Phase 4A demo correctly" classname="tests/e2e/phase4a_demo_test.spec.ts" time="0.197">
<failure message="phase4a_demo_test.spec.ts:4:7 should load and display the Phase 4A demo correctly" type="FAILURE">
<![CDATA[  [Mobile Chrome] › tests/e2e/phase4a_demo_test.spec.ts:4:7 › Phase 4A Function-based Props Demo › should load and display the Phase 4A demo correctly 

    Error: page.goto: net::ERR_CONNECTION_REFUSED at http://localhost:8080/simple.html
    Call log:
      - navigating to "http://localhost:8080/simple.html", waiting until "load"


       9 |
      10 |     // Go to the simple demo
    > 11 |     await page.goto('http://localhost:8080/simple.html');
         |                ^
      12 |
      13 |     // Wait for the page to load
      14 |     await page.waitForLoadState('networkidle');
        at /Users/peterhanssens/consulting/Leptos/leptos-motion/tests/e2e/phase4a_demo_test.spec.ts:11:16

    attachment #1: screenshot (image/png) ──────────────────────────────────────────────────────────
    test-results/tests-e2e-phase4a_demo_tes-1fb2c-the-Phase-4A-demo-correctly-Mobile-Chrome/test-failed-1.png
    ────────────────────────────────────────────────────────────────────────────────────────────────

    attachment #2: video (video/webm) ──────────────────────────────────────────────────────────────
    test-results/tests-e2e-phase4a_demo_tes-1fb2c-the-Phase-4A-demo-correctly-Mobile-Chrome/video.webm
    ────────────────────────────────────────────────────────────────────────────────────────────────
]]>
</failure>
<system-out>
<![CDATA[
[[ATTACHMENT|test-results/tests-e2e-phase4a_demo_tes-1fb2c-the-Phase-4A-demo-correctly-Mobile-Chrome/test-failed-1.png]]

[[ATTACHMENT|test-results/tests-e2e-phase4a_demo_tes-1fb2c-the-Phase-4A-demo-correctly-Mobile-Chrome/video.webm]]
]]>
</system-out>
</testcase>
<testcase name="Phase 4A Function-based Props Demo › should handle counter button clicks" classname="tests/e2e/phase4a_demo_test.spec.ts" time="0.199">
<failure message="phase4a_demo_test.spec.ts:33:7 should handle counter button clicks" type="FAILURE">
<![CDATA[  [Mobile Chrome] › tests/e2e/phase4a_demo_test.spec.ts:33:7 › Phase 4A Function-based Props Demo › should handle counter button clicks 

    Error: page.goto: net::ERR_CONNECTION_REFUSED at http://localhost:8080/simple.html
    Call log:
      - navigating to "http://localhost:8080/simple.html", waiting until "load"


      38 |
      39 |     // Go to the simple demo
    > 40 |     await page.goto('http://localhost:8080/simple.html');
         |                ^
      41 |
      42 |     // Wait for the page to load
      43 |     await page.waitForLoadState('networkidle');
        at /Users/peterhanssens/consulting/Leptos/leptos-motion/tests/e2e/phase4a_demo_test.spec.ts:40:16

    attachment #1: screenshot (image/png) ──────────────────────────────────────────────────────────
    test-results/tests-e2e-phase4a_demo_tes-5f292-andle-counter-button-clicks-Mobile-Chrome/test-failed-1.png
    ────────────────────────────────────────────────────────────────────────────────────────────────

    attachment #2: video (video/webm) ──────────────────────────────────────────────────────────────
    test-results/tests-e2e-phase4a_demo_tes-5f292-andle-counter-button-clicks-Mobile-Chrome/video.webm
    ────────────────────────────────────────────────────────────────────────────────────────────────
]]>
</failure>
<system-out>
<![CDATA[
[[ATTACHMENT|test-results/tests-e2e-phase4a_demo_tes-5f292-andle-counter-button-clicks-Mobile-Chrome/test-failed-1.png]]

[[ATTACHMENT|test-results/tests-e2e-phase4a_demo_tes-5f292-andle-counter-button-clicks-Mobile-Chrome/video.webm]]
]]>
</system-out>
</testcase>
<testcase name="Phase 4A Function-based Props Demo › should handle hover interactions" classname="tests/e2e/phase4a_demo_test.spec.ts" time="0.179">
<failure message="phase4a_demo_test.spec.ts:60:7 should handle hover interactions" type="FAILURE">
<![CDATA[  [Mobile Chrome] › tests/e2e/phase4a_demo_test.spec.ts:60:7 › Phase 4A Function-based Props Demo › should handle hover interactions 

    Error: page.goto: net::ERR_CONNECTION_REFUSED at http://localhost:8080/simple.html
    Call log:
      - navigating to "http://localhost:8080/simple.html", waiting until "load"


      65 |
      66 |     // Go to the simple demo
    > 67 |     await page.goto('http://localhost:8080/simple.html');
         |                ^
      68 |
      69 |     // Wait for the page to load
      70 |     await page.waitForLoadState('networkidle');
        at /Users/peterhanssens/consulting/Leptos/leptos-motion/tests/e2e/phase4a_demo_test.spec.ts:67:16

    attachment #1: screenshot (image/png) ──────────────────────────────────────────────────────────
    test-results/tests-e2e-phase4a_demo_tes-5c6a6-d-handle-hover-interactions-Mobile-Chrome/test-failed-1.png
    ────────────────────────────────────────────────────────────────────────────────────────────────

    attachment #2: video (video/webm) ──────────────────────────────────────────────────────────────
    test-results/tests-e2e-phase4a_demo_tes-5c6a6-d-handle-hover-interactions-Mobile-Chrome/video.webm
    ────────────────────────────────────────────────────────────────────────────────────────────────
]]>
</failure>
<system-out>
<![CDATA[
[[ATTACHMENT|test-results/tests-e2e-phase4a_demo_tes-5c6a6-d-handle-hover-interactions-Mobile-Chrome/test-failed-1.png]]

[[ATTACHMENT|test-results/tests-e2e-phase4a_demo_tes-5c6a6-d-handle-hover-interactions-Mobile-Chrome/video.webm]]
]]>
</system-out>
</testcase>
<testcase name="Phase 4A Function-based Props Demo › should handle tap interactions" classname="tests/e2e/phase4a_demo_test.spec.ts" time="0.227">
<failure message="phase4a_demo_test.spec.ts:90:7 should handle tap interactions" type="FAILURE">
<![CDATA[  [Mobile Chrome] › tests/e2e/phase4a_demo_test.spec.ts:90:7 › Phase 4A Function-based Props Demo › should handle tap interactions 

    Error: page.goto: net::ERR_CONNECTION_REFUSED at http://localhost:8080/simple.html
    Call log:
      - navigating to "http://localhost:8080/simple.html", waiting until "load"


       95 |
       96 |     // Go to the simple demo
    >  97 |     await page.goto('http://localhost:8080/simple.html');
          |                ^
       98 |
       99 |     // Wait for the page to load
      100 |     await page.waitForLoadState('networkidle');
        at /Users/peterhanssens/consulting/Leptos/leptos-motion/tests/e2e/phase4a_demo_test.spec.ts:97:16

    attachment #1: screenshot (image/png) ──────────────────────────────────────────────────────────
    test-results/tests-e2e-phase4a_demo_tes-327bb-uld-handle-tap-interactions-Mobile-Chrome/test-failed-1.png
    ────────────────────────────────────────────────────────────────────────────────────────────────

    attachment #2: video (video/webm) ──────────────────────────────────────────────────────────────
    test-results/tests-e2e-phase4a_demo_tes-327bb-uld-handle-tap-interactions-Mobile-Chrome/video.webm
    ────────────────────────────────────────────────────────────────────────────────────────────────
]]>
</failure>
<system-out>
<![CDATA[
[[ATTACHMENT|test-results/tests-e2e-phase4a_demo_tes-327bb-uld-handle-tap-interactions-Mobile-Chrome/test-failed-1.png]]

[[ATTACHMENT|test-results/tests-e2e-phase4a_demo_tes-327bb-uld-handle-tap-interactions-Mobile-Chrome/video.webm]]
]]>
</system-out>
</testcase>
</testsuite>
<testsuite name="tests/e2e/simple_demo_test.spec.ts" timestamp="2025-10-04T13:01:09.445Z" hostname="Mobile Chrome" tests="2" failures="2" skipped="0" time="0.446" errors="0">
<testcase name="Simple TDD Demo Test › should load and display the demo correctly" classname="tests/e2e/simple_demo_test.spec.ts" time="0.23">
<failure message="simple_demo_test.spec.ts:4:7 should load and display the demo correctly" type="FAILURE">
<![CDATA[  [Mobile Chrome] › tests/e2e/simple_demo_test.spec.ts:4:7 › Simple TDD Demo Test › should load and display the demo correctly 

    Error: page.goto: net::ERR_CONNECTION_REFUSED at http://localhost:8080/simple.html
    Call log:
      - navigating to "http://localhost:8080/simple.html", waiting until "load"


       9 |
      10 |     // Go to the simple demo
    > 11 |     await page.goto('http://localhost:8080/simple.html');
         |                ^
      12 |
      13 |     // Wait for the page to load
      14 |     await page.waitForLoadState('networkidle');
        at /Users/peterhanssens/consulting/Leptos/leptos-motion/tests/e2e/simple_demo_test.spec.ts:11:16

    attachment #1: screenshot (image/png) ──────────────────────────────────────────────────────────
    test-results/tests-e2e-simple_demo_test-ed27a--display-the-demo-correctly-Mobile-Chrome/test-failed-1.png
    ────────────────────────────────────────────────────────────────────────────────────────────────

    attachment #2: video (video/webm) ──────────────────────────────────────────────────────────────
    test-results/tests-e2e-simple_demo_test-ed27a--display-the-demo-correctly-Mobile-Chrome/video.webm
    ────────────────────────────────────────────────────────────────────────────────────────────────
]]>
</failure>
<system-out>
<![CDATA[
[[ATTACHMENT|test-results/tests-e2e-simple_demo_test-ed27a--display-the-demo-correctly-Mobile-Chrome/test-failed-1.png]]

[[ATTACHMENT|test-results/tests-e2e-simple_demo_test-ed27a--display-the-demo-correctly-Mobile-Chrome/video.webm]]
]]>
</system-out>
</testcase>
<testcase name="Simple TDD Demo Test › should handle button clicks" classname="tests/e2e/simple_demo_test.spec.ts" time="0.216">
<failure message="simple_demo_test.spec.ts:42:7 should handle button clicks" type="FAILURE">
<![CDATA[  [Mobile Chrome] › tests/e2e/simple_demo_test.spec.ts:42:7 › Simple TDD Demo Test › should handle button clicks 

    Error: page.goto: net::ERR_CONNECTION_REFUSED at http://localhost:8080/simple.html
    Call log:
      - navigating to "http://localhost:8080/simple.html", waiting until "load"


      45 |     });
      46 |
    > 47 |     await page.goto('http://localhost:8080/simple.html');
         |                ^
      48 |     await page.waitForLoadState('networkidle');
      49 |     await page.waitForTimeout(2000);
      50 |
        at /Users/peterhanssens/consulting/Leptos/leptos-motion/tests/e2e/simple_demo_test.spec.ts:47:16

    attachment #1: screenshot (image/png) ──────────────────────────────────────────────────────────
    test-results/tests-e2e-simple_demo_test-d2325-should-handle-button-clicks-Mobile-Chrome/test-failed-1.png
    ────────────────────────────────────────────────────────────────────────────────────────────────

    attachment #2: video (video/webm) ──────────────────────────────────────────────────────────────
    test-results/tests-e2e-simple_demo_test-d2325-should-handle-button-clicks-Mobile-Chrome/video.webm
    ────────────────────────────────────────────────────────────────────────────────────────────────
]]>
</failure>
<system-out>
<![CDATA[
[[ATTACHMENT|test-results/tests-e2e-simple_demo_test-d2325-should-handle-button-clicks-Mobile-Chrome/test-failed-1.png]]

[[ATTACHMENT|test-results/tests-e2e-simple_demo_test-d2325-should-handle-button-clicks-Mobile-Chrome/video.webm]]
]]>
</system-out>
</testcase>
</testsuite>
<testsuite name="tests/e2e/simple_phase4a_test.spec.ts" timestamp="2025-10-04T13:01:09.445Z" hostname="Mobile Chrome" tests="1" failures="1" skipped="0" time="0.189" errors="0">
<testcase name="Simple Phase 4A Test › should load and display the simple test correctly" classname="tests/e2e/simple_phase4a_test.spec.ts" time="0.189">
<failure message="simple_phase4a_test.spec.ts:4:7 should load and display the simple test correctly" type="FAILURE">
<![CDATA[  [Mobile Chrome] › tests/e2e/simple_phase4a_test.spec.ts:4:7 › Simple Phase 4A Test › should load and display the simple test correctly 

    Error: page.goto: net::ERR_CONNECTION_REFUSED at http://localhost:8080/simple.html
    Call log:
      - navigating to "http://localhost:8080/simple.html", waiting until "load"


       9 |
      10 |     // Go to the simple demo
    > 11 |     await page.goto('http://localhost:8080/simple.html');
         |                ^
      12 |
      13 |     // Wait for the page to load
      14 |     await page.waitForLoadState('networkidle');
        at /Users/peterhanssens/consulting/Leptos/leptos-motion/tests/e2e/simple_phase4a_test.spec.ts:11:16

    attachment #1: screenshot (image/png) ──────────────────────────────────────────────────────────
    test-results/tests-e2e-simple_phase4a_t-a9e24-y-the-simple-test-correctly-Mobile-Chrome/test-failed-1.png
    ────────────────────────────────────────────────────────────────────────────────────────────────

    attachment #2: video (video/webm) ──────────────────────────────────────────────────────────────
    test-results/tests-e2e-simple_phase4a_t-a9e24-y-the-simple-test-correctly-Mobile-Chrome/video.webm
    ────────────────────────────────────────────────────────────────────────────────────────────────
]]>
</failure>
<system-out>
<![CDATA[
[[ATTACHMENT|test-results/tests-e2e-simple_phase4a_t-a9e24-y-the-simple-test-correctly-Mobile-Chrome/test-failed-1.png]]

[[ATTACHMENT|test-results/tests-e2e-simple_phase4a_t-a9e24-y-the-simple-test-correctly-Mobile-Chrome/video.webm]]
]]>
</system-out>
</testcase>
</testsuite>
<testsuite name="tests/e2e/tdd_demo_test.spec.ts" timestamp="2025-10-04T13:01:09.445Z" hostname="Mobile Chrome" tests="13" failures="13" skipped="0" time="3.171" errors="0">
<testcase name="TDD Reactive Animation Demo › should load the demo page successfully" classname="tests/e2e/tdd_demo_test.spec.ts" time="0.214">
<failure message="tdd_demo_test.spec.ts:24:7 should load the demo page successfully" type="FAILURE">
<![CDATA[  [Mobile Chrome] › tests/e2e/tdd_demo_test.spec.ts:24:7 › TDD Reactive Animation Demo › should load the demo page successfully 

    Error: page.goto: net::ERR_CONNECTION_REFUSED at http://localhost:8080/index.html
    Call log:
      - navigating to "http://localhost:8080/index.html", waiting until "load"


      23 |
      24 |   test('should load the demo page successfully', async () => {
    > 25 |     await page.goto('http://localhost:8080/index.html');
         |                ^
      26 |
      27 |     // Wait for the page to load
      28 |     await page.waitForLoadState('networkidle');
        at /Users/peterhanssens/consulting/Leptos/leptos-motion/tests/e2e/tdd_demo_test.spec.ts:25:16

    attachment #1: screenshot (image/png) ──────────────────────────────────────────────────────────
    test-results/tests-e2e-tdd_demo_test-TD-fcef4--the-demo-page-successfully-Mobile-Chrome/test-failed-1.png
    ────────────────────────────────────────────────────────────────────────────────────────────────
]]>
</failure>
<system-out>
<![CDATA[
[[ATTACHMENT|test-results/tests-e2e-tdd_demo_test-TD-fcef4--the-demo-page-successfully-Mobile-Chrome/test-failed-1.png]]
]]>
</system-out>
</testcase>
<testcase name="TDD Reactive Animation Demo › should load WASM module and initialize demo" classname="tests/e2e/tdd_demo_test.spec.ts" time="0.211">
<failure message="tdd_demo_test.spec.ts:37:7 should load WASM module and initialize demo" type="FAILURE">
<![CDATA[  [Mobile Chrome] › tests/e2e/tdd_demo_test.spec.ts:37:7 › TDD Reactive Animation Demo › should load WASM module and initialize demo 

    Error: page.goto: net::ERR_CONNECTION_REFUSED at http://localhost:8080/index.html
    Call log:
      - navigating to "http://localhost:8080/index.html", waiting until "load"


      36 |
      37 |   test('should load WASM module and initialize demo', async () => {
    > 38 |     await page.goto('http://localhost:8080/index.html');
         |                ^
      39 |
      40 |     // Wait for the demo to initialize
      41 |     await page.waitForTimeout(3000);
        at /Users/peterhanssens/consulting/Leptos/leptos-motion/tests/e2e/tdd_demo_test.spec.ts:38:16

    attachment #1: screenshot (image/png) ──────────────────────────────────────────────────────────
    test-results/tests-e2e-tdd_demo_test-TD-5ce36--module-and-initialize-demo-Mobile-Chrome/test-failed-1.png
    ────────────────────────────────────────────────────────────────────────────────────────────────
]]>
</failure>
<system-out>
<![CDATA[
[[ATTACHMENT|test-results/tests-e2e-tdd_demo_test-TD-5ce36--module-and-initialize-demo-Mobile-Chrome/test-failed-1.png]]
]]>
</system-out>
</testcase>
<testcase name="TDD Reactive Animation Demo › should display console output" classname="tests/e2e/tdd_demo_test.spec.ts" time="0.232">
<failure message="tdd_demo_test.spec.ts:53:7 should display console output" type="FAILURE">
<![CDATA[  [Mobile Chrome] › tests/e2e/tdd_demo_test.spec.ts:53:7 › TDD Reactive Animation Demo › should display console output 

    Error: page.goto: net::ERR_CONNECTION_REFUSED at http://localhost:8080/index.html
    Call log:
      - navigating to "http://localhost:8080/index.html", waiting until "load"


      52 |
      53 |   test('should display console output', async () => {
    > 54 |     await page.goto('http://localhost:8080/index.html');
         |                ^
      55 |
      56 |     // Wait for initialization
      57 |     await page.waitForTimeout(3000);
        at /Users/peterhanssens/consulting/Leptos/leptos-motion/tests/e2e/tdd_demo_test.spec.ts:54:16

    attachment #1: screenshot (image/png) ──────────────────────────────────────────────────────────
    test-results/tests-e2e-tdd_demo_test-TD-2967d-ould-display-console-output-Mobile-Chrome/test-failed-1.png
    ────────────────────────────────────────────────────────────────────────────────────────────────
]]>
</failure>
<system-out>
<![CDATA[
[[ATTACHMENT|test-results/tests-e2e-tdd_demo_test-TD-2967d-ould-display-console-output-Mobile-Chrome/test-failed-1.png]]
]]>
</system-out>
</testcase>
<testcase name="TDD Reactive Animation Demo › should display TDD implementation features" classname="tests/e2e/tdd_demo_test.spec.ts" time="0.217">
<failure message="tdd_demo_test.spec.ts:72:7 should display TDD implementation features" type="FAILURE">
<![CDATA[  [Mobile Chrome] › tests/e2e/tdd_demo_test.spec.ts:72:7 › TDD Reactive Animation Demo › should display TDD implementation features 

    Error: page.goto: net::ERR_CONNECTION_REFUSED at http://localhost:8080/index.html
    Call log:
      - navigating to "http://localhost:8080/index.html", waiting until "load"


      71 |
      72 |   test('should display TDD implementation features', async () => {
    > 73 |     await page.goto('http://localhost:8080/index.html');
         |                ^
      74 |
      75 |     // Wait for demo to load
      76 |     await page.waitForTimeout(3000);
        at /Users/peterhanssens/consulting/Leptos/leptos-motion/tests/e2e/tdd_demo_test.spec.ts:73:16

    attachment #1: screenshot (image/png) ──────────────────────────────────────────────────────────
    test-results/tests-e2e-tdd_demo_test-TD-bd478-TDD-implementation-features-Mobile-Chrome/test-failed-1.png
    ────────────────────────────────────────────────────────────────────────────────────────────────
]]>
</failure>
<system-out>
<![CDATA[
[[ATTACHMENT|test-results/tests-e2e-tdd_demo_test-TD-bd478-TDD-implementation-features-Mobile-Chrome/test-failed-1.png]]
]]>
</system-out>
</testcase>
<testcase name="TDD Reactive Animation Demo › should handle demo loading errors gracefully" classname="tests/e2e/tdd_demo_test.spec.ts" time="0.25">
<failure message="tdd_demo_test.spec.ts:91:7 should handle demo loading errors gracefully" type="FAILURE">
<![CDATA[  [Mobile Chrome] › tests/e2e/tdd_demo_test.spec.ts:91:7 › TDD Reactive Animation Demo › should handle demo loading errors gracefully 

    Error: page.goto: net::ERR_CONNECTION_REFUSED at http://localhost:8080/nonexistent.html
    Call log:
      - navigating to "http://localhost:8080/nonexistent.html", waiting until "load"


      91 |   test('should handle demo loading errors gracefully', async () => {
      92 |     // Test with a non-existent page
    > 93 |     await page.goto('http://localhost:8080/nonexistent.html');
         |                ^
      94 |
      95 |     // Should not crash
      96 |     await page.waitForTimeout(1000);
        at /Users/peterhanssens/consulting/Leptos/leptos-motion/tests/e2e/tdd_demo_test.spec.ts:93:16

    attachment #1: screenshot (image/png) ──────────────────────────────────────────────────────────
    test-results/tests-e2e-tdd_demo_test-TD-f9637-o-loading-errors-gracefully-Mobile-Chrome/test-failed-1.png
    ────────────────────────────────────────────────────────────────────────────────────────────────
]]>
</failure>
<system-out>
<![CDATA[
[[ATTACHMENT|test-results/tests-e2e-tdd_demo_test-TD-f9637-o-loading-errors-gracefully-Mobile-Chrome/test-failed-1.png]]
]]>
</system-out>
</testcase>
<testcase name="TDD Reactive Animation Demo › should validate WASM files are accessible" classname="tests/e2e/tdd_demo_test.spec.ts" time="0.485">
<failure message="tdd_demo_test.spec.ts:106:7 should validate WASM files are accessible" type="FAILURE">
<![CDATA[  [Mobile Chrome] › tests/e2e/tdd_demo_test.spec.ts:106:7 › TDD Reactive Animation Demo › should validate WASM files are accessible 

    Error: apiRequestContext.get: connect ECONNREFUSED ::1:8080
    Call log:
      - → GET http://localhost:8080/pkg/comprehensive_demo_bg.wasm
        - user-agent: Mozilla/5.0 (Linux; Android 11; Pixel 5) AppleWebKit/537.36 (KHTML, like Gecko) Chrome/140.0.7339.186 Mobile Safari/537.36
        - accept: */*
        - accept-encoding: gzip,deflate,br

        at apiRequestContext.get: connect ECONNREFUSED ::1:8080
        at /Users/peterhanssens/consulting/Leptos/leptos-motion/tests/e2e/tdd_demo_test.spec.ts:108:45

    attachment #1: screenshot (image/png) ──────────────────────────────────────────────────────────
    test-results/tests-e2e-tdd_demo_test-TD-de7e4-e-WASM-files-are-accessible-Mobile-Chrome/test-failed-1.png
    ────────────────────────────────────────────────────────────────────────────────────────────────
]]>
</failure>
<system-out>
<![CDATA[
[[ATTACHMENT|test-results/tests-e2e-tdd_demo_test-TD-de7e4-e-WASM-files-are-accessible-Mobile-Chrome/test-failed-1.png]]
]]>
</system-out>
</testcase>
<testcase name="TDD Reactive Animation Demo › should test the test suite page" classname="tests/e2e/tdd_demo_test.spec.ts" time="0.249">
<failure message="tdd_demo_test.spec.ts:120:7 should test the test suite page" type="FAILURE">
<![CDATA[  [Mobile Chrome] › tests/e2e/tdd_demo_test.spec.ts:120:7 › TDD Reactive Animation Demo › should test the test suite page 

    Error: page.goto: net::ERR_CONNECTION_REFUSED at http://localhost:8080/test_demo.html
    Call log:
      - navigating to "http://localhost:8080/test_demo.html", waiting until "load"


      119 |
      120 |   test('should test the test suite page', async () => {
    > 121 |     await page.goto('http://localhost:8080/test_demo.html');
          |                ^
      122 |
      123 |     // Wait for page to load
      124 |     await page.waitForLoadState('networkidle');
        at /Users/peterhanssens/consulting/Leptos/leptos-motion/tests/e2e/tdd_demo_test.spec.ts:121:16

    attachment #1: screenshot (image/png) ──────────────────────────────────────────────────────────
    test-results/tests-e2e-tdd_demo_test-TD-58a16-ld-test-the-test-suite-page-Mobile-Chrome/test-failed-1.png
    ────────────────────────────────────────────────────────────────────────────────────────────────
]]>
</failure>
<system-out>
<![CDATA[
[[ATTACHMENT|test-results/tests-e2e-tdd_demo_test-TD-58a16-ld-test-the-test-suite-page-Mobile-Chrome/test-failed-1.png]]
]]>
</system-out>
</testcase>
<testcase name="TDD Reactive Animation Demo › should run manual tests via test suite" classname="tests/e2e/tdd_demo_test.spec.ts" time="0.253">
<failure message="tdd_demo_test.spec.ts:143:7 should run manual tests via test suite" type="FAILURE">
<![CDATA[  [Mobile Chrome] › tests/e2e/tdd_demo_test.spec.ts:143:7 › TDD Reactive Animation Demo › should run manual tests via test suite 

    Error: page.goto: net::ERR_CONNECTION_REFUSED at http://localhost:8080/test_demo.html
    Call log:
      - navigating to "http://localhost:8080/test_demo.html", waiting until "load"


      142 |
      143 |   test('should run manual tests via test suite', async () => {
    > 144 |     await page.goto('http://localhost:8080/test_demo.html');
          |                ^
      145 |
      146 |     // Wait for page to load
      147 |     await page.waitForLoadState('networkidle');
        at /Users/peterhanssens/consulting/Leptos/leptos-motion/tests/e2e/tdd_demo_test.spec.ts:144:16

    attachment #1: screenshot (image/png) ──────────────────────────────────────────────────────────
    test-results/tests-e2e-tdd_demo_test-TD-91f8b-manual-tests-via-test-suite-Mobile-Chrome/test-failed-1.png
    ────────────────────────────────────────────────────────────────────────────────────────────────
]]>
</failure>
<system-out>
<![CDATA[
[[ATTACHMENT|test-results/tests-e2e-tdd_demo_test-TD-91f8b-manual-tests-via-test-suite-Mobile-Chrome/test-failed-1.png]]
]]>
</system-out>
</testcase>
<testcase name="TDD Reactive Animation Demo › should validate TDD implementation components" classname="tests/e2e/tdd_demo_test.spec.ts" time="0.228">
<failure message="tdd_demo_test.spec.ts:169:7 should validate TDD implementation components" type="FAILURE">
<![CDATA[  [Mobile Chrome] › tests/e2e/tdd_demo_test.spec.ts:169:7 › TDD Reactive Animation Demo › should validate TDD implementation components 

    Error: page.goto: net::ERR_CONNECTION_REFUSED at http://localhost:8080/test_demo.html
    Call log:
      - navigating to "http://localhost:8080/test_demo.html", waiting until "load"


      168 |
      169 |   test('should validate TDD implementation components', async () => {
    > 170 |     await page.goto('http://localhost:8080/test_demo.html');
          |                ^
      171 |
      172 |     // Wait for page to load
      173 |     await page.waitForLoadState('networkidle');
        at /Users/peterhanssens/consulting/Leptos/leptos-motion/tests/e2e/tdd_demo_test.spec.ts:170:16

    attachment #1: screenshot (image/png) ──────────────────────────────────────────────────────────
    test-results/tests-e2e-tdd_demo_test-TD-a217c-D-implementation-components-Mobile-Chrome/test-failed-1.png
    ────────────────────────────────────────────────────────────────────────────────────────────────
]]>
</failure>
<system-out>
<![CDATA[
[[ATTACHMENT|test-results/tests-e2e-tdd_demo_test-TD-a217c-D-implementation-components-Mobile-Chrome/test-failed-1.png]]
]]>
</system-out>
</testcase>
<testcase name="TDD Reactive Animation Demo › should handle iframe demo loading" classname="tests/e2e/tdd_demo_test.spec.ts" time="0.223">
<failure message="tdd_demo_test.spec.ts:187:7 should handle iframe demo loading" type="FAILURE">
<![CDATA[  [Mobile Chrome] › tests/e2e/tdd_demo_test.spec.ts:187:7 › TDD Reactive Animation Demo › should handle iframe demo loading 

    Error: page.goto: net::ERR_CONNECTION_REFUSED at http://localhost:8080/test_demo.html
    Call log:
      - navigating to "http://localhost:8080/test_demo.html", waiting until "load"


      186 |
      187 |   test('should handle iframe demo loading', async () => {
    > 188 |     await page.goto('http://localhost:8080/test_demo.html');
          |                ^
      189 |
      190 |     // Wait for page to load
      191 |     await page.waitForLoadState('networkidle');
        at /Users/peterhanssens/consulting/Leptos/leptos-motion/tests/e2e/tdd_demo_test.spec.ts:188:16

    attachment #1: screenshot (image/png) ──────────────────────────────────────────────────────────
    test-results/tests-e2e-tdd_demo_test-TD-9594a--handle-iframe-demo-loading-Mobile-Chrome/test-failed-1.png
    ────────────────────────────────────────────────────────────────────────────────────────────────
]]>
</failure>
<system-out>
<![CDATA[
[[ATTACHMENT|test-results/tests-e2e-tdd_demo_test-TD-9594a--handle-iframe-demo-loading-Mobile-Chrome/test-failed-1.png]]
]]>
</system-out>
</testcase>
<testcase name="TDD Reactive Animation Demo › should validate performance characteristics" classname="tests/e2e/tdd_demo_test.spec.ts" time="0.224">
<failure message="tdd_demo_test.spec.ts:203:7 should validate performance characteristics" type="FAILURE">
<![CDATA[  [Mobile Chrome] › tests/e2e/tdd_demo_test.spec.ts:203:7 › TDD Reactive Animation Demo › should validate performance characteristics 

    Error: page.goto: net::ERR_CONNECTION_REFUSED at http://localhost:8080/index.html
    Call log:
      - navigating to "http://localhost:8080/index.html", waiting until "load"


      202 |
      203 |   test('should validate performance characteristics', async () => {
    > 204 |     await page.goto('http://localhost:8080/index.html');
          |                ^
      205 |
      206 |     // Wait for demo to load
      207 |     await page.waitForTimeout(3000);
        at /Users/peterhanssens/consulting/Leptos/leptos-motion/tests/e2e/tdd_demo_test.spec.ts:204:16

    attachment #1: screenshot (image/png) ──────────────────────────────────────────────────────────
    test-results/tests-e2e-tdd_demo_test-TD-27810-performance-characteristics-Mobile-Chrome/test-failed-1.png
    ────────────────────────────────────────────────────────────────────────────────────────────────
]]>
</failure>
<system-out>
<![CDATA[
[[ATTACHMENT|test-results/tests-e2e-tdd_demo_test-TD-27810-performance-characteristics-Mobile-Chrome/test-failed-1.png]]
]]>
</system-out>
</testcase>
<testcase name="TDD Reactive Animation Demo › should check for JavaScript errors" classname="tests/e2e/tdd_demo_test.spec.ts" time="0.173">
<failure message="tdd_demo_test.spec.ts:227:7 should check for JavaScript errors" type="FAILURE">
<![CDATA[  [Mobile Chrome] › tests/e2e/tdd_demo_test.spec.ts:227:7 › TDD Reactive Animation Demo › should check for JavaScript errors 

    Error: page.goto: net::ERR_CONNECTION_REFUSED at http://localhost:8080/index.html
    Call log:
      - navigating to "http://localhost:8080/index.html", waiting until "load"


      232 |     });
      233 |
    > 234 |     await page.goto('http://localhost:8080/index.html');
          |                ^
      235 |
      236 |     // Wait for demo to load
      237 |     await page.waitForTimeout(3000);
        at /Users/peterhanssens/consulting/Leptos/leptos-motion/tests/e2e/tdd_demo_test.spec.ts:234:16

    attachment #1: screenshot (image/png) ──────────────────────────────────────────────────────────
    test-results/tests-e2e-tdd_demo_test-TD-3c604-check-for-JavaScript-errors-Mobile-Chrome/test-failed-1.png
    ────────────────────────────────────────────────────────────────────────────────────────────────
]]>
</failure>
<system-out>
<![CDATA[
[[ATTACHMENT|test-results/tests-e2e-tdd_demo_test-TD-3c604-check-for-JavaScript-errors-Mobile-Chrome/test-failed-1.png]]
]]>
</system-out>
</testcase>
<testcase name="TDD Reactive Animation Demo › should validate responsive design" classname="tests/e2e/tdd_demo_test.spec.ts" time="0.212">
<failure message="tdd_demo_test.spec.ts:243:7 should validate responsive design" type="FAILURE">
<![CDATA[  [Mobile Chrome] › tests/e2e/tdd_demo_test.spec.ts:243:7 › TDD Reactive Animation Demo › should validate responsive design 

    Error: page.goto: net::ERR_CONNECTION_REFUSED at http://localhost:8080/index.html
    Call log:
      - navigating to "http://localhost:8080/index.html", waiting until "load"


      242 |
      243 |   test('should validate responsive design', async () => {
    > 244 |     await page.goto('http://localhost:8080/index.html');
          |                ^
      245 |
      246 |     // Wait for demo to load
      247 |     await page.waitForTimeout(3000);
        at /Users/peterhanssens/consulting/Leptos/leptos-motion/tests/e2e/tdd_demo_test.spec.ts:244:16

    attachment #1: screenshot (image/png) ──────────────────────────────────────────────────────────
    test-results/tests-e2e-tdd_demo_test-TD-1e210--validate-responsive-design-Mobile-Chrome/test-failed-1.png
    ────────────────────────────────────────────────────────────────────────────────────────────────
]]>
</failure>
<system-out>
<![CDATA[
[[ATTACHMENT|test-results/tests-e2e-tdd_demo_test-TD-1e210--validate-responsive-design-Mobile-Chrome/test-failed-1.png]]
]]>
</system-out>
</testcase>
</testsuite>
<testsuite name="tests/e2e/transition_config_test.spec.ts" timestamp="2025-10-04T13:01:09.445Z" hostname="Mobile Chrome" tests="1" failures="1" skipped="0" time="0.243" errors="0">
<testcase name="TransitionConfig Test › should load and display the transition config test correctly" classname="tests/e2e/transition_config_test.spec.ts" time="0.243">
<failure message="transition_config_test.spec.ts:4:7 should load and display the transition config test correctly" type="FAILURE">
<![CDATA[  [Mobile Chrome] › tests/e2e/transition_config_test.spec.ts:4:7 › TransitionConfig Test › should load and display the transition config test correctly 

    Error: page.goto: net::ERR_CONNECTION_REFUSED at http://localhost:8080/simple.html
    Call log:
      - navigating to "http://localhost:8080/simple.html", waiting until "load"


      4 |   test('should load and display the transition config test correctly', async ({ page }) => {
      5 |     // Navigate to the demo page
    > 6 |     await page.goto('http://localhost:8080/simple.html');
        |                ^
      7 |
      8 |     // Wait for the WASM module to load and initialize
      9 |     await page.waitForTimeout(3000);
        at /Users/peterhanssens/consulting/Leptos/leptos-motion/tests/e2e/transition_config_test.spec.ts:6:16

    attachment #1: screenshot (image/png) ──────────────────────────────────────────────────────────
    test-results/tests-e2e-transition_confi-8f621-ition-config-test-correctly-Mobile-Chrome/test-failed-1.png
    ────────────────────────────────────────────────────────────────────────────────────────────────

    attachment #2: video (video/webm) ──────────────────────────────────────────────────────────────
    test-results/tests-e2e-transition_confi-8f621-ition-config-test-correctly-Mobile-Chrome/video.webm
    ────────────────────────────────────────────────────────────────────────────────────────────────
]]>
</failure>
<system-out>
<![CDATA[
[[ATTACHMENT|test-results/tests-e2e-transition_confi-8f621-ition-config-test-correctly-Mobile-Chrome/test-failed-1.png]]

[[ATTACHMENT|test-results/tests-e2e-transition_confi-8f621-ition-config-test-correctly-Mobile-Chrome/video.webm]]
]]>
</system-out>
</testcase>
</testsuite>
<testsuite name="tests/comprehensive-demo.spec.ts" timestamp="2025-10-04T13:01:09.445Z" hostname="Mobile Safari" tests="7" failures="6" skipped="0" time="260.815" errors="0">
<testcase name="Comprehensive Demo Tests › should load the demo page" classname="tests/comprehensive-demo.spec.ts" time="24.095">
<failure message="comprehensive-demo.spec.ts:23:7 should load the demo page" type="FAILURE">
<![CDATA[  [Mobile Safari] › tests/comprehensive-demo.spec.ts:23:7 › Comprehensive Demo Tests › should load the demo page 

    Error: expect(locator).toBeVisible() failed

    Locator:  locator('button').first()
    Expected: visible
    Received: <element(s) not found>
    Timeout:  10000ms

    Call log:
      - Expect "toBeVisible" with timeout 10000ms
      - waiting for locator('button').first()


      26 |
      27 |     // Check that the main demo elements are present
    > 28 |     await expect(page.locator('button').first()).toBeVisible();
         |                                                  ^
      29 |     await expect(page.locator('div[style*="padding: 40px"]')).toBeVisible();
      30 |   });
      31 |
        at /Users/peterhanssens/consulting/Leptos/leptos-motion/tests/comprehensive-demo.spec.ts:28:50

    attachment #1: screenshot (image/png) ──────────────────────────────────────────────────────────
    test-results/tests-comprehensive-demo-C-2c28a-s-should-load-the-demo-page-Mobile-Safari/test-failed-1.png
    ────────────────────────────────────────────────────────────────────────────────────────────────

    attachment #2: video (video/webm) ──────────────────────────────────────────────────────────────
    test-results/tests-comprehensive-demo-C-2c28a-s-should-load-the-demo-page-Mobile-Safari/video.webm
    ────────────────────────────────────────────────────────────────────────────────────────────────

    Error Context: test-results/tests-comprehensive-demo-C-2c28a-s-should-load-the-demo-page-Mobile-Safari/error-context.md
]]>
</failure>
<system-out>
<![CDATA[Still on fallback HTML, WASM may not have loaded

[[ATTACHMENT|test-results/tests-comprehensive-demo-C-2c28a-s-should-load-the-demo-page-Mobile-Safari/test-failed-1.png]]

[[ATTACHMENT|test-results/tests-comprehensive-demo-C-2c28a-s-should-load-the-demo-page-Mobile-Safari/video.webm]]

[[ATTACHMENT|test-results/tests-comprehensive-demo-C-2c28a-s-should-load-the-demo-page-Mobile-Safari/error-context.md]]
]]>
</system-out>
</testcase>
<testcase name="Comprehensive Demo Tests › should display interactive elements" classname="tests/comprehensive-demo.spec.ts" time="14.049">
<failure message="comprehensive-demo.spec.ts:32:7 should display interactive elements" type="FAILURE">
<![CDATA[  [Mobile Safari] › tests/comprehensive-demo.spec.ts:32:7 › Comprehensive Demo Tests › should display interactive elements 

    Error: expect(received).toBeGreaterThan(expected)

    Expected: > 0
    Received:   0

      34 |     const buttons = page.locator('button');
      35 |     const buttonCount = await buttons.count();
    > 36 |     expect(buttonCount).toBeGreaterThan(0);
         |                         ^
      37 |
      38 |     // Check that at least one button is visible
      39 |     await expect(buttons.first()).toBeVisible();
        at /Users/peterhanssens/consulting/Leptos/leptos-motion/tests/comprehensive-demo.spec.ts:36:25

    attachment #1: screenshot (image/png) ──────────────────────────────────────────────────────────
    test-results/tests-comprehensive-demo-C-d9a7c-isplay-interactive-elements-Mobile-Safari/test-failed-1.png
    ────────────────────────────────────────────────────────────────────────────────────────────────

    attachment #2: video (video/webm) ──────────────────────────────────────────────────────────────
    test-results/tests-comprehensive-demo-C-d9a7c-isplay-interactive-elements-Mobile-Safari/video.webm
    ────────────────────────────────────────────────────────────────────────────────────────────────

    Error Context: test-results/tests-comprehensive-demo-C-d9a7c-isplay-interactive-elements-Mobile-Safari/error-context.md
]]>
</failure>
<system-out>
<![CDATA[Still on fallback HTML, WASM may not have loaded

[[ATTACHMENT|test-results/tests-comprehensive-demo-C-d9a7c-isplay-interactive-elements-Mobile-Safari/test-failed-1.png]]

[[ATTACHMENT|test-results/tests-comprehensive-demo-C-d9a7c-isplay-interactive-elements-Mobile-Safari/video.webm]]

[[ATTACHMENT|test-results/tests-comprehensive-demo-C-d9a7c-isplay-interactive-elements-Mobile-Safari/error-context.md]]
]]>
</system-out>
</testcase>
<testcase name="Comprehensive Demo Tests › should handle hover effects" classname="tests/comprehensive-demo.spec.ts" time="24.09">
<failure message="comprehensive-demo.spec.ts:42:7 should handle hover effects" type="FAILURE">
<![CDATA[  [Mobile Safari] › tests/comprehensive-demo.spec.ts:42:7 › Comprehensive Demo Tests › should handle hover effects 

    TimeoutError: locator.evaluate: Timeout 10000ms exceeded.
    Call log:
      - waiting for locator('button').first()


      45 |
      46 |     // Get initial transform
    > 47 |     const initialTransform = await hoverElement.evaluate(
         |                                                 ^
      48 |       el => window.getComputedStyle(el).transform
      49 |     );
      50 |
        at /Users/peterhanssens/consulting/Leptos/leptos-motion/tests/comprehensive-demo.spec.ts:47:49

    attachment #1: screenshot (image/png) ──────────────────────────────────────────────────────────
    test-results/tests-comprehensive-demo-C-1c16c-should-handle-hover-effects-Mobile-Safari/test-failed-1.png
    ────────────────────────────────────────────────────────────────────────────────────────────────

    attachment #2: video (video/webm) ──────────────────────────────────────────────────────────────
    test-results/tests-comprehensive-demo-C-1c16c-should-handle-hover-effects-Mobile-Safari/video.webm
    ────────────────────────────────────────────────────────────────────────────────────────────────

    Error Context: test-results/tests-comprehensive-demo-C-1c16c-should-handle-hover-effects-Mobile-Safari/error-context.md
]]>
</failure>
<system-out>
<![CDATA[Still on fallback HTML, WASM may not have loaded

[[ATTACHMENT|test-results/tests-comprehensive-demo-C-1c16c-should-handle-hover-effects-Mobile-Safari/test-failed-1.png]]

[[ATTACHMENT|test-results/tests-comprehensive-demo-C-1c16c-should-handle-hover-effects-Mobile-Safari/video.webm]]

[[ATTACHMENT|test-results/tests-comprehensive-demo-C-1c16c-should-handle-hover-effects-Mobile-Safari/error-context.md]]
]]>
</system-out>
</testcase>
<testcase name="Comprehensive Demo Tests › should handle click interactions" classname="tests/comprehensive-demo.spec.ts" time="24.041">
<failure message="comprehensive-demo.spec.ts:64:7 should handle click interactions" type="FAILURE">
<![CDATA[  [Mobile Safari] › tests/comprehensive-demo.spec.ts:64:7 › Comprehensive Demo Tests › should handle click interactions 

    TimeoutError: locator.click: Timeout 10000ms exceeded.
    Call log:
      - waiting for locator('button').first()


      67 |
      68 |     // Click the element
    > 69 |     await clickElement.click();
         |                        ^
      70 |
      71 |     // Wait for any potential animation
      72 |     await page.waitForTimeout(300);
        at /Users/peterhanssens/consulting/Leptos/leptos-motion/tests/comprehensive-demo.spec.ts:69:24

    attachment #1: screenshot (image/png) ──────────────────────────────────────────────────────────
    test-results/tests-comprehensive-demo-C-e7a91-d-handle-click-interactions-Mobile-Safari/test-failed-1.png
    ────────────────────────────────────────────────────────────────────────────────────────────────

    attachment #2: video (video/webm) ──────────────────────────────────────────────────────────────
    test-results/tests-comprehensive-demo-C-e7a91-d-handle-click-interactions-Mobile-Safari/video.webm
    ────────────────────────────────────────────────────────────────────────────────────────────────

    Error Context: test-results/tests-comprehensive-demo-C-e7a91-d-handle-click-interactions-Mobile-Safari/error-context.md
]]>
</failure>
<system-out>
<![CDATA[Still on fallback HTML, WASM may not have loaded

[[ATTACHMENT|test-results/tests-comprehensive-demo-C-e7a91-d-handle-click-interactions-Mobile-Safari/test-failed-1.png]]

[[ATTACHMENT|test-results/tests-comprehensive-demo-C-e7a91-d-handle-click-interactions-Mobile-Safari/video.webm]]

[[ATTACHMENT|test-results/tests-comprehensive-demo-C-e7a91-d-handle-click-interactions-Mobile-Safari/error-context.md]]
]]>
</system-out>
</testcase>
<testcase name="Comprehensive Demo Tests › should test animation functionality with visual verification" classname="tests/comprehensive-demo.spec.ts" time="85.659">
<failure message="comprehensive-demo.spec.ts:78:7 should test animation functionality with visual verification" type="FAILURE">
<![CDATA[  [Mobile Safari] › tests/comprehensive-demo.spec.ts:78:7 › Comprehensive Demo Tests › should test animation functionality with visual verification 

    Test timeout of 30000ms exceeded.

    TimeoutError: locator.waitFor: Timeout 10000ms exceeded.
    Call log:
      - waiting for locator('button').filter({ hasText: 'Button Animation' }) to be visible


      81 |
      82 |     // Wait for the button to be visible
    > 83 |     await animationButton.waitFor({ state: 'visible' });
         |                           ^
      84 |
      85 |     // Get initial state of the button
      86 |     const initialTransform = await animationButton.evaluate(
        at /Users/peterhanssens/consulting/Leptos/leptos-motion/tests/comprehensive-demo.spec.ts:83:27

    attachment #1: screenshot (image/png) ──────────────────────────────────────────────────────────
    test-results/tests-comprehensive-demo-C-822ad-ty-with-visual-verification-Mobile-Safari/test-failed-1.png
    ────────────────────────────────────────────────────────────────────────────────────────────────

    attachment #2: video (video/webm) ──────────────────────────────────────────────────────────────
    test-results/tests-comprehensive-demo-C-822ad-ty-with-visual-verification-Mobile-Safari/video.webm
    ────────────────────────────────────────────────────────────────────────────────────────────────

    Error Context: test-results/tests-comprehensive-demo-C-822ad-ty-with-visual-verification-Mobile-Safari/error-context.md
]]>
</failure>
<system-out>
<![CDATA[Still on fallback HTML, WASM may not have loaded

[[ATTACHMENT|test-results/tests-comprehensive-demo-C-822ad-ty-with-visual-verification-Mobile-Safari/test-failed-1.png]]

[[ATTACHMENT|test-results/tests-comprehensive-demo-C-822ad-ty-with-visual-verification-Mobile-Safari/video.webm]]

[[ATTACHMENT|test-results/tests-comprehensive-demo-C-822ad-ty-with-visual-verification-Mobile-Safari/error-context.md]]
]]>
</system-out>
</testcase>
<testcase name="Comprehensive Demo Tests › should load WASM module without errors" classname="tests/comprehensive-demo.spec.ts" time="16.015">
<system-out>
<![CDATA[Still on fallback HTML, WASM may not have loaded
Console errors: []
]]>
</system-out>
</testcase>
<testcase name="Comprehensive Demo Tests › should have proper HTML structure" classname="tests/comprehensive-demo.spec.ts" time="72.866">
<failure message="comprehensive-demo.spec.ts:144:7 should have proper HTML structure" type="FAILURE">
<![CDATA[  [Mobile Safari] › tests/comprehensive-demo.spec.ts:144:7 › Comprehensive Demo Tests › should have proper HTML structure 

    Test timeout of 30000ms exceeded while running "beforeEach" hook.

      2 |
      3 | test.describe('Comprehensive Demo Tests', () => {
    > 4 |   test.beforeEach(async ({ page }) => {
        |        ^
      5 |     // Navigate to the comprehensive demo
      6 |     await page.goto('http://localhost:8083');
      7 |
        at /Users/peterhanssens/consulting/Leptos/leptos-motion/tests/comprehensive-demo.spec.ts:4:8

    attachment #1: screenshot (image/png) ──────────────────────────────────────────────────────────
    test-results/tests-comprehensive-demo-C-6699b--have-proper-HTML-structure-Mobile-Safari/test-failed-1.png
    ────────────────────────────────────────────────────────────────────────────────────────────────

    attachment #2: video (video/webm) ──────────────────────────────────────────────────────────────
    test-results/tests-comprehensive-demo-C-6699b--have-proper-HTML-structure-Mobile-Safari/video.webm
    ────────────────────────────────────────────────────────────────────────────────────────────────

    Error Context: test-results/tests-comprehensive-demo-C-6699b--have-proper-HTML-structure-Mobile-Safari/error-context.md
]]>
</failure>
<system-out>
<![CDATA[Still on fallback HTML, WASM may not have loaded

[[ATTACHMENT|test-results/tests-comprehensive-demo-C-6699b--have-proper-HTML-structure-Mobile-Safari/test-failed-1.png]]

[[ATTACHMENT|test-results/tests-comprehensive-demo-C-6699b--have-proper-HTML-structure-Mobile-Safari/video.webm]]

[[ATTACHMENT|test-results/tests-comprehensive-demo-C-6699b--have-proper-HTML-structure-Mobile-Safari/error-context.md]]
]]>
</system-out>
</testcase>
</testsuite>
<testsuite name="tests/e2e/batched_updates_test.spec.ts" timestamp="2025-10-04T13:01:09.445Z" hostname="Mobile Safari" tests="1" failures="1" skipped="0" time="0.445" errors="0">
<testcase name="Batched Updates Test › should load and display the batched updates test correctly" classname="tests/e2e/batched_updates_test.spec.ts" time="0.445">
<failure message="batched_updates_test.spec.ts:4:7 should load and display the batched updates test correctly" type="FAILURE">
<![CDATA[  [Mobile Safari] › tests/e2e/batched_updates_test.spec.ts:4:7 › Batched Updates Test › should load and display the batched updates test correctly 

    Error: page.goto: Could not connect to the server.
    Call log:
      - navigating to "http://localhost:8080/simple.html", waiting until "load"


      4 |   test('should load and display the batched updates test correctly', async ({ page }) => {
      5 |     // Navigate to the demo page
    > 6 |     await page.goto('http://localhost:8080/simple.html');
        |                ^
      7 |
      8 |     // Wait for the WASM module to load and initialize
      9 |     await page.waitForTimeout(3000);
        at /Users/peterhanssens/consulting/Leptos/leptos-motion/tests/e2e/batched_updates_test.spec.ts:6:16

    attachment #1: screenshot (image/png) ──────────────────────────────────────────────────────────
    test-results/tests-e2e-batched_updates_-5805e-ched-updates-test-correctly-Mobile-Safari/test-failed-1.png
    ────────────────────────────────────────────────────────────────────────────────────────────────

    attachment #2: video (video/webm) ──────────────────────────────────────────────────────────────
    test-results/tests-e2e-batched_updates_-5805e-ched-updates-test-correctly-Mobile-Safari/video.webm
    ────────────────────────────────────────────────────────────────────────────────────────────────
]]>
</failure>
<system-out>
<![CDATA[
[[ATTACHMENT|test-results/tests-e2e-batched_updates_-5805e-ched-updates-test-correctly-Mobile-Safari/test-failed-1.png]]

[[ATTACHMENT|test-results/tests-e2e-batched_updates_-5805e-ched-updates-test-correctly-Mobile-Safari/video.webm]]
]]>
</system-out>
</testcase>
</testsuite>
<testsuite name="tests/e2e/comprehensive_e2e_test.spec.ts" timestamp="2025-10-04T13:01:09.445Z" hostname="Mobile Safari" tests="27" failures="27" skipped="0" time="143.147" errors="0">
<testcase name="Leptos Motion Library - Comprehensive E2E Tests › 1. Simple API Tests › Basic Animation Test - Opacity Fade" classname="tests/e2e/comprehensive_e2e_test.spec.ts" time="0.445">
<failure message="comprehensive_e2e_test.spec.ts:44:9 Basic Animation Test - Opacity Fade" type="FAILURE">
<![CDATA[  [Mobile Safari] › tests/e2e/comprehensive_e2e_test.spec.ts:44:9 › Leptos Motion Library - Comprehensive E2E Tests › 1. Simple API Tests › Basic Animation Test - Opacity Fade 

    Error: page.goto: Could not connect to the server.
    Call log:
      - navigating to "http://localhost:8086/", waiting until "load"


      43 |   test.describe('1. Simple API Tests', () => {
      44 |     test('Basic Animation Test - Opacity Fade', async ({ page }) => {
    > 45 |       await page.goto(DEMO_URLS.newSimple);
         |                  ^
      46 |       await waitForWasmInit(page);
      47 |
      48 |       // Check if basic animations are working
        at /Users/peterhanssens/consulting/Leptos/leptos-motion/tests/e2e/comprehensive_e2e_test.spec.ts:45:18

    attachment #1: screenshot (image/png) ──────────────────────────────────────────────────────────
    test-results/tests-e2e-comprehensive_e2-4de89-imation-Test---Opacity-Fade-Mobile-Safari/test-failed-1.png
    ────────────────────────────────────────────────────────────────────────────────────────────────

    attachment #2: video (video/webm) ──────────────────────────────────────────────────────────────
    test-results/tests-e2e-comprehensive_e2-4de89-imation-Test---Opacity-Fade-Mobile-Safari/video.webm
    ────────────────────────────────────────────────────────────────────────────────────────────────
]]>
</failure>
<system-out>
<![CDATA[
[[ATTACHMENT|test-results/tests-e2e-comprehensive_e2-4de89-imation-Test---Opacity-Fade-Mobile-Safari/test-failed-1.png]]

[[ATTACHMENT|test-results/tests-e2e-comprehensive_e2-4de89-imation-Test---Opacity-Fade-Mobile-Safari/video.webm]]
]]>
</system-out>
</testcase>
<testcase name="Leptos Motion Library - Comprehensive E2E Tests › 1. Simple API Tests › Variant Switching Test" classname="tests/e2e/comprehensive_e2e_test.spec.ts" time="0.536">
<failure message="comprehensive_e2e_test.spec.ts:57:9 Variant Switching Test" type="FAILURE">
<![CDATA[  [Mobile Safari] › tests/e2e/comprehensive_e2e_test.spec.ts:57:9 › Leptos Motion Library - Comprehensive E2E Tests › 1. Simple API Tests › Variant Switching Test 

    Error: page.goto: Could not connect to the server.
    Call log:
      - navigating to "http://localhost:8086/", waiting until "load"


      56 |
      57 |     test('Variant Switching Test', async ({ page }) => {
    > 58 |       await page.goto(DEMO_URLS.newSimple);
         |                  ^
      59 |       await waitForWasmInit(page);
      60 |
      61 |       // Look for elements that can be toggled
        at /Users/peterhanssens/consulting/Leptos/leptos-motion/tests/e2e/comprehensive_e2e_test.spec.ts:58:18

    attachment #1: screenshot (image/png) ──────────────────────────────────────────────────────────
    test-results/tests-e2e-comprehensive_e2-38ec8-ests-Variant-Switching-Test-Mobile-Safari/test-failed-1.png
    ────────────────────────────────────────────────────────────────────────────────────────────────

    attachment #2: video (video/webm) ──────────────────────────────────────────────────────────────
    test-results/tests-e2e-comprehensive_e2-38ec8-ests-Variant-Switching-Test-Mobile-Safari/video.webm
    ────────────────────────────────────────────────────────────────────────────────────────────────
]]>
</failure>
<system-out>
<![CDATA[
[[ATTACHMENT|test-results/tests-e2e-comprehensive_e2-38ec8-ests-Variant-Switching-Test-Mobile-Safari/test-failed-1.png]]

[[ATTACHMENT|test-results/tests-e2e-comprehensive_e2-38ec8-ests-Variant-Switching-Test-Mobile-Safari/video.webm]]
]]>
</system-out>
</testcase>
<testcase name="Leptos Motion Library - Comprehensive E2E Tests › 1. Simple API Tests › Custom Easing Test" classname="tests/e2e/comprehensive_e2e_test.spec.ts" time="0.534">
<failure message="comprehensive_e2e_test.spec.ts:71:9 Custom Easing Test" type="FAILURE">
<![CDATA[  [Mobile Safari] › tests/e2e/comprehensive_e2e_test.spec.ts:71:9 › Leptos Motion Library - Comprehensive E2E Tests › 1. Simple API Tests › Custom Easing Test 

    Error: page.goto: Could not connect to the server.
    Call log:
      - navigating to "http://localhost:8086/", waiting until "load"


      70 |
      71 |     test('Custom Easing Test', async ({ page }) => {
    > 72 |       await page.goto(DEMO_URLS.newSimple);
         |                  ^
      73 |       await waitForWasmInit(page);
      74 |
      75 |       // Check for transition timing functions on first div
        at /Users/peterhanssens/consulting/Leptos/leptos-motion/tests/e2e/comprehensive_e2e_test.spec.ts:72:18

    attachment #1: screenshot (image/png) ──────────────────────────────────────────────────────────
    test-results/tests-e2e-comprehensive_e2-5f543-PI-Tests-Custom-Easing-Test-Mobile-Safari/test-failed-1.png
    ────────────────────────────────────────────────────────────────────────────────────────────────

    attachment #2: video (video/webm) ──────────────────────────────────────────────────────────────
    test-results/tests-e2e-comprehensive_e2-5f543-PI-Tests-Custom-Easing-Test-Mobile-Safari/video.webm
    ────────────────────────────────────────────────────────────────────────────────────────────────
]]>
</failure>
<system-out>
<![CDATA[
[[ATTACHMENT|test-results/tests-e2e-comprehensive_e2-5f543-PI-Tests-Custom-Easing-Test-Mobile-Safari/test-failed-1.png]]

[[ATTACHMENT|test-results/tests-e2e-comprehensive_e2-5f543-PI-Tests-Custom-Easing-Test-Mobile-Safari/video.webm]]
]]>
</system-out>
</testcase>
<testcase name="Leptos Motion Library - Comprehensive E2E Tests › 1. Simple API Tests › Accessibility - Reduced Motion Check" classname="tests/e2e/comprehensive_e2e_test.spec.ts" time="0.454">
<failure message="comprehensive_e2e_test.spec.ts:85:9 Accessibility - Reduced Motion Check" type="FAILURE">
<![CDATA[  [Mobile Safari] › tests/e2e/comprehensive_e2e_test.spec.ts:85:9 › Leptos Motion Library - Comprehensive E2E Tests › 1. Simple API Tests › Accessibility - Reduced Motion Check 

    Error: page.goto: Could not connect to the server.
    Call log:
      - navigating to "http://localhost:8086/", waiting until "load"


      84 |
      85 |     test('Accessibility - Reduced Motion Check', async ({ page }) => {
    > 86 |       await page.goto(DEMO_URLS.newSimple);
         |                  ^
      87 |       await waitForWasmInit(page);
      88 |
      89 |       // Simulate reduced motion preference
        at /Users/peterhanssens/consulting/Leptos/leptos-motion/tests/e2e/comprehensive_e2e_test.spec.ts:86:18

    attachment #1: screenshot (image/png) ──────────────────────────────────────────────────────────
    test-results/tests-e2e-comprehensive_e2-5ac8b-lity---Reduced-Motion-Check-Mobile-Safari/test-failed-1.png
    ────────────────────────────────────────────────────────────────────────────────────────────────

    attachment #2: video (video/webm) ──────────────────────────────────────────────────────────────
    test-results/tests-e2e-comprehensive_e2-5ac8b-lity---Reduced-Motion-Check-Mobile-Safari/video.webm
    ────────────────────────────────────────────────────────────────────────────────────────────────
]]>
</failure>
<system-out>
<![CDATA[
[[ATTACHMENT|test-results/tests-e2e-comprehensive_e2-5ac8b-lity---Reduced-Motion-Check-Mobile-Safari/test-failed-1.png]]

[[ATTACHMENT|test-results/tests-e2e-comprehensive_e2-5ac8b-lity---Reduced-Motion-Check-Mobile-Safari/video.webm]]
]]>
</system-out>
</testcase>
<testcase name="Leptos Motion Library - Comprehensive E2E Tests › 2. Independent Transforms Tests › Single Property Animation" classname="tests/e2e/comprehensive_e2e_test.spec.ts" time="0.455">
<failure message="comprehensive_e2e_test.spec.ts:102:9 Single Property Animation" type="FAILURE">
<![CDATA[  [Mobile Safari] › tests/e2e/comprehensive_e2e_test.spec.ts:102:9 › Leptos Motion Library - Comprehensive E2E Tests › 2. Independent Transforms Tests › Single Property Animation 

    Error: page.goto: Could not connect to the server.
    Call log:
      - navigating to "http://localhost:8086/", waiting until "load"


      101 |   test.describe('2. Independent Transforms Tests', () => {
      102 |     test('Single Property Animation', async ({ page }) => {
    > 103 |       await page.goto(DEMO_URLS.newSimple);
          |                  ^
      104 |       await waitForWasmInit(page);
      105 |
      106 |       // Check for transform properties or transition properties
        at /Users/peterhanssens/consulting/Leptos/leptos-motion/tests/e2e/comprehensive_e2e_test.spec.ts:103:18

    attachment #1: screenshot (image/png) ──────────────────────────────────────────────────────────
    test-results/tests-e2e-comprehensive_e2-ed6cd-s-Single-Property-Animation-Mobile-Safari/test-failed-1.png
    ────────────────────────────────────────────────────────────────────────────────────────────────

    attachment #2: video (video/webm) ──────────────────────────────────────────────────────────────
    test-results/tests-e2e-comprehensive_e2-ed6cd-s-Single-Property-Animation-Mobile-Safari/video.webm
    ────────────────────────────────────────────────────────────────────────────────────────────────
]]>
</failure>
<system-out>
<![CDATA[
[[ATTACHMENT|test-results/tests-e2e-comprehensive_e2-ed6cd-s-Single-Property-Animation-Mobile-Safari/test-failed-1.png]]

[[ATTACHMENT|test-results/tests-e2e-comprehensive_e2-ed6cd-s-Single-Property-Animation-Mobile-Safari/video.webm]]
]]>
</system-out>
</testcase>
<testcase name="Leptos Motion Library - Comprehensive E2E Tests › 2. Independent Transforms Tests › Concurrent Transforms" classname="tests/e2e/comprehensive_e2e_test.spec.ts" time="0.442">
<failure message="comprehensive_e2e_test.spec.ts:121:9 Concurrent Transforms" type="FAILURE">
<![CDATA[  [Mobile Safari] › tests/e2e/comprehensive_e2e_test.spec.ts:121:9 › Leptos Motion Library - Comprehensive E2E Tests › 2. Independent Transforms Tests › Concurrent Transforms 

    Error: page.goto: Could not connect to the server.
    Call log:
      - navigating to "http://localhost:8086/", waiting until "load"


      120 |
      121 |     test('Concurrent Transforms', async ({ page }) => {
    > 122 |       await page.goto(DEMO_URLS.newSimple);
          |                  ^
      123 |       await waitForWasmInit(page);
      124 |
      125 |       // Check multiple elements with any form of animation
        at /Users/peterhanssens/consulting/Leptos/leptos-motion/tests/e2e/comprehensive_e2e_test.spec.ts:122:18

    attachment #1: screenshot (image/png) ──────────────────────────────────────────────────────────
    test-results/tests-e2e-comprehensive_e2-467dd-Tests-Concurrent-Transforms-Mobile-Safari/test-failed-1.png
    ────────────────────────────────────────────────────────────────────────────────────────────────

    attachment #2: video (video/webm) ──────────────────────────────────────────────────────────────
    test-results/tests-e2e-comprehensive_e2-467dd-Tests-Concurrent-Transforms-Mobile-Safari/video.webm
    ────────────────────────────────────────────────────────────────────────────────────────────────
]]>
</failure>
<system-out>
<![CDATA[
[[ATTACHMENT|test-results/tests-e2e-comprehensive_e2-467dd-Tests-Concurrent-Transforms-Mobile-Safari/test-failed-1.png]]

[[ATTACHMENT|test-results/tests-e2e-comprehensive_e2-467dd-Tests-Concurrent-Transforms-Mobile-Safari/video.webm]]
]]>
</system-out>
</testcase>
<testcase name="Leptos Motion Library - Comprehensive E2E Tests › 2. Independent Transforms Tests › Hardware Acceleration Check" classname="tests/e2e/comprehensive_e2e_test.spec.ts" time="0.443">
<failure message="comprehensive_e2e_test.spec.ts:147:9 Hardware Acceleration Check" type="FAILURE">
<![CDATA[  [Mobile Safari] › tests/e2e/comprehensive_e2e_test.spec.ts:147:9 › Leptos Motion Library - Comprehensive E2E Tests › 2. Independent Transforms Tests › Hardware Acceleration Check 

    Error: page.goto: Could not connect to the server.
    Call log:
      - navigating to "http://localhost:8086/", waiting until "load"


      146 |
      147 |     test('Hardware Acceleration Check', async ({ page }) => {
    > 148 |       await page.goto(DEMO_URLS.newSimple);
          |                  ^
      149 |       await waitForWasmInit(page);
      150 |
      151 |       // Check for will-change property
        at /Users/peterhanssens/consulting/Leptos/leptos-motion/tests/e2e/comprehensive_e2e_test.spec.ts:148:18

    attachment #1: screenshot (image/png) ──────────────────────────────────────────────────────────
    test-results/tests-e2e-comprehensive_e2-f41b2-Hardware-Acceleration-Check-Mobile-Safari/test-failed-1.png
    ────────────────────────────────────────────────────────────────────────────────────────────────

    attachment #2: video (video/webm) ──────────────────────────────────────────────────────────────
    test-results/tests-e2e-comprehensive_e2-f41b2-Hardware-Acceleration-Check-Mobile-Safari/video.webm
    ────────────────────────────────────────────────────────────────────────────────────────────────
]]>
</failure>
<system-out>
<![CDATA[
[[ATTACHMENT|test-results/tests-e2e-comprehensive_e2-f41b2-Hardware-Acceleration-Check-Mobile-Safari/test-failed-1.png]]

[[ATTACHMENT|test-results/tests-e2e-comprehensive_e2-f41b2-Hardware-Acceleration-Check-Mobile-Safari/video.webm]]
]]>
</system-out>
</testcase>
<testcase name="Leptos Motion Library - Comprehensive E2E Tests › 3. Scroll Animation Tests › Scroll-based Animation" classname="tests/e2e/comprehensive_e2e_test.spec.ts" time="0.461">
<failure message="comprehensive_e2e_test.spec.ts:168:9 Scroll-based Animation" type="FAILURE">
<![CDATA[  [Mobile Safari] › tests/e2e/comprehensive_e2e_test.spec.ts:168:9 › Leptos Motion Library - Comprehensive E2E Tests › 3. Scroll Animation Tests › Scroll-based Animation 

    Error: page.goto: Could not connect to the server.
    Call log:
      - navigating to "http://localhost:8086/", waiting until "load"


      167 |   test.describe('3. Scroll Animation Tests', () => {
      168 |     test('Scroll-based Animation', async ({ page }) => {
    > 169 |       await page.goto(DEMO_URLS.newSimple);
          |                  ^
      170 |       await waitForWasmInit(page);
      171 |
      172 |       // Simulate scroll
        at /Users/peterhanssens/consulting/Leptos/leptos-motion/tests/e2e/comprehensive_e2e_test.spec.ts:169:18

    attachment #1: screenshot (image/png) ──────────────────────────────────────────────────────────
    test-results/tests-e2e-comprehensive_e2-e6592-ests-Scroll-based-Animation-Mobile-Safari/test-failed-1.png
    ────────────────────────────────────────────────────────────────────────────────────────────────

    attachment #2: video (video/webm) ──────────────────────────────────────────────────────────────
    test-results/tests-e2e-comprehensive_e2-e6592-ests-Scroll-based-Animation-Mobile-Safari/video.webm
    ────────────────────────────────────────────────────────────────────────────────────────────────
]]>
</failure>
<system-out>
<![CDATA[
[[ATTACHMENT|test-results/tests-e2e-comprehensive_e2-e6592-ests-Scroll-based-Animation-Mobile-Safari/test-failed-1.png]]

[[ATTACHMENT|test-results/tests-e2e-comprehensive_e2-e6592-ests-Scroll-based-Animation-Mobile-Safari/video.webm]]
]]>
</system-out>
</testcase>
<testcase name="Leptos Motion Library - Comprehensive E2E Tests › 3. Scroll Animation Tests › Viewport Trigger Animation" classname="tests/e2e/comprehensive_e2e_test.spec.ts" time="0.458">
<failure message="comprehensive_e2e_test.spec.ts:185:9 Viewport Trigger Animation" type="FAILURE">
<![CDATA[  [Mobile Safari] › tests/e2e/comprehensive_e2e_test.spec.ts:185:9 › Leptos Motion Library - Comprehensive E2E Tests › 3. Scroll Animation Tests › Viewport Trigger Animation 

    Error: page.goto: Could not connect to the server.
    Call log:
      - navigating to "http://localhost:8086/", waiting until "load"


      184 |
      185 |     test('Viewport Trigger Animation', async ({ page }) => {
    > 186 |       await page.goto(DEMO_URLS.newSimple);
          |                  ^
      187 |       await waitForWasmInit(page);
      188 |
      189 |       // Scroll to trigger viewport animations
        at /Users/peterhanssens/consulting/Leptos/leptos-motion/tests/e2e/comprehensive_e2e_test.spec.ts:186:18

    attachment #1: screenshot (image/png) ──────────────────────────────────────────────────────────
    test-results/tests-e2e-comprehensive_e2-eada2--Viewport-Trigger-Animation-Mobile-Safari/test-failed-1.png
    ────────────────────────────────────────────────────────────────────────────────────────────────

    attachment #2: video (video/webm) ──────────────────────────────────────────────────────────────
    test-results/tests-e2e-comprehensive_e2-eada2--Viewport-Trigger-Animation-Mobile-Safari/video.webm
    ────────────────────────────────────────────────────────────────────────────────────────────────
]]>
</failure>
<system-out>
<![CDATA[
[[ATTACHMENT|test-results/tests-e2e-comprehensive_e2-eada2--Viewport-Trigger-Animation-Mobile-Safari/test-failed-1.png]]

[[ATTACHMENT|test-results/tests-e2e-comprehensive_e2-eada2--Viewport-Trigger-Animation-Mobile-Safari/video.webm]]
]]>
</system-out>
</testcase>
<testcase name="Leptos Motion Library - Comprehensive E2E Tests › 4. Exit Animation Tests › Component Unmount Animation" classname="tests/e2e/comprehensive_e2e_test.spec.ts" time="0.491">
<failure message="comprehensive_e2e_test.spec.ts:205:9 Component Unmount Animation" type="FAILURE">
<![CDATA[  [Mobile Safari] › tests/e2e/comprehensive_e2e_test.spec.ts:205:9 › Leptos Motion Library - Comprehensive E2E Tests › 4. Exit Animation Tests › Component Unmount Animation 

    Error: page.goto: Could not connect to the server.
    Call log:
      - navigating to "http://localhost:8086/", waiting until "load"


      204 |   test.describe('4. Exit Animation Tests', () => {
      205 |     test('Component Unmount Animation', async ({ page }) => {
    > 206 |       await page.goto(DEMO_URLS.newSimple);
          |                  ^
      207 |       await waitForWasmInit(page);
      208 |
      209 |       // Look for buttons that might trigger unmount
        at /Users/peterhanssens/consulting/Leptos/leptos-motion/tests/e2e/comprehensive_e2e_test.spec.ts:206:18

    attachment #1: screenshot (image/png) ──────────────────────────────────────────────────────────
    test-results/tests-e2e-comprehensive_e2-e80c4-Component-Unmount-Animation-Mobile-Safari/test-failed-1.png
    ────────────────────────────────────────────────────────────────────────────────────────────────

    attachment #2: video (video/webm) ──────────────────────────────────────────────────────────────
    test-results/tests-e2e-comprehensive_e2-e80c4-Component-Unmount-Animation-Mobile-Safari/video.webm
    ────────────────────────────────────────────────────────────────────────────────────────────────
]]>
</failure>
<system-out>
<![CDATA[
[[ATTACHMENT|test-results/tests-e2e-comprehensive_e2-e80c4-Component-Unmount-Animation-Mobile-Safari/test-failed-1.png]]

[[ATTACHMENT|test-results/tests-e2e-comprehensive_e2-e80c4-Component-Unmount-Animation-Mobile-Safari/video.webm]]
]]>
</system-out>
</testcase>
<testcase name="Leptos Motion Library - Comprehensive E2E Tests › 5. Gesture Tests › Hover Gesture" classname="tests/e2e/comprehensive_e2e_test.spec.ts" time="0.5">
<failure message="comprehensive_e2e_test.spec.ts:226:9 Hover Gesture" type="FAILURE">
<![CDATA[  [Mobile Safari] › tests/e2e/comprehensive_e2e_test.spec.ts:226:9 › Leptos Motion Library - Comprehensive E2E Tests › 5. Gesture Tests › Hover Gesture 

    Error: page.goto: Could not connect to the server.
    Call log:
      - navigating to "http://localhost:8086/", waiting until "load"


      225 |   test.describe('5. Gesture Tests', () => {
      226 |     test('Hover Gesture', async ({ page }) => {
    > 227 |       await page.goto(DEMO_URLS.newSimple);
          |                  ^
      228 |       await waitForWasmInit(page);
      229 |
      230 |       // Test hover on interactive elements
        at /Users/peterhanssens/consulting/Leptos/leptos-motion/tests/e2e/comprehensive_e2e_test.spec.ts:227:18

    attachment #1: screenshot (image/png) ──────────────────────────────────────────────────────────
    test-results/tests-e2e-comprehensive_e2-c333a-Gesture-Tests-Hover-Gesture-Mobile-Safari/test-failed-1.png
    ────────────────────────────────────────────────────────────────────────────────────────────────

    attachment #2: video (video/webm) ──────────────────────────────────────────────────────────────
    test-results/tests-e2e-comprehensive_e2-c333a-Gesture-Tests-Hover-Gesture-Mobile-Safari/video.webm
    ────────────────────────────────────────────────────────────────────────────────────────────────
]]>
</failure>
<system-out>
<![CDATA[
[[ATTACHMENT|test-results/tests-e2e-comprehensive_e2-c333a-Gesture-Tests-Hover-Gesture-Mobile-Safari/test-failed-1.png]]

[[ATTACHMENT|test-results/tests-e2e-comprehensive_e2-c333a-Gesture-Tests-Hover-Gesture-Mobile-Safari/video.webm]]
]]>
</system-out>
</testcase>
<testcase name="Leptos Motion Library - Comprehensive E2E Tests › 5. Gesture Tests › Press Gesture" classname="tests/e2e/comprehensive_e2e_test.spec.ts" time="0.212">
<failure message="comprehensive_e2e_test.spec.ts:246:9 Press Gesture" type="FAILURE">
<![CDATA[  [Mobile Safari] › tests/e2e/comprehensive_e2e_test.spec.ts:246:9 › Leptos Motion Library - Comprehensive E2E Tests › 5. Gesture Tests › Press Gesture 

    Error: page.goto: Could not connect to the server.
    Call log:
      - navigating to "http://localhost:8086/", waiting until "load"


      245 |
      246 |     test('Press Gesture', async ({ page }) => {
    > 247 |       await page.goto(DEMO_URLS.newSimple);
          |                  ^
      248 |       await waitForWasmInit(page);
      249 |
      250 |       // Test press on buttons
        at /Users/peterhanssens/consulting/Leptos/leptos-motion/tests/e2e/comprehensive_e2e_test.spec.ts:247:18

    attachment #1: screenshot (image/png) ──────────────────────────────────────────────────────────
    test-results/tests-e2e-comprehensive_e2-2067b-Gesture-Tests-Press-Gesture-Mobile-Safari/test-failed-1.png
    ────────────────────────────────────────────────────────────────────────────────────────────────

    attachment #2: video (video/webm) ──────────────────────────────────────────────────────────────
    test-results/tests-e2e-comprehensive_e2-2067b-Gesture-Tests-Press-Gesture-Mobile-Safari/video.webm
    ────────────────────────────────────────────────────────────────────────────────────────────────
]]>
</failure>
<system-out>
<![CDATA[
[[ATTACHMENT|test-results/tests-e2e-comprehensive_e2-2067b-Gesture-Tests-Press-Gesture-Mobile-Safari/test-failed-1.png]]

[[ATTACHMENT|test-results/tests-e2e-comprehensive_e2-2067b-Gesture-Tests-Press-Gesture-Mobile-Safari/video.webm]]
]]>
</system-out>
</testcase>
<testcase name="Leptos Motion Library - Comprehensive E2E Tests › 5. Gesture Tests › Touch Gesture Support" classname="tests/e2e/comprehensive_e2e_test.spec.ts" time="0.419">
<failure message="comprehensive_e2e_test.spec.ts:263:9 Touch Gesture Support" type="FAILURE">
<![CDATA[  [Mobile Safari] › tests/e2e/comprehensive_e2e_test.spec.ts:263:9 › Leptos Motion Library - Comprehensive E2E Tests › 5. Gesture Tests › Touch Gesture Support 

    Error: page.goto: Could not connect to the server.
    Call log:
      - navigating to "http://localhost:8086/", waiting until "load"


      262 |
      263 |     test('Touch Gesture Support', async ({ page }) => {
    > 264 |       await page.goto(DEMO_URLS.newSimple);
          |                  ^
      265 |       await waitForWasmInit(page);
      266 |
      267 |       // Set mobile viewport
        at /Users/peterhanssens/consulting/Leptos/leptos-motion/tests/e2e/comprehensive_e2e_test.spec.ts:264:18

    attachment #1: screenshot (image/png) ──────────────────────────────────────────────────────────
    test-results/tests-e2e-comprehensive_e2-26d23-Tests-Touch-Gesture-Support-Mobile-Safari/test-failed-1.png
    ────────────────────────────────────────────────────────────────────────────────────────────────

    attachment #2: video (video/webm) ──────────────────────────────────────────────────────────────
    test-results/tests-e2e-comprehensive_e2-26d23-Tests-Touch-Gesture-Support-Mobile-Safari/video.webm
    ────────────────────────────────────────────────────────────────────────────────────────────────
]]>
</failure>
<system-out>
<![CDATA[
[[ATTACHMENT|test-results/tests-e2e-comprehensive_e2-26d23-Tests-Touch-Gesture-Support-Mobile-Safari/test-failed-1.png]]

[[ATTACHMENT|test-results/tests-e2e-comprehensive_e2-26d23-Tests-Touch-Gesture-Support-Mobile-Safari/video.webm]]
]]>
</system-out>
</testcase>
<testcase name="Leptos Motion Library - Comprehensive E2E Tests › 6. Layout Animation Tests › Resize Animation" classname="tests/e2e/comprehensive_e2e_test.spec.ts" time="64.834">
<failure message="comprehensive_e2e_test.spec.ts:282:9 Resize Animation" type="FAILURE">
<![CDATA[  [Mobile Safari] › tests/e2e/comprehensive_e2e_test.spec.ts:282:9 › Leptos Motion Library - Comprehensive E2E Tests › 6. Layout Animation Tests › Resize Animation 

    Test timeout of 30000ms exceeded while setting up "page".

    Error: browserContext.newPage: Test timeout of 30000ms exceeded.
]]>
</failure>
</testcase>
<testcase name="Leptos Motion Library - Comprehensive E2E Tests › 6. Layout Animation Tests › Layout Shift Animation" classname="tests/e2e/comprehensive_e2e_test.spec.ts" time="64.836">
<failure message="comprehensive_e2e_test.spec.ts:300:9 Layout Shift Animation" type="FAILURE">
<![CDATA[  [Mobile Safari] › tests/e2e/comprehensive_e2e_test.spec.ts:300:9 › Leptos Motion Library - Comprehensive E2E Tests › 6. Layout Animation Tests › Layout Shift Animation 

    Test timeout of 30000ms exceeded while setting up "page".

    Error: browserContext.newPage: Test timeout of 30000ms exceeded.
]]>
</failure>
</testcase>
<testcase name="Leptos Motion Library - Comprehensive E2E Tests › 7. Timeline Sequences Tests › Stagger Animation" classname="tests/e2e/comprehensive_e2e_test.spec.ts" time="0.442">
<failure message="comprehensive_e2e_test.spec.ts:316:9 Stagger Animation" type="FAILURE">
<![CDATA[  [Mobile Safari] › tests/e2e/comprehensive_e2e_test.spec.ts:316:9 › Leptos Motion Library - Comprehensive E2E Tests › 7. Timeline Sequences Tests › Stagger Animation 

    Error: page.goto: Could not connect to the server.
    Call log:
      - navigating to "http://localhost:8086/", waiting until "load"


      315 |   test.describe('7. Timeline Sequences Tests', () => {
      316 |     test('Stagger Animation', async ({ page }) => {
    > 317 |       await page.goto(DEMO_URLS.newSimple);
          |                  ^
      318 |       await waitForWasmInit(page);
      319 |
      320 |       // Look for multiple animated elements
        at /Users/peterhanssens/consulting/Leptos/leptos-motion/tests/e2e/comprehensive_e2e_test.spec.ts:317:18

    attachment #1: screenshot (image/png) ──────────────────────────────────────────────────────────
    test-results/tests-e2e-comprehensive_e2-e9bf9-ces-Tests-Stagger-Animation-Mobile-Safari/test-failed-1.png
    ────────────────────────────────────────────────────────────────────────────────────────────────

    attachment #2: video (video/webm) ──────────────────────────────────────────────────────────────
    test-results/tests-e2e-comprehensive_e2-e9bf9-ces-Tests-Stagger-Animation-Mobile-Safari/video.webm
    ────────────────────────────────────────────────────────────────────────────────────────────────
]]>
</failure>
<system-out>
<![CDATA[
[[ATTACHMENT|test-results/tests-e2e-comprehensive_e2-e9bf9-ces-Tests-Stagger-Animation-Mobile-Safari/test-failed-1.png]]

[[ATTACHMENT|test-results/tests-e2e-comprehensive_e2-e9bf9-ces-Tests-Stagger-Animation-Mobile-Safari/video.webm]]
]]>
</system-out>
</testcase>
<testcase name="Leptos Motion Library - Comprehensive E2E Tests › 7. Timeline Sequences Tests › Sequence Animation" classname="tests/e2e/comprehensive_e2e_test.spec.ts" time="0.712">
<failure message="comprehensive_e2e_test.spec.ts:331:9 Sequence Animation" type="FAILURE">
<![CDATA[  [Mobile Safari] › tests/e2e/comprehensive_e2e_test.spec.ts:331:9 › Leptos Motion Library - Comprehensive E2E Tests › 7. Timeline Sequences Tests › Sequence Animation 

    Error: page.goto: Could not connect to the server.
    Call log:
      - navigating to "http://localhost:8086/", waiting until "load"


      330 |
      331 |     test('Sequence Animation', async ({ page }) => {
    > 332 |       await page.goto(DEMO_URLS.newSimple);
          |                  ^
      333 |       await waitForWasmInit(page);
      334 |
      335 |       // Trigger sequence animations
        at /Users/peterhanssens/consulting/Leptos/leptos-motion/tests/e2e/comprehensive_e2e_test.spec.ts:332:18

    attachment #1: screenshot (image/png) ──────────────────────────────────────────────────────────
    test-results/tests-e2e-comprehensive_e2-709e8-es-Tests-Sequence-Animation-Mobile-Safari/test-failed-1.png
    ────────────────────────────────────────────────────────────────────────────────────────────────

    attachment #2: video (video/webm) ──────────────────────────────────────────────────────────────
    test-results/tests-e2e-comprehensive_e2-709e8-es-Tests-Sequence-Animation-Mobile-Safari/video.webm
    ────────────────────────────────────────────────────────────────────────────────────────────────
]]>
</failure>
<system-out>
<![CDATA[
[[ATTACHMENT|test-results/tests-e2e-comprehensive_e2-709e8-es-Tests-Sequence-Animation-Mobile-Safari/test-failed-1.png]]

[[ATTACHMENT|test-results/tests-e2e-comprehensive_e2-709e8-es-Tests-Sequence-Animation-Mobile-Safari/video.webm]]
]]>
</system-out>
</testcase>
<testcase name="Leptos Motion Library - Comprehensive E2E Tests › 8. Spring Physics Tests › Spring Animation" classname="tests/e2e/comprehensive_e2e_test.spec.ts" time="0.725">
<failure message="comprehensive_e2e_test.spec.ts:349:9 Spring Animation" type="FAILURE">
<![CDATA[  [Mobile Safari] › tests/e2e/comprehensive_e2e_test.spec.ts:349:9 › Leptos Motion Library - Comprehensive E2E Tests › 8. Spring Physics Tests › Spring Animation 

    Error: page.goto: Could not connect to the server.
    Call log:
      - navigating to "http://localhost:8086/", waiting until "load"


      348 |   test.describe('8. Spring Physics Tests', () => {
      349 |     test('Spring Animation', async ({ page }) => {
    > 350 |       await page.goto(DEMO_URLS.newSimple);
          |                  ^
      351 |       await waitForWasmInit(page);
      352 |
      353 |       // Check for spring-like animations
        at /Users/peterhanssens/consulting/Leptos/leptos-motion/tests/e2e/comprehensive_e2e_test.spec.ts:350:18

    attachment #1: screenshot (image/png) ──────────────────────────────────────────────────────────
    test-results/tests-e2e-comprehensive_e2-cc3c7-sics-Tests-Spring-Animation-Mobile-Safari/test-failed-1.png
    ────────────────────────────────────────────────────────────────────────────────────────────────

    attachment #2: video (video/webm) ──────────────────────────────────────────────────────────────
    test-results/tests-e2e-comprehensive_e2-cc3c7-sics-Tests-Spring-Animation-Mobile-Safari/video.webm
    ────────────────────────────────────────────────────────────────────────────────────────────────
]]>
</failure>
<system-out>
<![CDATA[
[[ATTACHMENT|test-results/tests-e2e-comprehensive_e2-cc3c7-sics-Tests-Spring-Animation-Mobile-Safari/test-failed-1.png]]

[[ATTACHMENT|test-results/tests-e2e-comprehensive_e2-cc3c7-sics-Tests-Spring-Animation-Mobile-Safari/video.webm]]
]]>
</system-out>
</testcase>
<testcase name="Leptos Motion Library - Comprehensive E2E Tests › 8. Spring Physics Tests › Velocity-based Animation" classname="tests/e2e/comprehensive_e2e_test.spec.ts" time="0.703">
<failure message="comprehensive_e2e_test.spec.ts:364:9 Velocity-based Animation" type="FAILURE">
<![CDATA[  [Mobile Safari] › tests/e2e/comprehensive_e2e_test.spec.ts:364:9 › Leptos Motion Library - Comprehensive E2E Tests › 8. Spring Physics Tests › Velocity-based Animation 

    Error: page.goto: Could not connect to the server.
    Call log:
      - navigating to "http://localhost:8086/", waiting until "load"


      363 |
      364 |     test('Velocity-based Animation', async ({ page }) => {
    > 365 |       await page.goto(DEMO_URLS.newSimple);
          |                  ^
      366 |       await waitForWasmInit(page);
      367 |
      368 |       // Test rapid interactions
        at /Users/peterhanssens/consulting/Leptos/leptos-motion/tests/e2e/comprehensive_e2e_test.spec.ts:365:18

    attachment #1: screenshot (image/png) ──────────────────────────────────────────────────────────
    test-results/tests-e2e-comprehensive_e2-c67f9-ts-Velocity-based-Animation-Mobile-Safari/test-failed-1.png
    ────────────────────────────────────────────────────────────────────────────────────────────────

    attachment #2: video (video/webm) ──────────────────────────────────────────────────────────────
    test-results/tests-e2e-comprehensive_e2-c67f9-ts-Velocity-based-Animation-Mobile-Safari/video.webm
    ────────────────────────────────────────────────────────────────────────────────────────────────
]]>
</failure>
<system-out>
<![CDATA[
[[ATTACHMENT|test-results/tests-e2e-comprehensive_e2-c67f9-ts-Velocity-based-Animation-Mobile-Safari/test-failed-1.png]]

[[ATTACHMENT|test-results/tests-e2e-comprehensive_e2-c67f9-ts-Velocity-based-Animation-Mobile-Safari/video.webm]]
]]>
</system-out>
</testcase>
<testcase name="Leptos Motion Library - Comprehensive E2E Tests › 9. Performance Tests › 60 FPS Performance Check" classname="tests/e2e/comprehensive_e2e_test.spec.ts" time="0.699">
<failure message="comprehensive_e2e_test.spec.ts:384:9 60 FPS Performance Check" type="FAILURE">
<![CDATA[  [Mobile Safari] › tests/e2e/comprehensive_e2e_test.spec.ts:384:9 › Leptos Motion Library - Comprehensive E2E Tests › 9. Performance Tests › 60 FPS Performance Check 

    Error: page.goto: Could not connect to the server.
    Call log:
      - navigating to "http://localhost:8086/", waiting until "load"


      383 |   test.describe('9. Performance Tests', () => {
      384 |     test('60 FPS Performance Check', async ({ page }) => {
    > 385 |       await page.goto(DEMO_URLS.newSimple);
          |                  ^
      386 |       await waitForWasmInit(page);
      387 |
      388 |       // Monitor performance during animations
        at /Users/peterhanssens/consulting/Leptos/leptos-motion/tests/e2e/comprehensive_e2e_test.spec.ts:385:18

    attachment #1: screenshot (image/png) ──────────────────────────────────────────────────────────
    test-results/tests-e2e-comprehensive_e2-3a598-ts-60-FPS-Performance-Check-Mobile-Safari/test-failed-1.png
    ────────────────────────────────────────────────────────────────────────────────────────────────

    attachment #2: video (video/webm) ──────────────────────────────────────────────────────────────
    test-results/tests-e2e-comprehensive_e2-3a598-ts-60-FPS-Performance-Check-Mobile-Safari/video.webm
    ────────────────────────────────────────────────────────────────────────────────────────────────
]]>
</failure>
<system-out>
<![CDATA[
[[ATTACHMENT|test-results/tests-e2e-comprehensive_e2-3a598-ts-60-FPS-Performance-Check-Mobile-Safari/test-failed-1.png]]

[[ATTACHMENT|test-results/tests-e2e-comprehensive_e2-3a598-ts-60-FPS-Performance-Check-Mobile-Safari/video.webm]]
]]>
</system-out>
</testcase>
<testcase name="Leptos Motion Library - Comprehensive E2E Tests › 9. Performance Tests › Memory Usage Check" classname="tests/e2e/comprehensive_e2e_test.spec.ts" time="0.414">
<failure message="comprehensive_e2e_test.spec.ts:411:9 Memory Usage Check" type="FAILURE">
<![CDATA[  [Mobile Safari] › tests/e2e/comprehensive_e2e_test.spec.ts:411:9 › Leptos Motion Library - Comprehensive E2E Tests › 9. Performance Tests › Memory Usage Check 

    Error: page.goto: Could not connect to the server.
    Call log:
      - navigating to "http://localhost:8086/", waiting until "load"


      410 |
      411 |     test('Memory Usage Check', async ({ page }) => {
    > 412 |       await page.goto(DEMO_URLS.newSimple);
          |                  ^
      413 |       await waitForWasmInit(page);
      414 |
      415 |       // Check memory usage
        at /Users/peterhanssens/consulting/Leptos/leptos-motion/tests/e2e/comprehensive_e2e_test.spec.ts:412:18

    attachment #1: screenshot (image/png) ──────────────────────────────────────────────────────────
    test-results/tests-e2e-comprehensive_e2-2f51d-ce-Tests-Memory-Usage-Check-Mobile-Safari/test-failed-1.png
    ────────────────────────────────────────────────────────────────────────────────────────────────

    attachment #2: video (video/webm) ──────────────────────────────────────────────────────────────
    test-results/tests-e2e-comprehensive_e2-2f51d-ce-Tests-Memory-Usage-Check-Mobile-Safari/video.webm
    ────────────────────────────────────────────────────────────────────────────────────────────────
]]>
</failure>
<system-out>
<![CDATA[
[[ATTACHMENT|test-results/tests-e2e-comprehensive_e2-2f51d-ce-Tests-Memory-Usage-Check-Mobile-Safari/test-failed-1.png]]

[[ATTACHMENT|test-results/tests-e2e-comprehensive_e2-2f51d-ce-Tests-Memory-Usage-Check-Mobile-Safari/video.webm]]
]]>
</system-out>
</testcase>
<testcase name="Leptos Motion Library - Comprehensive E2E Tests › 9. Performance Tests › Load Time Performance" classname="tests/e2e/comprehensive_e2e_test.spec.ts" time="0.698">
<failure message="comprehensive_e2e_test.spec.ts:430:9 Load Time Performance" type="FAILURE">
<![CDATA[  [Mobile Safari] › tests/e2e/comprehensive_e2e_test.spec.ts:430:9 › Leptos Motion Library - Comprehensive E2E Tests › 9. Performance Tests › Load Time Performance 

    Error: page.goto: Could not connect to the server.
    Call log:
      - navigating to "http://localhost:8086/", waiting until "load"


      430 |     test('Load Time Performance', async ({ page }) => {
      431 |       const startTime = Date.now();
    > 432 |       await page.goto(DEMO_URLS.newSimple);
          |                  ^
      433 |       await waitForWasmInit(page);
      434 |       const loadTime = Date.now() - startTime;
      435 |
        at /Users/peterhanssens/consulting/Leptos/leptos-motion/tests/e2e/comprehensive_e2e_test.spec.ts:432:18

    attachment #1: screenshot (image/png) ──────────────────────────────────────────────────────────
    test-results/tests-e2e-comprehensive_e2-b9f2a-Tests-Load-Time-Performance-Mobile-Safari/test-failed-1.png
    ────────────────────────────────────────────────────────────────────────────────────────────────

    attachment #2: video (video/webm) ──────────────────────────────────────────────────────────────
    test-results/tests-e2e-comprehensive_e2-b9f2a-Tests-Load-Time-Performance-Mobile-Safari/video.webm
    ────────────────────────────────────────────────────────────────────────────────────────────────
]]>
</failure>
<system-out>
<![CDATA[
[[ATTACHMENT|test-results/tests-e2e-comprehensive_e2-b9f2a-Tests-Load-Time-Performance-Mobile-Safari/test-failed-1.png]]

[[ATTACHMENT|test-results/tests-e2e-comprehensive_e2-b9f2a-Tests-Load-Time-Performance-Mobile-Safari/video.webm]]
]]>
</system-out>
</testcase>
<testcase name="Leptos Motion Library - Comprehensive E2E Tests › 10. Cross-Browser Compatibility › Chrome Compatibility" classname="tests/e2e/comprehensive_e2e_test.spec.ts" time="0.677">
<failure message="comprehensive_e2e_test.spec.ts:443:9 Chrome Compatibility" type="FAILURE">
<![CDATA[  [Mobile Safari] › tests/e2e/comprehensive_e2e_test.spec.ts:443:9 › Leptos Motion Library - Comprehensive E2E Tests › 10. Cross-Browser Compatibility › Chrome Compatibility 

    Error: page.goto: Could not connect to the server.
    Call log:
      - navigating to "http://localhost:8086/", waiting until "load"


      442 |   test.describe('10. Cross-Browser Compatibility', () => {
      443 |     test('Chrome Compatibility', async ({ page }) => {
    > 444 |       await page.goto(DEMO_URLS.newSimple);
          |                  ^
      445 |       await waitForWasmInit(page);
      446 |
      447 |       const elements = page.locator('div');
        at /Users/peterhanssens/consulting/Leptos/leptos-motion/tests/e2e/comprehensive_e2e_test.spec.ts:444:18

    attachment #1: screenshot (image/png) ──────────────────────────────────────────────────────────
    test-results/tests-e2e-comprehensive_e2-8e094-bility-Chrome-Compatibility-Mobile-Safari/test-failed-1.png
    ────────────────────────────────────────────────────────────────────────────────────────────────

    attachment #2: video (video/webm) ──────────────────────────────────────────────────────────────
    test-results/tests-e2e-comprehensive_e2-8e094-bility-Chrome-Compatibility-Mobile-Safari/video.webm
    ────────────────────────────────────────────────────────────────────────────────────────────────
]]>
</failure>
<system-out>
<![CDATA[
[[ATTACHMENT|test-results/tests-e2e-comprehensive_e2-8e094-bility-Chrome-Compatibility-Mobile-Safari/test-failed-1.png]]

[[ATTACHMENT|test-results/tests-e2e-comprehensive_e2-8e094-bility-Chrome-Compatibility-Mobile-Safari/video.webm]]
]]>
</system-out>
</testcase>
<testcase name="Leptos Motion Library - Comprehensive E2E Tests › 11. Integration Tests › Leptos Signals Integration" classname="tests/e2e/comprehensive_e2e_test.spec.ts" time="0.688">
<failure message="comprehensive_e2e_test.spec.ts:455:9 Leptos Signals Integration" type="FAILURE">
<![CDATA[  [Mobile Safari] › tests/e2e/comprehensive_e2e_test.spec.ts:455:9 › Leptos Motion Library - Comprehensive E2E Tests › 11. Integration Tests › Leptos Signals Integration 

    Error: page.goto: Could not connect to the server.
    Call log:
      - navigating to "http://localhost:8086/", waiting until "load"


      454 |   test.describe('11. Integration Tests', () => {
      455 |     test('Leptos Signals Integration', async ({ page }) => {
    > 456 |       await page.goto(DEMO_URLS.newSimple);
          |                  ^
      457 |       await waitForWasmInit(page);
      458 |
      459 |       // Test signal-based reactivity
        at /Users/peterhanssens/consulting/Leptos/leptos-motion/tests/e2e/comprehensive_e2e_test.spec.ts:456:18

    attachment #1: screenshot (image/png) ──────────────────────────────────────────────────────────
    test-results/tests-e2e-comprehensive_e2-ff647--Leptos-Signals-Integration-Mobile-Safari/test-failed-1.png
    ────────────────────────────────────────────────────────────────────────────────────────────────

    attachment #2: video (video/webm) ──────────────────────────────────────────────────────────────
    test-results/tests-e2e-comprehensive_e2-ff647--Leptos-Signals-Integration-Mobile-Safari/video.webm
    ────────────────────────────────────────────────────────────────────────────────────────────────
]]>
</failure>
<system-out>
<![CDATA[
[[ATTACHMENT|test-results/tests-e2e-comprehensive_e2-ff647--Leptos-Signals-Integration-Mobile-Safari/test-failed-1.png]]

[[ATTACHMENT|test-results/tests-e2e-comprehensive_e2-ff647--Leptos-Signals-Integration-Mobile-Safari/video.webm]]
]]>
</system-out>
</testcase>
<testcase name="Leptos Motion Library - Comprehensive E2E Tests › 11. Integration Tests › SSR Compatibility" classname="tests/e2e/comprehensive_e2e_test.spec.ts" time="0.685">
<failure message="comprehensive_e2e_test.spec.ts:473:9 SSR Compatibility" type="FAILURE">
<![CDATA[  [Mobile Safari] › tests/e2e/comprehensive_e2e_test.spec.ts:473:9 › Leptos Motion Library - Comprehensive E2E Tests › 11. Integration Tests › SSR Compatibility 

    Error: page.goto: Could not connect to the server.
    Call log:
      - navigating to "http://localhost:8086/", waiting until "load"


      472 |
      473 |     test('SSR Compatibility', async ({ page }) => {
    > 474 |       await page.goto(DEMO_URLS.newSimple);
          |                  ^
      475 |       await waitForWasmInit(page);
      476 |
      477 |       // Check for hydration
        at /Users/peterhanssens/consulting/Leptos/leptos-motion/tests/e2e/comprehensive_e2e_test.spec.ts:474:18

    attachment #1: screenshot (image/png) ──────────────────────────────────────────────────────────
    test-results/tests-e2e-comprehensive_e2-13adb-ion-Tests-SSR-Compatibility-Mobile-Safari/test-failed-1.png
    ────────────────────────────────────────────────────────────────────────────────────────────────

    attachment #2: video (video/webm) ──────────────────────────────────────────────────────────────
    test-results/tests-e2e-comprehensive_e2-13adb-ion-Tests-SSR-Compatibility-Mobile-Safari/video.webm
    ────────────────────────────────────────────────────────────────────────────────────────────────
]]>
</failure>
<system-out>
<![CDATA[
[[ATTACHMENT|test-results/tests-e2e-comprehensive_e2-13adb-ion-Tests-SSR-Compatibility-Mobile-Safari/test-failed-1.png]]

[[ATTACHMENT|test-results/tests-e2e-comprehensive_e2-13adb-ion-Tests-SSR-Compatibility-Mobile-Safari/video.webm]]
]]>
</system-out>
</testcase>
<testcase name="Leptos Motion Library - Comprehensive E2E Tests › 11. Integration Tests › Error Handling" classname="tests/e2e/comprehensive_e2e_test.spec.ts" time="0.41">
<failure message="comprehensive_e2e_test.spec.ts:484:9 Error Handling" type="FAILURE">
<![CDATA[  [Mobile Safari] › tests/e2e/comprehensive_e2e_test.spec.ts:484:9 › Leptos Motion Library - Comprehensive E2E Tests › 11. Integration Tests › Error Handling 

    Error: page.goto: Could not connect to the server.
    Call log:
      - navigating to "http://localhost:8086/", waiting until "load"


      483 |
      484 |     test('Error Handling', async ({ page }) => {
    > 485 |       await page.goto(DEMO_URLS.newSimple);
          |                  ^
      486 |       await waitForWasmInit(page);
      487 |
      488 |       // Check for console errors
        at /Users/peterhanssens/consulting/Leptos/leptos-motion/tests/e2e/comprehensive_e2e_test.spec.ts:485:18

    attachment #1: screenshot (image/png) ──────────────────────────────────────────────────────────
    test-results/tests-e2e-comprehensive_e2-86124-ration-Tests-Error-Handling-Mobile-Safari/test-failed-1.png
    ────────────────────────────────────────────────────────────────────────────────────────────────

    attachment #2: video (video/webm) ──────────────────────────────────────────────────────────────
    test-results/tests-e2e-comprehensive_e2-86124-ration-Tests-Error-Handling-Mobile-Safari/video.webm
    ────────────────────────────────────────────────────────────────────────────────────────────────
]]>
</failure>
<system-out>
<![CDATA[
[[ATTACHMENT|test-results/tests-e2e-comprehensive_e2-86124-ration-Tests-Error-Handling-Mobile-Safari/test-failed-1.png]]

[[ATTACHMENT|test-results/tests-e2e-comprehensive_e2-86124-ration-Tests-Error-Handling-Mobile-Safari/video.webm]]
]]>
</system-out>
</testcase>
<testcase name="Leptos Motion Library - Comprehensive E2E Tests › 12. Feature Parity Tests › Motion.dev Feature Comparison" classname="tests/e2e/comprehensive_e2e_test.spec.ts" time="0.774">
<failure message="comprehensive_e2e_test.spec.ts:509:9 Motion.dev Feature Comparison" type="FAILURE">
<![CDATA[  [Mobile Safari] › tests/e2e/comprehensive_e2e_test.spec.ts:509:9 › Leptos Motion Library - Comprehensive E2E Tests › 12. Feature Parity Tests › Motion.dev Feature Comparison 

    Error: page.goto: Could not connect to the server.
    Call log:
      - navigating to "http://localhost:8086/", waiting until "load"


      508 |   test.describe('12. Feature Parity Tests', () => {
      509 |     test('Motion.dev Feature Comparison', async ({ page }) => {
    > 510 |       await page.goto(DEMO_URLS.newSimple);
          |                  ^
      511 |       await waitForWasmInit(page);
      512 |
      513 |       // Test key features that should match motion.dev capabilities
        at /Users/peterhanssens/consulting/Leptos/leptos-motion/tests/e2e/comprehensive_e2e_test.spec.ts:510:18

    attachment #1: screenshot (image/png) ──────────────────────────────────────────────────────────
    test-results/tests-e2e-comprehensive_e2-1107d-tion-dev-Feature-Comparison-Mobile-Safari/test-failed-1.png
    ────────────────────────────────────────────────────────────────────────────────────────────────

    attachment #2: video (video/webm) ──────────────────────────────────────────────────────────────
    test-results/tests-e2e-comprehensive_e2-1107d-tion-dev-Feature-Comparison-Mobile-Safari/video.webm
    ────────────────────────────────────────────────────────────────────────────────────────────────
]]>
</failure>
<system-out>
<![CDATA[
[[ATTACHMENT|test-results/tests-e2e-comprehensive_e2-1107d-tion-dev-Feature-Comparison-Mobile-Safari/test-failed-1.png]]

[[ATTACHMENT|test-results/tests-e2e-comprehensive_e2-1107d-tion-dev-Feature-Comparison-Mobile-Safari/video.webm]]
]]>
</system-out>
</testcase>
</testsuite>
<testsuite name="tests/e2e/fixed_demo_test.spec.ts" timestamp="2025-10-04T13:01:09.445Z" hostname="Mobile Safari" tests="2" failures="2" skipped="0" time="1.522" errors="0">
<testcase name="Fixed ReactiveMotionDiv Demo Test › should load and display the fixed demo correctly" classname="tests/e2e/fixed_demo_test.spec.ts" time="0.757">
<failure message="fixed_demo_test.spec.ts:4:7 should load and display the fixed demo correctly" type="FAILURE">
<![CDATA[  [Mobile Safari] › tests/e2e/fixed_demo_test.spec.ts:4:7 › Fixed ReactiveMotionDiv Demo Test › should load and display the fixed demo correctly 

    Error: page.goto: Could not connect to the server.
    Call log:
      - navigating to "http://localhost:8080/simple.html", waiting until "load"


       9 |
      10 |     // Go to the simple demo
    > 11 |     await page.goto('http://localhost:8080/simple.html');
         |                ^
      12 |
      13 |     // Wait for the page to load
      14 |     await page.waitForLoadState('networkidle');
        at /Users/peterhanssens/consulting/Leptos/leptos-motion/tests/e2e/fixed_demo_test.spec.ts:11:16

    attachment #1: screenshot (image/png) ──────────────────────────────────────────────────────────
    test-results/tests-e2e-fixed_demo_test--62538-ay-the-fixed-demo-correctly-Mobile-Safari/test-failed-1.png
    ────────────────────────────────────────────────────────────────────────────────────────────────

    attachment #2: video (video/webm) ──────────────────────────────────────────────────────────────
    test-results/tests-e2e-fixed_demo_test--62538-ay-the-fixed-demo-correctly-Mobile-Safari/video.webm
    ────────────────────────────────────────────────────────────────────────────────────────────────
]]>
</failure>
<system-out>
<![CDATA[[error] Failed to load resource: Could not connect to the server.

[[ATTACHMENT|test-results/tests-e2e-fixed_demo_test--62538-ay-the-fixed-demo-correctly-Mobile-Safari/test-failed-1.png]]

[[ATTACHMENT|test-results/tests-e2e-fixed_demo_test--62538-ay-the-fixed-demo-correctly-Mobile-Safari/video.webm]]
]]>
</system-out>
</testcase>
<testcase name="Fixed ReactiveMotionDiv Demo Test › should handle button clicks with fixed component" classname="tests/e2e/fixed_demo_test.spec.ts" time="0.765">
<failure message="fixed_demo_test.spec.ts:42:7 should handle button clicks with fixed component" type="FAILURE">
<![CDATA[  [Mobile Safari] › tests/e2e/fixed_demo_test.spec.ts:42:7 › Fixed ReactiveMotionDiv Demo Test › should handle button clicks with fixed component 

    Error: page.goto: Could not connect to the server.
    Call log:
      - navigating to "http://localhost:8080/simple.html", waiting until "load"


      45 |     });
      46 |
    > 47 |     await page.goto('http://localhost:8080/simple.html');
         |                ^
      48 |     await page.waitForLoadState('networkidle');
      49 |     await page.waitForTimeout(2000);
      50 |
        at /Users/peterhanssens/consulting/Leptos/leptos-motion/tests/e2e/fixed_demo_test.spec.ts:47:16

    attachment #1: screenshot (image/png) ──────────────────────────────────────────────────────────
    test-results/tests-e2e-fixed_demo_test--d4f09-clicks-with-fixed-component-Mobile-Safari/test-failed-1.png
    ────────────────────────────────────────────────────────────────────────────────────────────────

    attachment #2: video (video/webm) ──────────────────────────────────────────────────────────────
    test-results/tests-e2e-fixed_demo_test--d4f09-clicks-with-fixed-component-Mobile-Safari/video.webm
    ────────────────────────────────────────────────────────────────────────────────────────────────
]]>
</failure>
<system-out>
<![CDATA[[error] Failed to load resource: Could not connect to the server.

[[ATTACHMENT|test-results/tests-e2e-fixed_demo_test--d4f09-clicks-with-fixed-component-Mobile-Safari/test-failed-1.png]]

[[ATTACHMENT|test-results/tests-e2e-fixed_demo_test--d4f09-clicks-with-fixed-component-Mobile-Safari/video.webm]]
]]>
</system-out>
</testcase>
</testsuite>
<testsuite name="tests/e2e/memoization_test.spec.ts" timestamp="2025-10-04T13:01:09.445Z" hostname="Mobile Safari" tests="1" failures="1" skipped="0" time="0.754" errors="0">
<testcase name="Memoization Test › should load and display the memoization test correctly" classname="tests/e2e/memoization_test.spec.ts" time="0.754">
<failure message="memoization_test.spec.ts:4:7 should load and display the memoization test correctly" type="FAILURE">
<![CDATA[  [Mobile Safari] › tests/e2e/memoization_test.spec.ts:4:7 › Memoization Test › should load and display the memoization test correctly 

    Error: page.goto: Could not connect to the server.
    Call log:
      - navigating to "http://localhost:8080/simple.html", waiting until "load"


      4 |   test('should load and display the memoization test correctly', async ({ page }) => {
      5 |     // Navigate to the demo page
    > 6 |     await page.goto('http://localhost:8080/simple.html');
        |                ^
      7 |
      8 |     // Wait for the WASM module to load and initialize
      9 |     await page.waitForTimeout(3000);
        at /Users/peterhanssens/consulting/Leptos/leptos-motion/tests/e2e/memoization_test.spec.ts:6:16

    attachment #1: screenshot (image/png) ──────────────────────────────────────────────────────────
    test-results/tests-e2e-memoization_test-a3e28--memoization-test-correctly-Mobile-Safari/test-failed-1.png
    ────────────────────────────────────────────────────────────────────────────────────────────────

    attachment #2: video (video/webm) ──────────────────────────────────────────────────────────────
    test-results/tests-e2e-memoization_test-a3e28--memoization-test-correctly-Mobile-Safari/video.webm
    ────────────────────────────────────────────────────────────────────────────────────────────────
]]>
</failure>
<system-out>
<![CDATA[
[[ATTACHMENT|test-results/tests-e2e-memoization_test-a3e28--memoization-test-correctly-Mobile-Safari/test-failed-1.png]]

[[ATTACHMENT|test-results/tests-e2e-memoization_test-a3e28--memoization-test-correctly-Mobile-Safari/video.webm]]
]]>
</system-out>
</testcase>
</testsuite>
<testsuite name="tests/e2e/minimal_test.spec.ts" timestamp="2025-10-04T13:01:09.445Z" hostname="Mobile Safari" tests="1" failures="1" skipped="0" time="0.772" errors="0">
<testcase name="Minimal Test Demo › should load and display the minimal demo correctly" classname="tests/e2e/minimal_test.spec.ts" time="0.772">
<failure message="minimal_test.spec.ts:4:7 should load and display the minimal demo correctly" type="FAILURE">
<![CDATA[  [Mobile Safari] › tests/e2e/minimal_test.spec.ts:4:7 › Minimal Test Demo › should load and display the minimal demo correctly 

    Error: page.goto: Could not connect to the server.
    Call log:
      - navigating to "http://localhost:8080/simple.html", waiting until "load"


       9 |
      10 |     // Go to the simple demo
    > 11 |     await page.goto('http://localhost:8080/simple.html');
         |                ^
      12 |
      13 |     // Wait for the page to load
      14 |     await page.waitForLoadState('networkidle');
        at /Users/peterhanssens/consulting/Leptos/leptos-motion/tests/e2e/minimal_test.spec.ts:11:16

    attachment #1: screenshot (image/png) ──────────────────────────────────────────────────────────
    test-results/tests-e2e-minimal_test-Min-1882e--the-minimal-demo-correctly-Mobile-Safari/test-failed-1.png
    ────────────────────────────────────────────────────────────────────────────────────────────────

    attachment #2: video (video/webm) ──────────────────────────────────────────────────────────────
    test-results/tests-e2e-minimal_test-Min-1882e--the-minimal-demo-correctly-Mobile-Safari/video.webm
    ────────────────────────────────────────────────────────────────────────────────────────────────
]]>
</failure>
<system-out>
<![CDATA[[error] Failed to load resource: Could not connect to the server.

[[ATTACHMENT|test-results/tests-e2e-minimal_test-Min-1882e--the-minimal-demo-correctly-Mobile-Safari/test-failed-1.png]]

[[ATTACHMENT|test-results/tests-e2e-minimal_test-Min-1882e--the-minimal-demo-correctly-Mobile-Safari/video.webm]]
]]>
</system-out>
</testcase>
</testsuite>
<testsuite name="tests/e2e/phase4a_demo_test.spec.ts" timestamp="2025-10-04T13:01:09.445Z" hostname="Mobile Safari" tests="4" failures="4" skipped="0" time="2.878" errors="0">
<testcase name="Phase 4A Function-based Props Demo › should load and display the Phase 4A demo correctly" classname="tests/e2e/phase4a_demo_test.spec.ts" time="0.74">
<failure message="phase4a_demo_test.spec.ts:4:7 should load and display the Phase 4A demo correctly" type="FAILURE">
<![CDATA[  [Mobile Safari] › tests/e2e/phase4a_demo_test.spec.ts:4:7 › Phase 4A Function-based Props Demo › should load and display the Phase 4A demo correctly 

    Error: page.goto: Could not connect to the server.
    Call log:
      - navigating to "http://localhost:8080/simple.html", waiting until "load"


       9 |
      10 |     // Go to the simple demo
    > 11 |     await page.goto('http://localhost:8080/simple.html');
         |                ^
      12 |
      13 |     // Wait for the page to load
      14 |     await page.waitForLoadState('networkidle');
        at /Users/peterhanssens/consulting/Leptos/leptos-motion/tests/e2e/phase4a_demo_test.spec.ts:11:16

    attachment #1: screenshot (image/png) ──────────────────────────────────────────────────────────
    test-results/tests-e2e-phase4a_demo_tes-1fb2c-the-Phase-4A-demo-correctly-Mobile-Safari/test-failed-1.png
    ────────────────────────────────────────────────────────────────────────────────────────────────

    attachment #2: video (video/webm) ──────────────────────────────────────────────────────────────
    test-results/tests-e2e-phase4a_demo_tes-1fb2c-the-Phase-4A-demo-correctly-Mobile-Safari/video.webm
    ────────────────────────────────────────────────────────────────────────────────────────────────
]]>
</failure>
<system-out>
<![CDATA[[error] Failed to load resource: Could not connect to the server.

[[ATTACHMENT|test-results/tests-e2e-phase4a_demo_tes-1fb2c-the-Phase-4A-demo-correctly-Mobile-Safari/test-failed-1.png]]

[[ATTACHMENT|test-results/tests-e2e-phase4a_demo_tes-1fb2c-the-Phase-4A-demo-correctly-Mobile-Safari/video.webm]]
]]>
</system-out>
</testcase>
<testcase name="Phase 4A Function-based Props Demo › should handle counter button clicks" classname="tests/e2e/phase4a_demo_test.spec.ts" time="0.741">
<failure message="phase4a_demo_test.spec.ts:33:7 should handle counter button clicks" type="FAILURE">
<![CDATA[  [Mobile Safari] › tests/e2e/phase4a_demo_test.spec.ts:33:7 › Phase 4A Function-based Props Demo › should handle counter button clicks 

    Error: page.goto: Could not connect to the server.
    Call log:
      - navigating to "http://localhost:8080/simple.html", waiting until "load"


      38 |
      39 |     // Go to the simple demo
    > 40 |     await page.goto('http://localhost:8080/simple.html');
         |                ^
      41 |
      42 |     // Wait for the page to load
      43 |     await page.waitForLoadState('networkidle');
        at /Users/peterhanssens/consulting/Leptos/leptos-motion/tests/e2e/phase4a_demo_test.spec.ts:40:16

    attachment #1: screenshot (image/png) ──────────────────────────────────────────────────────────
    test-results/tests-e2e-phase4a_demo_tes-5f292-andle-counter-button-clicks-Mobile-Safari/test-failed-1.png
    ────────────────────────────────────────────────────────────────────────────────────────────────

    attachment #2: video (video/webm) ──────────────────────────────────────────────────────────────
    test-results/tests-e2e-phase4a_demo_tes-5f292-andle-counter-button-clicks-Mobile-Safari/video.webm
    ────────────────────────────────────────────────────────────────────────────────────────────────
]]>
</failure>
<system-out>
<![CDATA[[error] Failed to load resource: Could not connect to the server.

[[ATTACHMENT|test-results/tests-e2e-phase4a_demo_tes-5f292-andle-counter-button-clicks-Mobile-Safari/test-failed-1.png]]

[[ATTACHMENT|test-results/tests-e2e-phase4a_demo_tes-5f292-andle-counter-button-clicks-Mobile-Safari/video.webm]]
]]>
</system-out>
</testcase>
<testcase name="Phase 4A Function-based Props Demo › should handle hover interactions" classname="tests/e2e/phase4a_demo_test.spec.ts" time="0.701">
<failure message="phase4a_demo_test.spec.ts:60:7 should handle hover interactions" type="FAILURE">
<![CDATA[  [Mobile Safari] › tests/e2e/phase4a_demo_test.spec.ts:60:7 › Phase 4A Function-based Props Demo › should handle hover interactions 

    Error: page.goto: Could not connect to the server.
    Call log:
      - navigating to "http://localhost:8080/simple.html", waiting until "load"


      65 |
      66 |     // Go to the simple demo
    > 67 |     await page.goto('http://localhost:8080/simple.html');
         |                ^
      68 |
      69 |     // Wait for the page to load
      70 |     await page.waitForLoadState('networkidle');
        at /Users/peterhanssens/consulting/Leptos/leptos-motion/tests/e2e/phase4a_demo_test.spec.ts:67:16

    attachment #1: screenshot (image/png) ──────────────────────────────────────────────────────────
    test-results/tests-e2e-phase4a_demo_tes-5c6a6-d-handle-hover-interactions-Mobile-Safari/test-failed-1.png
    ────────────────────────────────────────────────────────────────────────────────────────────────

    attachment #2: video (video/webm) ──────────────────────────────────────────────────────────────
    test-results/tests-e2e-phase4a_demo_tes-5c6a6-d-handle-hover-interactions-Mobile-Safari/video.webm
    ────────────────────────────────────────────────────────────────────────────────────────────────
]]>
</failure>
<system-out>
<![CDATA[[error] Failed to load resource: Could not connect to the server.

[[ATTACHMENT|test-results/tests-e2e-phase4a_demo_tes-5c6a6-d-handle-hover-interactions-Mobile-Safari/test-failed-1.png]]

[[ATTACHMENT|test-results/tests-e2e-phase4a_demo_tes-5c6a6-d-handle-hover-interactions-Mobile-Safari/video.webm]]
]]>
</system-out>
</testcase>
<testcase name="Phase 4A Function-based Props Demo › should handle tap interactions" classname="tests/e2e/phase4a_demo_test.spec.ts" time="0.696">
<failure message="phase4a_demo_test.spec.ts:90:7 should handle tap interactions" type="FAILURE">
<![CDATA[  [Mobile Safari] › tests/e2e/phase4a_demo_test.spec.ts:90:7 › Phase 4A Function-based Props Demo › should handle tap interactions 

    Error: page.goto: Could not connect to the server.
    Call log:
      - navigating to "http://localhost:8080/simple.html", waiting until "load"


       95 |
       96 |     // Go to the simple demo
    >  97 |     await page.goto('http://localhost:8080/simple.html');
          |                ^
       98 |
       99 |     // Wait for the page to load
      100 |     await page.waitForLoadState('networkidle');
        at /Users/peterhanssens/consulting/Leptos/leptos-motion/tests/e2e/phase4a_demo_test.spec.ts:97:16

    attachment #1: screenshot (image/png) ──────────────────────────────────────────────────────────
    test-results/tests-e2e-phase4a_demo_tes-327bb-uld-handle-tap-interactions-Mobile-Safari/test-failed-1.png
    ────────────────────────────────────────────────────────────────────────────────────────────────

    attachment #2: video (video/webm) ──────────────────────────────────────────────────────────────
    test-results/tests-e2e-phase4a_demo_tes-327bb-uld-handle-tap-interactions-Mobile-Safari/video.webm
    ────────────────────────────────────────────────────────────────────────────────────────────────
]]>
</failure>
<system-out>
<![CDATA[[error] Failed to load resource: Could not connect to the server.

[[ATTACHMENT|test-results/tests-e2e-phase4a_demo_tes-327bb-uld-handle-tap-interactions-Mobile-Safari/test-failed-1.png]]

[[ATTACHMENT|test-results/tests-e2e-phase4a_demo_tes-327bb-uld-handle-tap-interactions-Mobile-Safari/video.webm]]
]]>
</system-out>
</testcase>
</testsuite>
<testsuite name="tests/e2e/simple_demo_test.spec.ts" timestamp="2025-10-04T13:01:09.445Z" hostname="Mobile Safari" tests="2" failures="2" skipped="0" time="1.495" errors="0">
<testcase name="Simple TDD Demo Test › should load and display the demo correctly" classname="tests/e2e/simple_demo_test.spec.ts" time="0.743">
<failure message="simple_demo_test.spec.ts:4:7 should load and display the demo correctly" type="FAILURE">
<![CDATA[  [Mobile Safari] › tests/e2e/simple_demo_test.spec.ts:4:7 › Simple TDD Demo Test › should load and display the demo correctly 

    Error: page.goto: Could not connect to the server.
    Call log:
      - navigating to "http://localhost:8080/simple.html", waiting until "load"


       9 |
      10 |     // Go to the simple demo
    > 11 |     await page.goto('http://localhost:8080/simple.html');
         |                ^
      12 |
      13 |     // Wait for the page to load
      14 |     await page.waitForLoadState('networkidle');
        at /Users/peterhanssens/consulting/Leptos/leptos-motion/tests/e2e/simple_demo_test.spec.ts:11:16

    attachment #1: screenshot (image/png) ──────────────────────────────────────────────────────────
    test-results/tests-e2e-simple_demo_test-ed27a--display-the-demo-correctly-Mobile-Safari/test-failed-1.png
    ────────────────────────────────────────────────────────────────────────────────────────────────

    attachment #2: video (video/webm) ──────────────────────────────────────────────────────────────
    test-results/tests-e2e-simple_demo_test-ed27a--display-the-demo-correctly-Mobile-Safari/video.webm
    ────────────────────────────────────────────────────────────────────────────────────────────────
]]>
</failure>
<system-out>
<![CDATA[[error] Failed to load resource: Could not connect to the server.

[[ATTACHMENT|test-results/tests-e2e-simple_demo_test-ed27a--display-the-demo-correctly-Mobile-Safari/test-failed-1.png]]

[[ATTACHMENT|test-results/tests-e2e-simple_demo_test-ed27a--display-the-demo-correctly-Mobile-Safari/video.webm]]
]]>
</system-out>
</testcase>
<testcase name="Simple TDD Demo Test › should handle button clicks" classname="tests/e2e/simple_demo_test.spec.ts" time="0.752">
<failure message="simple_demo_test.spec.ts:42:7 should handle button clicks" type="FAILURE">
<![CDATA[  [Mobile Safari] › tests/e2e/simple_demo_test.spec.ts:42:7 › Simple TDD Demo Test › should handle button clicks 

    Error: page.goto: Could not connect to the server.
    Call log:
      - navigating to "http://localhost:8080/simple.html", waiting until "load"


      45 |     });
      46 |
    > 47 |     await page.goto('http://localhost:8080/simple.html');
         |                ^
      48 |     await page.waitForLoadState('networkidle');
      49 |     await page.waitForTimeout(2000);
      50 |
        at /Users/peterhanssens/consulting/Leptos/leptos-motion/tests/e2e/simple_demo_test.spec.ts:47:16

    attachment #1: screenshot (image/png) ──────────────────────────────────────────────────────────
    test-results/tests-e2e-simple_demo_test-d2325-should-handle-button-clicks-Mobile-Safari/test-failed-1.png
    ────────────────────────────────────────────────────────────────────────────────────────────────

    attachment #2: video (video/webm) ──────────────────────────────────────────────────────────────
    test-results/tests-e2e-simple_demo_test-d2325-should-handle-button-clicks-Mobile-Safari/video.webm
    ────────────────────────────────────────────────────────────────────────────────────────────────
]]>
</failure>
<system-out>
<![CDATA[[error] Failed to load resource: Could not connect to the server.

[[ATTACHMENT|test-results/tests-e2e-simple_demo_test-d2325-should-handle-button-clicks-Mobile-Safari/test-failed-1.png]]

[[ATTACHMENT|test-results/tests-e2e-simple_demo_test-d2325-should-handle-button-clicks-Mobile-Safari/video.webm]]
]]>
</system-out>
</testcase>
</testsuite>
<testsuite name="tests/e2e/simple_phase4a_test.spec.ts" timestamp="2025-10-04T13:01:09.445Z" hostname="Mobile Safari" tests="1" failures="1" skipped="0" time="0.754" errors="0">
<testcase name="Simple Phase 4A Test › should load and display the simple test correctly" classname="tests/e2e/simple_phase4a_test.spec.ts" time="0.754">
<failure message="simple_phase4a_test.spec.ts:4:7 should load and display the simple test correctly" type="FAILURE">
<![CDATA[  [Mobile Safari] › tests/e2e/simple_phase4a_test.spec.ts:4:7 › Simple Phase 4A Test › should load and display the simple test correctly 

    Error: page.goto: Could not connect to the server.
    Call log:
      - navigating to "http://localhost:8080/simple.html", waiting until "load"


       9 |
      10 |     // Go to the simple demo
    > 11 |     await page.goto('http://localhost:8080/simple.html');
         |                ^
      12 |
      13 |     // Wait for the page to load
      14 |     await page.waitForLoadState('networkidle');
        at /Users/peterhanssens/consulting/Leptos/leptos-motion/tests/e2e/simple_phase4a_test.spec.ts:11:16

    attachment #1: screenshot (image/png) ──────────────────────────────────────────────────────────
    test-results/tests-e2e-simple_phase4a_t-a9e24-y-the-simple-test-correctly-Mobile-Safari/test-failed-1.png
    ────────────────────────────────────────────────────────────────────────────────────────────────

    attachment #2: video (video/webm) ──────────────────────────────────────────────────────────────
    test-results/tests-e2e-simple_phase4a_t-a9e24-y-the-simple-test-correctly-Mobile-Safari/video.webm
    ────────────────────────────────────────────────────────────────────────────────────────────────
]]>
</failure>
<system-out>
<![CDATA[[error] Failed to load resource: Could not connect to the server.

[[ATTACHMENT|test-results/tests-e2e-simple_phase4a_t-a9e24-y-the-simple-test-correctly-Mobile-Safari/test-failed-1.png]]

[[ATTACHMENT|test-results/tests-e2e-simple_phase4a_t-a9e24-y-the-simple-test-correctly-Mobile-Safari/video.webm]]
]]>
</system-out>
</testcase>
</testsuite>
<testsuite name="tests/e2e/tdd_demo_test.spec.ts" timestamp="2025-10-04T13:01:09.445Z" hostname="Mobile Safari" tests="13" failures="13" skipped="0" time="9.118" errors="0">
<testcase name="TDD Reactive Animation Demo › should load the demo page successfully" classname="tests/e2e/tdd_demo_test.spec.ts" time="0.735">
<failure message="tdd_demo_test.spec.ts:24:7 should load the demo page successfully" type="FAILURE">
<![CDATA[  [Mobile Safari] › tests/e2e/tdd_demo_test.spec.ts:24:7 › TDD Reactive Animation Demo › should load the demo page successfully 

    Error: page.goto: Could not connect to the server.
    Call log:
      - navigating to "http://localhost:8080/index.html", waiting until "load"


      23 |
      24 |   test('should load the demo page successfully', async () => {
    > 25 |     await page.goto('http://localhost:8080/index.html');
         |                ^
      26 |
      27 |     // Wait for the page to load
      28 |     await page.waitForLoadState('networkidle');
        at /Users/peterhanssens/consulting/Leptos/leptos-motion/tests/e2e/tdd_demo_test.spec.ts:25:16

    attachment #1: screenshot (image/png) ──────────────────────────────────────────────────────────
    test-results/tests-e2e-tdd_demo_test-TD-fcef4--the-demo-page-successfully-Mobile-Safari/test-failed-1.png
    ────────────────────────────────────────────────────────────────────────────────────────────────
]]>
</failure>
<system-out>
<![CDATA[[error] Failed to load resource: Could not connect to the server.

[[ATTACHMENT|test-results/tests-e2e-tdd_demo_test-TD-fcef4--the-demo-page-successfully-Mobile-Safari/test-failed-1.png]]
]]>
</system-out>
</testcase>
<testcase name="TDD Reactive Animation Demo › should load WASM module and initialize demo" classname="tests/e2e/tdd_demo_test.spec.ts" time="0.739">
<failure message="tdd_demo_test.spec.ts:37:7 should load WASM module and initialize demo" type="FAILURE">
<![CDATA[  [Mobile Safari] › tests/e2e/tdd_demo_test.spec.ts:37:7 › TDD Reactive Animation Demo › should load WASM module and initialize demo 

    Error: page.goto: Could not connect to the server.
    Call log:
      - navigating to "http://localhost:8080/index.html", waiting until "load"


      36 |
      37 |   test('should load WASM module and initialize demo', async () => {
    > 38 |     await page.goto('http://localhost:8080/index.html');
         |                ^
      39 |
      40 |     // Wait for the demo to initialize
      41 |     await page.waitForTimeout(3000);
        at /Users/peterhanssens/consulting/Leptos/leptos-motion/tests/e2e/tdd_demo_test.spec.ts:38:16

    attachment #1: screenshot (image/png) ──────────────────────────────────────────────────────────
    test-results/tests-e2e-tdd_demo_test-TD-5ce36--module-and-initialize-demo-Mobile-Safari/test-failed-1.png
    ────────────────────────────────────────────────────────────────────────────────────────────────
]]>
</failure>
<system-out>
<![CDATA[[error] Failed to load resource: Could not connect to the server.

[[ATTACHMENT|test-results/tests-e2e-tdd_demo_test-TD-5ce36--module-and-initialize-demo-Mobile-Safari/test-failed-1.png]]
]]>
</system-out>
</testcase>
<testcase name="TDD Reactive Animation Demo › should display console output" classname="tests/e2e/tdd_demo_test.spec.ts" time="0.716">
<failure message="tdd_demo_test.spec.ts:53:7 should display console output" type="FAILURE">
<![CDATA[  [Mobile Safari] › tests/e2e/tdd_demo_test.spec.ts:53:7 › TDD Reactive Animation Demo › should display console output 

    Error: page.goto: Could not connect to the server.
    Call log:
      - navigating to "http://localhost:8080/index.html", waiting until "load"


      52 |
      53 |   test('should display console output', async () => {
    > 54 |     await page.goto('http://localhost:8080/index.html');
         |                ^
      55 |
      56 |     // Wait for initialization
      57 |     await page.waitForTimeout(3000);
        at /Users/peterhanssens/consulting/Leptos/leptos-motion/tests/e2e/tdd_demo_test.spec.ts:54:16

    attachment #1: screenshot (image/png) ──────────────────────────────────────────────────────────
    test-results/tests-e2e-tdd_demo_test-TD-2967d-ould-display-console-output-Mobile-Safari/test-failed-1.png
    ────────────────────────────────────────────────────────────────────────────────────────────────
]]>
</failure>
<system-out>
<![CDATA[[error] Failed to load resource: Could not connect to the server.

[[ATTACHMENT|test-results/tests-e2e-tdd_demo_test-TD-2967d-ould-display-console-output-Mobile-Safari/test-failed-1.png]]
]]>
</system-out>
</testcase>
<testcase name="TDD Reactive Animation Demo › should display TDD implementation features" classname="tests/e2e/tdd_demo_test.spec.ts" time="0.749">
<failure message="tdd_demo_test.spec.ts:72:7 should display TDD implementation features" type="FAILURE">
<![CDATA[  [Mobile Safari] › tests/e2e/tdd_demo_test.spec.ts:72:7 › TDD Reactive Animation Demo › should display TDD implementation features 

    Error: page.goto: Could not connect to the server.
    Call log:
      - navigating to "http://localhost:8080/index.html", waiting until "load"


      71 |
      72 |   test('should display TDD implementation features', async () => {
    > 73 |     await page.goto('http://localhost:8080/index.html');
         |                ^
      74 |
      75 |     // Wait for demo to load
      76 |     await page.waitForTimeout(3000);
        at /Users/peterhanssens/consulting/Leptos/leptos-motion/tests/e2e/tdd_demo_test.spec.ts:73:16

    attachment #1: screenshot (image/png) ──────────────────────────────────────────────────────────
    test-results/tests-e2e-tdd_demo_test-TD-bd478-TDD-implementation-features-Mobile-Safari/test-failed-1.png
    ────────────────────────────────────────────────────────────────────────────────────────────────
]]>
</failure>
<system-out>
<![CDATA[[error] Failed to load resource: Could not connect to the server.

[[ATTACHMENT|test-results/tests-e2e-tdd_demo_test-TD-bd478-TDD-implementation-features-Mobile-Safari/test-failed-1.png]]
]]>
</system-out>
</testcase>
<testcase name="TDD Reactive Animation Demo › should handle demo loading errors gracefully" classname="tests/e2e/tdd_demo_test.spec.ts" time="0.75">
<failure message="tdd_demo_test.spec.ts:91:7 should handle demo loading errors gracefully" type="FAILURE">
<![CDATA[  [Mobile Safari] › tests/e2e/tdd_demo_test.spec.ts:91:7 › TDD Reactive Animation Demo › should handle demo loading errors gracefully 

    Error: page.goto: Could not connect to the server.
    Call log:
      - navigating to "http://localhost:8080/nonexistent.html", waiting until "load"


      91 |   test('should handle demo loading errors gracefully', async () => {
      92 |     // Test with a non-existent page
    > 93 |     await page.goto('http://localhost:8080/nonexistent.html');
         |                ^
      94 |
      95 |     // Should not crash
      96 |     await page.waitForTimeout(1000);
        at /Users/peterhanssens/consulting/Leptos/leptos-motion/tests/e2e/tdd_demo_test.spec.ts:93:16

    attachment #1: screenshot (image/png) ──────────────────────────────────────────────────────────
    test-results/tests-e2e-tdd_demo_test-TD-f9637-o-loading-errors-gracefully-Mobile-Safari/test-failed-1.png
    ────────────────────────────────────────────────────────────────────────────────────────────────
]]>
</failure>
<system-out>
<![CDATA[[error] Failed to load resource: Could not connect to the server.

[[ATTACHMENT|test-results/tests-e2e-tdd_demo_test-TD-f9637-o-loading-errors-gracefully-Mobile-Safari/test-failed-1.png]]
]]>
</system-out>
</testcase>
<testcase name="TDD Reactive Animation Demo › should validate WASM files are accessible" classname="tests/e2e/tdd_demo_test.spec.ts" time="1.022">
<failure message="tdd_demo_test.spec.ts:106:7 should validate WASM files are accessible" type="FAILURE">
<![CDATA[  [Mobile Safari] › tests/e2e/tdd_demo_test.spec.ts:106:7 › TDD Reactive Animation Demo › should validate WASM files are accessible 

    Error: apiRequestContext.get: connect ECONNREFUSED ::1:8080
    Call log:
      - → GET http://localhost:8080/pkg/comprehensive_demo_bg.wasm
        - user-agent: Mozilla/5.0 (iPhone; CPU iPhone OS 14_4 like Mac OS X) AppleWebKit/605.1.15 (KHTML, like Gecko) Version/26.0 Mobile/15E148 Safari/604.1
        - accept: */*
        - accept-encoding: gzip,deflate,br

        at apiRequestContext.get: connect ECONNREFUSED ::1:8080
        at /Users/peterhanssens/consulting/Leptos/leptos-motion/tests/e2e/tdd_demo_test.spec.ts:108:45

    attachment #1: screenshot (image/png) ──────────────────────────────────────────────────────────
    test-results/tests-e2e-tdd_demo_test-TD-de7e4-e-WASM-files-are-accessible-Mobile-Safari/test-failed-1.png
    ────────────────────────────────────────────────────────────────────────────────────────────────
]]>
</failure>
<system-out>
<![CDATA[
[[ATTACHMENT|test-results/tests-e2e-tdd_demo_test-TD-de7e4-e-WASM-files-are-accessible-Mobile-Safari/test-failed-1.png]]
]]>
</system-out>
</testcase>
<testcase name="TDD Reactive Animation Demo › should test the test suite page" classname="tests/e2e/tdd_demo_test.spec.ts" time="0.733">
<failure message="tdd_demo_test.spec.ts:120:7 should test the test suite page" type="FAILURE">
<![CDATA[  [Mobile Safari] › tests/e2e/tdd_demo_test.spec.ts:120:7 › TDD Reactive Animation Demo › should test the test suite page 

    Error: page.goto: Could not connect to the server.
    Call log:
      - navigating to "http://localhost:8080/test_demo.html", waiting until "load"


      119 |
      120 |   test('should test the test suite page', async () => {
    > 121 |     await page.goto('http://localhost:8080/test_demo.html');
          |                ^
      122 |
      123 |     // Wait for page to load
      124 |     await page.waitForLoadState('networkidle');
        at /Users/peterhanssens/consulting/Leptos/leptos-motion/tests/e2e/tdd_demo_test.spec.ts:121:16

    attachment #1: screenshot (image/png) ──────────────────────────────────────────────────────────
    test-results/tests-e2e-tdd_demo_test-TD-58a16-ld-test-the-test-suite-page-Mobile-Safari/test-failed-1.png
    ────────────────────────────────────────────────────────────────────────────────────────────────
]]>
</failure>
<system-out>
<![CDATA[[error] Failed to load resource: Could not connect to the server.

[[ATTACHMENT|test-results/tests-e2e-tdd_demo_test-TD-58a16-ld-test-the-test-suite-page-Mobile-Safari/test-failed-1.png]]
]]>
</system-out>
</testcase>
<testcase name="TDD Reactive Animation Demo › should run manual tests via test suite" classname="tests/e2e/tdd_demo_test.spec.ts" time="0.732">
<failure message="tdd_demo_test.spec.ts:143:7 should run manual tests via test suite" type="FAILURE">
<![CDATA[  [Mobile Safari] › tests/e2e/tdd_demo_test.spec.ts:143:7 › TDD Reactive Animation Demo › should run manual tests via test suite 

    Error: page.goto: Could not connect to the server.
    Call log:
      - navigating to "http://localhost:8080/test_demo.html", waiting until "load"


      142 |
      143 |   test('should run manual tests via test suite', async () => {
    > 144 |     await page.goto('http://localhost:8080/test_demo.html');
          |                ^
      145 |
      146 |     // Wait for page to load
      147 |     await page.waitForLoadState('networkidle');
        at /Users/peterhanssens/consulting/Leptos/leptos-motion/tests/e2e/tdd_demo_test.spec.ts:144:16

    attachment #1: screenshot (image/png) ──────────────────────────────────────────────────────────
    test-results/tests-e2e-tdd_demo_test-TD-91f8b-manual-tests-via-test-suite-Mobile-Safari/test-failed-1.png
    ────────────────────────────────────────────────────────────────────────────────────────────────
]]>
</failure>
<system-out>
<![CDATA[[error] Failed to load resource: Could not connect to the server.

[[ATTACHMENT|test-results/tests-e2e-tdd_demo_test-TD-91f8b-manual-tests-via-test-suite-Mobile-Safari/test-failed-1.png]]
]]>
</system-out>
</testcase>
<testcase name="TDD Reactive Animation Demo › should validate TDD implementation components" classname="tests/e2e/tdd_demo_test.spec.ts" time="0.634">
<failure message="tdd_demo_test.spec.ts:169:7 should validate TDD implementation components" type="FAILURE">
<![CDATA[  [Mobile Safari] › tests/e2e/tdd_demo_test.spec.ts:169:7 › TDD Reactive Animation Demo › should validate TDD implementation components 

    Error: page.goto: Could not connect to the server.
    Call log:
      - navigating to "http://localhost:8080/test_demo.html", waiting until "load"


      168 |
      169 |   test('should validate TDD implementation components', async () => {
    > 170 |     await page.goto('http://localhost:8080/test_demo.html');
          |                ^
      171 |
      172 |     // Wait for page to load
      173 |     await page.waitForLoadState('networkidle');
        at /Users/peterhanssens/consulting/Leptos/leptos-motion/tests/e2e/tdd_demo_test.spec.ts:170:16

    attachment #1: screenshot (image/png) ──────────────────────────────────────────────────────────
    test-results/tests-e2e-tdd_demo_test-TD-a217c-D-implementation-components-Mobile-Safari/test-failed-1.png
    ────────────────────────────────────────────────────────────────────────────────────────────────
]]>
</failure>
<system-out>
<![CDATA[[error] Failed to load resource: Could not connect to the server.

[[ATTACHMENT|test-results/tests-e2e-tdd_demo_test-TD-a217c-D-implementation-components-Mobile-Safari/test-failed-1.png]]
]]>
</system-out>
</testcase>
<testcase name="TDD Reactive Animation Demo › should handle iframe demo loading" classname="tests/e2e/tdd_demo_test.spec.ts" time="0.638">
<failure message="tdd_demo_test.spec.ts:187:7 should handle iframe demo loading" type="FAILURE">
<![CDATA[  [Mobile Safari] › tests/e2e/tdd_demo_test.spec.ts:187:7 › TDD Reactive Animation Demo › should handle iframe demo loading 

    Error: page.goto: Could not connect to the server.
    Call log:
      - navigating to "http://localhost:8080/test_demo.html", waiting until "load"


      186 |
      187 |   test('should handle iframe demo loading', async () => {
    > 188 |     await page.goto('http://localhost:8080/test_demo.html');
          |                ^
      189 |
      190 |     // Wait for page to load
      191 |     await page.waitForLoadState('networkidle');
        at /Users/peterhanssens/consulting/Leptos/leptos-motion/tests/e2e/tdd_demo_test.spec.ts:188:16

    attachment #1: screenshot (image/png) ──────────────────────────────────────────────────────────
    test-results/tests-e2e-tdd_demo_test-TD-9594a--handle-iframe-demo-loading-Mobile-Safari/test-failed-1.png
    ────────────────────────────────────────────────────────────────────────────────────────────────
]]>
</failure>
<system-out>
<![CDATA[[error] Failed to load resource: Could not connect to the server.

[[ATTACHMENT|test-results/tests-e2e-tdd_demo_test-TD-9594a--handle-iframe-demo-loading-Mobile-Safari/test-failed-1.png]]
]]>
</system-out>
</testcase>
<testcase name="TDD Reactive Animation Demo › should validate performance characteristics" classname="tests/e2e/tdd_demo_test.spec.ts" time="0.631">
<failure message="tdd_demo_test.spec.ts:203:7 should validate performance characteristics" type="FAILURE">
<![CDATA[  [Mobile Safari] › tests/e2e/tdd_demo_test.spec.ts:203:7 › TDD Reactive Animation Demo › should validate performance characteristics 

    Error: page.goto: Could not connect to the server.
    Call log:
      - navigating to "http://localhost:8080/index.html", waiting until "load"


      202 |
      203 |   test('should validate performance characteristics', async () => {
    > 204 |     await page.goto('http://localhost:8080/index.html');
          |                ^
      205 |
      206 |     // Wait for demo to load
      207 |     await page.waitForTimeout(3000);
        at /Users/peterhanssens/consulting/Leptos/leptos-motion/tests/e2e/tdd_demo_test.spec.ts:204:16

    attachment #1: screenshot (image/png) ──────────────────────────────────────────────────────────
    test-results/tests-e2e-tdd_demo_test-TD-27810-performance-characteristics-Mobile-Safari/test-failed-1.png
    ────────────────────────────────────────────────────────────────────────────────────────────────
]]>
</failure>
<system-out>
<![CDATA[[error] Failed to load resource: Could not connect to the server.

[[ATTACHMENT|test-results/tests-e2e-tdd_demo_test-TD-27810-performance-characteristics-Mobile-Safari/test-failed-1.png]]
]]>
</system-out>
</testcase>
<testcase name="TDD Reactive Animation Demo › should check for JavaScript errors" classname="tests/e2e/tdd_demo_test.spec.ts" time="0.64">
<failure message="tdd_demo_test.spec.ts:227:7 should check for JavaScript errors" type="FAILURE">
<![CDATA[  [Mobile Safari] › tests/e2e/tdd_demo_test.spec.ts:227:7 › TDD Reactive Animation Demo › should check for JavaScript errors 

    Error: page.goto: Could not connect to the server.
    Call log:
      - navigating to "http://localhost:8080/index.html", waiting until "load"


      232 |     });
      233 |
    > 234 |     await page.goto('http://localhost:8080/index.html');
          |                ^
      235 |
      236 |     // Wait for demo to load
      237 |     await page.waitForTimeout(3000);
        at /Users/peterhanssens/consulting/Leptos/leptos-motion/tests/e2e/tdd_demo_test.spec.ts:234:16

    attachment #1: screenshot (image/png) ──────────────────────────────────────────────────────────
    test-results/tests-e2e-tdd_demo_test-TD-3c604-check-for-JavaScript-errors-Mobile-Safari/test-failed-1.png
    ────────────────────────────────────────────────────────────────────────────────────────────────
]]>
</failure>
<system-out>
<![CDATA[[error] Failed to load resource: Could not connect to the server.

[[ATTACHMENT|test-results/tests-e2e-tdd_demo_test-TD-3c604-check-for-JavaScript-errors-Mobile-Safari/test-failed-1.png]]
]]>
</system-out>
</testcase>
<testcase name="TDD Reactive Animation Demo › should validate responsive design" classname="tests/e2e/tdd_demo_test.spec.ts" time="0.399">
<failure message="tdd_demo_test.spec.ts:243:7 should validate responsive design" type="FAILURE">
<![CDATA[  [Mobile Safari] › tests/e2e/tdd_demo_test.spec.ts:243:7 › TDD Reactive Animation Demo › should validate responsive design 

    Error: page.goto: Could not connect to the server.
    Call log:
      - navigating to "http://localhost:8080/index.html", waiting until "load"


      242 |
      243 |   test('should validate responsive design', async () => {
    > 244 |     await page.goto('http://localhost:8080/index.html');
          |                ^
      245 |
      246 |     // Wait for demo to load
      247 |     await page.waitForTimeout(3000);
        at /Users/peterhanssens/consulting/Leptos/leptos-motion/tests/e2e/tdd_demo_test.spec.ts:244:16

    attachment #1: screenshot (image/png) ──────────────────────────────────────────────────────────
    test-results/tests-e2e-tdd_demo_test-TD-1e210--validate-responsive-design-Mobile-Safari/test-failed-1.png
    ────────────────────────────────────────────────────────────────────────────────────────────────
]]>
</failure>
<system-out>
<![CDATA[[error] Failed to load resource: Could not connect to the server.

[[ATTACHMENT|test-results/tests-e2e-tdd_demo_test-TD-1e210--validate-responsive-design-Mobile-Safari/test-failed-1.png]]
]]>
</system-out>
</testcase>
</testsuite>
<testsuite name="tests/e2e/transition_config_test.spec.ts" timestamp="2025-10-04T13:01:09.445Z" hostname="Mobile Safari" tests="1" failures="1" skipped="0" time="0.463" errors="0">
<testcase name="TransitionConfig Test › should load and display the transition config test correctly" classname="tests/e2e/transition_config_test.spec.ts" time="0.463">
<failure message="transition_config_test.spec.ts:4:7 should load and display the transition config test correctly" type="FAILURE">
<![CDATA[  [Mobile Safari] › tests/e2e/transition_config_test.spec.ts:4:7 › TransitionConfig Test › should load and display the transition config test correctly 

    Error: page.goto: Could not connect to the server.
    Call log:
      - navigating to "http://localhost:8080/simple.html", waiting until "load"


      4 |   test('should load and display the transition config test correctly', async ({ page }) => {
      5 |     // Navigate to the demo page
    > 6 |     await page.goto('http://localhost:8080/simple.html');
        |                ^
      7 |
      8 |     // Wait for the WASM module to load and initialize
      9 |     await page.waitForTimeout(3000);
        at /Users/peterhanssens/consulting/Leptos/leptos-motion/tests/e2e/transition_config_test.spec.ts:6:16

    attachment #1: screenshot (image/png) ──────────────────────────────────────────────────────────
    test-results/tests-e2e-transition_confi-8f621-ition-config-test-correctly-Mobile-Safari/test-failed-1.png
    ────────────────────────────────────────────────────────────────────────────────────────────────

    attachment #2: video (video/webm) ──────────────────────────────────────────────────────────────
    test-results/tests-e2e-transition_confi-8f621-ition-config-test-correctly-Mobile-Safari/video.webm
    ────────────────────────────────────────────────────────────────────────────────────────────────
]]>
</failure>
<system-out>
<![CDATA[
[[ATTACHMENT|test-results/tests-e2e-transition_confi-8f621-ition-config-test-correctly-Mobile-Safari/test-failed-1.png]]

[[ATTACHMENT|test-results/tests-e2e-transition_confi-8f621-ition-config-test-correctly-Mobile-Safari/video.webm]]
]]>
</system-out>
</testcase>
</testsuite>
<testsuite name="demos/legacy/v0.7-showcase/tests/performance-monitoring.spec.ts" timestamp="2025-10-04T13:01:09.445Z" hostname="performance" tests="7" failures="7" skipped="0" time="1.57" errors="0">
<testcase name="Performance Monitoring Tests › should monitor page load performance" classname="demos/legacy/v0.7-showcase/tests/performance-monitoring.spec.ts" time="0.285">
<failure message="performance-monitoring.spec.ts:9:7 should monitor page load performance" type="FAILURE">
<![CDATA[  [performance] › demos/legacy/v0.7-showcase/tests/performance-monitoring.spec.ts:9:7 › Performance Monitoring Tests › should monitor page load performance 

    Error: page.goto: net::ERR_CONNECTION_REFUSED at http://localhost:8080/
    Call log:
      - navigating to "http://localhost:8080/", waiting until "load"


      3 | test.describe('Performance Monitoring Tests', () => {
      4 |   test.beforeEach(async ({ page }) => {
    > 5 |     await page.goto('http://localhost:8080');
        |                ^
      6 |     await page.waitForLoadState('networkidle');
      7 |   });
      8 |
        at /Users/peterhanssens/consulting/Leptos/leptos-motion/demos/legacy/v0.7-showcase/tests/performance-monitoring.spec.ts:5:16

    attachment #1: screenshot (image/png) ──────────────────────────────────────────────────────────
    test-results/demos-legacy-v0.7-showcase-eef82-nitor-page-load-performance-performance/test-failed-1.png
    ────────────────────────────────────────────────────────────────────────────────────────────────

    attachment #2: video (video/webm) ──────────────────────────────────────────────────────────────
    test-results/demos-legacy-v0.7-showcase-eef82-nitor-page-load-performance-performance/video.webm
    ────────────────────────────────────────────────────────────────────────────────────────────────
]]>
</failure>
<system-out>
<![CDATA[
[[ATTACHMENT|test-results/demos-legacy-v0.7-showcase-eef82-nitor-page-load-performance-performance/test-failed-1.png]]

[[ATTACHMENT|test-results/demos-legacy-v0.7-showcase-eef82-nitor-page-load-performance-performance/video.webm]]
]]>
</system-out>
</testcase>
<testcase name="Performance Monitoring Tests › should monitor memory usage" classname="demos/legacy/v0.7-showcase/tests/performance-monitoring.spec.ts" time="0.27">
<failure message="performance-monitoring.spec.ts:39:7 should monitor memory usage" type="FAILURE">
<![CDATA[  [performance] › demos/legacy/v0.7-showcase/tests/performance-monitoring.spec.ts:39:7 › Performance Monitoring Tests › should monitor memory usage 

    Error: page.goto: net::ERR_CONNECTION_REFUSED at http://localhost:8080/
    Call log:
      - navigating to "http://localhost:8080/", waiting until "load"


      3 | test.describe('Performance Monitoring Tests', () => {
      4 |   test.beforeEach(async ({ page }) => {
    > 5 |     await page.goto('http://localhost:8080');
        |                ^
      6 |     await page.waitForLoadState('networkidle');
      7 |   });
      8 |
        at /Users/peterhanssens/consulting/Leptos/leptos-motion/demos/legacy/v0.7-showcase/tests/performance-monitoring.spec.ts:5:16

    attachment #1: screenshot (image/png) ──────────────────────────────────────────────────────────
    test-results/demos-legacy-v0.7-showcase-c1337-should-monitor-memory-usage-performance/test-failed-1.png
    ────────────────────────────────────────────────────────────────────────────────────────────────

    attachment #2: video (video/webm) ──────────────────────────────────────────────────────────────
    test-results/demos-legacy-v0.7-showcase-c1337-should-monitor-memory-usage-performance/video.webm
    ────────────────────────────────────────────────────────────────────────────────────────────────
]]>
</failure>
<system-out>
<![CDATA[
[[ATTACHMENT|test-results/demos-legacy-v0.7-showcase-c1337-should-monitor-memory-usage-performance/test-failed-1.png]]

[[ATTACHMENT|test-results/demos-legacy-v0.7-showcase-c1337-should-monitor-memory-usage-performance/video.webm]]
]]>
</system-out>
</testcase>
<testcase name="Performance Monitoring Tests › should monitor animation performance" classname="demos/legacy/v0.7-showcase/tests/performance-monitoring.spec.ts" time="0.274">
<failure message="performance-monitoring.spec.ts:89:7 should monitor animation performance" type="FAILURE">
<![CDATA[  [performance] › demos/legacy/v0.7-showcase/tests/performance-monitoring.spec.ts:89:7 › Performance Monitoring Tests › should monitor animation performance 

    Error: page.goto: net::ERR_CONNECTION_REFUSED at http://localhost:8080/
    Call log:
      - navigating to "http://localhost:8080/", waiting until "load"


      3 | test.describe('Performance Monitoring Tests', () => {
      4 |   test.beforeEach(async ({ page }) => {
    > 5 |     await page.goto('http://localhost:8080');
        |                ^
      6 |     await page.waitForLoadState('networkidle');
      7 |   });
      8 |
        at /Users/peterhanssens/consulting/Leptos/leptos-motion/demos/legacy/v0.7-showcase/tests/performance-monitoring.spec.ts:5:16

    attachment #1: screenshot (image/png) ──────────────────────────────────────────────────────────
    test-results/demos-legacy-v0.7-showcase-f6a66-nitor-animation-performance-performance/test-failed-1.png
    ────────────────────────────────────────────────────────────────────────────────────────────────

    attachment #2: video (video/webm) ──────────────────────────────────────────────────────────────
    test-results/demos-legacy-v0.7-showcase-f6a66-nitor-animation-performance-performance/video.webm
    ────────────────────────────────────────────────────────────────────────────────────────────────
]]>
</failure>
<system-out>
<![CDATA[
[[ATTACHMENT|test-results/demos-legacy-v0.7-showcase-f6a66-nitor-animation-performance-performance/test-failed-1.png]]

[[ATTACHMENT|test-results/demos-legacy-v0.7-showcase-f6a66-nitor-animation-performance-performance/video.webm]]
]]>
</system-out>
</testcase>
<testcase name="Performance Monitoring Tests › should monitor response times" classname="demos/legacy/v0.7-showcase/tests/performance-monitoring.spec.ts" time="0.229">
<failure message="performance-monitoring.spec.ts:127:7 should monitor response times" type="FAILURE">
<![CDATA[  [performance] › demos/legacy/v0.7-showcase/tests/performance-monitoring.spec.ts:127:7 › Performance Monitoring Tests › should monitor response times 

    Error: page.goto: net::ERR_CONNECTION_REFUSED at http://localhost:8080/
    Call log:
      - navigating to "http://localhost:8080/", waiting until "load"


      3 | test.describe('Performance Monitoring Tests', () => {
      4 |   test.beforeEach(async ({ page }) => {
    > 5 |     await page.goto('http://localhost:8080');
        |                ^
      6 |     await page.waitForLoadState('networkidle');
      7 |   });
      8 |
        at /Users/peterhanssens/consulting/Leptos/leptos-motion/demos/legacy/v0.7-showcase/tests/performance-monitoring.spec.ts:5:16

    attachment #1: screenshot (image/png) ──────────────────────────────────────────────────────────
    test-results/demos-legacy-v0.7-showcase-c0337-ould-monitor-response-times-performance/test-failed-1.png
    ────────────────────────────────────────────────────────────────────────────────────────────────

    attachment #2: video (video/webm) ──────────────────────────────────────────────────────────────
    test-results/demos-legacy-v0.7-showcase-c0337-ould-monitor-response-times-performance/video.webm
    ────────────────────────────────────────────────────────────────────────────────────────────────
]]>
</failure>
<system-out>
<![CDATA[
[[ATTACHMENT|test-results/demos-legacy-v0.7-showcase-c0337-ould-monitor-response-times-performance/test-failed-1.png]]

[[ATTACHMENT|test-results/demos-legacy-v0.7-showcase-c0337-ould-monitor-response-times-performance/video.webm]]
]]>
</system-out>
</testcase>
<testcase name="Performance Monitoring Tests › should monitor CPU usage patterns" classname="demos/legacy/v0.7-showcase/tests/performance-monitoring.spec.ts" time="0.171">
<failure message="performance-monitoring.spec.ts:163:7 should monitor CPU usage patterns" type="FAILURE">
<![CDATA[  [performance] › demos/legacy/v0.7-showcase/tests/performance-monitoring.spec.ts:163:7 › Performance Monitoring Tests › should monitor CPU usage patterns 

    Error: page.goto: net::ERR_CONNECTION_REFUSED at http://localhost:8080/
    Call log:
      - navigating to "http://localhost:8080/", waiting until "load"


      3 | test.describe('Performance Monitoring Tests', () => {
      4 |   test.beforeEach(async ({ page }) => {
    > 5 |     await page.goto('http://localhost:8080');
        |                ^
      6 |     await page.waitForLoadState('networkidle');
      7 |   });
      8 |
        at /Users/peterhanssens/consulting/Leptos/leptos-motion/demos/legacy/v0.7-showcase/tests/performance-monitoring.spec.ts:5:16

    attachment #1: screenshot (image/png) ──────────────────────────────────────────────────────────
    test-results/demos-legacy-v0.7-showcase-afa5d--monitor-CPU-usage-patterns-performance/test-failed-1.png
    ────────────────────────────────────────────────────────────────────────────────────────────────

    attachment #2: video (video/webm) ──────────────────────────────────────────────────────────────
    test-results/demos-legacy-v0.7-showcase-afa5d--monitor-CPU-usage-patterns-performance/video.webm
    ────────────────────────────────────────────────────────────────────────────────────────────────
]]>
</failure>
<system-out>
<![CDATA[
[[ATTACHMENT|test-results/demos-legacy-v0.7-showcase-afa5d--monitor-CPU-usage-patterns-performance/test-failed-1.png]]

[[ATTACHMENT|test-results/demos-legacy-v0.7-showcase-afa5d--monitor-CPU-usage-patterns-performance/video.webm]]
]]>
</system-out>
</testcase>
<testcase name="Performance Monitoring Tests › should monitor network performance" classname="demos/legacy/v0.7-showcase/tests/performance-monitoring.spec.ts" time="0.17">
<failure message="performance-monitoring.spec.ts:199:7 should monitor network performance" type="FAILURE">
<![CDATA[  [performance] › demos/legacy/v0.7-showcase/tests/performance-monitoring.spec.ts:199:7 › Performance Monitoring Tests › should monitor network performance 

    Error: page.goto: net::ERR_CONNECTION_REFUSED at http://localhost:8080/
    Call log:
      - navigating to "http://localhost:8080/", waiting until "load"


      3 | test.describe('Performance Monitoring Tests', () => {
      4 |   test.beforeEach(async ({ page }) => {
    > 5 |     await page.goto('http://localhost:8080');
        |                ^
      6 |     await page.waitForLoadState('networkidle');
      7 |   });
      8 |
        at /Users/peterhanssens/consulting/Leptos/leptos-motion/demos/legacy/v0.7-showcase/tests/performance-monitoring.spec.ts:5:16

    attachment #1: screenshot (image/png) ──────────────────────────────────────────────────────────
    test-results/demos-legacy-v0.7-showcase-51182-monitor-network-performance-performance/test-failed-1.png
    ────────────────────────────────────────────────────────────────────────────────────────────────

    attachment #2: video (video/webm) ──────────────────────────────────────────────────────────────
    test-results/demos-legacy-v0.7-showcase-51182-monitor-network-performance-performance/video.webm
    ────────────────────────────────────────────────────────────────────────────────────────────────
]]>
</failure>
<system-out>
<![CDATA[
[[ATTACHMENT|test-results/demos-legacy-v0.7-showcase-51182-monitor-network-performance-performance/test-failed-1.png]]

[[ATTACHMENT|test-results/demos-legacy-v0.7-showcase-51182-monitor-network-performance-performance/video.webm]]
]]>
</system-out>
</testcase>
<testcase name="Performance Monitoring Tests › should generate performance report" classname="demos/legacy/v0.7-showcase/tests/performance-monitoring.spec.ts" time="0.171">
<failure message="performance-monitoring.spec.ts:223:7 should generate performance report" type="FAILURE">
<![CDATA[  [performance] › demos/legacy/v0.7-showcase/tests/performance-monitoring.spec.ts:223:7 › Performance Monitoring Tests › should generate performance report 

    Error: page.goto: net::ERR_CONNECTION_REFUSED at http://localhost:8080/
    Call log:
      - navigating to "http://localhost:8080/", waiting until "load"


      3 | test.describe('Performance Monitoring Tests', () => {
      4 |   test.beforeEach(async ({ page }) => {
    > 5 |     await page.goto('http://localhost:8080');
        |                ^
      6 |     await page.waitForLoadState('networkidle');
      7 |   });
      8 |
        at /Users/peterhanssens/consulting/Leptos/leptos-motion/demos/legacy/v0.7-showcase/tests/performance-monitoring.spec.ts:5:16

    attachment #1: screenshot (image/png) ──────────────────────────────────────────────────────────
    test-results/demos-legacy-v0.7-showcase-1de30-generate-performance-report-performance/test-failed-1.png
    ────────────────────────────────────────────────────────────────────────────────────────────────

    attachment #2: video (video/webm) ──────────────────────────────────────────────────────────────
    test-results/demos-legacy-v0.7-showcase-1de30-generate-performance-report-performance/video.webm
    ────────────────────────────────────────────────────────────────────────────────────────────────
]]>
</failure>
<system-out>
<![CDATA[
[[ATTACHMENT|test-results/demos-legacy-v0.7-showcase-1de30-generate-performance-report-performance/test-failed-1.png]]

[[ATTACHMENT|test-results/demos-legacy-v0.7-showcase-1de30-generate-performance-report-performance/video.webm]]
]]>
</system-out>
</testcase>
</testsuite>
</testsuites>